OpenJDK 64-Bit Server VM (25.342-b07) for linux-amd64 JRE (1.8.0_342-b07), built on Aug 30 2022 22:15:19 by "mockbuild" with gcc 7.3.1 20180712 (Red Hat 7.3.1-15)
Memory: 4k page, physical 4014008k(3673472k free), swap 0k(0k free)
CommandLine flags: -XX:+AlwaysPreTouch -XX:+ExplicitGCInvokesConcurrent -XX:GCLogFileSize=20971520 -XX:InitialHeapSize=536870912 -XX:MaxGCPauseMillis=250 -XX:MaxHeapSize=536870912 -XX:NumberOfGCLogFiles=9 -XX:-OmitStackTraceInFastThrow -XX:OnOutOfMemoryError=/home/ec2-user/solr-8.11.0/bin/oom_solr.sh 8983 /home/ec2-user/solr-8.11.0/server/logs -XX:+ParallelRefProcEnabled -XX:+PerfDisableSharedMem -XX:+PrintGC -XX:+PrintGCApplicationStoppedTime -XX:+PrintGCDateStamps -XX:+PrintGCDetails -XX:+PrintGCTimeStamps -XX:+PrintHeapAtGC -XX:+PrintTenuringDistribution -XX:ThreadStackSize=256 -XX:+UseCompressedClassPointers -XX:+UseCompressedOops -XX:+UseG1GC -XX:+UseGCLogFileRotation -XX:+UseLargePages 
2023-04-20T19:50:40.614+0000: 0.967: Total time for which application threads were stopped: 0.0001962 seconds, Stopping threads took: 0.0000194 seconds
2023-04-20T19:50:40.912+0000: 1.265: Total time for which application threads were stopped: 0.0001914 seconds, Stopping threads took: 0.0000172 seconds
{Heap before GC invocations=0 (full 0):
 garbage-first heap   total 524288K, used 25600K [0x00000000e0000000, 0x00000000e0101000, 0x0000000100000000)
  region size 1024K, 25 young (25600K), 0 survivors (0K)
 Metaspace       used 10478K, capacity 10788K, committed 11136K, reserved 1058816K
  class space    used 1202K, capacity 1304K, committed 1408K, reserved 1048576K
2023-04-20T19:50:41.121+0000: 1.473: [GC pause (G1 Evacuation Pause) (young)
Desired survivor size 2097152 bytes, new threshold 15 (max 15)
, 0.0077018 secs]
   [Parallel Time: 5.9 ms, GC Workers: 2]
      [GC Worker Start (ms): Min: 1474.7, Avg: 1474.7, Max: 1474.7, Diff: 0.0]
      [Ext Root Scanning (ms): Min: 1.1, Avg: 1.1, Max: 1.1, Diff: 0.0, Sum: 2.1]
      [Update RS (ms): Min: 0.0, Avg: 0.0, Max: 0.0, Diff: 0.0, Sum: 0.0]
         [Processed Buffers: Min: 0, Avg: 0.0, Max: 0, Diff: 0, Sum: 0]
      [Scan RS (ms): Min: 0.0, Avg: 0.0, Max: 0.0, Diff: 0.0, Sum: 0.0]
      [Code Root Scanning (ms): Min: 0.0, Avg: 0.2, Max: 0.4, Diff: 0.4, Sum: 0.4]
      [Object Copy (ms): Min: 3.1, Avg: 3.3, Max: 3.5, Diff: 0.4, Sum: 6.6]
      [Termination (ms): Min: 0.0, Avg: 0.0, Max: 0.0, Diff: 0.0, Sum: 0.0]
         [Termination Attempts: Min: 1, Avg: 1.0, Max: 1, Diff: 0, Sum: 2]
      [GC Worker Other (ms): Min: 0.0, Avg: 0.0, Max: 0.0, Diff: 0.0, Sum: 0.0]
      [GC Worker Total (ms): Min: 4.6, Avg: 4.6, Max: 4.7, Diff: 0.0, Sum: 9.3]
      [GC Worker End (ms): Min: 1479.4, Avg: 1479.4, Max: 1479.4, Diff: 0.0]
   [Code Root Fixup: 0.0 ms]
   [Code Root Purge: 0.0 ms]
   [Clear CT: 0.1 ms]
   [Other: 1.7 ms]
      [Choose CSet: 0.0 ms]
      [Ref Proc: 1.4 ms]
      [Ref Enq: 0.1 ms]
      [Redirty Cards: 0.1 ms]
      [Humongous Register: 0.0 ms]
      [Humongous Reclaim: 0.0 ms]
      [Free CSet: 0.0 ms]
   [Eden: 25600.0K(25600.0K)->0.0B(21504.0K) Survivors: 0.0B->4096.0K Heap: 25600.0K(512.0M)->5083.5K(512.0M)]
Heap after GC invocations=1 (full 0):
 garbage-first heap   total 524288K, used 5083K [0x00000000e0000000, 0x00000000e0101000, 0x0000000100000000)
  region size 1024K, 4 young (4096K), 4 survivors (4096K)
 Metaspace       used 10478K, capacity 10788K, committed 11136K, reserved 1058816K
  class space    used 1202K, capacity 1304K, committed 1408K, reserved 1048576K
}
 [Times: user=0.01 sys=0.00, real=0.00 secs] 
2023-04-20T19:50:41.129+0000: 1.481: Total time for which application threads were stopped: 0.0079621 seconds, Stopping threads took: 0.0000728 seconds
2023-04-20T19:50:41.234+0000: 1.587: Total time for which application threads were stopped: 0.0002154 seconds, Stopping threads took: 0.0000205 seconds
2023-04-20T19:50:41.433+0000: 1.786: Total time for which application threads were stopped: 0.0002154 seconds, Stopping threads took: 0.0000179 seconds
{Heap before GC invocations=1 (full 0):
 garbage-first heap   total 524288K, used 28635K [0x00000000e0000000, 0x00000000e0101000, 0x0000000100000000)
  region size 1024K, 25 young (25600K), 4 survivors (4096K)
 Metaspace       used 15576K, capacity 15942K, committed 16000K, reserved 1062912K
  class space    used 1808K, capacity 1916K, committed 1920K, reserved 1048576K
2023-04-20T19:50:41.630+0000: 1.983: [GC pause (G1 Evacuation Pause) (young)
Desired survivor size 2097152 bytes, new threshold 1 (max 15)
- age   1:    2285992 bytes,    2285992 total
, 0.0185321 secs]
   [Parallel Time: 17.0 ms, GC Workers: 2]
      [GC Worker Start (ms): Min: 1983.1, Avg: 1983.1, Max: 1983.1, Diff: 0.0]
      [Ext Root Scanning (ms): Min: 0.7, Avg: 0.9, Max: 1.1, Diff: 0.5, Sum: 1.8]
      [Update RS (ms): Min: 0.7, Avg: 0.7, Max: 0.7, Diff: 0.0, Sum: 1.3]
         [Processed Buffers: Min: 1, Avg: 1.5, Max: 2, Diff: 1, Sum: 3]
      [Scan RS (ms): Min: 1.0, Avg: 1.4, Max: 1.7, Diff: 0.7, Sum: 2.7]
      [Code Root Scanning (ms): Min: 0.0, Avg: 0.3, Max: 0.6, Diff: 0.6, Sum: 0.6]
      [Object Copy (ms): Min: 13.4, Avg: 13.7, Max: 14.0, Diff: 0.6, Sum: 27.5]
      [Termination (ms): Min: 0.0, Avg: 0.0, Max: 0.0, Diff: 0.0, Sum: 0.0]
         [Termination Attempts: Min: 1, Avg: 1.0, Max: 1, Diff: 0, Sum: 2]
      [GC Worker Other (ms): Min: 0.0, Avg: 0.0, Max: 0.0, Diff: 0.0, Sum: 0.0]
      [GC Worker Total (ms): Min: 17.0, Avg: 17.0, Max: 17.0, Diff: 0.0, Sum: 34.0]
      [GC Worker End (ms): Min: 2000.1, Avg: 2000.1, Max: 2000.1, Diff: 0.0]
   [Code Root Fixup: 0.0 ms]
   [Code Root Purge: 0.0 ms]
   [Clear CT: 0.1 ms]
   [Other: 1.4 ms]
      [Choose CSet: 0.0 ms]
      [Ref Proc: 1.1 ms]
      [Ref Enq: 0.1 ms]
      [Redirty Cards: 0.1 ms]
      [Humongous Register: 0.0 ms]
      [Humongous Reclaim: 0.0 ms]
      [Free CSet: 0.1 ms]
   [Eden: 21504.0K(21504.0K)->0.0B(23552.0K) Survivors: 4096.0K->4096.0K Heap: 28635.8K(512.0M)->15728.3K(512.0M)]
Heap after GC invocations=2 (full 0):
 garbage-first heap   total 524288K, used 15728K [0x00000000e0000000, 0x00000000e0101000, 0x0000000100000000)
  region size 1024K, 4 young (4096K), 4 survivors (4096K)
 Metaspace       used 15576K, capacity 15942K, committed 16000K, reserved 1062912K
  class space    used 1808K, capacity 1916K, committed 1920K, reserved 1048576K
}
 [Times: user=0.03 sys=0.00, real=0.02 secs] 
2023-04-20T19:50:41.649+0000: 2.002: Total time for which application threads were stopped: 0.0187854 seconds, Stopping threads took: 0.0000186 seconds
2023-04-20T19:50:41.706+0000: 2.058: Total time for which application threads were stopped: 0.0002139 seconds, Stopping threads took: 0.0000182 seconds
2023-04-20T19:50:41.929+0000: 2.281: Total time for which application threads were stopped: 0.0002641 seconds, Stopping threads took: 0.0000189 seconds
2023-04-20T19:50:42.010+0000: 2.363: Total time for which application threads were stopped: 0.0003224 seconds, Stopping threads took: 0.0000613 seconds
2023-04-20T19:50:42.072+0000: 2.425: Total time for which application threads were stopped: 0.0002825 seconds, Stopping threads took: 0.0000226 seconds
2023-04-20T19:50:42.099+0000: 2.451: Total time for which application threads were stopped: 0.0003157 seconds, Stopping threads took: 0.0000226 seconds
{Heap before GC invocations=2 (full 0):
 garbage-first heap   total 524288K, used 37232K [0x00000000e0000000, 0x00000000e0101000, 0x0000000100000000)
  region size 1024K, 25 young (25600K), 4 survivors (4096K)
 Metaspace       used 20113K, capacity 20604K, committed 20736K, reserved 1067008K
  class space    used 2333K, capacity 2479K, committed 2560K, reserved 1048576K
2023-04-20T19:50:42.146+0000: 2.498: [GC pause (G1 Evacuation Pause) (young)
Desired survivor size 2097152 bytes, new threshold 1 (max 15)
- age   1:    4194064 bytes,    4194064 total
, 0.0123620 secs]
   [Parallel Time: 10.5 ms, GC Workers: 2]
      [GC Worker Start (ms): Min: 2498.6, Avg: 2498.9, Max: 2499.2, Diff: 0.6]
      [Ext Root Scanning (ms): Min: 0.9, Avg: 1.2, Max: 1.4, Diff: 0.5, Sum: 2.3]
      [Update RS (ms): Min: 0.5, Avg: 0.5, Max: 0.6, Diff: 0.0, Sum: 1.1]
         [Processed Buffers: Min: 2, Avg: 5.0, Max: 8, Diff: 6, Sum: 10]
      [Scan RS (ms): Min: 1.2, Avg: 1.3, Max: 1.3, Diff: 0.1, Sum: 2.5]
      [Code Root Scanning (ms): Min: 0.0, Avg: 0.1, Max: 0.3, Diff: 0.3, Sum: 0.3]
      [Object Copy (ms): Min: 7.0, Avg: 7.0, Max: 7.0, Diff: 0.0, Sum: 14.0]
      [Termination (ms): Min: 0.0, Avg: 0.0, Max: 0.0, Diff: 0.0, Sum: 0.0]
         [Termination Attempts: Min: 1, Avg: 1.0, Max: 1, Diff: 0, Sum: 2]
      [GC Worker Other (ms): Min: 0.0, Avg: 0.0, Max: 0.0, Diff: 0.0, Sum: 0.0]
      [GC Worker Total (ms): Min: 9.8, Avg: 10.1, Max: 10.4, Diff: 0.6, Sum: 20.2]
      [GC Worker End (ms): Min: 2509.0, Avg: 2509.0, Max: 2509.0, Diff: 0.0]
   [Code Root Fixup: 0.0 ms]
   [Code Root Purge: 0.0 ms]
   [Clear CT: 0.1 ms]
   [Other: 1.7 ms]
      [Choose CSet: 0.0 ms]
      [Ref Proc: 1.4 ms]
      [Ref Enq: 0.1 ms]
      [Redirty Cards: 0.0 ms]
      [Humongous Register: 0.0 ms]
      [Humongous Reclaim: 0.0 ms]
      [Free CSet: 0.0 ms]
   [Eden: 21504.0K(21504.0K)->0.0B(37888.0K) Survivors: 4096.0K->4096.0K Heap: 37232.3K(512.0M)->22528.3K(512.0M)]
Heap after GC invocations=3 (full 0):
 garbage-first heap   total 524288K, used 22528K [0x00000000e0000000, 0x00000000e0101000, 0x0000000100000000)
  region size 1024K, 4 young (4096K), 4 survivors (4096K)
 Metaspace       used 20113K, capacity 20604K, committed 20736K, reserved 1067008K
  class space    used 2333K, capacity 2479K, committed 2560K, reserved 1048576K
}
 [Times: user=0.02 sys=0.00, real=0.01 secs] 
2023-04-20T19:50:42.158+0000: 2.511: Total time for which application threads were stopped: 0.0126442 seconds, Stopping threads took: 0.0000620 seconds
2023-04-20T19:50:42.586+0000: 2.938: Total time for which application threads were stopped: 0.0003019 seconds, Stopping threads took: 0.0000213 seconds
{Heap before GC invocations=3 (full 0):
 garbage-first heap   total 524288K, used 55296K [0x00000000e0000000, 0x00000000e0101000, 0x0000000100000000)
  region size 1024K, 37 young (37888K), 4 survivors (4096K)
 Metaspace       used 20668K, capacity 21150K, committed 21248K, reserved 1069056K
  class space    used 2389K, capacity 2550K, committed 2560K, reserved 1048576K
2023-04-20T19:50:42.639+0000: 2.992: [GC pause (Metadata GC Threshold) (young) (initial-mark)
Desired survivor size 3145728 bytes, new threshold 15 (max 15)
- age   1:    2243448 bytes,    2243448 total
, 0.0108052 secs]
   [Parallel Time: 7.5 ms, GC Workers: 2]
      [GC Worker Start (ms): Min: 2992.0, Avg: 2992.9, Max: 2993.8, Diff: 1.8]
      [Ext Root Scanning (ms): Min: 0.1, Avg: 3.4, Max: 6.7, Diff: 6.6, Sum: 6.7]
      [Update RS (ms): Min: 0.0, Avg: 0.5, Max: 0.9, Diff: 0.9, Sum: 0.9]
         [Processed Buffers: Min: 0, Avg: 5.0, Max: 10, Diff: 10, Sum: 10]
      [Scan RS (ms): Min: 0.0, Avg: 0.1, Max: 0.3, Diff: 0.3, Sum: 0.3]
      [Code Root Scanning (ms): Min: 0.0, Avg: 0.1, Max: 0.2, Diff: 0.2, Sum: 0.2]
      [Object Copy (ms): Min: 0.8, Avg: 2.4, Max: 4.1, Diff: 3.3, Sum: 4.8]
      [Termination (ms): Min: 0.0, Avg: 0.0, Max: 0.0, Diff: 0.0, Sum: 0.0]
         [Termination Attempts: Min: 1, Avg: 1.0, Max: 1, Diff: 0, Sum: 2]
      [GC Worker Other (ms): Min: 0.0, Avg: 0.0, Max: 0.0, Diff: 0.0, Sum: 0.0]
      [GC Worker Total (ms): Min: 5.7, Avg: 6.6, Max: 7.4, Diff: 1.8, Sum: 13.1]
      [GC Worker End (ms): Min: 2999.5, Avg: 2999.5, Max: 2999.5, Diff: 0.0]
   [Code Root Fixup: 0.0 ms]
   [Code Root Purge: 0.0 ms]
   [Clear CT: 0.1 ms]
   [Other: 3.2 ms]
      [Choose CSet: 0.0 ms]
      [Ref Proc: 2.8 ms]
      [Ref Enq: 0.1 ms]
      [Redirty Cards: 0.1 ms]
      [Humongous Register: 0.0 ms]
      [Humongous Reclaim: 0.0 ms]
      [Free CSet: 0.0 ms]
   [Eden: 33792.0K(37888.0K)->0.0B(91136.0K) Survivors: 4096.0K->5120.0K Heap: 55298.3K(512.0M)->23040.3K(512.0M)]
Heap after GC invocations=4 (full 0):
 garbage-first heap   total 524288K, used 23040K [0x00000000e0000000, 0x00000000e0101000, 0x0000000100000000)
  region size 1024K, 5 young (5120K), 5 survivors (5120K)
 Metaspace       used 20668K, capacity 21150K, committed 21248K, reserved 1069056K
  class space    used 2389K, capacity 2550K, committed 2560K, reserved 1048576K
}
 [Times: user=0.02 sys=0.00, real=0.00 secs] 
2023-04-20T19:50:42.650+0000: 3.003: [GC concurrent-root-region-scan-start]
2023-04-20T19:50:42.650+0000: 3.003: Total time for which application threads were stopped: 0.0111967 seconds, Stopping threads took: 0.0000203 seconds
2023-04-20T19:50:42.653+0000: 3.006: [GC concurrent-root-region-scan-end, 0.0029481 secs]
2023-04-20T19:50:42.653+0000: 3.006: [GC concurrent-mark-start]
2023-04-20T19:50:42.680+0000: 3.032: [GC concurrent-mark-end, 0.0266500 secs]
2023-04-20T19:50:42.680+0000: 3.033: [GC remark 2023-04-20T19:50:42.680+0000: 3.033: [Finalize Marking, 0.0001564 secs] 2023-04-20T19:50:42.680+0000: 3.033: [GC ref-proc, 0.0012344 secs] 2023-04-20T19:50:42.681+0000: 3.034: [Unloading, 0.0040942 secs], 0.0056942 secs]
 [Times: user=0.01 sys=0.00, real=0.00 secs] 
2023-04-20T19:50:42.686+0000: 3.038: Total time for which application threads were stopped: 0.0058307 seconds, Stopping threads took: 0.0000611 seconds
2023-04-20T19:50:42.686+0000: 3.038: [GC cleanup 24064K->20992K(512M), 0.0009651 secs]
 [Times: user=0.00 sys=0.00, real=0.00 secs] 
2023-04-20T19:50:42.687+0000: 3.039: Total time for which application threads were stopped: 0.0010477 seconds, Stopping threads took: 0.0000379 seconds
2023-04-20T19:50:42.687+0000: 3.039: [GC concurrent-cleanup-start]
2023-04-20T19:50:42.687+0000: 3.039: [GC concurrent-cleanup-end, 0.0000103 secs]
2023-04-20T19:50:43.689+0000: 4.041: Total time for which application threads were stopped: 0.0017691 seconds, Stopping threads took: 0.0016435 seconds
2023-04-20T19:50:43.838+0000: 4.191: Total time for which application threads were stopped: 0.0003648 seconds, Stopping threads took: 0.0000211 seconds
2023-04-20T19:50:43.845+0000: 4.198: Total time for which application threads were stopped: 0.0002369 seconds, Stopping threads took: 0.0000383 seconds
2023-04-20T19:50:43.846+0000: 4.199: Total time for which application threads were stopped: 0.0001602 seconds, Stopping threads took: 0.0000308 seconds
2023-04-20T19:50:43.899+0000: 4.252: Total time for which application threads were stopped: 0.0003684 seconds, Stopping threads took: 0.0000588 seconds
{Heap before GC invocations=5 (full 0):
 garbage-first heap   total 524288K, used 111104K [0x00000000e0000000, 0x00000000e0101000, 0x0000000100000000)
  region size 1024K, 94 young (96256K), 5 survivors (5120K)
 Metaspace       used 27532K, capacity 28166K, committed 28416K, reserved 1075200K
  class space    used 3126K, capacity 3282K, committed 3328K, reserved 1048576K
2023-04-20T19:50:43.927+0000: 4.279: [GC pause (G1 Evacuation Pause) (young)
Desired survivor size 6291456 bytes, new threshold 15 (max 15)
- age   1:     732696 bytes,     732696 total
- age   2:    2065720 bytes,    2798416 total
, 0.0071391 secs]
   [Parallel Time: 5.1 ms, GC Workers: 2]
      [GC Worker Start (ms): Min: 4279.5, Avg: 4279.5, Max: 4279.5, Diff: 0.0]
      [Ext Root Scanning (ms): Min: 1.1, Avg: 1.1, Max: 1.2, Diff: 0.1, Sum: 2.3]
      [Update RS (ms): Min: 0.4, Avg: 0.5, Max: 0.7, Diff: 0.3, Sum: 1.1]
         [Processed Buffers: Min: 3, Avg: 5.0, Max: 7, Diff: 4, Sum: 10]
      [Scan RS (ms): Min: 0.1, Avg: 0.1, Max: 0.1, Diff: 0.0, Sum: 0.1]
      [Code Root Scanning (ms): Min: 0.1, Avg: 0.2, Max: 0.3, Diff: 0.3, Sum: 0.4]
      [Object Copy (ms): Min: 3.0, Avg: 3.1, Max: 3.1, Diff: 0.1, Sum: 6.2]
      [Termination (ms): Min: 0.0, Avg: 0.0, Max: 0.0, Diff: 0.0, Sum: 0.0]
         [Termination Attempts: Min: 1, Avg: 1.0, Max: 1, Diff: 0, Sum: 2]
      [GC Worker Other (ms): Min: 0.0, Avg: 0.0, Max: 0.0, Diff: 0.0, Sum: 0.0]
      [GC Worker Total (ms): Min: 5.0, Avg: 5.0, Max: 5.0, Diff: 0.0, Sum: 10.1]
      [GC Worker End (ms): Min: 4284.5, Avg: 4284.5, Max: 4284.5, Diff: 0.0]
   [Code Root Fixup: 0.0 ms]
   [Code Root Purge: 0.0 ms]
   [Clear CT: 0.1 ms]
   [Other: 2.0 ms]
      [Choose CSet: 0.0 ms]
      [Ref Proc: 1.6 ms]
      [Ref Enq: 0.1 ms]
      [Redirty Cards: 0.1 ms]
      [Humongous Register: 0.0 ms]
      [Humongous Reclaim: 0.0 ms]
      [Free CSet: 0.1 ms]
   [Eden: 91136.0K(91136.0K)->0.0B(297.0M) Survivors: 5120.0K->10240.0K Heap: 108.5M(512.0M)->25088.3K(512.0M)]
Heap after GC invocations=6 (full 0):
 garbage-first heap   total 524288K, used 25088K [0x00000000e0000000, 0x00000000e0101000, 0x0000000100000000)
  region size 1024K, 10 young (10240K), 10 survivors (10240K)
 Metaspace       used 27532K, capacity 28166K, committed 28416K, reserved 1075200K
  class space    used 3126K, capacity 3282K, committed 3328K, reserved 1048576K
}
 [Times: user=0.02 sys=0.00, real=0.01 secs] 
2023-04-20T19:50:43.934+0000: 4.287: Total time for which application threads were stopped: 0.0073832 seconds, Stopping threads took: 0.0000561 seconds
2023-04-20T19:50:43.995+0000: 4.347: Total time for which application threads were stopped: 0.0004018 seconds, Stopping threads took: 0.0000592 seconds
2023-04-20T19:50:44.069+0000: 4.422: Total time for which application threads were stopped: 0.0044045 seconds, Stopping threads took: 0.0040460 seconds
2023-04-20T19:50:44.099+0000: 4.452: Total time for which application threads were stopped: 0.0001815 seconds, Stopping threads took: 0.0000628 seconds
2023-04-20T19:50:44.156+0000: 4.508: Total time for which application threads were stopped: 0.0003832 seconds, Stopping threads took: 0.0000441 seconds
2023-04-20T19:50:44.346+0000: 4.699: Total time for which application threads were stopped: 0.0003867 seconds, Stopping threads took: 0.0000200 seconds
2023-04-20T19:50:44.454+0000: 4.807: Total time for which application threads were stopped: 0.0001271 seconds, Stopping threads took: 0.0000247 seconds
2023-04-20T19:50:44.461+0000: 4.814: Total time for which application threads were stopped: 0.0001198 seconds, Stopping threads took: 0.0000384 seconds
2023-04-20T19:50:44.535+0000: 4.888: Total time for which application threads were stopped: 0.0001750 seconds, Stopping threads took: 0.0000548 seconds
2023-04-20T19:50:45.031+0000: 5.383: Total time for which application threads were stopped: 0.0003018 seconds, Stopping threads took: 0.0001013 seconds
2023-04-20T19:50:45.036+0000: 5.389: Total time for which application threads were stopped: 0.0001237 seconds, Stopping threads took: 0.0000361 seconds
2023-04-20T19:50:45.037+0000: 5.389: Total time for which application threads were stopped: 0.0001202 seconds, Stopping threads took: 0.0000600 seconds
2023-04-20T19:50:45.037+0000: 5.390: Total time for which application threads were stopped: 0.0001053 seconds, Stopping threads took: 0.0000578 seconds
{Heap before GC invocations=6 (full 0):
 garbage-first heap   total 524288K, used 115200K [0x00000000e0000000, 0x00000000e0101000, 0x0000000100000000)
  region size 1024K, 99 young (101376K), 10 survivors (10240K)
 Metaspace       used 34792K, capacity 35732K, committed 35840K, reserved 1081344K
  class space    used 4016K, capacity 4286K, committed 4352K, reserved 1048576K
2023-04-20T19:50:45.083+0000: 5.436: [GC pause (Metadata GC Threshold) (young) (initial-mark)
Desired survivor size 20447232 bytes, new threshold 15 (max 15)
- age   1:     841952 bytes,     841952 total
- age   2:     702392 bytes,    1544344 total
- age   3:    2022288 bytes,    3566632 total
, 0.0213916 secs]
   [Parallel Time: 19.3 ms, GC Workers: 2]
      [GC Worker Start (ms): Min: 5436.1, Avg: 5437.7, Max: 5439.2, Diff: 3.1]
      [Ext Root Scanning (ms): Min: 0.5, Avg: 1.9, Max: 3.4, Diff: 2.9, Sum: 3.9]
      [Update RS (ms): Min: 0.5, Avg: 0.5, Max: 0.5, Diff: 0.0, Sum: 1.0]
         [Processed Buffers: Min: 3, Avg: 4.0, Max: 5, Diff: 2, Sum: 8]
      [Scan RS (ms): Min: 0.1, Avg: 0.1, Max: 0.1, Diff: 0.0, Sum: 0.1]
      [Code Root Scanning (ms): Min: 0.3, Avg: 0.4, Max: 0.5, Diff: 0.2, Sum: 0.8]
      [Object Copy (ms): Min: 9.6, Avg: 12.0, Max: 14.4, Diff: 4.9, Sum: 24.0]
      [Termination (ms): Min: 0.0, Avg: 2.6, Max: 5.3, Diff: 5.3, Sum: 5.3]
         [Termination Attempts: Min: 1, Avg: 1.0, Max: 1, Diff: 0, Sum: 2]
      [GC Worker Other (ms): Min: 0.0, Avg: 0.0, Max: 0.0, Diff: 0.0, Sum: 0.0]
      [GC Worker Total (ms): Min: 16.0, Avg: 17.6, Max: 19.1, Diff: 3.1, Sum: 35.1]
      [GC Worker End (ms): Min: 5455.2, Avg: 5455.2, Max: 5455.2, Diff: 0.0]
   [Code Root Fixup: 0.0 ms]
   [Code Root Purge: 0.0 ms]
   [Clear CT: 0.1 ms]
   [Other: 2.0 ms]
      [Choose CSet: 0.0 ms]
      [Ref Proc: 1.5 ms]
      [Ref Enq: 0.1 ms]
      [Redirty Cards: 0.1 ms]
      [Humongous Register: 0.0 ms]
      [Humongous Reclaim: 0.0 ms]
      [Free CSet: 0.1 ms]
   [Eden: 91136.0K(297.0M)->0.0B(295.0M) Survivors: 10240.0K->12288.0K Heap: 113.0M(512.0M)->27648.3K(512.0M)]
Heap after GC invocations=7 (full 0):
 garbage-first heap   total 524288K, used 27648K [0x00000000e0000000, 0x00000000e0101000, 0x0000000100000000)
  region size 1024K, 12 young (12288K), 12 survivors (12288K)
 Metaspace       used 34792K, capacity 35732K, committed 35840K, reserved 1081344K
  class space    used 4016K, capacity 4286K, committed 4352K, reserved 1048576K
}
 [Times: user=0.04 sys=0.00, real=0.02 secs] 
2023-04-20T19:50:45.105+0000: 5.457: [GC concurrent-root-region-scan-start]
2023-04-20T19:50:45.105+0000: 5.458: Total time for which application threads were stopped: 0.0218545 seconds, Stopping threads took: 0.0000284 seconds
2023-04-20T19:50:45.113+0000: 5.465: Total time for which application threads were stopped: 0.0001750 seconds, Stopping threads took: 0.0000561 seconds
2023-04-20T19:50:45.113+0000: 5.465: Total time for which application threads were stopped: 0.0000950 seconds, Stopping threads took: 0.0000291 seconds
2023-04-20T19:50:45.113+0000: 5.466: Total time for which application threads were stopped: 0.0000909 seconds, Stopping threads took: 0.0000280 seconds
2023-04-20T19:50:45.113+0000: 5.466: Total time for which application threads were stopped: 0.0000897 seconds, Stopping threads took: 0.0000272 seconds
2023-04-20T19:50:45.113+0000: 5.466: Total time for which application threads were stopped: 0.0000953 seconds, Stopping threads took: 0.0000302 seconds
2023-04-20T19:50:45.119+0000: 5.471: [GC concurrent-root-region-scan-end, 0.0138525 secs]
2023-04-20T19:50:45.119+0000: 5.471: [GC concurrent-mark-start]
2023-04-20T19:50:45.145+0000: 5.498: [GC concurrent-mark-end, 0.0267900 secs]
2023-04-20T19:50:45.147+0000: 5.499: [GC remark 2023-04-20T19:50:45.147+0000: 5.499: [Finalize Marking, 0.0001389 secs] 2023-04-20T19:50:45.147+0000: 5.500: [GC ref-proc, 0.0010279 secs] 2023-04-20T19:50:45.148+0000: 5.501: [Unloading, 0.0137776 secs], 0.0152189 secs]
 [Times: user=0.02 sys=0.00, real=0.02 secs] 
2023-04-20T19:50:45.162+0000: 5.515: Total time for which application threads were stopped: 0.0164958 seconds, Stopping threads took: 0.0011492 seconds
2023-04-20T19:50:45.162+0000: 5.515: [GC cleanup 31744K->31744K(512M), 0.0014041 secs]
 [Times: user=0.00 sys=0.00, real=0.00 secs] 
2023-04-20T19:50:45.164+0000: 5.516: Total time for which application threads were stopped: 0.0015376 seconds, Stopping threads took: 0.0000368 seconds
2023-04-20T19:50:45.227+0000: 5.580: Total time for which application threads were stopped: 0.0041647 seconds, Stopping threads took: 0.0040476 seconds
2023-04-20T19:50:45.236+0000: 5.589: Total time for which application threads were stopped: 0.0002607 seconds, Stopping threads took: 0.0001296 seconds
2023-04-20T19:50:45.237+0000: 5.589: Total time for which application threads were stopped: 0.0001289 seconds, Stopping threads took: 0.0000816 seconds
2023-04-20T19:50:45.238+0000: 5.591: Total time for which application threads were stopped: 0.0001495 seconds, Stopping threads took: 0.0000895 seconds
2023-04-20T19:50:45.245+0000: 5.598: Total time for which application threads were stopped: 0.0019113 seconds, Stopping threads took: 0.0018395 seconds
2023-04-20T19:50:45.246+0000: 5.598: Total time for which application threads were stopped: 0.0000774 seconds, Stopping threads took: 0.0000255 seconds
2023-04-20T19:50:45.246+0000: 5.599: Total time for which application threads were stopped: 0.0000976 seconds, Stopping threads took: 0.0000361 seconds
2023-04-20T19:50:45.282+0000: 5.635: Total time for which application threads were stopped: 0.0002236 seconds, Stopping threads took: 0.0000799 seconds
2023-04-20T19:50:45.298+0000: 5.651: Total time for which application threads were stopped: 0.0001883 seconds, Stopping threads took: 0.0000877 seconds
2023-04-20T19:50:45.338+0000: 5.691: Total time for which application threads were stopped: 0.0078971 seconds, Stopping threads took: 0.0077724 seconds
2023-04-20T19:50:45.341+0000: 5.693: Total time for which application threads were stopped: 0.0005558 seconds, Stopping threads took: 0.0000921 seconds
2023-04-20T19:50:45.342+0000: 5.694: Total time for which application threads were stopped: 0.0001378 seconds, Stopping threads took: 0.0000725 seconds
2023-04-20T19:50:45.342+0000: 5.694: Total time for which application threads were stopped: 0.0000771 seconds, Stopping threads took: 0.0000281 seconds
2023-04-20T19:50:45.342+0000: 5.695: Total time for which application threads were stopped: 0.0000834 seconds, Stopping threads took: 0.0000319 seconds
2023-04-20T19:50:45.347+0000: 5.700: Total time for which application threads were stopped: 0.0001461 seconds, Stopping threads took: 0.0000677 seconds
2023-04-20T19:50:45.352+0000: 5.704: Total time for which application threads were stopped: 0.0015587 seconds, Stopping threads took: 0.0011764 seconds
2023-04-20T19:50:45.356+0000: 5.709: Total time for which application threads were stopped: 0.0010320 seconds, Stopping threads took: 0.0009554 seconds
2023-04-20T19:50:45.368+0000: 5.720: Total time for which application threads were stopped: 0.0001080 seconds, Stopping threads took: 0.0000199 seconds
2023-04-20T19:50:45.384+0000: 5.737: Total time for which application threads were stopped: 0.0001506 seconds, Stopping threads took: 0.0000570 seconds
2023-04-20T19:50:45.386+0000: 5.738: Total time for which application threads were stopped: 0.0001687 seconds, Stopping threads took: 0.0001121 seconds
2023-04-20T19:50:45.389+0000: 5.742: Total time for which application threads were stopped: 0.0001093 seconds, Stopping threads took: 0.0000599 seconds
2023-04-20T19:50:45.393+0000: 5.746: Total time for which application threads were stopped: 0.0000714 seconds, Stopping threads took: 0.0000147 seconds
2023-04-20T19:50:45.394+0000: 5.747: Total time for which application threads were stopped: 0.0000849 seconds, Stopping threads took: 0.0000245 seconds
2023-04-20T19:50:45.399+0000: 5.751: Total time for which application threads were stopped: 0.0000825 seconds, Stopping threads took: 0.0000263 seconds
2023-04-20T19:50:45.399+0000: 5.751: Total time for which application threads were stopped: 0.0000497 seconds, Stopping threads took: 0.0000090 seconds
2023-04-20T19:50:45.422+0000: 5.775: Total time for which application threads were stopped: 0.0001714 seconds, Stopping threads took: 0.0000829 seconds
2023-04-20T19:50:45.422+0000: 5.775: Total time for which application threads were stopped: 0.0001260 seconds, Stopping threads took: 0.0000635 seconds
2023-04-20T19:50:45.423+0000: 5.775: Total time for which application threads were stopped: 0.0000573 seconds, Stopping threads took: 0.0000110 seconds
2023-04-20T19:50:45.423+0000: 5.776: Total time for which application threads were stopped: 0.0000948 seconds, Stopping threads took: 0.0000530 seconds
2023-04-20T19:50:45.423+0000: 5.776: Total time for which application threads were stopped: 0.0000785 seconds, Stopping threads took: 0.0000472 seconds
2023-04-20T19:50:45.423+0000: 5.776: Total time for which application threads were stopped: 0.0000746 seconds, Stopping threads took: 0.0000385 seconds
2023-04-20T19:50:45.424+0000: 5.777: Total time for which application threads were stopped: 0.0000788 seconds, Stopping threads took: 0.0000138 seconds
2023-04-20T19:50:45.425+0000: 5.777: Total time for which application threads were stopped: 0.0001537 seconds, Stopping threads took: 0.0000112 seconds
2023-04-20T19:50:45.425+0000: 5.778: Total time for which application threads were stopped: 0.0000716 seconds, Stopping threads took: 0.0000113 seconds
2023-04-20T19:50:45.426+0000: 5.779: Total time for which application threads were stopped: 0.0000939 seconds, Stopping threads took: 0.0000133 seconds
2023-04-20T19:50:45.427+0000: 5.779: Total time for which application threads were stopped: 0.0000784 seconds, Stopping threads took: 0.0000119 seconds
2023-04-20T19:50:45.427+0000: 5.779: Total time for which application threads were stopped: 0.0000750 seconds, Stopping threads took: 0.0000427 seconds
2023-04-20T19:50:45.427+0000: 5.780: Total time for which application threads were stopped: 0.0000680 seconds, Stopping threads took: 0.0000117 seconds
2023-04-20T19:50:45.427+0000: 5.780: Total time for which application threads were stopped: 0.0000537 seconds, Stopping threads took: 0.0000100 seconds
2023-04-20T19:50:45.427+0000: 5.780: Total time for which application threads were stopped: 0.0000527 seconds, Stopping threads took: 0.0000101 seconds
2023-04-20T19:50:45.427+0000: 5.780: Total time for which application threads were stopped: 0.0000539 seconds, Stopping threads took: 0.0000101 seconds
2023-04-20T19:50:45.428+0000: 5.780: Total time for which application threads were stopped: 0.0000518 seconds, Stopping threads took: 0.0000097 seconds
2023-04-20T19:50:45.428+0000: 5.780: Total time for which application threads were stopped: 0.0001076 seconds, Stopping threads took: 0.0000099 seconds
2023-04-20T19:50:45.428+0000: 5.780: Total time for which application threads were stopped: 0.0000511 seconds, Stopping threads took: 0.0000094 seconds
2023-04-20T19:50:45.428+0000: 5.781: Total time for which application threads were stopped: 0.0000514 seconds, Stopping threads took: 0.0000095 seconds
2023-04-20T19:50:45.428+0000: 5.781: Total time for which application threads were stopped: 0.0000634 seconds, Stopping threads took: 0.0000192 seconds
2023-04-20T19:50:45.428+0000: 5.781: Total time for which application threads were stopped: 0.0000515 seconds, Stopping threads took: 0.0000095 seconds
2023-04-20T19:50:45.430+0000: 5.783: Total time for which application threads were stopped: 0.0000715 seconds, Stopping threads took: 0.0000142 seconds
2023-04-20T19:50:45.430+0000: 5.783: Total time for which application threads were stopped: 0.0000563 seconds, Stopping threads took: 0.0000105 seconds
2023-04-20T19:50:45.431+0000: 5.783: Total time for which application threads were stopped: 0.0000617 seconds, Stopping threads took: 0.0000119 seconds
2023-04-20T19:50:45.431+0000: 5.783: Total time for which application threads were stopped: 0.0000533 seconds, Stopping threads took: 0.0000098 seconds
2023-04-20T19:50:45.431+0000: 5.783: Total time for which application threads were stopped: 0.0000525 seconds, Stopping threads took: 0.0000098 seconds
2023-04-20T19:50:45.431+0000: 5.784: Total time for which application threads were stopped: 0.0000517 seconds, Stopping threads took: 0.0000095 seconds
2023-04-20T19:50:45.541+0000: 5.894: Total time for which application threads were stopped: 0.0002197 seconds, Stopping threads took: 0.0000972 seconds
2023-04-20T19:50:45.541+0000: 5.894: Total time for which application threads were stopped: 0.0001119 seconds, Stopping threads took: 0.0000441 seconds
2023-04-20T19:50:45.541+0000: 5.894: Total time for which application threads were stopped: 0.0000993 seconds, Stopping threads took: 0.0000373 seconds
2023-04-20T19:50:45.625+0000: 5.978: Total time for which application threads were stopped: 0.0001843 seconds, Stopping threads took: 0.0000637 seconds
2023-04-20T19:50:45.626+0000: 5.979: Total time for which application threads were stopped: 0.0001264 seconds, Stopping threads took: 0.0000568 seconds
2023-04-20T19:50:45.626+0000: 5.979: Total time for which application threads were stopped: 0.0000726 seconds, Stopping threads took: 0.0000126 seconds
2023-04-20T19:50:45.643+0000: 5.996: Total time for which application threads were stopped: 0.0001465 seconds, Stopping threads took: 0.0000290 seconds
2023-04-20T19:50:45.643+0000: 5.996: Total time for which application threads were stopped: 0.0001198 seconds, Stopping threads took: 0.0000381 seconds
2023-04-20T19:50:45.643+0000: 5.996: Total time for which application threads were stopped: 0.0001226 seconds, Stopping threads took: 0.0000572 seconds
2023-04-20T19:50:45.651+0000: 6.003: Total time for which application threads were stopped: 0.0001526 seconds, Stopping threads took: 0.0000523 seconds
2023-04-20T19:50:45.651+0000: 6.004: Total time for which application threads were stopped: 0.0000934 seconds, Stopping threads took: 0.0000314 seconds
2023-04-20T19:50:45.655+0000: 6.007: Total time for which application threads were stopped: 0.0031922 seconds, Stopping threads took: 0.0029914 seconds
2023-04-20T19:50:45.656+0000: 6.008: Total time for which application threads were stopped: 0.0001393 seconds, Stopping threads took: 0.0000752 seconds
2023-04-20T19:50:45.656+0000: 6.008: Total time for which application threads were stopped: 0.0000988 seconds, Stopping threads took: 0.0000364 seconds
2023-04-20T19:50:45.656+0000: 6.009: Total time for which application threads were stopped: 0.0000883 seconds, Stopping threads took: 0.0000316 seconds
2023-04-20T19:50:45.659+0000: 6.011: Total time for which application threads were stopped: 0.0008062 seconds, Stopping threads took: 0.0007358 seconds
2023-04-20T19:50:45.659+0000: 6.011: Total time for which application threads were stopped: 0.0000894 seconds, Stopping threads took: 0.0000313 seconds
2023-04-20T19:50:45.659+0000: 6.012: Total time for which application threads were stopped: 0.0000863 seconds, Stopping threads took: 0.0000302 seconds
2023-04-20T19:50:45.660+0000: 6.013: Total time for which application threads were stopped: 0.0005648 seconds, Stopping threads took: 0.0004909 seconds
2023-04-20T19:50:45.661+0000: 6.013: Total time for which application threads were stopped: 0.0000903 seconds, Stopping threads took: 0.0000315 seconds
2023-04-20T19:50:45.661+0000: 6.013: Total time for which application threads were stopped: 0.0000858 seconds, Stopping threads took: 0.0000296 seconds
2023-04-20T19:50:45.720+0000: 6.072: Total time for which application threads were stopped: 0.0001766 seconds, Stopping threads took: 0.0000823 seconds
2023-04-20T19:50:45.721+0000: 6.073: Total time for which application threads were stopped: 0.0000998 seconds, Stopping threads took: 0.0000389 seconds
2023-04-20T19:50:45.721+0000: 6.073: Total time for which application threads were stopped: 0.0000717 seconds, Stopping threads took: 0.0000289 seconds
2023-04-20T19:50:45.721+0000: 6.073: Total time for which application threads were stopped: 0.0000684 seconds, Stopping threads took: 0.0000278 seconds
2023-04-20T19:50:45.721+0000: 6.074: Total time for which application threads were stopped: 0.0000700 seconds, Stopping threads took: 0.0000284 seconds
2023-04-20T19:50:45.721+0000: 6.074: Total time for which application threads were stopped: 0.0000912 seconds, Stopping threads took: 0.0000353 seconds
2023-04-20T19:50:45.722+0000: 6.074: Total time for which application threads were stopped: 0.0000932 seconds, Stopping threads took: 0.0000409 seconds
2023-04-20T19:50:45.722+0000: 6.075: Total time for which application threads were stopped: 0.0001093 seconds, Stopping threads took: 0.0000517 seconds
2023-04-20T19:50:45.723+0000: 6.075: Total time for which application threads were stopped: 0.0001884 seconds, Stopping threads took: 0.0000318 seconds
2023-04-20T19:50:45.762+0000: 6.115: Total time for which application threads were stopped: 0.0001617 seconds, Stopping threads took: 0.0000805 seconds
2023-04-20T19:50:45.762+0000: 6.115: Total time for which application threads were stopped: 0.0000977 seconds, Stopping threads took: 0.0000534 seconds
2023-04-20T19:50:45.763+0000: 6.116: Total time for which application threads were stopped: 0.0000938 seconds, Stopping threads took: 0.0000404 seconds
2023-04-20T19:50:45.844+0000: 6.197: Total time for which application threads were stopped: 0.0001984 seconds, Stopping threads took: 0.0000705 seconds
2023-04-20T19:50:45.863+0000: 6.215: Total time for which application threads were stopped: 0.0001788 seconds, Stopping threads took: 0.0000869 seconds
2023-04-20T19:50:45.866+0000: 6.219: Total time for which application threads were stopped: 0.0001283 seconds, Stopping threads took: 0.0000552 seconds
2023-04-20T19:50:45.867+0000: 6.219: Total time for which application threads were stopped: 0.0000968 seconds, Stopping threads took: 0.0000466 seconds
2023-04-20T19:50:45.884+0000: 6.236: Total time for which application threads were stopped: 0.0001709 seconds, Stopping threads took: 0.0000673 seconds
2023-04-20T19:50:45.886+0000: 6.239: Total time for which application threads were stopped: 0.0001080 seconds, Stopping threads took: 0.0000564 seconds
2023-04-20T19:50:46.040+0000: 6.393: Total time for which application threads were stopped: 0.0001614 seconds, Stopping threads took: 0.0000415 seconds
2023-04-20T19:50:46.074+0000: 6.426: Total time for which application threads were stopped: 0.0001836 seconds, Stopping threads took: 0.0000619 seconds
2023-04-20T19:50:46.080+0000: 6.433: Total time for which application threads were stopped: 0.0001298 seconds, Stopping threads took: 0.0000569 seconds
2023-04-20T19:50:46.080+0000: 6.433: Total time for which application threads were stopped: 0.0000775 seconds, Stopping threads took: 0.0000385 seconds
2023-04-20T19:50:46.108+0000: 6.461: Total time for which application threads were stopped: 0.0001838 seconds, Stopping threads took: 0.0000847 seconds
2023-04-20T19:50:46.108+0000: 6.461: Total time for which application threads were stopped: 0.0000502 seconds, Stopping threads took: 0.0000142 seconds
2023-04-20T19:50:46.109+0000: 6.461: Total time for which application threads were stopped: 0.0000440 seconds, Stopping threads took: 0.0000114 seconds
2023-04-20T19:50:46.109+0000: 6.461: Total time for which application threads were stopped: 0.0000435 seconds, Stopping threads took: 0.0000111 seconds
2023-04-20T19:50:46.109+0000: 6.462: Total time for which application threads were stopped: 0.0000467 seconds, Stopping threads took: 0.0000120 seconds
2023-04-20T19:50:46.109+0000: 6.462: Total time for which application threads were stopped: 0.0000430 seconds, Stopping threads took: 0.0000108 seconds
2023-04-20T19:50:46.109+0000: 6.462: Total time for which application threads were stopped: 0.0000420 seconds, Stopping threads took: 0.0000104 seconds
2023-04-20T19:50:46.109+0000: 6.462: Total time for which application threads were stopped: 0.0000416 seconds, Stopping threads took: 0.0000104 seconds
2023-04-20T19:50:46.285+0000: 6.637: Total time for which application threads were stopped: 0.0002296 seconds, Stopping threads took: 0.0000842 seconds
2023-04-20T19:50:46.292+0000: 6.645: Total time for which application threads were stopped: 0.0000848 seconds, Stopping threads took: 0.0000192 seconds
2023-04-20T19:50:46.292+0000: 6.645: Total time for which application threads were stopped: 0.0000975 seconds, Stopping threads took: 0.0000542 seconds
2023-04-20T19:50:46.293+0000: 6.645: Total time for which application threads were stopped: 0.0000970 seconds, Stopping threads took: 0.0000515 seconds
2023-04-20T19:50:46.311+0000: 6.664: Total time for which application threads were stopped: 0.0001249 seconds, Stopping threads took: 0.0000280 seconds
2023-04-20T19:50:46.312+0000: 6.664: Total time for which application threads were stopped: 0.0001053 seconds, Stopping threads took: 0.0000578 seconds
2023-04-20T19:50:46.314+0000: 6.667: Total time for which application threads were stopped: 0.0004138 seconds, Stopping threads took: 0.0000154 seconds
2023-04-20T19:50:46.320+0000: 6.672: Total time for which application threads were stopped: 0.0000768 seconds, Stopping threads took: 0.0000169 seconds
2023-04-20T19:50:46.347+0000: 6.699: Total time for which application threads were stopped: 0.0005296 seconds, Stopping threads took: 0.0000931 seconds
2023-04-20T19:50:46.356+0000: 6.708: Total time for which application threads were stopped: 0.0001377 seconds, Stopping threads took: 0.0000768 seconds
2023-04-20T19:50:46.356+0000: 6.708: Total time for which application threads were stopped: 0.0000729 seconds, Stopping threads took: 0.0000411 seconds
2023-04-20T19:50:46.369+0000: 6.722: Total time for which application threads were stopped: 0.0001733 seconds, Stopping threads took: 0.0000618 seconds
2023-04-20T19:50:46.587+0000: 6.939: Total time for which application threads were stopped: 0.0002494 seconds, Stopping threads took: 0.0000723 seconds
2023-04-20T19:50:46.608+0000: 6.960: Total time for which application threads were stopped: 0.0001704 seconds, Stopping threads took: 0.0000724 seconds
{Heap before GC invocations=8 (full 0):
 garbage-first heap   total 524288K, used 330625K [0x00000000e0000000, 0x00000000e0101000, 0x0000000100000000)
  region size 1024K, 307 young (314368K), 12 survivors (12288K)
 Metaspace       used 41992K, capacity 43478K, committed 43776K, reserved 1087488K
  class space    used 4940K, capacity 5315K, committed 5376K, reserved 1048576K
2023-04-20T19:50:47.512+0000: 7.864: [GC pause (G1 Evacuation Pause) (young)
Desired survivor size 20447232 bytes, new threshold 15 (max 15)
- age   1:    4098528 bytes,    4098528 total
- age   2:     728904 bytes,    4827432 total
- age   3:     701152 bytes,    5528584 total
- age   4:    2021928 bytes,    7550512 total
, 0.0250021 secs]
   [Parallel Time: 21.7 ms, GC Workers: 2]
      [GC Worker Start (ms): Min: 7864.5, Avg: 7864.5, Max: 7864.5, Diff: 0.0]
      [Ext Root Scanning (ms): Min: 1.9, Avg: 2.2, Max: 2.5, Diff: 0.6, Sum: 4.4]
      [Update RS (ms): Min: 0.6, Avg: 0.6, Max: 0.6, Diff: 0.0, Sum: 1.1]
         [Processed Buffers: Min: 2, Avg: 5.0, Max: 8, Diff: 6, Sum: 10]
      [Scan RS (ms): Min: 0.2, Avg: 0.2, Max: 0.2, Diff: 0.0, Sum: 0.4]
      [Code Root Scanning (ms): Min: 1.6, Avg: 2.3, Max: 3.0, Diff: 1.4, Sum: 4.6]
      [Object Copy (ms): Min: 15.4, Avg: 16.4, Max: 17.4, Diff: 2.0, Sum: 32.9]
      [Termination (ms): Min: 0.0, Avg: 0.0, Max: 0.0, Diff: 0.0, Sum: 0.0]
         [Termination Attempts: Min: 1, Avg: 1.0, Max: 1, Diff: 0, Sum: 2]
      [GC Worker Other (ms): Min: 0.0, Avg: 0.0, Max: 0.0, Diff: 0.0, Sum: 0.0]
      [GC Worker Total (ms): Min: 21.7, Avg: 21.7, Max: 21.7, Diff: 0.0, Sum: 43.4]
      [GC Worker End (ms): Min: 7886.2, Avg: 7886.2, Max: 7886.2, Diff: 0.0]
   [Code Root Fixup: 0.1 ms]
   [Code Root Purge: 0.0 ms]
   [Clear CT: 0.1 ms]
   [Other: 3.0 ms]
      [Choose CSet: 0.0 ms]
      [Ref Proc: 2.3 ms]
      [Ref Enq: 0.1 ms]
      [Redirty Cards: 0.1 ms]
      [Humongous Register: 0.0 ms]
      [Humongous Reclaim: 0.0 ms]
      [Free CSet: 0.3 ms]
   [Eden: 295.0M(295.0M)->0.0B(282.0M) Survivors: 12288.0K->25600.0K Heap: 322.9M(512.0M)->40960.3K(512.0M)]
Heap after GC invocations=9 (full 0):
 garbage-first heap   total 524288K, used 40960K [0x00000000e0000000, 0x00000000e0101000, 0x0000000100000000)
  region size 1024K, 25 young (25600K), 25 survivors (25600K)
 Metaspace       used 41992K, capacity 43478K, committed 43776K, reserved 1087488K
  class space    used 4940K, capacity 5315K, committed 5376K, reserved 1048576K
}
 [Times: user=0.04 sys=0.00, real=0.02 secs] 
2023-04-20T19:50:47.537+0000: 7.890: Total time for which application threads were stopped: 0.0253493 seconds, Stopping threads took: 0.0000746 seconds
2023-04-20T19:50:47.548+0000: 7.901: Total time for which application threads were stopped: 0.0003774 seconds, Stopping threads took: 0.0001660 seconds
2023-04-20T19:50:47.550+0000: 7.903: Total time for which application threads were stopped: 0.0021705 seconds, Stopping threads took: 0.0021290 seconds
2023-04-20T19:50:47.550+0000: 7.903: Total time for which application threads were stopped: 0.0000639 seconds, Stopping threads took: 0.0000315 seconds
2023-04-20T19:50:47.551+0000: 7.903: Total time for which application threads were stopped: 0.0001206 seconds, Stopping threads took: 0.0000655 seconds
2023-04-20T19:50:47.551+0000: 7.904: Total time for which application threads were stopped: 0.0001045 seconds, Stopping threads took: 0.0000612 seconds
2023-04-20T19:50:47.551+0000: 7.904: Total time for which application threads were stopped: 0.0001014 seconds, Stopping threads took: 0.0000538 seconds
2023-04-20T19:50:47.551+0000: 7.904: Total time for which application threads were stopped: 0.0000727 seconds, Stopping threads took: 0.0000309 seconds
2023-04-20T19:50:47.551+0000: 7.904: Total time for which application threads were stopped: 0.0000965 seconds, Stopping threads took: 0.0000542 seconds
2023-04-20T19:50:47.551+0000: 7.904: Total time for which application threads were stopped: 0.0000971 seconds, Stopping threads took: 0.0000546 seconds
2023-04-20T19:50:47.552+0000: 7.904: Total time for which application threads were stopped: 0.0000963 seconds, Stopping threads took: 0.0000540 seconds
2023-04-20T19:50:47.552+0000: 7.904: Total time for which application threads were stopped: 0.0000645 seconds, Stopping threads took: 0.0000241 seconds
2023-04-20T19:50:47.552+0000: 7.905: Total time for which application threads were stopped: 0.0000967 seconds, Stopping threads took: 0.0000564 seconds
2023-04-20T19:50:47.552+0000: 7.905: Total time for which application threads were stopped: 0.0000958 seconds, Stopping threads took: 0.0000537 seconds
2023-04-20T19:50:47.552+0000: 7.905: Total time for which application threads were stopped: 0.0000711 seconds, Stopping threads took: 0.0000293 seconds
2023-04-20T19:50:47.552+0000: 7.905: Total time for which application threads were stopped: 0.0000597 seconds, Stopping threads took: 0.0000188 seconds
2023-04-20T19:50:47.552+0000: 7.905: Total time for which application threads were stopped: 0.0000689 seconds, Stopping threads took: 0.0000258 seconds
2023-04-20T19:50:47.552+0000: 7.905: Total time for which application threads were stopped: 0.0001066 seconds, Stopping threads took: 0.0000600 seconds
2023-04-20T19:50:47.553+0000: 7.905: Total time for which application threads were stopped: 0.0000620 seconds, Stopping threads took: 0.0000189 seconds
2023-04-20T19:50:47.553+0000: 7.905: Total time for which application threads were stopped: 0.0001023 seconds, Stopping threads took: 0.0000575 seconds
2023-04-20T19:50:47.553+0000: 7.906: Total time for which application threads were stopped: 0.0001566 seconds, Stopping threads took: 0.0000572 seconds
{Heap before GC invocations=9 (full 0):
 garbage-first heap   total 524288K, used 329728K [0x00000000e0000000, 0x00000000e0101000, 0x0000000100000000)
  region size 1024K, 307 young (314368K), 25 survivors (25600K)
 Metaspace       used 41992K, capacity 43478K, committed 43776K, reserved 1087488K
  class space    used 4940K, capacity 5315K, committed 5376K, reserved 1048576K
2023-04-20T19:50:47.871+0000: 8.223: [GC pause (G1 Evacuation Pause) (young)
Desired survivor size 20447232 bytes, new threshold 15 (max 15)
- age   1:   11045184 bytes,   11045184 total
- age   2:    3940888 bytes,   14986072 total
- age   3:     718912 bytes,   15704984 total
- age   4:     698936 bytes,   16403920 total
- age   5:    2003360 bytes,   18407280 total
, 0.0380568 secs]
   [Parallel Time: 36.4 ms, GC Workers: 2]
      [GC Worker Start (ms): Min: 8223.5, Avg: 8227.3, Max: 8231.2, Diff: 7.7]
      [Ext Root Scanning (ms): Min: 0.0, Avg: 1.6, Max: 3.1, Diff: 3.1, Sum: 3.1]
      [Update RS (ms): Min: 0.0, Avg: 0.5, Max: 1.0, Diff: 1.0, Sum: 1.0]
         [Processed Buffers: Min: 0, Avg: 3.5, Max: 7, Diff: 7, Sum: 7]
      [Scan RS (ms): Min: 0.0, Avg: 0.2, Max: 0.3, Diff: 0.3, Sum: 0.4]
      [Code Root Scanning (ms): Min: 0.0, Avg: 0.9, Max: 1.8, Diff: 1.8, Sum: 1.8]
      [Object Copy (ms): Min: 28.5, Avg: 29.3, Max: 30.1, Diff: 1.6, Sum: 58.6]
      [Termination (ms): Min: 0.0, Avg: 0.0, Max: 0.0, Diff: 0.0, Sum: 0.0]
         [Termination Attempts: Min: 1, Avg: 1.0, Max: 1, Diff: 0, Sum: 2]
      [GC Worker Other (ms): Min: 0.0, Avg: 0.0, Max: 0.0, Diff: 0.0, Sum: 0.0]
      [GC Worker Total (ms): Min: 28.6, Avg: 32.5, Max: 36.3, Diff: 7.7, Sum: 64.9]
      [GC Worker End (ms): Min: 8259.8, Avg: 8259.8, Max: 8259.8, Diff: 0.0]
   [Code Root Fixup: 0.1 ms]
   [Code Root Purge: 0.0 ms]
   [Clear CT: 0.2 ms]
   [Other: 1.4 ms]
      [Choose CSet: 0.0 ms]
      [Ref Proc: 0.9 ms]
      [Ref Enq: 0.1 ms]
      [Redirty Cards: 0.1 ms]
      [Humongous Register: 0.0 ms]
      [Humongous Reclaim: 0.0 ms]
      [Free CSet: 0.2 ms]
   [Eden: 282.0M(282.0M)->0.0B(269.0M) Survivors: 25600.0K->38912.0K Heap: 322.0M(512.0M)->54272.3K(512.0M)]
Heap after GC invocations=10 (full 0):
 garbage-first heap   total 524288K, used 54272K [0x00000000e0000000, 0x00000000e0101000, 0x0000000100000000)
  region size 1024K, 38 young (38912K), 38 survivors (38912K)
 Metaspace       used 41992K, capacity 43478K, committed 43776K, reserved 1087488K
  class space    used 4940K, capacity 5315K, committed 5376K, reserved 1048576K
}
 [Times: user=0.07 sys=0.00, real=0.03 secs] 
2023-04-20T19:50:47.909+0000: 8.262: Total time for which application threads were stopped: 0.0383408 seconds, Stopping threads took: 0.0000322 seconds
2023-04-20T19:50:47.934+0000: 8.286: Total time for which application threads were stopped: 0.0070135 seconds, Stopping threads took: 0.0069086 seconds
2023-04-20T19:50:47.934+0000: 8.287: Total time for which application threads were stopped: 0.0002156 seconds, Stopping threads took: 0.0000530 seconds
{Heap before GC invocations=10 (full 0):
 garbage-first heap   total 524288K, used 330752K [0x00000000e0000000, 0x00000000e0101000, 0x0000000100000000)
  region size 1024K, 307 young (314368K), 38 survivors (38912K)
 Metaspace       used 41992K, capacity 43478K, committed 43776K, reserved 1087488K
  class space    used 4940K, capacity 5315K, committed 5376K, reserved 1048576K
2023-04-20T19:50:48.473+0000: 8.825: [GC pause (G1 Evacuation Pause) (young)
Desired survivor size 20447232 bytes, new threshold 2 (max 15)
- age   1:   18080568 bytes,   18080568 total
- age   2:   10752824 bytes,   28833392 total
- age   3:    3940808 bytes,   32774200 total
- age   4:     718912 bytes,   33493112 total
- age   5:     697584 bytes,   34190696 total
- age   6:    2003320 bytes,   36194016 total
, 0.0322970 secs]
   [Parallel Time: 30.6 ms, GC Workers: 2]
      [GC Worker Start (ms): Min: 8825.4, Avg: 8828.7, Max: 8831.9, Diff: 6.5]
      [Ext Root Scanning (ms): Min: 0.0, Avg: 1.5, Max: 3.1, Diff: 3.0, Sum: 3.1]
      [Update RS (ms): Min: 0.0, Avg: 0.5, Max: 1.0, Diff: 1.0, Sum: 1.0]
         [Processed Buffers: Min: 0, Avg: 3.5, Max: 7, Diff: 7, Sum: 7]
      [Scan RS (ms): Min: 0.0, Avg: 0.2, Max: 0.3, Diff: 0.3, Sum: 0.4]
      [Code Root Scanning (ms): Min: 0.0, Avg: 4.6, Max: 9.1, Diff: 9.1, Sum: 9.1]
      [Object Copy (ms): Min: 16.9, Avg: 20.4, Max: 23.9, Diff: 7.0, Sum: 40.8]
      [Termination (ms): Min: 0.0, Avg: 0.0, Max: 0.1, Diff: 0.1, Sum: 0.1]
         [Termination Attempts: Min: 1, Avg: 1.0, Max: 1, Diff: 0, Sum: 2]
      [GC Worker Other (ms): Min: 0.0, Avg: 0.0, Max: 0.0, Diff: 0.0, Sum: 0.1]
      [GC Worker Total (ms): Min: 24.0, Avg: 27.3, Max: 30.5, Diff: 6.5, Sum: 54.5]
      [GC Worker End (ms): Min: 8855.9, Avg: 8855.9, Max: 8855.9, Diff: 0.0]
   [Code Root Fixup: 0.1 ms]
   [Code Root Purge: 0.0 ms]
   [Clear CT: 0.1 ms]
   [Other: 1.5 ms]
      [Choose CSet: 0.0 ms]
      [Ref Proc: 0.9 ms]
      [Ref Enq: 0.1 ms]
      [Redirty Cards: 0.1 ms]
      [Humongous Register: 0.0 ms]
      [Humongous Reclaim: 0.0 ms]
      [Free CSet: 0.2 ms]
   [Eden: 269.0M(269.0M)->0.0B(286.0M) Survivors: 38912.0K->21504.0K Heap: 323.0M(512.0M)->54471.8K(512.0M)]
Heap after GC invocations=11 (full 0):
 garbage-first heap   total 524288K, used 54471K [0x00000000e0000000, 0x00000000e0101000, 0x0000000100000000)
  region size 1024K, 21 young (21504K), 21 survivors (21504K)
 Metaspace       used 41992K, capacity 43478K, committed 43776K, reserved 1087488K
  class space    used 4940K, capacity 5315K, committed 5376K, reserved 1048576K
}
 [Times: user=0.06 sys=0.00, real=0.03 secs] 
2023-04-20T19:50:48.505+0000: 8.858: Total time for which application threads were stopped: 0.0326159 seconds, Stopping threads took: 0.0000592 seconds
{Heap before GC invocations=11 (full 0):
 garbage-first heap   total 524288K, used 347847K [0x00000000e0000000, 0x00000000e0101000, 0x0000000100000000)
  region size 1024K, 307 young (314368K), 21 survivors (21504K)
 Metaspace       used 41992K, capacity 43478K, committed 43776K, reserved 1087488K
  class space    used 4940K, capacity 5315K, committed 5376K, reserved 1048576K
2023-04-20T19:50:48.871+0000: 9.223: [GC pause (G1 Evacuation Pause) (young)
Desired survivor size 20447232 bytes, new threshold 2 (max 15)
- age   1:   12315184 bytes,   12315184 total
- age   2:    8163264 bytes,   20478448 total
, 0.0258159 secs]
   [Parallel Time: 24.3 ms, GC Workers: 2]
      [GC Worker Start (ms): Min: 9223.4, Avg: 9223.4, Max: 9223.4, Diff: 0.0]
      [Ext Root Scanning (ms): Min: 1.1, Avg: 1.1, Max: 1.2, Diff: 0.0, Sum: 2.3]
      [Update RS (ms): Min: 0.9, Avg: 1.0, Max: 1.1, Diff: 0.2, Sum: 2.0]
         [Processed Buffers: Min: 4, Avg: 6.5, Max: 9, Diff: 5, Sum: 13]
      [Scan RS (ms): Min: 0.2, Avg: 0.2, Max: 0.2, Diff: 0.1, Sum: 0.4]
      [Code Root Scanning (ms): Min: 0.1, Avg: 0.1, Max: 0.1, Diff: 0.0, Sum: 0.2]
      [Object Copy (ms): Min: 21.7, Avg: 21.7, Max: 21.8, Diff: 0.1, Sum: 43.4]
      [Termination (ms): Min: 0.0, Avg: 0.0, Max: 0.0, Diff: 0.0, Sum: 0.0]
         [Termination Attempts: Min: 1, Avg: 1.0, Max: 1, Diff: 0, Sum: 2]
      [GC Worker Other (ms): Min: 0.0, Avg: 0.0, Max: 0.0, Diff: 0.0, Sum: 0.1]
      [GC Worker Total (ms): Min: 24.2, Avg: 24.2, Max: 24.2, Diff: 0.0, Sum: 48.4]
      [GC Worker End (ms): Min: 9247.7, Avg: 9247.7, Max: 9247.7, Diff: 0.0]
   [Code Root Fixup: 0.0 ms]
   [Code Root Purge: 0.0 ms]
   [Clear CT: 0.2 ms]
   [Other: 1.4 ms]
      [Choose CSet: 0.0 ms]
      [Ref Proc: 0.9 ms]
      [Ref Enq: 0.1 ms]
      [Redirty Cards: 0.1 ms]
      [Humongous Register: 0.0 ms]
      [Humongous Reclaim: 0.0 ms]
      [Free CSet: 0.2 ms]
   [Eden: 286.0M(286.0M)->0.0B(276.0M) Survivors: 21504.0K->31744.0K Heap: 339.7M(512.0M)->74752.3K(512.0M)]
Heap after GC invocations=12 (full 0):
 garbage-first heap   total 524288K, used 74752K [0x00000000e0000000, 0x00000000e0101000, 0x0000000100000000)
  region size 1024K, 31 young (31744K), 31 survivors (31744K)
 Metaspace       used 41992K, capacity 43478K, committed 43776K, reserved 1087488K
  class space    used 4940K, capacity 5315K, committed 5376K, reserved 1048576K
}
 [Times: user=0.05 sys=0.00, real=0.02 secs] 
2023-04-20T19:50:48.897+0000: 9.249: Total time for which application threads were stopped: 0.0274049 seconds, Stopping threads took: 0.0013509 seconds
2023-04-20T19:50:49.129+0000: 9.482: Total time for which application threads were stopped: 0.0001698 seconds, Stopping threads took: 0.0000872 seconds
2023-04-20T19:50:49.186+0000: 9.539: Total time for which application threads were stopped: 0.0002343 seconds, Stopping threads took: 0.0001102 seconds
2023-04-20T19:50:49.200+0000: 9.553: Total time for which application threads were stopped: 0.0001703 seconds, Stopping threads took: 0.0000637 seconds
2023-04-20T19:50:49.201+0000: 9.553: Total time for which application threads were stopped: 0.0000916 seconds, Stopping threads took: 0.0000387 seconds
2023-04-20T19:50:49.201+0000: 9.553: Total time for which application threads were stopped: 0.0000837 seconds, Stopping threads took: 0.0000362 seconds
2023-04-20T19:50:49.201+0000: 9.553: Total time for which application threads were stopped: 0.0000868 seconds, Stopping threads took: 0.0000383 seconds
2023-04-20T19:50:49.201+0000: 9.554: Total time for which application threads were stopped: 0.0000863 seconds, Stopping threads took: 0.0000381 seconds
2023-04-20T19:50:49.219+0000: 9.572: Total time for which application threads were stopped: 0.0001839 seconds, Stopping threads took: 0.0001104 seconds
2023-04-20T19:50:49.242+0000: 9.595: Total time for which application threads were stopped: 0.0001492 seconds, Stopping threads took: 0.0000532 seconds
2023-04-20T19:50:49.243+0000: 9.596: Total time for which application threads were stopped: 0.0001067 seconds, Stopping threads took: 0.0000503 seconds
2023-04-20T19:50:49.330+0000: 9.682: Total time for which application threads were stopped: 0.0001517 seconds, Stopping threads took: 0.0000726 seconds
2023-04-20T19:50:49.335+0000: 9.687: Total time for which application threads were stopped: 0.0001508 seconds, Stopping threads took: 0.0000891 seconds
2023-04-20T19:50:49.348+0000: 9.701: Total time for which application threads were stopped: 0.0001577 seconds, Stopping threads took: 0.0000680 seconds
2023-04-20T19:50:49.349+0000: 9.702: Total time for which application threads were stopped: 0.0001234 seconds, Stopping threads took: 0.0000645 seconds
2023-04-20T19:50:49.349+0000: 9.702: Total time for which application threads were stopped: 0.0000623 seconds, Stopping threads took: 0.0000189 seconds
2023-04-20T19:50:49.351+0000: 9.703: Total time for which application threads were stopped: 0.0000864 seconds, Stopping threads took: 0.0000361 seconds
2023-04-20T19:50:49.351+0000: 9.703: Total time for which application threads were stopped: 0.0000593 seconds, Stopping threads took: 0.0000190 seconds
2023-04-20T19:50:49.351+0000: 9.704: Total time for which application threads were stopped: 0.0000694 seconds, Stopping threads took: 0.0000302 seconds
2023-04-20T19:50:49.351+0000: 9.704: Total time for which application threads were stopped: 0.0000843 seconds, Stopping threads took: 0.0000448 seconds
2023-04-20T19:50:49.499+0000: 9.851: Total time for which application threads were stopped: 0.0003186 seconds, Stopping threads took: 0.0001387 seconds
2023-04-20T19:50:49.499+0000: 9.851: Total time for which application threads were stopped: 0.0001025 seconds, Stopping threads took: 0.0000446 seconds
2023-04-20T19:50:49.550+0000: 9.902: Total time for which application threads were stopped: 0.0001610 seconds, Stopping threads took: 0.0000731 seconds
2023-04-20T19:50:49.557+0000: 9.910: Total time for which application threads were stopped: 0.0001614 seconds, Stopping threads took: 0.0000859 seconds
2023-04-20T19:50:49.580+0000: 9.932: Total time for which application threads were stopped: 0.0001880 seconds, Stopping threads took: 0.0000718 seconds
2023-04-20T19:50:49.587+0000: 9.939: Total time for which application threads were stopped: 0.0001674 seconds, Stopping threads took: 0.0000836 seconds
2023-04-20T19:50:49.597+0000: 9.950: Total time for which application threads were stopped: 0.0001999 seconds, Stopping threads took: 0.0000930 seconds
2023-04-20T19:50:49.658+0000: 10.011: Total time for which application threads were stopped: 0.0003906 seconds, Stopping threads took: 0.0002744 seconds
{Heap before GC invocations=12 (full 0):
 garbage-first heap   total 524288K, used 357888K [0x00000000e0000000, 0x00000000e0101000, 0x0000000100000000)
  region size 1024K, 307 young (314368K), 31 survivors (31744K)
 Metaspace       used 46612K, capacity 48042K, committed 48256K, reserved 1091584K
  class space    used 5613K, capacity 5983K, committed 6016K, reserved 1048576K
2023-04-20T19:50:49.914+0000: 10.267: [GC pause (G1 Evacuation Pause) (young)
Desired survivor size 20447232 bytes, new threshold 2 (max 15)
- age   1:   18420016 bytes,   18420016 total
- age   2:   11888824 bytes,   30308840 total
, 0.0220574 secs]
   [Parallel Time: 11.2 ms, GC Workers: 2]
      [GC Worker Start (ms): Min: 10267.3, Avg: 10267.3, Max: 10267.3, Diff: 0.0]
      [Ext Root Scanning (ms): Min: 1.6, Avg: 1.6, Max: 1.7, Diff: 0.1, Sum: 3.3]
      [Update RS (ms): Min: 1.2, Avg: 1.2, Max: 1.2, Diff: 0.1, Sum: 2.4]
         [Processed Buffers: Min: 6, Avg: 8.5, Max: 11, Diff: 5, Sum: 17]
      [Scan RS (ms): Min: 0.2, Avg: 0.2, Max: 0.2, Diff: 0.0, Sum: 0.4]
      [Code Root Scanning (ms): Min: 0.2, Avg: 0.2, Max: 0.2, Diff: 0.0, Sum: 0.3]
      [Object Copy (ms): Min: 7.9, Avg: 7.9, Max: 8.0, Diff: 0.1, Sum: 15.9]
      [Termination (ms): Min: 0.0, Avg: 0.0, Max: 0.0, Diff: 0.0, Sum: 0.0]
         [Termination Attempts: Min: 1, Avg: 1.0, Max: 1, Diff: 0, Sum: 2]
      [GC Worker Other (ms): Min: 0.0, Avg: 0.0, Max: 0.0, Diff: 0.0, Sum: 0.0]
      [GC Worker Total (ms): Min: 11.1, Avg: 11.2, Max: 11.2, Diff: 0.0, Sum: 22.3]
      [GC Worker End (ms): Min: 10278.5, Avg: 10278.5, Max: 10278.5, Diff: 0.0]
   [Code Root Fixup: 0.0 ms]
   [Code Root Purge: 0.0 ms]
   [Clear CT: 0.1 ms]
   [Other: 10.7 ms]
      [Choose CSet: 0.0 ms]
      [Ref Proc: 10.2 ms]
      [Ref Enq: 0.1 ms]
      [Redirty Cards: 0.1 ms]
      [Humongous Register: 0.0 ms]
      [Humongous Reclaim: 0.0 ms]
      [Free CSet: 0.2 ms]
   [Eden: 276.0M(276.0M)->0.0B(286.0M) Survivors: 31744.0K->21504.0K Heap: 349.5M(512.0M)->73216.3K(512.0M)]
Heap after GC invocations=13 (full 0):
 garbage-first heap   total 524288K, used 73216K [0x00000000e0000000, 0x00000000e0101000, 0x0000000100000000)
  region size 1024K, 21 young (21504K), 21 survivors (21504K)
 Metaspace       used 46612K, capacity 48042K, committed 48256K, reserved 1091584K
  class space    used 5613K, capacity 5983K, committed 6016K, reserved 1048576K
}
 [Times: user=0.05 sys=0.00, real=0.02 secs] 
2023-04-20T19:50:49.937+0000: 10.289: Total time for which application threads were stopped: 0.0223975 seconds, Stopping threads took: 0.0000784 seconds
2023-04-20T19:50:49.943+0000: 10.296: Total time for which application threads were stopped: 0.0005890 seconds, Stopping threads took: 0.0004813 seconds
2023-04-20T19:50:49.945+0000: 10.298: Total time for which application threads were stopped: 0.0001053 seconds, Stopping threads took: 0.0000413 seconds
2023-04-20T19:50:49.992+0000: 10.345: Total time for which application threads were stopped: 0.0018993 seconds, Stopping threads took: 0.0018053 seconds
2023-04-20T19:50:49.995+0000: 10.347: Total time for which application threads were stopped: 0.0003990 seconds, Stopping threads took: 0.0003400 seconds
2023-04-20T19:50:50.067+0000: 10.419: Total time for which application threads were stopped: 0.0007793 seconds, Stopping threads took: 0.0006589 seconds
2023-04-20T19:50:50.082+0000: 10.435: Total time for which application threads were stopped: 0.0001634 seconds, Stopping threads took: 0.0000674 seconds
2023-04-20T19:50:50.083+0000: 10.436: Total time for which application threads were stopped: 0.0004295 seconds, Stopping threads took: 0.0000140 seconds
2023-04-20T19:50:50.087+0000: 10.439: Total time for which application threads were stopped: 0.0002945 seconds, Stopping threads took: 0.0000168 seconds
2023-04-20T19:50:50.164+0000: 10.517: Total time for which application threads were stopped: 0.0002681 seconds, Stopping threads took: 0.0001285 seconds
2023-04-20T19:50:50.187+0000: 10.540: Total time for which application threads were stopped: 0.0005728 seconds, Stopping threads took: 0.0000644 seconds
2023-04-20T19:50:50.401+0000: 10.753: Total time for which application threads were stopped: 0.0006012 seconds, Stopping threads took: 0.0000597 seconds
2023-04-20T19:50:50.428+0000: 10.781: Total time for which application threads were stopped: 0.0009221 seconds, Stopping threads took: 0.0008297 seconds
2023-04-20T19:50:50.437+0000: 10.790: Total time for which application threads were stopped: 0.0005567 seconds, Stopping threads took: 0.0000561 seconds
2023-04-20T19:50:50.442+0000: 10.795: Total time for which application threads were stopped: 0.0001186 seconds, Stopping threads took: 0.0000593 seconds
2023-04-20T19:50:50.449+0000: 10.802: Total time for which application threads were stopped: 0.0001358 seconds, Stopping threads took: 0.0000505 seconds
2023-04-20T19:50:50.500+0000: 10.852: Total time for which application threads were stopped: 0.0002516 seconds, Stopping threads took: 0.0001588 seconds
2023-04-20T19:50:50.506+0000: 10.858: Total time for which application threads were stopped: 0.0045121 seconds, Stopping threads took: 0.0040297 seconds
2023-04-20T19:50:50.508+0000: 10.861: Total time for which application threads were stopped: 0.0000901 seconds, Stopping threads took: 0.0000429 seconds
2023-04-20T19:50:50.508+0000: 10.861: Total time for which application threads were stopped: 0.0000671 seconds, Stopping threads took: 0.0000288 seconds
2023-04-20T19:50:50.508+0000: 10.861: Total time for which application threads were stopped: 0.0000628 seconds, Stopping threads took: 0.0000282 seconds
2023-04-20T19:50:50.508+0000: 10.861: Total time for which application threads were stopped: 0.0000616 seconds, Stopping threads took: 0.0000277 seconds
2023-04-20T19:50:50.509+0000: 10.861: Total time for which application threads were stopped: 0.0000628 seconds, Stopping threads took: 0.0000275 seconds
2023-04-20T19:50:50.509+0000: 10.861: Total time for which application threads were stopped: 0.0000637 seconds, Stopping threads took: 0.0000298 seconds
2023-04-20T19:50:50.509+0000: 10.861: Total time for which application threads were stopped: 0.0000607 seconds, Stopping threads took: 0.0000275 seconds
2023-04-20T19:50:50.509+0000: 10.861: Total time for which application threads were stopped: 0.0000603 seconds, Stopping threads took: 0.0000270 seconds
2023-04-20T19:50:50.509+0000: 10.862: Total time for which application threads were stopped: 0.0000603 seconds, Stopping threads took: 0.0000270 seconds
2023-04-20T19:50:50.509+0000: 10.862: Total time for which application threads were stopped: 0.0000696 seconds, Stopping threads took: 0.0000289 seconds
2023-04-20T19:50:50.509+0000: 10.862: Total time for which application threads were stopped: 0.0000615 seconds, Stopping threads took: 0.0000278 seconds
2023-04-20T19:50:50.509+0000: 10.862: Total time for which application threads were stopped: 0.0000608 seconds, Stopping threads took: 0.0000275 seconds
2023-04-20T19:50:50.509+0000: 10.862: Total time for which application threads were stopped: 0.0000604 seconds, Stopping threads took: 0.0000271 seconds
2023-04-20T19:50:50.509+0000: 10.862: Total time for which application threads were stopped: 0.0000610 seconds, Stopping threads took: 0.0000278 seconds
2023-04-20T19:50:50.509+0000: 10.862: Total time for which application threads were stopped: 0.0000608 seconds, Stopping threads took: 0.0000275 seconds
2023-04-20T19:50:50.509+0000: 10.862: Total time for which application threads were stopped: 0.0000607 seconds, Stopping threads took: 0.0000275 seconds
2023-04-20T19:50:50.510+0000: 10.862: Total time for which application threads were stopped: 0.0000604 seconds, Stopping threads took: 0.0000273 seconds
2023-04-20T19:50:50.510+0000: 10.862: Total time for which application threads were stopped: 0.0000608 seconds, Stopping threads took: 0.0000274 seconds
2023-04-20T19:50:50.510+0000: 10.863: Total time for which application threads were stopped: 0.0001751 seconds, Stopping threads took: 0.0000269 seconds
2023-04-20T19:50:50.510+0000: 10.863: Total time for which application threads were stopped: 0.0000756 seconds, Stopping threads took: 0.0000325 seconds
2023-04-20T19:50:50.511+0000: 10.864: Total time for which application threads were stopped: 0.0001058 seconds, Stopping threads took: 0.0000507 seconds
2023-04-20T19:50:50.532+0000: 10.885: Total time for which application threads were stopped: 0.0001647 seconds, Stopping threads took: 0.0000905 seconds
2023-04-20T19:50:50.532+0000: 10.885: Total time for which application threads were stopped: 0.0000505 seconds, Stopping threads took: 0.0000201 seconds
2023-04-20T19:50:50.533+0000: 10.885: Total time for which application threads were stopped: 0.0000544 seconds, Stopping threads took: 0.0000242 seconds
2023-04-20T19:50:50.538+0000: 10.891: Total time for which application threads were stopped: 0.0000834 seconds, Stopping threads took: 0.0000263 seconds
2023-04-20T19:51:01.539+0000: 21.892: Total time for which application threads were stopped: 0.0001105 seconds, Stopping threads took: 0.0000334 seconds
2023-04-20T19:51:03.540+0000: 23.892: Total time for which application threads were stopped: 0.0001618 seconds, Stopping threads took: 0.0000767 seconds
2023-04-20T19:51:03.625+0000: 23.977: Total time for which application threads were stopped: 0.0006261 seconds, Stopping threads took: 0.0000691 seconds
2023-04-20T19:51:03.654+0000: 24.006: Total time for which application threads were stopped: 0.0001793 seconds, Stopping threads took: 0.0000865 seconds
2023-04-20T19:51:03.815+0000: 24.167: Total time for which application threads were stopped: 0.0006314 seconds, Stopping threads took: 0.0000258 seconds
2023-04-20T19:51:03.821+0000: 24.174: Total time for which application threads were stopped: 0.0004236 seconds, Stopping threads took: 0.0000432 seconds
2023-04-20T19:51:04.389+0000: 24.742: Total time for which application threads were stopped: 0.0002162 seconds, Stopping threads took: 0.0001092 seconds
2023-04-20T19:51:04.389+0000: 24.742: Total time for which application threads were stopped: 0.0001002 seconds, Stopping threads took: 0.0000646 seconds
2023-04-20T19:51:04.389+0000: 24.742: Total time for which application threads were stopped: 0.0001001 seconds, Stopping threads took: 0.0000670 seconds
2023-04-20T19:51:04.389+0000: 24.742: Total time for which application threads were stopped: 0.0000870 seconds, Stopping threads took: 0.0000543 seconds
2023-04-20T19:51:04.389+0000: 24.742: Total time for which application threads were stopped: 0.0000425 seconds, Stopping threads took: 0.0000093 seconds
2023-04-20T19:51:04.391+0000: 24.743: Total time for which application threads were stopped: 0.0002180 seconds, Stopping threads took: 0.0001544 seconds
2023-04-20T19:51:13.392+0000: 33.744: Total time for which application threads were stopped: 0.0001151 seconds, Stopping threads took: 0.0000337 seconds
2023-04-20T19:51:14.392+0000: 34.745: Total time for which application threads were stopped: 0.0001175 seconds, Stopping threads took: 0.0000347 seconds
2023-04-20T19:51:44.860+0000: 65.213: Total time for which application threads were stopped: 0.0006102 seconds, Stopping threads took: 0.0000288 seconds
2023-04-20T19:51:44.867+0000: 65.219: Total time for which application threads were stopped: 0.0001409 seconds, Stopping threads took: 0.0000760 seconds
2023-04-20T19:51:44.867+0000: 65.220: Total time for which application threads were stopped: 0.0001227 seconds, Stopping threads took: 0.0000785 seconds
2023-04-20T19:51:44.891+0000: 65.244: Total time for which application threads were stopped: 0.0000975 seconds, Stopping threads took: 0.0000223 seconds
2023-04-20T19:51:44.896+0000: 65.249: Total time for which application threads were stopped: 0.0005518 seconds, Stopping threads took: 0.0000146 seconds
2023-04-20T19:51:44.912+0000: 65.265: Total time for which application threads were stopped: 0.0001734 seconds, Stopping threads took: 0.0000613 seconds
2023-04-20T19:51:44.915+0000: 65.268: Total time for which application threads were stopped: 0.0001006 seconds, Stopping threads took: 0.0000528 seconds
2023-04-20T19:51:45.916+0000: 66.268: Total time for which application threads were stopped: 0.0001240 seconds, Stopping threads took: 0.0000378 seconds
2023-04-20T19:52:00.344+0000: 80.696: Total time for which application threads were stopped: 0.0001276 seconds, Stopping threads took: 0.0000424 seconds
2023-04-20T19:52:00.476+0000: 80.829: Total time for which application threads were stopped: 0.0002104 seconds, Stopping threads took: 0.0000692 seconds
2023-04-20T19:52:00.480+0000: 80.833: Total time for which application threads were stopped: 0.0001021 seconds, Stopping threads took: 0.0000498 seconds
2023-04-20T19:52:00.488+0000: 80.840: Total time for which application threads were stopped: 0.0001351 seconds, Stopping threads took: 0.0000551 seconds
2023-04-20T19:52:00.490+0000: 80.843: Total time for which application threads were stopped: 0.0001026 seconds, Stopping threads took: 0.0000494 seconds
2023-04-20T19:52:01.490+0000: 81.843: Total time for which application threads were stopped: 0.0001200 seconds, Stopping threads took: 0.0000337 seconds
2023-04-20T19:52:07.645+0000: 87.997: Total time for which application threads were stopped: 0.0001066 seconds, Stopping threads took: 0.0000293 seconds
2023-04-20T19:52:07.647+0000: 88.000: Total time for which application threads were stopped: 0.0000947 seconds, Stopping threads took: 0.0000158 seconds
2023-04-20T19:52:08.647+0000: 89.000: Total time for which application threads were stopped: 0.0001129 seconds, Stopping threads took: 0.0000327 seconds
2023-04-20T19:52:18.033+0000: 98.386: Total time for which application threads were stopped: 0.0001085 seconds, Stopping threads took: 0.0000291 seconds
2023-04-20T19:52:18.040+0000: 98.393: Total time for which application threads were stopped: 0.0005918 seconds, Stopping threads took: 0.0000446 seconds
2023-04-20T19:52:18.579+0000: 98.932: Total time for which application threads were stopped: 0.0002022 seconds, Stopping threads took: 0.0000877 seconds
2023-04-20T19:52:18.591+0000: 98.944: Total time for which application threads were stopped: 0.0001390 seconds, Stopping threads took: 0.0000512 seconds
2023-04-20T19:52:18.594+0000: 98.947: Total time for which application threads were stopped: 0.0001103 seconds, Stopping threads took: 0.0000409 seconds
2023-04-20T19:52:18.599+0000: 98.951: Total time for which application threads were stopped: 0.0001159 seconds, Stopping threads took: 0.0000440 seconds
2023-04-20T19:52:18.601+0000: 98.954: Total time for which application threads were stopped: 0.0001004 seconds, Stopping threads took: 0.0000416 seconds
2023-04-20T19:52:18.602+0000: 98.955: Total time for which application threads were stopped: 0.0000929 seconds, Stopping threads took: 0.0000384 seconds
2023-04-20T19:52:18.815+0000: 99.168: Total time for which application threads were stopped: 0.0001675 seconds, Stopping threads took: 0.0000707 seconds
2023-04-20T19:52:19.083+0000: 99.435: Total time for which application threads were stopped: 0.0001921 seconds, Stopping threads took: 0.0000529 seconds
2023-04-20T19:52:20.083+0000: 100.436: Total time for which application threads were stopped: 0.0001313 seconds, Stopping threads took: 0.0000340 seconds
2023-04-20T19:52:45.086+0000: 125.439: Total time for which application threads were stopped: 0.0001465 seconds, Stopping threads took: 0.0000366 seconds
2023-04-20T19:53:45.093+0000: 185.445: Total time for which application threads were stopped: 0.0001319 seconds, Stopping threads took: 0.0000370 seconds
2023-04-20T19:54:19.096+0000: 219.449: Total time for which application threads were stopped: 0.0001166 seconds, Stopping threads took: 0.0000329 seconds
2023-04-20T19:54:24.941+0000: 225.293: Total time for which application threads were stopped: 0.0001201 seconds, Stopping threads took: 0.0000239 seconds
2023-04-20T19:54:44.943+0000: 245.296: Total time for which application threads were stopped: 0.0001567 seconds, Stopping threads took: 0.0000741 seconds
2023-04-20T19:54:45.943+0000: 246.296: Total time for which application threads were stopped: 0.0001293 seconds, Stopping threads took: 0.0000368 seconds
2023-04-20T19:55:24.948+0000: 285.300: Total time for which application threads were stopped: 0.0001170 seconds, Stopping threads took: 0.0000334 seconds
2023-04-20T19:55:44.951+0000: 305.303: Total time for which application threads were stopped: 0.0001587 seconds, Stopping threads took: 0.0000773 seconds
2023-04-20T19:55:45.951+0000: 306.304: Total time for which application threads were stopped: 0.0001242 seconds, Stopping threads took: 0.0000356 seconds
2023-04-20T19:56:44.958+0000: 365.310: Total time for which application threads were stopped: 0.0001447 seconds, Stopping threads took: 0.0000564 seconds
2023-04-20T19:57:44.964+0000: 425.317: Total time for which application threads were stopped: 0.0001264 seconds, Stopping threads took: 0.0000507 seconds
2023-04-20T19:58:44.971+0000: 485.324: Total time for which application threads were stopped: 0.0001334 seconds, Stopping threads took: 0.0000513 seconds
2023-04-20T20:02:44.997+0000: 725.350: Total time for which application threads were stopped: 0.0001011 seconds, Stopping threads took: 0.0000295 seconds
2023-04-20T20:03:28.968+0000: 769.321: Total time for which application threads were stopped: 0.0001289 seconds, Stopping threads took: 0.0000432 seconds
2023-04-20T20:03:45.970+0000: 786.323: Total time for which application threads were stopped: 0.0001252 seconds, Stopping threads took: 0.0000342 seconds
2023-04-20T20:07:45.997+0000: 1026.349: Total time for which application threads were stopped: 0.0001162 seconds, Stopping threads took: 0.0000323 seconds
2023-04-20T20:08:45.003+0000: 1085.356: Total time for which application threads were stopped: 0.0001829 seconds, Stopping threads took: 0.0000978 seconds
2023-04-20T20:08:46.004+0000: 1086.356: Total time for which application threads were stopped: 0.0001196 seconds, Stopping threads took: 0.0000343 seconds
2023-04-20T20:13:45.038+0000: 1385.391: Total time for which application threads were stopped: 0.0001060 seconds, Stopping threads took: 0.0000313 seconds
2023-04-20T20:15:45.052+0000: 1505.404: Total time for which application threads were stopped: 0.0001367 seconds, Stopping threads took: 0.0000521 seconds
2023-04-20T20:16:45.059+0000: 1565.411: Total time for which application threads were stopped: 0.0001325 seconds, Stopping threads took: 0.0000346 seconds
2023-04-20T20:33:45.172+0000: 2585.524: Total time for which application threads were stopped: 0.0001222 seconds, Stopping threads took: 0.0000354 seconds
2023-04-20T20:34:45.179+0000: 2645.531: Total time for which application threads were stopped: 0.0001463 seconds, Stopping threads took: 0.0000344 seconds
2023-04-20T20:35:34.184+0000: 2694.537: Total time for which application threads were stopped: 0.0001218 seconds, Stopping threads took: 0.0000337 seconds
2023-04-20T20:36:45.192+0000: 2765.545: Total time for which application threads were stopped: 0.0001291 seconds, Stopping threads took: 0.0000385 seconds
2023-04-20T20:37:25.197+0000: 2805.549: Total time for which application threads were stopped: 0.0001184 seconds, Stopping threads took: 0.0000327 seconds
2023-04-20T20:37:45.199+0000: 2825.552: Total time for which application threads were stopped: 0.0001224 seconds, Stopping threads took: 0.0000326 seconds
2023-04-20T20:38:45.206+0000: 2885.558: Total time for which application threads were stopped: 0.0001290 seconds, Stopping threads took: 0.0000358 seconds
2023-04-20T20:40:45.219+0000: 3005.572: Total time for which application threads were stopped: 0.0001296 seconds, Stopping threads took: 0.0000382 seconds
2023-04-20T20:44:45.246+0000: 3245.598: Total time for which application threads were stopped: 0.0001352 seconds, Stopping threads took: 0.0000347 seconds
2023-04-20T20:44:55.247+0000: 3255.599: Total time for which application threads were stopped: 0.0001246 seconds, Stopping threads took: 0.0000360 seconds
2023-04-20T20:45:45.252+0000: 3305.605: Total time for which application threads were stopped: 0.0001301 seconds, Stopping threads took: 0.0000435 seconds
2023-04-20T20:52:45.299+0000: 3725.651: Total time for which application threads were stopped: 0.0001433 seconds, Stopping threads took: 0.0000357 seconds
2023-04-20T20:54:45.312+0000: 3845.665: Total time for which application threads were stopped: 0.0001190 seconds, Stopping threads took: 0.0000337 seconds
2023-04-20T21:05:45.386+0000: 4505.739: Total time for which application threads were stopped: 0.0001204 seconds, Stopping threads took: 0.0000338 seconds
2023-04-20T21:07:34.398+0000: 4614.751: Total time for which application threads were stopped: 0.0001185 seconds, Stopping threads took: 0.0000332 seconds
2023-04-20T21:17:45.467+0000: 5225.820: Total time for which application threads were stopped: 0.0001238 seconds, Stopping threads took: 0.0000333 seconds
2023-04-20T21:18:45.473+0000: 5285.826: Total time for which application threads were stopped: 0.0001242 seconds, Stopping threads took: 0.0000321 seconds
{Heap before GC invocations=13 (full 0):
 garbage-first heap   total 524288K, used 371780K [0x00000000e0000000, 0x00000000e0101000, 0x0000000100000000)
  region size 1024K, 307 young (314368K), 21 survivors (21504K)
 Metaspace       used 54367K, capacity 56390K, committed 56704K, reserved 1099776K
  class space    used 6526K, capacity 6989K, committed 7040K, reserved 1048576K
2023-04-20T21:35:58.258+0000: 6318.610: [GC pause (G1 Evacuation Pause) (young)
Desired survivor size 20447232 bytes, new threshold 15 (max 15)
- age   1:    6115088 bytes,    6115088 total
- age   2:    8403416 bytes,   14518504 total
, 0.0227470 secs]
   [Parallel Time: 19.8 ms, GC Workers: 2]
      [GC Worker Start (ms): Min: 6318610.5, Avg: 6318610.5, Max: 6318610.5, Diff: 0.0]
      [Ext Root Scanning (ms): Min: 1.5, Avg: 1.8, Max: 2.0, Diff: 0.4, Sum: 3.5]
      [Update RS (ms): Min: 1.6, Avg: 1.6, Max: 1.7, Diff: 0.1, Sum: 3.3]
         [Processed Buffers: Min: 14, Avg: 16.5, Max: 19, Diff: 5, Sum: 33]
      [Scan RS (ms): Min: 0.2, Avg: 0.2, Max: 0.2, Diff: 0.1, Sum: 0.4]
      [Code Root Scanning (ms): Min: 0.4, Avg: 0.5, Max: 0.6, Diff: 0.1, Sum: 1.0]
      [Object Copy (ms): Min: 15.4, Avg: 15.6, Max: 15.9, Diff: 0.4, Sum: 31.3]
      [Termination (ms): Min: 0.0, Avg: 0.0, Max: 0.0, Diff: 0.0, Sum: 0.0]
         [Termination Attempts: Min: 1, Avg: 1.0, Max: 1, Diff: 0, Sum: 2]
      [GC Worker Other (ms): Min: 0.0, Avg: 0.0, Max: 0.0, Diff: 0.0, Sum: 0.0]
      [GC Worker Total (ms): Min: 19.7, Avg: 19.7, Max: 19.7, Diff: 0.0, Sum: 39.5]
      [GC Worker End (ms): Min: 6318630.2, Avg: 6318630.2, Max: 6318630.2, Diff: 0.0]
   [Code Root Fixup: 0.0 ms]
   [Code Root Purge: 0.0 ms]
   [Clear CT: 0.1 ms]
   [Other: 2.8 ms]
      [Choose CSet: 0.0 ms]
      [Ref Proc: 2.2 ms]
      [Ref Enq: 0.1 ms]
      [Redirty Cards: 0.1 ms]
      [Humongous Register: 0.0 ms]
      [Humongous Reclaim: 0.0 ms]
      [Free CSet: 0.2 ms]
   [Eden: 286.0M(286.0M)->0.0B(270.0M) Survivors: 21504.0K->37888.0K Heap: 363.1M(512.0M)->93526.0K(512.0M)]
Heap after GC invocations=14 (full 0):
 garbage-first heap   total 524288K, used 93526K [0x00000000e0000000, 0x00000000e0101000, 0x0000000100000000)
  region size 1024K, 37 young (37888K), 37 survivors (37888K)
 Metaspace       used 54367K, capacity 56390K, committed 56704K, reserved 1099776K
  class space    used 6526K, capacity 6989K, committed 7040K, reserved 1048576K
}
 [Times: user=0.05 sys=0.00, real=0.03 secs] 
2023-04-20T21:35:58.281+0000: 6318.633: Total time for which application threads were stopped: 0.0230300 seconds, Stopping threads took: 0.0000331 seconds
2023-04-20T21:35:58.281+0000: 6318.634: Total time for which application threads were stopped: 0.0001425 seconds, Stopping threads took: 0.0000712 seconds
2023-04-20T21:35:58.281+0000: 6318.634: Total time for which application threads were stopped: 0.0001097 seconds, Stopping threads took: 0.0000770 seconds
2023-04-20T21:35:58.283+0000: 6318.635: Total time for which application threads were stopped: 0.0000919 seconds, Stopping threads took: 0.0000381 seconds
2023-04-20T21:35:58.283+0000: 6318.636: Total time for which application threads were stopped: 0.0000714 seconds, Stopping threads took: 0.0000331 seconds
2023-04-20T21:35:58.283+0000: 6318.636: Total time for which application threads were stopped: 0.0000615 seconds, Stopping threads took: 0.0000332 seconds
2023-04-20T21:35:58.283+0000: 6318.636: Total time for which application threads were stopped: 0.0000847 seconds, Stopping threads took: 0.0000551 seconds
2023-04-20T21:35:58.283+0000: 6318.636: Total time for which application threads were stopped: 0.0000601 seconds, Stopping threads took: 0.0000322 seconds
2023-04-20T21:37:46.296+0000: 6426.648: Total time for which application threads were stopped: 0.0001343 seconds, Stopping threads took: 0.0000329 seconds
2023-04-20T21:38:46.303+0000: 6486.655: Total time for which application threads were stopped: 0.0001438 seconds, Stopping threads took: 0.0000346 seconds
2023-04-20T21:39:45.309+0000: 6545.662: Total time for which application threads were stopped: 0.0001147 seconds, Stopping threads took: 0.0000303 seconds
2023-04-20T21:43:45.336+0000: 6785.689: Total time for which application threads were stopped: 0.0001068 seconds, Stopping threads took: 0.0000292 seconds
2023-04-20T21:44:45.343+0000: 6845.696: Total time for which application threads were stopped: 0.0001351 seconds, Stopping threads took: 0.0000519 seconds
2023-04-20T21:45:45.350+0000: 6905.703: Total time for which application threads were stopped: 0.0001052 seconds, Stopping threads took: 0.0000300 seconds
2023-04-20T21:48:45.370+0000: 7085.722: Total time for which application threads were stopped: 0.0001158 seconds, Stopping threads took: 0.0000319 seconds
2023-04-20T21:57:45.430+0000: 7625.783: Total time for which application threads were stopped: 0.0001190 seconds, Stopping threads took: 0.0000322 seconds
2023-04-20T22:31:45.656+0000: 9666.009: Total time for which application threads were stopped: 0.0001227 seconds, Stopping threads took: 0.0000264 seconds
2023-04-20T22:57:45.830+0000: 11226.183: Total time for which application threads were stopped: 0.0001226 seconds, Stopping threads took: 0.0000334 seconds
2023-04-20T23:00:42.850+0000: 11403.203: Total time for which application threads were stopped: 0.0001264 seconds, Stopping threads took: 0.0000346 seconds
2023-04-20T23:15:44.950+0000: 12305.303: Total time for which application threads were stopped: 0.0001201 seconds, Stopping threads took: 0.0000312 seconds
2023-04-20T23:35:46.084+0000: 13506.437: Total time for which application threads were stopped: 0.0001247 seconds, Stopping threads took: 0.0000328 seconds
2023-04-20T23:41:46.124+0000: 13866.477: Total time for which application threads were stopped: 0.0001233 seconds, Stopping threads took: 0.0000336 seconds
2023-04-20T23:42:46.131+0000: 13926.484: Total time for which application threads were stopped: 0.0001243 seconds, Stopping threads took: 0.0000344 seconds
2023-04-20T23:44:46.145+0000: 14046.498: Total time for which application threads were stopped: 0.0001253 seconds, Stopping threads took: 0.0000333 seconds
2023-04-20T23:50:43.185+0000: 14403.538: Total time for which application threads were stopped: 0.0001305 seconds, Stopping threads took: 0.0000335 seconds
2023-04-20T23:51:46.192+0000: 14466.545: Total time for which application threads were stopped: 0.0001230 seconds, Stopping threads took: 0.0000337 seconds
2023-04-20T23:53:46.206+0000: 14586.559: Total time for which application threads were stopped: 0.0001429 seconds, Stopping threads took: 0.0000328 seconds
2023-04-20T23:59:46.247+0000: 14946.599: Total time for which application threads were stopped: 0.0001462 seconds, Stopping threads took: 0.0000344 seconds
2023-04-21T00:00:46.254+0000: 15006.606: Total time for which application threads were stopped: 0.0001257 seconds, Stopping threads took: 0.0000346 seconds
2023-04-21T00:04:46.280+0000: 15246.633: Total time for which application threads were stopped: 0.0001347 seconds, Stopping threads took: 0.0000338 seconds
2023-04-21T00:07:46.300+0000: 15426.653: Total time for which application threads were stopped: 0.0001220 seconds, Stopping threads took: 0.0000339 seconds
2023-04-21T00:15:46.354+0000: 15906.706: Total time for which application threads were stopped: 0.0001264 seconds, Stopping threads took: 0.0000350 seconds
2023-04-21T00:19:46.381+0000: 16146.734: Total time for which application threads were stopped: 0.0001385 seconds, Stopping threads took: 0.0000347 seconds
2023-04-21T00:44:46.549+0000: 17646.901: Total time for which application threads were stopped: 0.0001221 seconds, Stopping threads took: 0.0000332 seconds
2023-04-21T00:47:46.569+0000: 17826.921: Total time for which application threads were stopped: 0.0001214 seconds, Stopping threads took: 0.0000310 seconds
2023-04-21T01:52:47.005+0000: 21727.357: Total time for which application threads were stopped: 0.0001303 seconds, Stopping threads took: 0.0000392 seconds
2023-04-21T02:08:46.111+0000: 22686.464: Total time for which application threads were stopped: 0.0001645 seconds, Stopping threads took: 0.0000439 seconds
2023-04-21T02:10:46.125+0000: 22806.477: Total time for which application threads were stopped: 0.0001069 seconds, Stopping threads took: 0.0000283 seconds
2023-04-21T02:12:46.138+0000: 22926.491: Total time for which application threads were stopped: 0.0001108 seconds, Stopping threads took: 0.0000280 seconds
2023-04-21T02:15:46.158+0000: 23106.511: Total time for which application threads were stopped: 0.0001226 seconds, Stopping threads took: 0.0000339 seconds
2023-04-21T02:27:46.238+0000: 23826.591: Total time for which application threads were stopped: 0.0001231 seconds, Stopping threads took: 0.0000338 seconds
2023-04-21T02:28:46.245+0000: 23886.598: Total time for which application threads were stopped: 0.0001252 seconds, Stopping threads took: 0.0000349 seconds
2023-04-21T02:32:42.271+0000: 24122.624: Total time for which application threads were stopped: 0.0001320 seconds, Stopping threads took: 0.0000335 seconds
2023-04-21T02:32:42.371+0000: 24122.723: Total time for which application threads were stopped: 0.0001580 seconds, Stopping threads took: 0.0000437 seconds
2023-04-21T02:32:43.371+0000: 24123.723: Total time for which application threads were stopped: 0.0001203 seconds, Stopping threads took: 0.0000311 seconds
{Heap before GC invocations=14 (full 0):
 garbage-first heap   total 524288K, used 370006K [0x00000000e0000000, 0x00000000e0101000, 0x0000000100000000)
  region size 1024K, 307 young (314368K), 37 survivors (37888K)
 Metaspace       used 54517K, capacity 56522K, committed 56704K, reserved 1099776K
  class space    used 6528K, capacity 6989K, committed 7040K, reserved 1048576K
2023-04-21T02:59:26.645+0000: 25726.997: [GC pause (G1 Evacuation Pause) (young)
Desired survivor size 20447232 bytes, new threshold 2 (max 15)
- age   1:   14770688 bytes,   14770688 total
- age   2:    5964080 bytes,   20734768 total
- age   3:    8403416 bytes,   29138184 total
, 0.0171804 secs]
   [Parallel Time: 15.7 ms, GC Workers: 2]
      [GC Worker Start (ms): Min: 25726997.4, Avg: 25726997.4, Max: 25726997.4, Diff: 0.0]
      [Ext Root Scanning (ms): Min: 1.3, Avg: 1.5, Max: 1.7, Diff: 0.3, Sum: 3.0]
      [Update RS (ms): Min: 1.4, Avg: 1.4, Max: 1.4, Diff: 0.0, Sum: 2.8]
         [Processed Buffers: Min: 10, Avg: 10.0, Max: 10, Diff: 0, Sum: 20]
      [Scan RS (ms): Min: 0.2, Avg: 0.2, Max: 0.2, Diff: 0.1, Sum: 0.4]
      [Code Root Scanning (ms): Min: 0.2, Avg: 0.5, Max: 0.9, Diff: 0.7, Sum: 1.0]
      [Object Copy (ms): Min: 11.8, Avg: 12.0, Max: 12.2, Diff: 0.4, Sum: 23.9]
      [Termination (ms): Min: 0.0, Avg: 0.0, Max: 0.0, Diff: 0.0, Sum: 0.0]
         [Termination Attempts: Min: 1, Avg: 1.0, Max: 1, Diff: 0, Sum: 2]
      [GC Worker Other (ms): Min: 0.0, Avg: 0.0, Max: 0.0, Diff: 0.0, Sum: 0.0]
      [GC Worker Total (ms): Min: 15.6, Avg: 15.6, Max: 15.6, Diff: 0.0, Sum: 31.2]
      [GC Worker End (ms): Min: 25727013.0, Avg: 25727013.0, Max: 25727013.0, Diff: 0.0]
   [Code Root Fixup: 0.0 ms]
   [Code Root Purge: 0.0 ms]
   [Clear CT: 0.2 ms]
   [Other: 1.3 ms]
      [Choose CSet: 0.0 ms]
      [Ref Proc: 0.8 ms]
      [Ref Enq: 0.1 ms]
      [Redirty Cards: 0.1 ms]
      [Humongous Register: 0.0 ms]
      [Humongous Reclaim: 0.0 ms]
      [Free CSet: 0.2 ms]
   [Eden: 270.0M(270.0M)->0.0B(291.0M) Survivors: 37888.0K->16384.0K Heap: 361.3M(512.0M)->85583.3K(512.0M)]
Heap after GC invocations=15 (full 0):
 garbage-first heap   total 524288K, used 85583K [0x00000000e0000000, 0x00000000e0101000, 0x0000000100000000)
  region size 1024K, 16 young (16384K), 16 survivors (16384K)
 Metaspace       used 54517K, capacity 56522K, committed 56704K, reserved 1099776K
  class space    used 6528K, capacity 6989K, committed 7040K, reserved 1048576K
}
 [Times: user=0.03 sys=0.00, real=0.02 secs] 
2023-04-21T02:59:26.662+0000: 25727.015: Total time for which application threads were stopped: 0.0174726 seconds, Stopping threads took: 0.0000338 seconds
2023-04-21T03:06:46.713+0000: 26167.065: Total time for which application threads were stopped: 0.0001546 seconds, Stopping threads took: 0.0000361 seconds
2023-04-21T03:10:46.740+0000: 26407.092: Total time for which application threads were stopped: 0.0001398 seconds, Stopping threads took: 0.0000369 seconds
2023-04-21T03:16:46.780+0000: 26767.132: Total time for which application threads were stopped: 0.0001184 seconds, Stopping threads took: 0.0000316 seconds
2023-04-21T03:37:03.873+0000: 27984.226: Total time for which application threads were stopped: 0.0001355 seconds, Stopping threads took: 0.0000343 seconds
2023-04-21T04:22:47.179+0000: 30727.532: Total time for which application threads were stopped: 0.0001209 seconds, Stopping threads took: 0.0000337 seconds
2023-04-21T04:47:47.346+0000: 32227.698: Total time for which application threads were stopped: 0.0001233 seconds, Stopping threads took: 0.0000318 seconds
2023-04-21T04:50:45.365+0000: 32405.718: Total time for which application threads were stopped: 0.0001254 seconds, Stopping threads took: 0.0000344 seconds
2023-04-21T05:17:45.547+0000: 34025.899: Total time for which application threads were stopped: 0.0001540 seconds, Stopping threads took: 0.0000397 seconds
2023-04-21T05:18:42.553+0000: 34082.906: Total time for which application threads were stopped: 0.0001223 seconds, Stopping threads took: 0.0000325 seconds
2023-04-21T05:37:24.678+0000: 35205.031: Total time for which application threads were stopped: 0.0001207 seconds, Stopping threads took: 0.0000353 seconds
2023-04-21T05:41:34.706+0000: 35455.059: Total time for which application threads were stopped: 0.0001171 seconds, Stopping threads took: 0.0000336 seconds
2023-04-21T05:55:46.802+0000: 36307.154: Total time for which application threads were stopped: 0.0001216 seconds, Stopping threads took: 0.0000342 seconds
2023-04-21T05:56:46.809+0000: 36367.161: Total time for which application threads were stopped: 0.0001261 seconds, Stopping threads took: 0.0000336 seconds
2023-04-21T07:45:47.541+0000: 42907.894: Total time for which application threads were stopped: 0.0001239 seconds, Stopping threads took: 0.0000336 seconds
2023-04-21T08:15:47.740+0000: 44708.093: Total time for which application threads were stopped: 0.0001221 seconds, Stopping threads took: 0.0000332 seconds
2023-04-21T08:19:47.767+0000: 44948.119: Total time for which application threads were stopped: 0.0001260 seconds, Stopping threads took: 0.0000344 seconds
{Heap before GC invocations=15 (full 0):
 garbage-first heap   total 524288K, used 383567K [0x00000000e0000000, 0x00000000e0101000, 0x0000000100000000)
  region size 1024K, 307 young (314368K), 16 survivors (16384K)
 Metaspace       used 54546K, capacity 56586K, committed 56704K, reserved 1099776K
  class space    used 6528K, capacity 6989K, committed 7040K, reserved 1048576K
2023-04-21T08:49:47.100+0000: 46747.452: [GC pause (G1 Evacuation Pause) (young)
Desired survivor size 20447232 bytes, new threshold 15 (max 15)
- age   1:      61648 bytes,      61648 total
- age   2:   14536320 bytes,   14597968 total
, 0.0142489 secs]
   [Parallel Time: 12.7 ms, GC Workers: 2]
      [GC Worker Start (ms): Min: 46747452.3, Avg: 46747452.4, Max: 46747452.4, Diff: 0.0]
      [Ext Root Scanning (ms): Min: 1.4, Avg: 1.4, Max: 1.5, Diff: 0.2, Sum: 2.9]
      [Update RS (ms): Min: 1.8, Avg: 1.9, Max: 1.9, Diff: 0.1, Sum: 3.8]
         [Processed Buffers: Min: 6, Avg: 10.0, Max: 14, Diff: 8, Sum: 20]
      [Scan RS (ms): Min: 0.6, Avg: 0.6, Max: 0.6, Diff: 0.0, Sum: 1.2]
      [Code Root Scanning (ms): Min: 0.1, Avg: 0.4, Max: 0.8, Diff: 0.7, Sum: 0.9]
      [Object Copy (ms): Min: 8.0, Avg: 8.2, Max: 8.4, Diff: 0.4, Sum: 16.4]
      [Termination (ms): Min: 0.0, Avg: 0.0, Max: 0.0, Diff: 0.0, Sum: 0.0]
         [Termination Attempts: Min: 1, Avg: 1.0, Max: 1, Diff: 0, Sum: 2]
      [GC Worker Other (ms): Min: 0.0, Avg: 0.0, Max: 0.0, Diff: 0.0, Sum: 0.0]
      [GC Worker Total (ms): Min: 12.6, Avg: 12.6, Max: 12.6, Diff: 0.0, Sum: 25.2]
      [GC Worker End (ms): Min: 46747465.0, Avg: 46747465.0, Max: 46747465.0, Diff: 0.0]
   [Code Root Fixup: 0.0 ms]
   [Code Root Purge: 0.0 ms]
   [Clear CT: 0.2 ms]
   [Other: 1.4 ms]
      [Choose CSet: 0.0 ms]
      [Ref Proc: 0.8 ms]
      [Ref Enq: 0.1 ms]
      [Redirty Cards: 0.1 ms]
      [Humongous Register: 0.0 ms]
      [Humongous Reclaim: 0.0 ms]
      [Free CSet: 0.2 ms]
   [Eden: 291.0M(291.0M)->0.0B(291.0M) Survivors: 16384.0K->16384.0K Heap: 374.6M(512.0M)->85670.5K(512.0M)]
Heap after GC invocations=16 (full 0):
 garbage-first heap   total 524288K, used 85670K [0x00000000e0000000, 0x00000000e0101000, 0x0000000100000000)
  region size 1024K, 16 young (16384K), 16 survivors (16384K)
 Metaspace       used 54546K, capacity 56586K, committed 56704K, reserved 1099776K
  class space    used 6528K, capacity 6989K, committed 7040K, reserved 1048576K
}
 [Times: user=0.03 sys=0.00, real=0.01 secs] 
2023-04-21T08:49:47.114+0000: 46747.467: Total time for which application threads were stopped: 0.0145371 seconds, Stopping threads took: 0.0000319 seconds
2023-04-21T09:22:47.335+0000: 48727.688: Total time for which application threads were stopped: 0.0001267 seconds, Stopping threads took: 0.0000333 seconds
2023-04-21T09:24:47.349+0000: 48847.701: Total time for which application threads were stopped: 0.0001282 seconds, Stopping threads took: 0.0000346 seconds
2023-04-21T10:17:04.697+0000: 51985.049: Total time for which application threads were stopped: 0.0001253 seconds, Stopping threads took: 0.0000338 seconds
2023-04-21T10:38:42.840+0000: 53283.192: Total time for which application threads were stopped: 0.0001276 seconds, Stopping threads took: 0.0000340 seconds
2023-04-21T10:44:47.880+0000: 53648.233: Total time for which application threads were stopped: 0.0001235 seconds, Stopping threads took: 0.0000343 seconds
2023-04-21T10:46:47.894+0000: 53768.247: Total time for which application threads were stopped: 0.0001218 seconds, Stopping threads took: 0.0000331 seconds
2023-04-21T12:53:52.600+0000: 61392.953: Total time for which application threads were stopped: 0.0001465 seconds, Stopping threads took: 0.0000322 seconds
2023-04-21T12:53:53.053+0000: 61393.406: Total time for which application threads were stopped: 0.0001669 seconds, Stopping threads took: 0.0000656 seconds
2023-04-21T13:01:48.106+0000: 61868.458: Total time for which application threads were stopped: 0.0001291 seconds, Stopping threads took: 0.0000369 seconds
2023-04-21T14:25:53.667+0000: 66914.019: Total time for which application threads were stopped: 0.0001241 seconds, Stopping threads took: 0.0000324 seconds
{Heap before GC invocations=16 (full 0):
 garbage-first heap   total 524288K, used 383654K [0x00000000e0000000, 0x00000000e0101000, 0x0000000100000000)
  region size 1024K, 307 young (314368K), 16 survivors (16384K)
 Metaspace       used 54553K, capacity 56586K, committed 56704K, reserved 1099776K
  class space    used 6528K, capacity 6989K, committed 7040K, reserved 1048576K
2023-04-21T14:41:48.017+0000: 67868.370: [GC pause (G1 Evacuation Pause) (young)
Desired survivor size 20447232 bytes, new threshold 15 (max 15)
- age   1:      61480 bytes,      61480 total
- age   2:       9824 bytes,      71304 total
- age   3:   14536288 bytes,   14607592 total
, 0.0133656 secs]
   [Parallel Time: 11.9 ms, GC Workers: 2]
      [GC Worker Start (ms): Min: 67868369.7, Avg: 67868369.7, Max: 67868369.7, Diff: 0.0]
      [Ext Root Scanning (ms): Min: 1.4, Avg: 1.4, Max: 1.5, Diff: 0.1, Sum: 2.9]
      [Update RS (ms): Min: 1.1, Avg: 1.2, Max: 1.4, Diff: 0.2, Sum: 2.5]
         [Processed Buffers: Min: 5, Avg: 7.5, Max: 10, Diff: 5, Sum: 15]
      [Scan RS (ms): Min: 0.1, Avg: 0.2, Max: 0.3, Diff: 0.2, Sum: 0.4]
      [Code Root Scanning (ms): Min: 0.1, Avg: 0.4, Max: 0.8, Diff: 0.8, Sum: 0.9]
      [Object Copy (ms): Min: 8.1, Avg: 8.5, Max: 8.9, Diff: 0.8, Sum: 17.0]
      [Termination (ms): Min: 0.0, Avg: 0.0, Max: 0.0, Diff: 0.0, Sum: 0.0]
         [Termination Attempts: Min: 1, Avg: 1.0, Max: 1, Diff: 0, Sum: 2]
      [GC Worker Other (ms): Min: 0.0, Avg: 0.0, Max: 0.0, Diff: 0.0, Sum: 0.0]
      [GC Worker Total (ms): Min: 11.8, Avg: 11.9, Max: 11.9, Diff: 0.0, Sum: 23.7]
      [GC Worker End (ms): Min: 67868381.6, Avg: 67868381.6, Max: 67868381.6, Diff: 0.0]
   [Code Root Fixup: 0.0 ms]
   [Code Root Purge: 0.0 ms]
   [Clear CT: 0.1 ms]
   [Other: 1.3 ms]
      [Choose CSet: 0.0 ms]
      [Ref Proc: 0.8 ms]
      [Ref Enq: 0.1 ms]
      [Redirty Cards: 0.1 ms]
      [Humongous Register: 0.0 ms]
      [Humongous Reclaim: 0.0 ms]
      [Free CSet: 0.2 ms]
   [Eden: 291.0M(291.0M)->0.0B(291.0M) Survivors: 16384.0K->16384.0K Heap: 374.7M(512.0M)->85846.0K(512.0M)]
Heap after GC invocations=17 (full 0):
 garbage-first heap   total 524288K, used 85846K [0x00000000e0000000, 0x00000000e0101000, 0x0000000100000000)
  region size 1024K, 16 young (16384K), 16 survivors (16384K)
 Metaspace       used 54553K, capacity 56586K, committed 56704K, reserved 1099776K
  class space    used 6528K, capacity 6989K, committed 7040K, reserved 1048576K
}
 [Times: user=0.02 sys=0.00, real=0.01 secs] 
2023-04-21T14:41:48.030+0000: 67868.383: Total time for which application threads were stopped: 0.0136457 seconds, Stopping threads took: 0.0000305 seconds
2023-04-21T14:59:48.154+0000: 68948.506: Total time for which application threads were stopped: 0.0001210 seconds, Stopping threads took: 0.0000336 seconds
2023-04-21T15:04:05.183+0000: 69205.536: Total time for which application threads were stopped: 0.0001313 seconds, Stopping threads took: 0.0000379 seconds
2023-04-21T17:22:49.125+0000: 77529.477: Total time for which application threads were stopped: 0.0001219 seconds, Stopping threads took: 0.0000347 seconds
2023-04-21T17:39:49.239+0000: 78549.592: Total time for which application threads were stopped: 0.0001181 seconds, Stopping threads took: 0.0000304 seconds
2023-04-21T17:48:49.299+0000: 79089.651: Total time for which application threads were stopped: 0.0001194 seconds, Stopping threads took: 0.0000318 seconds
2023-04-21T18:02:49.393+0000: 79929.745: Total time for which application threads were stopped: 0.0001262 seconds, Stopping threads took: 0.0000330 seconds
2023-04-21T18:11:49.453+0000: 80469.806: Total time for which application threads were stopped: 0.0001256 seconds, Stopping threads took: 0.0000402 seconds
2023-04-21T18:20:49.513+0000: 81009.866: Total time for which application threads were stopped: 0.0001224 seconds, Stopping threads took: 0.0000339 seconds
2023-04-21T19:09:12.838+0000: 83913.191: Total time for which application threads were stopped: 0.0001243 seconds, Stopping threads took: 0.0000340 seconds
2023-04-21T19:15:48.883+0000: 84309.236: Total time for which application threads were stopped: 0.0001215 seconds, Stopping threads took: 0.0000347 seconds
2023-04-21T19:16:48.890+0000: 84369.242: Total time for which application threads were stopped: 0.0001224 seconds, Stopping threads took: 0.0000368 seconds
2023-04-21T19:18:48.903+0000: 84489.256: Total time for which application threads were stopped: 0.0001382 seconds, Stopping threads took: 0.0000418 seconds
{Heap before GC invocations=17 (full 0):
 garbage-first heap   total 524288K, used 383830K [0x00000000e0000000, 0x00000000e0101000, 0x0000000100000000)
  region size 1024K, 307 young (314368K), 16 survivors (16384K)
 Metaspace       used 54557K, capacity 56586K, committed 56704K, reserved 1099776K
  class space    used 6528K, capacity 6989K, committed 7040K, reserved 1048576K
2023-04-21T20:34:48.935+0000: 89049.288: [GC pause (G1 Evacuation Pause) (young)
Desired survivor size 20447232 bytes, new threshold 15 (max 15)
- age   1:      17184 bytes,      17184 total
- age   2:      12272 bytes,      29456 total
- age   3:       9824 bytes,      39280 total
- age   4:   14536048 bytes,   14575328 total
, 0.0136889 secs]
   [Parallel Time: 12.1 ms, GC Workers: 2]
      [GC Worker Start (ms): Min: 89049287.9, Avg: 89049287.9, Max: 89049287.9, Diff: 0.0]
      [Ext Root Scanning (ms): Min: 1.4, Avg: 1.5, Max: 1.6, Diff: 0.2, Sum: 3.0]
      [Update RS (ms): Min: 1.3, Avg: 1.3, Max: 1.3, Diff: 0.0, Sum: 2.5]
         [Processed Buffers: Min: 8, Avg: 9.0, Max: 10, Diff: 2, Sum: 18]
      [Scan RS (ms): Min: 0.2, Avg: 0.2, Max: 0.2, Diff: 0.0, Sum: 0.4]
      [Code Root Scanning (ms): Min: 0.1, Avg: 0.5, Max: 0.8, Diff: 0.7, Sum: 0.9]
      [Object Copy (ms): Min: 8.1, Avg: 8.6, Max: 9.0, Diff: 0.9, Sum: 17.2]
      [Termination (ms): Min: 0.0, Avg: 0.0, Max: 0.0, Diff: 0.0, Sum: 0.0]
         [Termination Attempts: Min: 1, Avg: 1.0, Max: 1, Diff: 0, Sum: 2]
      [GC Worker Other (ms): Min: 0.0, Avg: 0.0, Max: 0.0, Diff: 0.0, Sum: 0.1]
      [GC Worker Total (ms): Min: 12.0, Avg: 12.1, Max: 12.1, Diff: 0.0, Sum: 24.1]
      [GC Worker End (ms): Min: 89049300.0, Avg: 89049300.0, Max: 89049300.0, Diff: 0.0]
   [Code Root Fixup: 0.0 ms]
   [Code Root Purge: 0.0 ms]
   [Clear CT: 0.2 ms]
   [Other: 1.3 ms]
      [Choose CSet: 0.0 ms]
      [Ref Proc: 0.9 ms]
      [Ref Enq: 0.1 ms]
      [Redirty Cards: 0.1 ms]
      [Humongous Register: 0.0 ms]
      [Humongous Reclaim: 0.0 ms]
      [Free CSet: 0.2 ms]
   [Eden: 291.0M(291.0M)->0.0B(290.0M) Survivors: 16384.0K->17408.0K Heap: 374.8M(512.0M)->86358.0K(512.0M)]
Heap after GC invocations=18 (full 0):
 garbage-first heap   total 524288K, used 86358K [0x00000000e0000000, 0x00000000e0101000, 0x0000000100000000)
  region size 1024K, 17 young (17408K), 17 survivors (17408K)
 Metaspace       used 54557K, capacity 56586K, committed 56704K, reserved 1099776K
  class space    used 6528K, capacity 6989K, committed 7040K, reserved 1048576K
}
 [Times: user=0.03 sys=0.00, real=0.01 secs] 
2023-04-21T20:34:48.949+0000: 89049.302: Total time for which application threads were stopped: 0.0139879 seconds, Stopping threads took: 0.0000319 seconds
2023-04-21T20:50:35.506+0000: 89995.859: Total time for which application threads were stopped: 0.0001146 seconds, Stopping threads took: 0.0000280 seconds
2023-04-21T20:50:35.706+0000: 89996.059: Total time for which application threads were stopped: 0.0002893 seconds, Stopping threads took: 0.0000545 seconds
2023-04-21T20:50:35.728+0000: 89996.080: Total time for which application threads were stopped: 0.0001674 seconds, Stopping threads took: 0.0000520 seconds
2023-04-21T20:50:35.729+0000: 89996.082: Total time for which application threads were stopped: 0.0005722 seconds, Stopping threads took: 0.0005198 seconds
2023-04-21T20:50:35.743+0000: 89996.096: Total time for which application threads were stopped: 0.0002247 seconds, Stopping threads took: 0.0000760 seconds
2023-04-21T20:50:35.760+0000: 89996.113: Total time for which application threads were stopped: 0.0001589 seconds, Stopping threads took: 0.0000559 seconds
2023-04-21T20:50:35.762+0000: 89996.115: Total time for which application threads were stopped: 0.0001310 seconds, Stopping threads took: 0.0000462 seconds
2023-04-21T20:50:35.804+0000: 89996.156: Total time for which application threads were stopped: 0.0007194 seconds, Stopping threads took: 0.0005981 seconds
2023-04-21T20:50:36.804+0000: 89997.157: Total time for which application threads were stopped: 0.0001522 seconds, Stopping threads took: 0.0000348 seconds
2023-04-21T20:50:38.804+0000: 89999.157: Total time for which application threads were stopped: 0.0001535 seconds, Stopping threads took: 0.0000342 seconds
2023-04-21T20:50:43.108+0000: 90003.461: Total time for which application threads were stopped: 0.0001567 seconds, Stopping threads took: 0.0000522 seconds
2023-04-21T20:50:43.118+0000: 90003.471: Total time for which application threads were stopped: 0.0001764 seconds, Stopping threads took: 0.0001010 seconds
2023-04-21T20:50:43.121+0000: 90003.474: Total time for which application threads were stopped: 0.0001339 seconds, Stopping threads took: 0.0000837 seconds
2023-04-21T20:50:43.122+0000: 90003.475: Total time for which application threads were stopped: 0.0011899 seconds, Stopping threads took: 0.0011452 seconds
2023-04-21T20:50:43.125+0000: 90003.477: Total time for which application threads were stopped: 0.0021736 seconds, Stopping threads took: 0.0021285 seconds
2023-04-21T20:50:43.125+0000: 90003.477: Total time for which application threads were stopped: 0.0000950 seconds, Stopping threads took: 0.0000578 seconds
2023-04-21T20:50:43.125+0000: 90003.478: Total time for which application threads were stopped: 0.0000973 seconds, Stopping threads took: 0.0000623 seconds
2023-04-21T20:50:43.125+0000: 90003.478: Total time for which application threads were stopped: 0.0000889 seconds, Stopping threads took: 0.0000544 seconds
2023-04-21T20:50:43.125+0000: 90003.478: Total time for which application threads were stopped: 0.0000625 seconds, Stopping threads took: 0.0000289 seconds
2023-04-21T20:50:43.125+0000: 90003.478: Total time for which application threads were stopped: 0.0000866 seconds, Stopping threads took: 0.0000521 seconds
2023-04-21T20:50:43.125+0000: 90003.478: Total time for which application threads were stopped: 0.0000511 seconds, Stopping threads took: 0.0000185 seconds
2023-04-21T20:50:43.125+0000: 90003.478: Total time for which application threads were stopped: 0.0000885 seconds, Stopping threads took: 0.0000538 seconds
2023-04-21T20:50:43.125+0000: 90003.478: Total time for which application threads were stopped: 0.0000688 seconds, Stopping threads took: 0.0000287 seconds
2023-04-21T20:50:43.126+0000: 90003.478: Total time for which application threads were stopped: 0.0000626 seconds, Stopping threads took: 0.0000297 seconds
2023-04-21T20:50:43.126+0000: 90003.478: Total time for which application threads were stopped: 0.0000719 seconds, Stopping threads took: 0.0000384 seconds
2023-04-21T20:50:44.126+0000: 90004.479: Total time for which application threads were stopped: 0.0001834 seconds, Stopping threads took: 0.0000386 seconds
2023-04-21T20:50:46.126+0000: 90006.479: Total time for which application threads were stopped: 0.0001385 seconds, Stopping threads took: 0.0000332 seconds
2023-04-21T20:50:47.936+0000: 90008.288: Total time for which application threads were stopped: 0.0001496 seconds, Stopping threads took: 0.0000541 seconds
2023-04-21T20:50:48.936+0000: 90009.289: Total time for which application threads were stopped: 0.0001555 seconds, Stopping threads took: 0.0000344 seconds
2023-04-21T20:51:40.942+0000: 90061.295: Total time for which application threads were stopped: 0.0001348 seconds, Stopping threads took: 0.0000328 seconds
2023-04-21T20:52:34.948+0000: 90115.301: Total time for which application threads were stopped: 0.0001565 seconds, Stopping threads took: 0.0000341 seconds
2023-04-21T20:52:37.949+0000: 90118.301: Total time for which application threads were stopped: 0.0001502 seconds, Stopping threads took: 0.0000369 seconds
2023-04-21T20:52:40.949+0000: 90121.302: Total time for which application threads were stopped: 0.0001278 seconds, Stopping threads took: 0.0000345 seconds
2023-04-21T20:52:46.064+0000: 90126.417: Total time for which application threads were stopped: 0.0001593 seconds, Stopping threads took: 0.0000482 seconds
2023-04-21T20:52:46.064+0000: 90126.417: Total time for which application threads were stopped: 0.0001145 seconds, Stopping threads took: 0.0000639 seconds
2023-04-21T20:52:46.064+0000: 90126.417: Total time for which application threads were stopped: 0.0000694 seconds, Stopping threads took: 0.0000233 seconds
2023-04-21T20:52:46.064+0000: 90126.417: Total time for which application threads were stopped: 0.0000745 seconds, Stopping threads took: 0.0000237 seconds
2023-04-21T20:52:46.065+0000: 90126.417: Total time for which application threads were stopped: 0.0000813 seconds, Stopping threads took: 0.0000356 seconds
2023-04-21T20:52:46.065+0000: 90126.417: Total time for which application threads were stopped: 0.0001006 seconds, Stopping threads took: 0.0000328 seconds
2023-04-21T20:52:46.065+0000: 90126.418: Total time for which application threads were stopped: 0.0001078 seconds, Stopping threads took: 0.0000503 seconds
2023-04-21T20:52:46.065+0000: 90126.418: Total time for which application threads were stopped: 0.0000806 seconds, Stopping threads took: 0.0000319 seconds
2023-04-21T20:52:46.065+0000: 90126.418: Total time for which application threads were stopped: 0.0001111 seconds, Stopping threads took: 0.0000622 seconds
2023-04-21T20:52:46.066+0000: 90126.418: Total time for which application threads were stopped: 0.0001046 seconds, Stopping threads took: 0.0000577 seconds
2023-04-21T20:52:46.066+0000: 90126.418: Total time for which application threads were stopped: 0.0000784 seconds, Stopping threads took: 0.0000326 seconds
2023-04-21T20:52:46.066+0000: 90126.419: Total time for which application threads were stopped: 0.0000797 seconds, Stopping threads took: 0.0000370 seconds
2023-04-21T20:52:46.066+0000: 90126.419: Total time for which application threads were stopped: 0.0001028 seconds, Stopping threads took: 0.0000551 seconds
2023-04-21T20:52:47.066+0000: 90127.419: Total time for which application threads were stopped: 0.0001526 seconds, Stopping threads took: 0.0000334 seconds
2023-04-21T20:55:33.085+0000: 90293.438: Total time for which application threads were stopped: 0.0001164 seconds, Stopping threads took: 0.0000295 seconds
2023-04-21T21:06:38.160+0000: 90958.513: Total time for which application threads were stopped: 0.0001462 seconds, Stopping threads took: 0.0000382 seconds
2023-04-21T21:06:42.742+0000: 90963.094: Total time for which application threads were stopped: 0.0002046 seconds, Stopping threads took: 0.0000915 seconds
2023-04-21T21:06:43.066+0000: 90963.418: Total time for which application threads were stopped: 0.0001627 seconds, Stopping threads took: 0.0000320 seconds
2023-04-21T21:06:44.066+0000: 90964.419: Total time for which application threads were stopped: 0.0001415 seconds, Stopping threads took: 0.0000360 seconds
2023-04-21T21:06:55.655+0000: 90976.007: Total time for which application threads were stopped: 0.0001453 seconds, Stopping threads took: 0.0000313 seconds
2023-04-21T21:06:56.655+0000: 90977.008: Total time for which application threads were stopped: 0.0001299 seconds, Stopping threads took: 0.0000342 seconds
2023-04-21T21:07:16.144+0000: 90996.496: Total time for which application threads were stopped: 0.0001896 seconds, Stopping threads took: 0.0000701 seconds
2023-04-21T21:07:16.508+0000: 90996.860: Total time for which application threads were stopped: 0.0001880 seconds, Stopping threads took: 0.0000401 seconds
2023-04-21T21:07:16.508+0000: 90996.861: Total time for which application threads were stopped: 0.0001128 seconds, Stopping threads took: 0.0000514 seconds
2023-04-21T21:07:16.509+0000: 90996.861: Total time for which application threads were stopped: 0.0001080 seconds, Stopping threads took: 0.0000481 seconds
2023-04-21T21:07:16.509+0000: 90996.862: Total time for which application threads were stopped: 0.0000994 seconds, Stopping threads took: 0.0000435 seconds
2023-04-21T21:07:16.510+0000: 90996.862: Total time for which application threads were stopped: 0.0001059 seconds, Stopping threads took: 0.0000473 seconds
2023-04-21T21:07:16.512+0000: 90996.865: Total time for which application threads were stopped: 0.0001810 seconds, Stopping threads took: 0.0001055 seconds
{Heap before GC invocations=18 (full 0):
 garbage-first heap   total 524288K, used 384674K [0x00000000e0000000, 0x00000000e0101000, 0x0000000100000000)
  region size 1024K, 307 young (314368K), 17 survivors (17408K)
 Metaspace       used 55211K, capacity 57306K, committed 57600K, reserved 1099776K
  class space    used 6560K, capacity 7051K, committed 7168K, reserved 1048576K
2023-04-21T21:07:16.893+0000: 90997.246: [GC pause (G1 Evacuation Pause) (young)
Desired survivor size 20447232 bytes, new threshold 15 (max 15)
- age   1:      43960 bytes,      43960 total
- age   2:       2592 bytes,      46552 total
- age   3:      12272 bytes,      58824 total
- age   4:       9824 bytes,      68648 total
- age   5:   14536032 bytes,   14604680 total
, 0.0162954 secs]
   [Parallel Time: 14.5 ms, GC Workers: 2]
      [GC Worker Start (ms): Min: 90997245.7, Avg: 90997245.7, Max: 90997245.7, Diff: 0.0]
      [Ext Root Scanning (ms): Min: 2.0, Avg: 2.1, Max: 2.1, Diff: 0.1, Sum: 4.1]
      [Update RS (ms): Min: 1.6, Avg: 1.6, Max: 1.6, Diff: 0.1, Sum: 3.2]
         [Processed Buffers: Min: 15, Avg: 16.5, Max: 18, Diff: 3, Sum: 33]
      [Scan RS (ms): Min: 0.1, Avg: 0.2, Max: 0.2, Diff: 0.1, Sum: 0.4]
      [Code Root Scanning (ms): Min: 0.3, Avg: 0.7, Max: 1.0, Diff: 0.7, Sum: 1.3]
      [Object Copy (ms): Min: 9.5, Avg: 9.9, Max: 10.4, Diff: 0.9, Sum: 19.8]
      [Termination (ms): Min: 0.0, Avg: 0.0, Max: 0.0, Diff: 0.0, Sum: 0.0]
         [Termination Attempts: Min: 1, Avg: 1.0, Max: 1, Diff: 0, Sum: 2]
      [GC Worker Other (ms): Min: 0.0, Avg: 0.0, Max: 0.0, Diff: 0.0, Sum: 0.0]
      [GC Worker Total (ms): Min: 14.4, Avg: 14.4, Max: 14.5, Diff: 0.0, Sum: 28.9]
      [GC Worker End (ms): Min: 90997260.1, Avg: 90997260.1, Max: 90997260.1, Diff: 0.0]
   [Code Root Fixup: 0.1 ms]
   [Code Root Purge: 0.0 ms]
   [Clear CT: 0.2 ms]
   [Other: 1.6 ms]
      [Choose CSet: 0.0 ms]
      [Ref Proc: 1.0 ms]
      [Ref Enq: 0.1 ms]
      [Redirty Cards: 0.1 ms]
      [Humongous Register: 0.0 ms]
      [Humongous Reclaim: 0.0 ms]
      [Free CSet: 0.2 ms]
   [Eden: 290.0M(290.0M)->0.0B(289.0M) Survivors: 17408.0K->18432.0K Heap: 375.7M(512.0M)->88570.0K(512.0M)]
Heap after GC invocations=19 (full 0):
 garbage-first heap   total 524288K, used 88570K [0x00000000e0000000, 0x00000000e0101000, 0x0000000100000000)
  region size 1024K, 18 young (18432K), 18 survivors (18432K)
 Metaspace       used 55211K, capacity 57306K, committed 57600K, reserved 1099776K
  class space    used 6560K, capacity 7051K, committed 7168K, reserved 1048576K
}
 [Times: user=0.03 sys=0.00, real=0.01 secs] 
2023-04-21T21:07:16.909+0000: 90997.262: Total time for which application threads were stopped: 0.0166616 seconds, Stopping threads took: 0.0000303 seconds
{Heap before GC invocations=19 (full 0):
 garbage-first heap   total 524288K, used 384506K [0x00000000e0000000, 0x00000000e0101000, 0x0000000100000000)
  region size 1024K, 307 young (314368K), 18 survivors (18432K)
 Metaspace       used 55213K, capacity 57306K, committed 57600K, reserved 1099776K
  class space    used 6560K, capacity 7051K, committed 7168K, reserved 1048576K
2023-04-21T21:07:17.873+0000: 90998.226: [GC pause (G1 Evacuation Pause) (young)
Desired survivor size 20447232 bytes, new threshold 15 (max 15)
- age   1:    1603888 bytes,    1603888 total
- age   2:      14008 bytes,    1617896 total
- age   3:        920 bytes,    1618816 total
- age   4:      12192 bytes,    1631008 total
- age   5:       9800 bytes,    1640808 total
- age   6:   14520760 bytes,   16161568 total
, 0.0151975 secs]
   [Parallel Time: 13.6 ms, GC Workers: 2]
      [GC Worker Start (ms): Min: 90998225.6, Avg: 90998225.7, Max: 90998225.7, Diff: 0.0]
      [Ext Root Scanning (ms): Min: 1.5, Avg: 1.6, Max: 1.7, Diff: 0.2, Sum: 3.2]
      [Update RS (ms): Min: 1.4, Avg: 1.4, Max: 1.5, Diff: 0.1, Sum: 2.9]
         [Processed Buffers: Min: 5, Avg: 6.0, Max: 7, Diff: 2, Sum: 12]
      [Scan RS (ms): Min: 0.2, Avg: 0.2, Max: 0.2, Diff: 0.0, Sum: 0.4]
      [Code Root Scanning (ms): Min: 0.1, Avg: 0.7, Max: 1.3, Diff: 1.1, Sum: 1.4]
      [Object Copy (ms): Min: 9.1, Avg: 9.5, Max: 10.0, Diff: 0.9, Sum: 19.1]
      [Termination (ms): Min: 0.0, Avg: 0.0, Max: 0.0, Diff: 0.0, Sum: 0.0]
         [Termination Attempts: Min: 1, Avg: 1.0, Max: 1, Diff: 0, Sum: 2]
      [GC Worker Other (ms): Min: 0.0, Avg: 0.0, Max: 0.0, Diff: 0.0, Sum: 0.1]
      [GC Worker Total (ms): Min: 13.5, Avg: 13.5, Max: 13.5, Diff: 0.0, Sum: 27.0]
      [GC Worker End (ms): Min: 90998239.1, Avg: 90998239.1, Max: 90998239.1, Diff: 0.0]
   [Code Root Fixup: 0.1 ms]
   [Code Root Purge: 0.0 ms]
   [Clear CT: 0.2 ms]
   [Other: 1.4 ms]
      [Choose CSet: 0.0 ms]
      [Ref Proc: 0.8 ms]
      [Ref Enq: 0.1 ms]
      [Redirty Cards: 0.1 ms]
      [Humongous Register: 0.0 ms]
      [Humongous Reclaim: 0.0 ms]
      [Free CSet: 0.2 ms]
   [Eden: 289.0M(289.0M)->0.0B(289.0M) Survivors: 18432.0K->18432.0K Heap: 375.5M(512.0M)->88058.1K(512.0M)]
Heap after GC invocations=20 (full 0):
 garbage-first heap   total 524288K, used 88058K [0x00000000e0000000, 0x00000000e0101000, 0x0000000100000000)
  region size 1024K, 18 young (18432K), 18 survivors (18432K)
 Metaspace       used 55213K, capacity 57306K, committed 57600K, reserved 1099776K
  class space    used 6560K, capacity 7051K, committed 7168K, reserved 1048576K
}
 [Times: user=0.03 sys=0.00, real=0.01 secs] 
2023-04-21T21:07:17.888+0000: 90998.241: Total time for which application threads were stopped: 0.0155376 seconds, Stopping threads took: 0.0000326 seconds
2023-04-21T21:07:18.557+0000: 90998.909: Total time for which application threads were stopped: 0.0008950 seconds, Stopping threads took: 0.0007428 seconds
2023-04-21T21:07:18.559+0000: 90998.911: Total time for which application threads were stopped: 0.0001767 seconds, Stopping threads took: 0.0000653 seconds
2023-04-21T21:07:18.559+0000: 90998.912: Total time for which application threads were stopped: 0.0001076 seconds, Stopping threads took: 0.0000388 seconds
2023-04-21T21:07:18.560+0000: 90998.912: Total time for which application threads were stopped: 0.0001396 seconds, Stopping threads took: 0.0000695 seconds
2023-04-21T21:07:18.560+0000: 90998.913: Total time for which application threads were stopped: 0.0001420 seconds, Stopping threads took: 0.0000734 seconds
2023-04-21T21:07:18.561+0000: 90998.913: Total time for which application threads were stopped: 0.0001244 seconds, Stopping threads took: 0.0000690 seconds
2023-04-21T21:07:18.561+0000: 90998.914: Total time for which application threads were stopped: 0.0000702 seconds, Stopping threads took: 0.0000181 seconds
2023-04-21T21:07:18.562+0000: 90998.915: Total time for which application threads were stopped: 0.0001094 seconds, Stopping threads took: 0.0000567 seconds
2023-04-21T21:07:18.562+0000: 90998.915: Total time for which application threads were stopped: 0.0001221 seconds, Stopping threads took: 0.0000645 seconds
2023-04-21T21:07:18.563+0000: 90998.915: Total time for which application threads were stopped: 0.0001057 seconds, Stopping threads took: 0.0000442 seconds
2023-04-21T21:07:18.563+0000: 90998.916: Total time for which application threads were stopped: 0.0001105 seconds, Stopping threads took: 0.0000503 seconds
2023-04-21T21:07:18.564+0000: 90998.917: Total time for which application threads were stopped: 0.0001161 seconds, Stopping threads took: 0.0000638 seconds
2023-04-21T21:07:18.566+0000: 90998.919: Total time for which application threads were stopped: 0.0001021 seconds, Stopping threads took: 0.0000501 seconds
2023-04-21T21:07:18.569+0000: 90998.921: Total time for which application threads were stopped: 0.0002909 seconds, Stopping threads took: 0.0000618 seconds
{Heap before GC invocations=20 (full 0):
 garbage-first heap   total 524288K, used 383994K [0x00000000e0000000, 0x00000000e0101000, 0x0000000100000000)
  region size 1024K, 307 young (314368K), 18 survivors (18432K)
 Metaspace       used 55218K, capacity 57306K, committed 57600K, reserved 1099776K
  class space    used 6561K, capacity 7051K, committed 7168K, reserved 1048576K
2023-04-21T21:07:18.732+0000: 90999.085: [GC pause (G1 Evacuation Pause) (young)
Desired survivor size 20447232 bytes, new threshold 15 (max 15)
- age   1:     208320 bytes,     208320 total
- age   2:    1515872 bytes,    1724192 total
- age   3:      14008 bytes,    1738200 total
- age   4:        920 bytes,    1739120 total
- age   5:      12192 bytes,    1751312 total
- age   6:       9800 bytes,    1761112 total
- age   7:   14520496 bytes,   16281608 total
, 0.0228309 secs]
   [Parallel Time: 21.3 ms, GC Workers: 2]
      [GC Worker Start (ms): Min: 90999085.0, Avg: 90999088.1, Max: 90999091.2, Diff: 6.2]
      [Ext Root Scanning (ms): Min: 0.0, Avg: 1.4, Max: 2.9, Diff: 2.8, Sum: 2.9]
      [Update RS (ms): Min: 0.0, Avg: 1.4, Max: 2.7, Diff: 2.7, Sum: 2.7]
         [Processed Buffers: Min: 0, Avg: 8.0, Max: 16, Diff: 16, Sum: 16]
      [Scan RS (ms): Min: 0.1, Avg: 0.2, Max: 0.2, Diff: 0.1, Sum: 0.4]
      [Code Root Scanning (ms): Min: 1.2, Avg: 4.7, Max: 8.1, Diff: 6.9, Sum: 9.3]
      [Object Copy (ms): Min: 7.4, Avg: 10.4, Max: 13.5, Diff: 6.1, Sum: 20.9]
      [Termination (ms): Min: 0.0, Avg: 0.0, Max: 0.0, Diff: 0.0, Sum: 0.0]
         [Termination Attempts: Min: 1, Avg: 1.0, Max: 1, Diff: 0, Sum: 2]
      [GC Worker Other (ms): Min: 0.0, Avg: 0.0, Max: 0.0, Diff: 0.0, Sum: 0.1]
      [GC Worker Total (ms): Min: 15.0, Avg: 18.1, Max: 21.2, Diff: 6.2, Sum: 36.2]
      [GC Worker End (ms): Min: 90999106.2, Avg: 90999106.2, Max: 90999106.2, Diff: 0.0]
   [Code Root Fixup: 0.1 ms]
   [Code Root Purge: 0.0 ms]
   [Clear CT: 0.2 ms]
   [Other: 1.3 ms]
      [Choose CSet: 0.0 ms]
      [Ref Proc: 0.8 ms]
      [Ref Enq: 0.1 ms]
      [Redirty Cards: 0.1 ms]
      [Humongous Register: 0.0 ms]
      [Humongous Reclaim: 0.0 ms]
      [Free CSet: 0.2 ms]
   [Eden: 289.0M(289.0M)->0.0B(287.0M) Survivors: 18432.0K->20480.0K Heap: 375.0M(512.0M)->90618.0K(512.0M)]
Heap after GC invocations=21 (full 0):
 garbage-first heap   total 524288K, used 90618K [0x00000000e0000000, 0x00000000e0101000, 0x0000000100000000)
  region size 1024K, 20 young (20480K), 20 survivors (20480K)
 Metaspace       used 55218K, capacity 57306K, committed 57600K, reserved 1099776K
  class space    used 6561K, capacity 7051K, committed 7168K, reserved 1048576K
}
 [Times: user=0.04 sys=0.00, real=0.02 secs] 
2023-04-21T21:07:18.755+0000: 90999.108: Total time for which application threads were stopped: 0.0231605 seconds, Stopping threads took: 0.0000343 seconds
{Heap before GC invocations=21 (full 0):
 garbage-first heap   total 524288K, used 384506K [0x00000000e0000000, 0x00000000e0101000, 0x0000000100000000)
  region size 1024K, 307 young (314368K), 20 survivors (20480K)
 Metaspace       used 55219K, capacity 57306K, committed 57600K, reserved 1099776K
  class space    used 6561K, capacity 7051K, committed 7168K, reserved 1048576K
2023-04-21T21:07:19.141+0000: 90999.494: [GC pause (G1 Evacuation Pause) (young)
Desired survivor size 20447232 bytes, new threshold 15 (max 15)
- age   1:     819008 bytes,     819008 total
- age   2:     165536 bytes,     984544 total
- age   3:     922920 bytes,    1907464 total
- age   4:      14008 bytes,    1921472 total
- age   5:        920 bytes,    1922392 total
- age   6:      12192 bytes,    1934584 total
- age   7:       9800 bytes,    1944384 total
- age   8:   14520496 bytes,   16464880 total
, 0.0199176 secs]
   [Parallel Time: 17.4 ms, GC Workers: 2]
      [GC Worker Start (ms): Min: 90999493.9, Avg: 90999493.9, Max: 90999493.9, Diff: 0.0]
      [Ext Root Scanning (ms): Min: 1.4, Avg: 1.5, Max: 1.6, Diff: 0.2, Sum: 3.0]
      [Update RS (ms): Min: 1.4, Avg: 1.4, Max: 1.4, Diff: 0.0, Sum: 2.8]
         [Processed Buffers: Min: 6, Avg: 7.0, Max: 8, Diff: 2, Sum: 14]
      [Scan RS (ms): Min: 0.2, Avg: 0.2, Max: 0.2, Diff: 0.0, Sum: 0.3]
      [Code Root Scanning (ms): Min: 0.1, Avg: 0.7, Max: 1.2, Diff: 1.1, Sum: 1.3]
      [Object Copy (ms): Min: 8.8, Avg: 9.3, Max: 9.8, Diff: 1.0, Sum: 18.6]
      [Termination (ms): Min: 0.0, Avg: 0.0, Max: 0.0, Diff: 0.0, Sum: 0.0]
         [Termination Attempts: Min: 1, Avg: 1.0, Max: 1, Diff: 0, Sum: 2]
      [GC Worker Other (ms): Min: 0.0, Avg: 0.0, Max: 0.0, Diff: 0.0, Sum: 0.1]
      [GC Worker Total (ms): Min: 13.1, Avg: 13.1, Max: 13.1, Diff: 0.0, Sum: 26.2]
      [GC Worker End (ms): Min: 90999507.0, Avg: 90999507.0, Max: 90999507.0, Diff: 0.0]
   [Code Root Fixup: 0.1 ms]
   [Code Root Purge: 0.0 ms]
   [Clear CT: 0.2 ms]
   [Other: 2.2 ms]
      [Choose CSet: 0.0 ms]
      [Ref Proc: 1.8 ms]
      [Ref Enq: 0.0 ms]
      [Redirty Cards: 0.0 ms]
      [Humongous Register: 0.0 ms]
      [Humongous Reclaim: 0.0 ms]
      [Free CSet: 0.2 ms]
   [Eden: 287.0M(287.0M)->0.0B(288.0M) Survivors: 20480.0K->19456.0K Heap: 375.5M(512.0M)->89082.1K(512.0M)]
Heap after GC invocations=22 (full 0):
 garbage-first heap   total 524288K, used 89082K [0x00000000e0000000, 0x00000000e0101000, 0x0000000100000000)
  region size 1024K, 19 young (19456K), 19 survivors (19456K)
 Metaspace       used 55219K, capacity 57306K, committed 57600K, reserved 1099776K
  class space    used 6561K, capacity 7051K, committed 7168K, reserved 1048576K
}
 [Times: user=0.03 sys=0.00, real=0.02 secs] 
2023-04-21T21:07:19.161+0000: 90999.514: Total time for which application threads were stopped: 0.0202853 seconds, Stopping threads took: 0.0000715 seconds
2023-04-21T21:07:20.161+0000: 91000.514: Total time for which application threads were stopped: 0.0001342 seconds, Stopping threads took: 0.0000318 seconds
2023-04-21T21:11:14.261+0000: 91234.613: Total time for which application threads were stopped: 0.0002041 seconds, Stopping threads took: 0.0000825 seconds
2023-04-21T21:11:14.262+0000: 91234.615: Total time for which application threads were stopped: 0.0000637 seconds, Stopping threads took: 0.0000140 seconds
2023-04-21T21:11:14.263+0000: 91234.615: Total time for which application threads were stopped: 0.0000585 seconds, Stopping threads took: 0.0000125 seconds
2023-04-21T21:11:14.263+0000: 91234.616: Total time for which application threads were stopped: 0.0000588 seconds, Stopping threads took: 0.0000127 seconds
2023-04-21T21:11:14.263+0000: 91234.616: Total time for which application threads were stopped: 0.0000577 seconds, Stopping threads took: 0.0000125 seconds
2023-04-21T21:11:14.264+0000: 91234.616: Total time for which application threads were stopped: 0.0000556 seconds, Stopping threads took: 0.0000120 seconds
2023-04-21T21:11:14.264+0000: 91234.617: Total time for which application threads were stopped: 0.0000576 seconds, Stopping threads took: 0.0000125 seconds
2023-04-21T21:11:14.265+0000: 91234.617: Total time for which application threads were stopped: 0.0000568 seconds, Stopping threads took: 0.0000120 seconds
2023-04-21T21:11:14.265+0000: 91234.618: Total time for which application threads were stopped: 0.0000627 seconds, Stopping threads took: 0.0000121 seconds
2023-04-21T21:11:14.265+0000: 91234.618: Total time for which application threads were stopped: 0.0000557 seconds, Stopping threads took: 0.0000117 seconds
2023-04-21T21:11:14.289+0000: 91234.642: Total time for which application threads were stopped: 0.0001921 seconds, Stopping threads took: 0.0000877 seconds
2023-04-21T21:11:49.293+0000: 91269.646: Total time for which application threads were stopped: 0.0001261 seconds, Stopping threads took: 0.0000343 seconds
2023-04-21T21:13:34.971+0000: 91375.324: Total time for which application threads were stopped: 0.0001552 seconds, Stopping threads took: 0.0000606 seconds
2023-04-21T21:13:34.992+0000: 91375.345: Total time for which application threads were stopped: 0.0001503 seconds, Stopping threads took: 0.0000494 seconds
2023-04-21T21:13:49.994+0000: 91390.347: Total time for which application threads were stopped: 0.0001365 seconds, Stopping threads took: 0.0000378 seconds
2023-04-21T21:16:15.959+0000: 91536.312: Total time for which application threads were stopped: 0.0001484 seconds, Stopping threads took: 0.0000513 seconds
2023-04-21T21:17:03.608+0000: 91583.961: Total time for which application threads were stopped: 0.0001435 seconds, Stopping threads took: 0.0000292 seconds
2023-04-21T21:18:59.313+0000: 91699.666: Total time for which application threads were stopped: 0.0001874 seconds, Stopping threads took: 0.0000794 seconds
2023-04-21T21:18:59.314+0000: 91699.667: Total time for which application threads were stopped: 0.0001464 seconds, Stopping threads took: 0.0000803 seconds
2023-04-21T21:18:59.314+0000: 91699.667: Total time for which application threads were stopped: 0.0000645 seconds, Stopping threads took: 0.0000152 seconds
2023-04-21T21:18:59.315+0000: 91699.668: Total time for which application threads were stopped: 0.0000569 seconds, Stopping threads took: 0.0000133 seconds
2023-04-21T21:18:59.315+0000: 91699.668: Total time for which application threads were stopped: 0.0000574 seconds, Stopping threads took: 0.0000123 seconds
2023-04-21T21:18:59.316+0000: 91699.668: Total time for which application threads were stopped: 0.0000471 seconds, Stopping threads took: 0.0000098 seconds
2023-04-21T21:18:59.333+0000: 91699.686: Total time for which application threads were stopped: 0.0000723 seconds, Stopping threads took: 0.0000168 seconds
2023-04-21T21:19:11.335+0000: 91711.687: Total time for which application threads were stopped: 0.0001696 seconds, Stopping threads took: 0.0000350 seconds
2023-04-21T21:19:11.410+0000: 91711.763: Total time for which application threads were stopped: 0.0001448 seconds, Stopping threads took: 0.0000311 seconds
2023-04-21T21:19:12.411+0000: 91712.763: Total time for which application threads were stopped: 0.0001392 seconds, Stopping threads took: 0.0000354 seconds
2023-04-21T21:19:23.530+0000: 91723.883: Total time for which application threads were stopped: 0.0001858 seconds, Stopping threads took: 0.0000827 seconds
2023-04-21T21:19:23.535+0000: 91723.887: Total time for which application threads were stopped: 0.0001716 seconds, Stopping threads took: 0.0000561 seconds
2023-04-21T21:19:23.535+0000: 91723.888: Total time for which application threads were stopped: 0.0001086 seconds, Stopping threads took: 0.0000474 seconds
2023-04-21T21:19:23.536+0000: 91723.888: Total time for which application threads were stopped: 0.0001034 seconds, Stopping threads took: 0.0000454 seconds
2023-04-21T21:19:23.536+0000: 91723.889: Total time for which application threads were stopped: 0.0002604 seconds, Stopping threads took: 0.0000410 seconds
{Heap before GC invocations=22 (full 0):
 garbage-first heap   total 524288K, used 383994K [0x00000000e0000000, 0x00000000e0101000, 0x0000000100000000)
  region size 1024K, 307 young (314368K), 19 survivors (19456K)
 Metaspace       used 55245K, capacity 57374K, committed 57600K, reserved 1099776K
  class space    used 6561K, capacity 7051K, committed 7168K, reserved 1048576K
2023-04-21T21:19:23.541+0000: 91723.894: [GC pause (G1 Evacuation Pause) (young)
Desired survivor size 20447232 bytes, new threshold 15 (max 15)
- age   1:     804992 bytes,     804992 total
- age   2:     250112 bytes,    1055104 total
- age   3:     143568 bytes,    1198672 total
- age   4:     888288 bytes,    2086960 total
- age   5:      14008 bytes,    2100968 total
- age   6:        920 bytes,    2101888 total
- age   7:      12192 bytes,    2114080 total
- age   8:       9800 bytes,    2123880 total
- age   9:   14520496 bytes,   16644376 total
, 0.0151434 secs]
   [Parallel Time: 13.6 ms, GC Workers: 2]
      [GC Worker Start (ms): Min: 91723893.8, Avg: 91723893.8, Max: 91723893.8, Diff: 0.0]
      [Ext Root Scanning (ms): Min: 1.4, Avg: 1.5, Max: 1.6, Diff: 0.2, Sum: 3.0]
      [Update RS (ms): Min: 1.4, Avg: 1.4, Max: 1.5, Diff: 0.0, Sum: 2.9]
         [Processed Buffers: Min: 5, Avg: 11.0, Max: 17, Diff: 12, Sum: 22]
      [Scan RS (ms): Min: 0.2, Avg: 0.2, Max: 0.2, Diff: 0.0, Sum: 0.4]
      [Code Root Scanning (ms): Min: 0.1, Avg: 0.7, Max: 1.3, Diff: 1.2, Sum: 1.4]
      [Object Copy (ms): Min: 9.2, Avg: 9.7, Max: 10.2, Diff: 1.0, Sum: 19.3]
      [Termination (ms): Min: 0.0, Avg: 0.0, Max: 0.0, Diff: 0.0, Sum: 0.0]
         [Termination Attempts: Min: 1, Avg: 1.0, Max: 1, Diff: 0, Sum: 2]
      [GC Worker Other (ms): Min: 0.0, Avg: 0.0, Max: 0.0, Diff: 0.0, Sum: 0.0]
      [GC Worker Total (ms): Min: 13.5, Avg: 13.5, Max: 13.5, Diff: 0.0, Sum: 27.1]
      [GC Worker End (ms): Min: 91723907.3, Avg: 91723907.3, Max: 91723907.3, Diff: 0.0]
   [Code Root Fixup: 0.1 ms]
   [Code Root Purge: 0.0 ms]
   [Clear CT: 0.2 ms]
   [Other: 1.3 ms]
      [Choose CSet: 0.0 ms]
      [Ref Proc: 0.8 ms]
      [Ref Enq: 0.1 ms]
      [Redirty Cards: 0.1 ms]
      [Humongous Register: 0.0 ms]
      [Humongous Reclaim: 0.0 ms]
      [Free CSet: 0.2 ms]
   [Eden: 288.0M(288.0M)->0.0B(288.0M) Survivors: 19456.0K->19456.0K Heap: 375.0M(512.0M)->89594.0K(512.0M)]
Heap after GC invocations=23 (full 0):
 garbage-first heap   total 524288K, used 89594K [0x00000000e0000000, 0x00000000e0101000, 0x0000000100000000)
  region size 1024K, 19 young (19456K), 19 survivors (19456K)
 Metaspace       used 55245K, capacity 57374K, committed 57600K, reserved 1099776K
  class space    used 6561K, capacity 7051K, committed 7168K, reserved 1048576K
}
 [Times: user=0.03 sys=0.00, real=0.01 secs] 
2023-04-21T21:19:23.556+0000: 91723.909: Total time for which application threads were stopped: 0.0153928 seconds, Stopping threads took: 0.0000186 seconds
{Heap before GC invocations=23 (full 0):
 garbage-first heap   total 524288K, used 384506K [0x00000000e0000000, 0x00000000e0101000, 0x0000000100000000)
  region size 1024K, 307 young (314368K), 19 survivors (19456K)
 Metaspace       used 55246K, capacity 57374K, committed 57600K, reserved 1099776K
  class space    used 6561K, capacity 7051K, committed 7168K, reserved 1048576K
2023-04-21T21:19:23.934+0000: 91724.287: [GC pause (G1 Evacuation Pause) (young)
Desired survivor size 20447232 bytes, new threshold 15 (max 15)
- age   1:     822904 bytes,     822904 total
- age   2:     321512 bytes,    1144416 total
- age   3:     194528 bytes,    1338944 total
- age   4:     143568 bytes,    1482512 total
- age   5:     843232 bytes,    2325744 total
- age   6:      14008 bytes,    2339752 total
- age   7:        920 bytes,    2340672 total
- age   8:      12192 bytes,    2352864 total
- age   9:       9800 bytes,    2362664 total
- age  10:   14520216 bytes,   16882880 total
, 0.0154662 secs]
   [Parallel Time: 13.8 ms, GC Workers: 2]
      [GC Worker Start (ms): Min: 91724286.9, Avg: 91724286.9, Max: 91724286.9, Diff: 0.0]
      [Ext Root Scanning (ms): Min: 1.5, Avg: 1.5, Max: 1.6, Diff: 0.2, Sum: 3.1]
      [Update RS (ms): Min: 1.4, Avg: 1.4, Max: 1.5, Diff: 0.1, Sum: 2.9]
         [Processed Buffers: Min: 6, Avg: 6.5, Max: 7, Diff: 1, Sum: 13]
      [Scan RS (ms): Min: 0.2, Avg: 0.2, Max: 0.2, Diff: 0.0, Sum: 0.4]
      [Code Root Scanning (ms): Min: 0.1, Avg: 0.7, Max: 1.3, Diff: 1.2, Sum: 1.4]
      [Object Copy (ms): Min: 9.3, Avg: 9.8, Max: 10.3, Diff: 1.0, Sum: 19.6]
      [Termination (ms): Min: 0.0, Avg: 0.0, Max: 0.0, Diff: 0.0, Sum: 0.0]
         [Termination Attempts: Min: 1, Avg: 1.0, Max: 1, Diff: 0, Sum: 2]
      [GC Worker Other (ms): Min: 0.0, Avg: 0.0, Max: 0.0, Diff: 0.0, Sum: 0.1]
      [GC Worker Total (ms): Min: 13.7, Avg: 13.7, Max: 13.7, Diff: 0.0, Sum: 27.4]
      [GC Worker End (ms): Min: 91724300.6, Avg: 91724300.6, Max: 91724300.6, Diff: 0.0]
   [Code Root Fixup: 0.1 ms]
   [Code Root Purge: 0.0 ms]
   [Clear CT: 0.1 ms]
   [Other: 1.5 ms]
      [Choose CSet: 0.0 ms]
      [Ref Proc: 1.0 ms]
      [Ref Enq: 0.1 ms]
      [Redirty Cards: 0.1 ms]
      [Humongous Register: 0.0 ms]
      [Humongous Reclaim: 0.0 ms]
      [Free CSet: 0.2 ms]
   [Eden: 288.0M(288.0M)->0.0B(289.0M) Survivors: 19456.0K->18432.0K Heap: 375.5M(512.0M)->88058.1K(512.0M)]
Heap after GC invocations=24 (full 0):
 garbage-first heap   total 524288K, used 88058K [0x00000000e0000000, 0x00000000e0101000, 0x0000000100000000)
  region size 1024K, 18 young (18432K), 18 survivors (18432K)
 Metaspace       used 55246K, capacity 57374K, committed 57600K, reserved 1099776K
  class space    used 6561K, capacity 7051K, committed 7168K, reserved 1048576K
}
 [Times: user=0.03 sys=0.00, real=0.01 secs] 
2023-04-21T21:19:23.950+0000: 91724.302: Total time for which application threads were stopped: 0.0158121 seconds, Stopping threads took: 0.0000699 seconds
{Heap before GC invocations=24 (full 0):
 garbage-first heap   total 524288K, used 383994K [0x00000000e0000000, 0x00000000e0101000, 0x0000000100000000)
  region size 1024K, 307 young (314368K), 18 survivors (18432K)
 Metaspace       used 55246K, capacity 57374K, committed 57600K, reserved 1099776K
  class space    used 6561K, capacity 7051K, committed 7168K, reserved 1048576K
2023-04-21T21:19:24.319+0000: 91724.672: [GC pause (G1 Evacuation Pause) (young)
Desired survivor size 20447232 bytes, new threshold 15 (max 15)
- age   1:     487336 bytes,     487336 total
- age   2:     561176 bytes,    1048512 total
- age   3:     117288 bytes,    1165800 total
- age   4:     194336 bytes,    1360136 total
- age   5:     143568 bytes,    1503704 total
- age   6:     843232 bytes,    2346936 total
- age   7:      14008 bytes,    2360944 total
- age   8:        920 bytes,    2361864 total
- age   9:      12192 bytes,    2374056 total
- age  10:       9800 bytes,    2383856 total
- age  11:   14520216 bytes,   16904072 total
, 0.0164176 secs]
   [Parallel Time: 14.7 ms, GC Workers: 2]
      [GC Worker Start (ms): Min: 91724672.2, Avg: 91724673.2, Max: 91724674.2, Diff: 2.0]
      [Ext Root Scanning (ms): Min: 0.6, Avg: 1.6, Max: 2.6, Diff: 2.0, Sum: 3.1]
      [Update RS (ms): Min: 1.5, Avg: 1.6, Max: 1.6, Diff: 0.0, Sum: 3.1]
         [Processed Buffers: Min: 5, Avg: 6.0, Max: 7, Diff: 2, Sum: 12]
      [Scan RS (ms): Min: 0.2, Avg: 0.2, Max: 0.2, Diff: 0.0, Sum: 0.4]
      [Code Root Scanning (ms): Min: 0.1, Avg: 0.7, Max: 1.3, Diff: 1.2, Sum: 1.4]
      [Object Copy (ms): Min: 9.0, Avg: 9.5, Max: 10.1, Diff: 1.2, Sum: 19.1]
      [Termination (ms): Min: 0.0, Avg: 0.0, Max: 0.0, Diff: 0.0, Sum: 0.0]
         [Termination Attempts: Min: 1, Avg: 1.0, Max: 1, Diff: 0, Sum: 2]
      [GC Worker Other (ms): Min: 0.0, Avg: 0.1, Max: 0.1, Diff: 0.0, Sum: 0.1]
      [GC Worker Total (ms): Min: 12.7, Avg: 13.6, Max: 14.6, Diff: 2.0, Sum: 27.3]
      [GC Worker End (ms): Min: 91724686.8, Avg: 91724686.9, Max: 91724686.9, Diff: 0.0]
   [Code Root Fixup: 0.1 ms]
   [Code Root Purge: 0.0 ms]
   [Clear CT: 0.1 ms]
   [Other: 1.5 ms]
      [Choose CSet: 0.0 ms]
      [Ref Proc: 1.0 ms]
      [Ref Enq: 0.1 ms]
      [Redirty Cards: 0.1 ms]
      [Humongous Register: 0.0 ms]
      [Humongous Reclaim: 0.0 ms]
      [Free CSet: 0.2 ms]
   [Eden: 289.0M(289.0M)->0.0B(288.0M) Survivors: 18432.0K->19456.0K Heap: 375.0M(512.0M)->89594.0K(512.0M)]
Heap after GC invocations=25 (full 0):
 garbage-first heap   total 524288K, used 89594K [0x00000000e0000000, 0x00000000e0101000, 0x0000000100000000)
  region size 1024K, 19 young (19456K), 19 survivors (19456K)
 Metaspace       used 55246K, capacity 57374K, committed 57600K, reserved 1099776K
  class space    used 6561K, capacity 7051K, committed 7168K, reserved 1048576K
}
 [Times: user=0.03 sys=0.00, real=0.01 secs] 
2023-04-21T21:19:24.336+0000: 91724.689: Total time for which application threads were stopped: 0.0167238 seconds, Stopping threads took: 0.0000317 seconds
2023-04-21T21:19:24.626+0000: 91724.979: Total time for which application threads were stopped: 0.0001623 seconds, Stopping threads took: 0.0000273 seconds
2023-04-21T21:19:24.627+0000: 91724.980: Total time for which application threads were stopped: 0.0001722 seconds, Stopping threads took: 0.0000548 seconds
2023-04-21T21:19:24.628+0000: 91724.980: Total time for which application threads were stopped: 0.0001343 seconds, Stopping threads took: 0.0000490 seconds
2023-04-21T21:19:24.628+0000: 91724.981: Total time for which application threads were stopped: 0.0001292 seconds, Stopping threads took: 0.0000449 seconds
2023-04-21T21:19:24.629+0000: 91724.981: Total time for which application threads were stopped: 0.0001256 seconds, Stopping threads took: 0.0000448 seconds
2023-04-21T21:19:24.629+0000: 91724.982: Total time for which application threads were stopped: 0.0001218 seconds, Stopping threads took: 0.0000438 seconds
2023-04-21T21:19:24.630+0000: 91724.982: Total time for which application threads were stopped: 0.0001254 seconds, Stopping threads took: 0.0000449 seconds
2023-04-21T21:19:24.630+0000: 91724.983: Total time for which application threads were stopped: 0.0001266 seconds, Stopping threads took: 0.0000458 seconds
2023-04-21T21:19:24.631+0000: 91724.983: Total time for which application threads were stopped: 0.0001268 seconds, Stopping threads took: 0.0000436 seconds
2023-04-21T21:19:24.631+0000: 91724.984: Total time for which application threads were stopped: 0.0001281 seconds, Stopping threads took: 0.0000436 seconds
2023-04-21T21:19:24.633+0000: 91724.985: Total time for which application threads were stopped: 0.0001402 seconds, Stopping threads took: 0.0000576 seconds
2023-04-21T21:19:24.634+0000: 91724.987: Total time for which application threads were stopped: 0.0001248 seconds, Stopping threads took: 0.0000616 seconds
2023-04-21T21:19:24.635+0000: 91724.987: Total time for which application threads were stopped: 0.0000952 seconds, Stopping threads took: 0.0000281 seconds
2023-04-21T21:19:24.635+0000: 91724.988: Total time for which application threads were stopped: 0.0000921 seconds, Stopping threads took: 0.0000453 seconds
2023-04-21T21:19:24.635+0000: 91724.988: Total time for which application threads were stopped: 0.0000992 seconds, Stopping threads took: 0.0000438 seconds
2023-04-21T21:19:24.636+0000: 91724.988: Total time for which application threads were stopped: 0.0000963 seconds, Stopping threads took: 0.0000429 seconds
2023-04-21T21:19:24.636+0000: 91724.989: Total time for which application threads were stopped: 0.0000966 seconds, Stopping threads took: 0.0000429 seconds
2023-04-21T21:19:24.636+0000: 91724.989: Total time for which application threads were stopped: 0.0000973 seconds, Stopping threads took: 0.0000422 seconds
2023-04-21T21:19:24.637+0000: 91724.989: Total time for which application threads were stopped: 0.0000993 seconds, Stopping threads took: 0.0000421 seconds
2023-04-21T21:19:24.637+0000: 91724.990: Total time for which application threads were stopped: 0.0002406 seconds, Stopping threads took: 0.0000429 seconds
{Heap before GC invocations=25 (full 0):
 garbage-first heap   total 524288K, used 384506K [0x00000000e0000000, 0x00000000e0101000, 0x0000000100000000)
  region size 1024K, 307 young (314368K), 19 survivors (19456K)
 Metaspace       used 55249K, capacity 57374K, committed 57600K, reserved 1099776K
  class space    used 6561K, capacity 7051K, committed 7168K, reserved 1048576K
2023-04-21T21:19:24.881+0000: 91725.234: [GC pause (G1 Evacuation Pause) (young)
Desired survivor size 20447232 bytes, new threshold 15 (max 15)
- age   1:     228944 bytes,     228944 total
- age   2:     405456 bytes,     634400 total
- age   3:     437072 bytes,    1071472 total
- age   4:     117288 bytes,    1188760 total
- age   5:     194336 bytes,    1383096 total
- age   6:     143568 bytes,    1526664 total
- age   7:     843232 bytes,    2369896 total
- age   8:      14008 bytes,    2383904 total
- age   9:        920 bytes,    2384824 total
- age  10:      12192 bytes,    2397016 total
- age  11:       9800 bytes,    2406816 total
- age  12:   14520216 bytes,   16927032 total
, 0.0150000 secs]
   [Parallel Time: 13.5 ms, GC Workers: 2]
      [GC Worker Start (ms): Min: 91725233.7, Avg: 91725233.7, Max: 91725233.8, Diff: 0.0]
      [Ext Root Scanning (ms): Min: 1.4, Avg: 1.5, Max: 1.6, Diff: 0.2, Sum: 3.1]
      [Update RS (ms): Min: 1.4, Avg: 1.4, Max: 1.5, Diff: 0.1, Sum: 2.9]
         [Processed Buffers: Min: 5, Avg: 7.0, Max: 9, Diff: 4, Sum: 14]
      [Scan RS (ms): Min: 0.2, Avg: 0.2, Max: 0.2, Diff: 0.1, Sum: 0.4]
      [Code Root Scanning (ms): Min: 0.1, Avg: 0.7, Max: 1.4, Diff: 1.3, Sum: 1.4]
      [Object Copy (ms): Min: 8.8, Avg: 9.5, Max: 10.2, Diff: 1.4, Sum: 19.0]
      [Termination (ms): Min: 0.0, Avg: 0.0, Max: 0.0, Diff: 0.0, Sum: 0.0]
         [Termination Attempts: Min: 1, Avg: 1.0, Max: 1, Diff: 0, Sum: 2]
      [GC Worker Other (ms): Min: 0.0, Avg: 0.0, Max: 0.0, Diff: 0.0, Sum: 0.1]
      [GC Worker Total (ms): Min: 13.4, Avg: 13.4, Max: 13.4, Diff: 0.0, Sum: 26.8]
      [GC Worker End (ms): Min: 91725247.2, Avg: 91725247.2, Max: 91725247.2, Diff: 0.0]
   [Code Root Fixup: 0.1 ms]
   [Code Root Purge: 0.0 ms]
   [Clear CT: 0.2 ms]
   [Other: 1.3 ms]
      [Choose CSet: 0.0 ms]
      [Ref Proc: 0.8 ms]
      [Ref Enq: 0.1 ms]
      [Redirty Cards: 0.1 ms]
      [Humongous Register: 0.0 ms]
      [Humongous Reclaim: 0.0 ms]
      [Free CSet: 0.2 ms]
   [Eden: 288.0M(288.0M)->0.0B(288.0M) Survivors: 19456.0K->19456.0K Heap: 375.5M(512.0M)->89594.0K(512.0M)]
Heap after GC invocations=26 (full 0):
 garbage-first heap   total 524288K, used 89594K [0x00000000e0000000, 0x00000000e0101000, 0x0000000100000000)
  region size 1024K, 19 young (19456K), 19 survivors (19456K)
 Metaspace       used 55249K, capacity 57374K, committed 57600K, reserved 1099776K
  class space    used 6561K, capacity 7051K, committed 7168K, reserved 1048576K
}
 [Times: user=0.03 sys=0.00, real=0.01 secs] 
2023-04-21T21:19:24.896+0000: 91725.249: Total time for which application threads were stopped: 0.0152820 seconds, Stopping threads took: 0.0000342 seconds
{Heap before GC invocations=26 (full 0):
 garbage-first heap   total 524288K, used 384506K [0x00000000e0000000, 0x00000000e0101000, 0x0000000100000000)
  region size 1024K, 307 young (314368K), 19 survivors (19456K)
 Metaspace       used 55249K, capacity 57374K, committed 57600K, reserved 1099776K
  class space    used 6561K, capacity 7051K, committed 7168K, reserved 1048576K
2023-04-21T21:19:25.265+0000: 91725.618: [GC pause (G1 Evacuation Pause) (young)
Desired survivor size 20447232 bytes, new threshold 15 (max 15)
- age   1:     686088 bytes,     686088 total
- age   2:       2464 bytes,     688552 total
- age   3:       2544 bytes,     691096 total
- age   4:     375592 bytes,    1066688 total
- age   5:     117288 bytes,    1183976 total
- age   6:     194008 bytes,    1377984 total
- age   7:     143568 bytes,    1521552 total
- age   8:     843232 bytes,    2364784 total
- age   9:      14008 bytes,    2378792 total
- age  10:        920 bytes,    2379712 total
- age  11:      12192 bytes,    2391904 total
- age  12:       9800 bytes,    2401704 total
- age  13:   14520216 bytes,   16921920 total
, 0.0156123 secs]
   [Parallel Time: 14.0 ms, GC Workers: 2]
      [GC Worker Start (ms): Min: 91725617.7, Avg: 91725617.7, Max: 91725617.7, Diff: 0.0]
      [Ext Root Scanning (ms): Min: 1.5, Avg: 1.6, Max: 1.7, Diff: 0.2, Sum: 3.2]
      [Update RS (ms): Min: 1.4, Avg: 1.5, Max: 1.6, Diff: 0.2, Sum: 3.0]
         [Processed Buffers: Min: 5, Avg: 6.0, Max: 7, Diff: 2, Sum: 12]
      [Scan RS (ms): Min: 0.1, Avg: 0.2, Max: 0.3, Diff: 0.2, Sum: 0.4]
      [Code Root Scanning (ms): Min: 0.1, Avg: 0.7, Max: 1.3, Diff: 1.3, Sum: 1.4]
      [Object Copy (ms): Min: 9.2, Avg: 9.9, Max: 10.6, Diff: 1.4, Sum: 19.9]
      [Termination (ms): Min: 0.0, Avg: 0.0, Max: 0.0, Diff: 0.0, Sum: 0.0]
         [Termination Attempts: Min: 1, Avg: 1.0, Max: 1, Diff: 0, Sum: 2]
      [GC Worker Other (ms): Min: 0.0, Avg: 0.0, Max: 0.0, Diff: 0.0, Sum: 0.1]
      [GC Worker Total (ms): Min: 13.9, Avg: 13.9, Max: 13.9, Diff: 0.0, Sum: 27.9]
      [GC Worker End (ms): Min: 91725631.6, Avg: 91725631.6, Max: 91725631.6, Diff: 0.0]
   [Code Root Fixup: 0.1 ms]
   [Code Root Purge: 0.0 ms]
   [Clear CT: 0.2 ms]
   [Other: 1.4 ms]
      [Choose CSet: 0.0 ms]
      [Ref Proc: 1.0 ms]
      [Ref Enq: 0.1 ms]
      [Redirty Cards: 0.1 ms]
      [Humongous Register: 0.0 ms]
      [Humongous Reclaim: 0.0 ms]
      [Free CSet: 0.2 ms]
   [Eden: 288.0M(288.0M)->0.0B(289.0M) Survivors: 19456.0K->18432.0K Heap: 375.5M(512.0M)->88284.0K(512.0M)]
Heap after GC invocations=27 (full 0):
 garbage-first heap   total 524288K, used 88283K [0x00000000e0000000, 0x00000000e0101000, 0x0000000100000000)
  region size 1024K, 18 young (18432K), 18 survivors (18432K)
 Metaspace       used 55249K, capacity 57374K, committed 57600K, reserved 1099776K
  class space    used 6561K, capacity 7051K, committed 7168K, reserved 1048576K
}
 [Times: user=0.04 sys=0.00, real=0.02 secs] 
2023-04-21T21:19:25.281+0000: 91725.633: Total time for which application threads were stopped: 0.0159519 seconds, Stopping threads took: 0.0000718 seconds
2023-04-21T21:19:26.282+0000: 91726.635: Total time for which application threads were stopped: 0.0001367 seconds, Stopping threads took: 0.0000352 seconds
{Heap before GC invocations=27 (full 0):
 garbage-first heap   total 524288K, used 384219K [0x00000000e0000000, 0x00000000e0101000, 0x0000000100000000)
  region size 1024K, 307 young (314368K), 18 survivors (18432K)
 Metaspace       used 55249K, capacity 57374K, committed 57600K, reserved 1099776K
  class space    used 6561K, capacity 7051K, committed 7168K, reserved 1048576K
2023-04-21T21:20:30.894+0000: 91791.247: [GC pause (G1 Evacuation Pause) (young)
Desired survivor size 20447232 bytes, new threshold 15 (max 15)
- age   1:     579184 bytes,     579184 total
- age   2:     125672 bytes,     704856 total
- age   3:       2440 bytes,     707296 total
- age   4:       2544 bytes,     709840 total
- age   5:     375592 bytes,    1085432 total
- age   6:     117288 bytes,    1202720 total
- age   7:     194008 bytes,    1396728 total
- age   8:     143568 bytes,    1540296 total
- age   9:     843232 bytes,    2383528 total
- age  10:      14008 bytes,    2397536 total
- age  11:        920 bytes,    2398456 total
- age  12:      12192 bytes,    2410648 total
- age  13:       9800 bytes,    2420448 total
- age  14:   14520216 bytes,   16940664 total
, 0.0151326 secs]
   [Parallel Time: 13.7 ms, GC Workers: 2]
      [GC Worker Start (ms): Min: 91791247.1, Avg: 91791247.1, Max: 91791247.1, Diff: 0.0]
      [Ext Root Scanning (ms): Min: 1.4, Avg: 1.5, Max: 1.7, Diff: 0.2, Sum: 3.1]
      [Update RS (ms): Min: 1.4, Avg: 1.4, Max: 1.5, Diff: 0.0, Sum: 2.9]
         [Processed Buffers: Min: 4, Avg: 8.5, Max: 13, Diff: 9, Sum: 17]
      [Scan RS (ms): Min: 0.2, Avg: 0.2, Max: 0.2, Diff: 0.0, Sum: 0.4]
      [Code Root Scanning (ms): Min: 0.1, Avg: 0.7, Max: 1.3, Diff: 1.2, Sum: 1.4]
      [Object Copy (ms): Min: 9.1, Avg: 9.6, Max: 10.1, Diff: 1.0, Sum: 19.2]
      [Termination (ms): Min: 0.0, Avg: 0.0, Max: 0.0, Diff: 0.0, Sum: 0.0]
         [Termination Attempts: Min: 1, Avg: 1.0, Max: 1, Diff: 0, Sum: 2]
      [GC Worker Other (ms): Min: 0.0, Avg: 0.0, Max: 0.1, Diff: 0.0, Sum: 0.1]
      [GC Worker Total (ms): Min: 13.5, Avg: 13.5, Max: 13.5, Diff: 0.0, Sum: 27.1]
      [GC Worker End (ms): Min: 91791260.6, Avg: 91791260.6, Max: 91791260.6, Diff: 0.0]
   [Code Root Fixup: 0.0 ms]
   [Code Root Purge: 0.0 ms]
   [Clear CT: 0.1 ms]
   [Other: 1.2 ms]
      [Choose CSet: 0.0 ms]
      [Ref Proc: 0.8 ms]
      [Ref Enq: 0.1 ms]
      [Redirty Cards: 0.1 ms]
      [Humongous Register: 0.0 ms]
      [Humongous Reclaim: 0.0 ms]
      [Free CSet: 0.2 ms]
   [Eden: 289.0M(289.0M)->0.0B(288.0M) Survivors: 18432.0K->19456.0K Heap: 375.2M(512.0M)->89082.1K(512.0M)]
Heap after GC invocations=28 (full 0):
 garbage-first heap   total 524288K, used 89082K [0x00000000e0000000, 0x00000000e0101000, 0x0000000100000000)
  region size 1024K, 19 young (19456K), 19 survivors (19456K)
 Metaspace       used 55249K, capacity 57374K, committed 57600K, reserved 1099776K
  class space    used 6561K, capacity 7051K, committed 7168K, reserved 1048576K
}
 [Times: user=0.03 sys=0.00, real=0.01 secs] 
2023-04-21T21:20:30.909+0000: 91791.262: Total time for which application threads were stopped: 0.0154469 seconds, Stopping threads took: 0.0000319 seconds
{Heap before GC invocations=28 (full 0):
 garbage-first heap   total 524288K, used 383994K [0x00000000e0000000, 0x00000000e0101000, 0x0000000100000000)
  region size 1024K, 307 young (314368K), 19 survivors (19456K)
 Metaspace       used 55249K, capacity 57374K, committed 57600K, reserved 1099776K
  class space    used 6561K, capacity 7051K, committed 7168K, reserved 1048576K
2023-04-21T21:20:31.275+0000: 91791.628: [GC pause (G1 Evacuation Pause) (young)
Desired survivor size 20447232 bytes, new threshold 15 (max 15)
- age   1:     511312 bytes,     511312 total
- age   2:     293048 bytes,     804360 total
- age   3:       4288 bytes,     808648 total
- age   4:       2440 bytes,     811088 total
- age   5:       2544 bytes,     813632 total
- age   6:     358592 bytes,    1172224 total
- age   7:     117288 bytes,    1289512 total
- age   8:     194008 bytes,    1483520 total
- age   9:     143568 bytes,    1627088 total
- age  10:     843232 bytes,    2470320 total
- age  11:      14008 bytes,    2484328 total
- age  12:        920 bytes,    2485248 total
- age  13:      12192 bytes,    2497440 total
- age  14:       9800 bytes,    2507240 total
- age  15:   14520216 bytes,   17027456 total
, 0.0159737 secs]
   [Parallel Time: 14.3 ms, GC Workers: 2]
      [GC Worker Start (ms): Min: 91791628.0, Avg: 91791628.0, Max: 91791628.0, Diff: 0.0]
      [Ext Root Scanning (ms): Min: 1.5, Avg: 1.6, Max: 1.7, Diff: 0.2, Sum: 3.1]
      [Update RS (ms): Min: 1.3, Avg: 1.5, Max: 1.6, Diff: 0.2, Sum: 2.9]
         [Processed Buffers: Min: 5, Avg: 5.5, Max: 6, Diff: 1, Sum: 11]
      [Scan RS (ms): Min: 0.2, Avg: 0.2, Max: 0.2, Diff: 0.0, Sum: 0.4]
      [Code Root Scanning (ms): Min: 0.1, Avg: 0.7, Max: 1.3, Diff: 1.2, Sum: 1.4]
      [Object Copy (ms): Min: 9.8, Avg: 10.2, Max: 10.6, Diff: 0.8, Sum: 20.5]
      [Termination (ms): Min: 0.0, Avg: 0.0, Max: 0.0, Diff: 0.0, Sum: 0.0]
         [Termination Attempts: Min: 1, Avg: 1.0, Max: 1, Diff: 0, Sum: 2]
      [GC Worker Other (ms): Min: 0.0, Avg: 0.1, Max: 0.1, Diff: 0.0, Sum: 0.1]
      [GC Worker Total (ms): Min: 14.2, Avg: 14.2, Max: 14.2, Diff: 0.0, Sum: 28.4]
      [GC Worker End (ms): Min: 91791642.2, Avg: 91791642.2, Max: 91791642.2, Diff: 0.0]
   [Code Root Fixup: 0.0 ms]
   [Code Root Purge: 0.0 ms]
   [Clear CT: 0.3 ms]
   [Other: 1.3 ms]
      [Choose CSet: 0.0 ms]
      [Ref Proc: 0.9 ms]
      [Ref Enq: 0.1 ms]
      [Redirty Cards: 0.1 ms]
      [Humongous Register: 0.0 ms]
      [Humongous Reclaim: 0.0 ms]
      [Free CSet: 0.2 ms]
   [Eden: 288.0M(288.0M)->0.0B(303.0M) Survivors: 19456.0K->4096.0K Heap: 375.0M(512.0M)->88573.6K(512.0M)]
Heap after GC invocations=29 (full 0):
 garbage-first heap   total 524288K, used 88573K [0x00000000e0000000, 0x00000000e0101000, 0x0000000100000000)
  region size 1024K, 4 young (4096K), 4 survivors (4096K)
 Metaspace       used 55249K, capacity 57374K, committed 57600K, reserved 1099776K
  class space    used 6561K, capacity 7051K, committed 7168K, reserved 1048576K
}
 [Times: user=0.03 sys=0.00, real=0.02 secs] 
2023-04-21T21:20:31.291+0000: 91791.644: Total time for which application threads were stopped: 0.0162752 seconds, Stopping threads took: 0.0000331 seconds
2023-04-21T21:20:31.666+0000: 91792.018: Total time for which application threads were stopped: 0.0001882 seconds, Stopping threads took: 0.0000859 seconds
2023-04-21T21:21:41.179+0000: 91861.532: Total time for which application threads were stopped: 0.0001511 seconds, Stopping threads took: 0.0000497 seconds
{Heap before GC invocations=29 (full 0):
 garbage-first heap   total 524288K, used 398845K [0x00000000e0000000, 0x00000000e0101000, 0x0000000100000000)
  region size 1024K, 307 young (314368K), 4 survivors (4096K)
 Metaspace       used 55249K, capacity 57374K, committed 57600K, reserved 1099776K
  class space    used 6561K, capacity 7051K, committed 7168K, reserved 1048576K
2023-04-21T21:41:49.709+0000: 93070.061: [GC pause (G1 Evacuation Pause) (young)
Desired survivor size 20447232 bytes, new threshold 15 (max 15)
- age   1:     556784 bytes,     556784 total
- age   2:     278096 bytes,     834880 total
- age   4:       4288 bytes,     839168 total
- age   5:       2440 bytes,     841608 total
- age   6:       2544 bytes,     844152 total
- age   7:     309552 bytes,    1153704 total
- age   8:     117288 bytes,    1270992 total
- age   9:     194008 bytes,    1465000 total
- age  10:     143568 bytes,    1608568 total
- age  11:     843232 bytes,    2451800 total
- age  12:      14008 bytes,    2465808 total
- age  13:        920 bytes,    2466728 total
- age  14:      12192 bytes,    2478920 total
- age  15:       9800 bytes,    2488720 total
, 0.0081864 secs]
   [Parallel Time: 6.6 ms, GC Workers: 2]
      [GC Worker Start (ms): Min: 93070061.4, Avg: 93070061.4, Max: 93070061.4, Diff: 0.0]
      [Ext Root Scanning (ms): Min: 1.3, Avg: 1.3, Max: 1.4, Diff: 0.1, Sum: 2.7]
      [Update RS (ms): Min: 2.8, Avg: 2.9, Max: 2.9, Diff: 0.1, Sum: 5.8]
         [Processed Buffers: Min: 10, Avg: 13.5, Max: 17, Diff: 7, Sum: 27]
      [Scan RS (ms): Min: 0.4, Avg: 0.4, Max: 0.4, Diff: 0.0, Sum: 0.9]
      [Code Root Scanning (ms): Min: 0.1, Avg: 0.3, Max: 0.5, Diff: 0.4, Sum: 0.6]
      [Object Copy (ms): Min: 1.2, Avg: 1.5, Max: 1.7, Diff: 0.5, Sum: 3.0]
      [Termination (ms): Min: 0.0, Avg: 0.0, Max: 0.0, Diff: 0.0, Sum: 0.0]
         [Termination Attempts: Min: 1, Avg: 1.0, Max: 1, Diff: 0, Sum: 2]
      [GC Worker Other (ms): Min: 0.0, Avg: 0.0, Max: 0.0, Diff: 0.0, Sum: 0.1]
      [GC Worker Total (ms): Min: 6.5, Avg: 6.5, Max: 6.5, Diff: 0.0, Sum: 13.0]
      [GC Worker End (ms): Min: 93070067.9, Avg: 93070067.9, Max: 93070067.9, Diff: 0.0]
   [Code Root Fixup: 0.0 ms]
   [Code Root Purge: 0.0 ms]
   [Clear CT: 0.2 ms]
   [Other: 1.4 ms]
      [Choose CSet: 0.0 ms]
      [Ref Proc: 0.9 ms]
      [Ref Enq: 0.1 ms]
      [Redirty Cards: 0.1 ms]
      [Humongous Register: 0.0 ms]
      [Humongous Reclaim: 0.0 ms]
      [Free CSet: 0.2 ms]
   [Eden: 303.0M(303.0M)->0.0B(304.0M) Survivors: 4096.0K->3072.0K Heap: 389.5M(512.0M)->89308.0K(512.0M)]
Heap after GC invocations=30 (full 0):
 garbage-first heap   total 524288K, used 89307K [0x00000000e0000000, 0x00000000e0101000, 0x0000000100000000)
  region size 1024K, 3 young (3072K), 3 survivors (3072K)
 Metaspace       used 55249K, capacity 57374K, committed 57600K, reserved 1099776K
  class space    used 6561K, capacity 7051K, committed 7168K, reserved 1048576K
}
 [Times: user=0.02 sys=0.00, real=0.01 secs] 
2023-04-21T21:41:49.717+0000: 93070.070: Total time for which application threads were stopped: 0.0084677 seconds, Stopping threads took: 0.0000333 seconds
2023-04-21T21:43:49.730+0000: 93190.083: Total time for which application threads were stopped: 0.0001279 seconds, Stopping threads took: 0.0000348 seconds
2023-04-21T21:47:26.518+0000: 93406.871: Total time for which application threads were stopped: 0.0001237 seconds, Stopping threads took: 0.0000267 seconds
2023-04-21T21:48:11.240+0000: 93451.592: Total time for which application threads were stopped: 0.0001532 seconds, Stopping threads took: 0.0000330 seconds
2023-04-21T21:48:12.240+0000: 93452.593: Total time for which application threads were stopped: 0.0001281 seconds, Stopping threads took: 0.0000343 seconds
2023-04-21T21:49:26.985+0000: 93527.338: Total time for which application threads were stopped: 0.0001322 seconds, Stopping threads took: 0.0000288 seconds
2023-04-21T21:50:35.793+0000: 93596.146: Total time for which application threads were stopped: 0.0001482 seconds, Stopping threads took: 0.0000469 seconds
2023-04-21T21:52:10.605+0000: 93690.958: Total time for which application threads were stopped: 0.0002078 seconds, Stopping threads took: 0.0000889 seconds
2023-04-21T21:52:49.610+0000: 93729.963: Total time for which application threads were stopped: 0.0001354 seconds, Stopping threads took: 0.0000373 seconds
2023-04-21T21:53:15.238+0000: 93755.591: Total time for which application threads were stopped: 0.0001349 seconds, Stopping threads took: 0.0000405 seconds
2023-04-21T21:54:00.896+0000: 93801.249: Total time for which application threads were stopped: 0.0001482 seconds, Stopping threads took: 0.0000318 seconds
2023-04-21T21:54:00.899+0000: 93801.252: Total time for which application threads were stopped: 0.0000881 seconds, Stopping threads took: 0.0000194 seconds
2023-04-21T21:54:00.917+0000: 93801.270: Total time for which application threads were stopped: 0.0000992 seconds, Stopping threads took: 0.0000213 seconds
2023-04-21T21:54:00.924+0000: 93801.277: Total time for which application threads were stopped: 0.0001057 seconds, Stopping threads took: 0.0000232 seconds
2023-04-21T21:54:00.931+0000: 93801.284: Total time for which application threads were stopped: 0.0000737 seconds, Stopping threads took: 0.0000170 seconds
2023-04-21T21:54:00.938+0000: 93801.290: Total time for which application threads were stopped: 0.0000911 seconds, Stopping threads took: 0.0000200 seconds
2023-04-21T21:54:00.954+0000: 93801.307: Total time for which application threads were stopped: 0.0002496 seconds, Stopping threads took: 0.0000222 seconds
2023-04-21T21:54:00.974+0000: 93801.326: Total time for which application threads were stopped: 0.0000918 seconds, Stopping threads took: 0.0000194 seconds
2023-04-21T21:54:01.974+0000: 93802.327: Total time for which application threads were stopped: 0.0001642 seconds, Stopping threads took: 0.0000369 seconds
2023-04-21T21:54:43.549+0000: 93843.902: Total time for which application threads were stopped: 0.0002506 seconds, Stopping threads took: 0.0000291 seconds
2023-04-21T21:54:45.550+0000: 93845.903: Total time for which application threads were stopped: 0.0001307 seconds, Stopping threads took: 0.0000343 seconds
2023-04-21T21:55:57.792+0000: 93918.144: Total time for which application threads were stopped: 0.0001626 seconds, Stopping threads took: 0.0000444 seconds
2023-04-21T21:56:01.792+0000: 93922.145: Total time for which application threads were stopped: 0.0001319 seconds, Stopping threads took: 0.0000346 seconds
2023-04-21T21:58:25.891+0000: 94066.244: Total time for which application threads were stopped: 0.0001387 seconds, Stopping threads took: 0.0000312 seconds
2023-04-21T21:59:50.144+0000: 94150.496: Total time for which application threads were stopped: 0.0001494 seconds, Stopping threads took: 0.0000469 seconds
2023-04-21T22:00:01.806+0000: 94162.159: Total time for which application threads were stopped: 0.0001680 seconds, Stopping threads took: 0.0000482 seconds
2023-04-21T22:01:05.813+0000: 94226.166: Total time for which application threads were stopped: 0.0002240 seconds, Stopping threads took: 0.0000562 seconds
2023-04-21T22:01:07.814+0000: 94228.166: Total time for which application threads were stopped: 0.0001917 seconds, Stopping threads took: 0.0000564 seconds
2023-04-21T22:01:08.814+0000: 94229.167: Total time for which application threads were stopped: 0.0001924 seconds, Stopping threads took: 0.0000563 seconds
{Heap before GC invocations=30 (full 0):
 garbage-first heap   total 524288K, used 474699K [0x00000000e0000000, 0x00000000e0101000, 0x0000000100000000)
  region size 1024K, 288 young (294912K), 3 survivors (3072K)
 Metaspace       used 55313K, capacity 57502K, committed 57856K, reserved 1099776K
  class space    used 6561K, capacity 7051K, committed 7168K, reserved 1048576K
2023-04-21T22:01:09.270+0000: 94229.623: [GC pause (G1 Humongous Allocation) (young)
Desired survivor size 20447232 bytes, new threshold 15 (max 15)
- age   1:     665032 bytes,     665032 total
- age   2:     174592 bytes,     839624 total
- age   3:      58568 bytes,     898192 total
- age   5:       2680 bytes,     900872 total
- age   6:       2440 bytes,     903312 total
- age   7:       2544 bytes,     905856 total
- age   8:     245080 bytes,    1150936 total
- age   9:     117288 bytes,    1268224 total
- age  10:     194008 bytes,    1462232 total
- age  11:     143568 bytes,    1605800 total
- age  12:     843200 bytes,    2449000 total
- age  13:      14008 bytes,    2463008 total
- age  14:        920 bytes,    2463928 total
- age  15:      12192 bytes,    2476120 total
 (to-space exhausted), 0.0211090 secs]
   [Parallel Time: 9.9 ms, GC Workers: 2]
      [GC Worker Start (ms): Min: 94229622.9, Avg: 94229622.9, Max: 94229622.9, Diff: 0.0]
      [Ext Root Scanning (ms): Min: 1.5, Avg: 1.5, Max: 1.5, Diff: 0.0, Sum: 3.0]
      [Update RS (ms): Min: 0.5, Avg: 0.5, Max: 0.5, Diff: 0.0, Sum: 1.0]
         [Processed Buffers: Min: 19, Avg: 19.5, Max: 20, Diff: 1, Sum: 39]
      [Scan RS (ms): Min: 0.6, Avg: 0.6, Max: 0.6, Diff: 0.0, Sum: 1.1]
      [Code Root Scanning (ms): Min: 0.1, Avg: 0.3, Max: 0.4, Diff: 0.3, Sum: 0.5]
      [Object Copy (ms): Min: 6.8, Avg: 7.0, Max: 7.2, Diff: 0.3, Sum: 14.0]
      [Termination (ms): Min: 0.0, Avg: 0.0, Max: 0.0, Diff: 0.0, Sum: 0.0]
         [Termination Attempts: Min: 1, Avg: 1.0, Max: 1, Diff: 0, Sum: 2]
      [GC Worker Other (ms): Min: 0.0, Avg: 0.0, Max: 0.0, Diff: 0.0, Sum: 0.0]
      [GC Worker Total (ms): Min: 9.8, Avg: 9.8, Max: 9.8, Diff: 0.0, Sum: 19.6]
      [GC Worker End (ms): Min: 94229632.7, Avg: 94229632.7, Max: 94229632.7, Diff: 0.0]
   [Code Root Fixup: 0.0 ms]
   [Code Root Purge: 0.0 ms]
   [Clear CT: 0.1 ms]
   [Other: 11.0 ms]
      [Evacuation Failure: 9.3 ms]
      [Choose CSet: 0.0 ms]
      [Ref Proc: 1.1 ms]
      [Ref Enq: 0.1 ms]
      [Redirty Cards: 0.1 ms]
      [Humongous Register: 0.0 ms]
      [Humongous Reclaim: 0.2 ms]
      [Free CSet: 0.2 ms]
   [Eden: 285.0M(304.0M)->0.0B(267.0M) Survivors: 3072.0K->1024.0K Heap: 464.4M(512.0M)->181.5M(512.0M)]
Heap after GC invocations=31 (full 0):
 garbage-first heap   total 524288K, used 185878K [0x00000000e0000000, 0x00000000e0101000, 0x0000000100000000)
  region size 1024K, 1 young (1024K), 1 survivors (1024K)
 Metaspace       used 55313K, capacity 57502K, committed 57856K, reserved 1099776K
  class space    used 6561K, capacity 7051K, committed 7168K, reserved 1048576K
}
 [Times: user=0.04 sys=0.00, real=0.03 secs] 
2023-04-21T22:01:09.291+0000: 94229.644: Total time for which application threads were stopped: 0.0214140 seconds, Stopping threads took: 0.0000357 seconds
{Heap before GC invocations=31 (full 0):
 garbage-first heap   total 524288K, used 256902K [0x00000000e0000000, 0x00000000e0101000, 0x0000000100000000)
  region size 1024K, 43 young (44032K), 1 survivors (1024K)
 Metaspace       used 55313K, capacity 57502K, committed 57856K, reserved 1099776K
  class space    used 6561K, capacity 7051K, committed 7168K, reserved 1048576K
2023-04-21T22:01:10.222+0000: 94230.574: [GC pause (G1 Humongous Allocation) (young) (initial-mark)
Desired survivor size 17825792 bytes, new threshold 15 (max 15)
- age   1:      65200 bytes,      65200 total
- age   2:     183336 bytes,     248536 total
- age   3:      77608 bytes,     326144 total
- age   4:        384 bytes,     326528 total
- age   7:       1048 bytes,     327576 total
- age   8:        944 bytes,     328520 total
- age   9:     192000 bytes,     520520 total
- age  10:     114896 bytes,     635416 total
- age  11:     133584 bytes,     769000 total
- age  12:     115792 bytes,     884792 total
- age  13:     134856 bytes,    1019648 total
- age  14:       7872 bytes,    1027520 total
- age  15:        512 bytes,    1028032 total
, 0.0072522 secs]
   [Parallel Time: 5.5 ms, GC Workers: 2]
      [GC Worker Start (ms): Min: 94230574.9, Avg: 94230574.9, Max: 94230574.9, Diff: 0.0]
      [Ext Root Scanning (ms): Min: 1.9, Avg: 1.9, Max: 2.0, Diff: 0.1, Sum: 3.9]
      [Update RS (ms): Min: 1.4, Avg: 1.4, Max: 1.4, Diff: 0.0, Sum: 2.8]
         [Processed Buffers: Min: 37, Avg: 37.5, Max: 38, Diff: 1, Sum: 75]
      [Scan RS (ms): Min: 0.4, Avg: 0.4, Max: 0.4, Diff: 0.0, Sum: 0.8]
      [Code Root Scanning (ms): Min: 0.0, Avg: 0.2, Max: 0.3, Diff: 0.3, Sum: 0.3]
      [Object Copy (ms): Min: 1.3, Avg: 1.4, Max: 1.5, Diff: 0.3, Sum: 2.8]
      [Termination (ms): Min: 0.0, Avg: 0.0, Max: 0.0, Diff: 0.0, Sum: 0.0]
         [Termination Attempts: Min: 1, Avg: 1.0, Max: 1, Diff: 0, Sum: 2]
      [GC Worker Other (ms): Min: 0.0, Avg: 0.0, Max: 0.0, Diff: 0.0, Sum: 0.0]
      [GC Worker Total (ms): Min: 5.3, Avg: 5.3, Max: 5.3, Diff: 0.0, Sum: 10.6]
      [GC Worker End (ms): Min: 94230580.2, Avg: 94230580.2, Max: 94230580.2, Diff: 0.0]
   [Code Root Fixup: 0.0 ms]
   [Code Root Purge: 0.0 ms]
   [Clear CT: 0.1 ms]
   [Other: 1.6 ms]
      [Choose CSet: 0.0 ms]
      [Ref Proc: 0.9 ms]
      [Ref Enq: 0.1 ms]
      [Redirty Cards: 0.1 ms]
      [Humongous Register: 0.0 ms]
      [Humongous Reclaim: 0.0 ms]
      [Free CSet: 0.1 ms]
   [Eden: 43008.0K(267.0M)->0.0B(241.0M) Survivors: 1024.0K->7168.0K Heap: 251.8M(512.0M)->198.5M(512.0M)]
Heap after GC invocations=32 (full 0):
 garbage-first heap   total 524288K, used 203257K [0x00000000e0000000, 0x00000000e0101000, 0x0000000100000000)
  region size 1024K, 7 young (7168K), 7 survivors (7168K)
 Metaspace       used 55313K, capacity 57502K, committed 57856K, reserved 1099776K
  class space    used 6561K, capacity 7051K, committed 7168K, reserved 1048576K
}
 [Times: user=0.01 sys=0.00, real=0.00 secs] 
2023-04-21T22:01:10.229+0000: 94230.582: [GC concurrent-root-region-scan-start]
2023-04-21T22:01:10.229+0000: 94230.582: Total time for which application threads were stopped: 0.0075862 seconds, Stopping threads took: 0.0000343 seconds
2023-04-21T22:01:10.231+0000: 94230.583: [GC concurrent-root-region-scan-end, 0.0014764 secs]
2023-04-21T22:01:10.231+0000: 94230.583: [GC concurrent-mark-start]
2023-04-21T22:01:10.304+0000: 94230.656: [GC concurrent-mark-end, 0.0729889 secs]
2023-04-21T22:01:10.307+0000: 94230.659: [GC remark 2023-04-21T22:01:10.307+0000: 94230.659: [Finalize Marking, 0.0001824 secs] 2023-04-21T22:01:10.307+0000: 94230.660: [GC ref-proc, 0.0022091 secs] 2023-04-21T22:01:10.309+0000: 94230.662: [Unloading, 0.0150240 secs], 0.0180338 secs]
 [Times: user=0.03 sys=0.00, real=0.02 secs] 
2023-04-21T22:01:10.325+0000: 94230.677: Total time for which application threads were stopped: 0.0211485 seconds, Stopping threads took: 0.0029776 seconds
2023-04-21T22:01:10.331+0000: 94230.683: [GC cleanup 205M->204M(512M), 0.0014127 secs]
 [Times: user=0.00 sys=0.00, real=0.00 secs] 
2023-04-21T22:01:10.332+0000: 94230.685: Total time for which application threads were stopped: 0.0015675 seconds, Stopping threads took: 0.0000489 seconds
2023-04-21T22:01:10.332+0000: 94230.685: [GC concurrent-cleanup-start]
2023-04-21T22:01:10.332+0000: 94230.685: [GC concurrent-cleanup-end, 0.0000106 secs]
2023-04-21T22:01:10.335+0000: 94230.688: Total time for which application threads were stopped: 0.0011185 seconds, Stopping threads took: 0.0010287 seconds
2023-04-21T22:01:10.335+0000: 94230.688: Total time for which application threads were stopped: 0.0000948 seconds, Stopping threads took: 0.0000455 seconds
2023-04-21T22:01:11.335+0000: 94231.688: Total time for which application threads were stopped: 0.0001907 seconds, Stopping threads took: 0.0000544 seconds
2023-04-21T22:01:13.336+0000: 94233.689: Total time for which application threads were stopped: 0.0001811 seconds, Stopping threads took: 0.0000559 seconds
{Heap before GC invocations=33 (full 0):
 garbage-first heap   total 524288K, used 487871K [0x00000000e0000000, 0x00000000e0101000, 0x0000000100000000)
  region size 1024K, 225 young (230400K), 7 survivors (7168K)
 Metaspace       used 55179K, capacity 57250K, committed 57856K, reserved 1099776K
  class space    used 6533K, capacity 6999K, committed 7168K, reserved 1048576K
2023-04-21T22:01:14.175+0000: 94234.527: [GC pause (G1 Evacuation Pause) (young)
Desired survivor size 16252928 bytes, new threshold 15 (max 15)
- age   1:    5389792 bytes,    5389792 total
- age   2:      64840 bytes,    5454632 total
- age   3:     183336 bytes,    5637968 total
- age   4:      77608 bytes,    5715576 total
- age   5:        120 bytes,    5715696 total
- age   8:       1048 bytes,    5716744 total
- age   9:        944 bytes,    5717688 total
- age  10:     192000 bytes,    5909688 total
- age  11:     114896 bytes,    6024584 total
- age  12:     133584 bytes,    6158168 total
- age  13:     115792 bytes,    6273960 total
- age  14:     134856 bytes,    6408816 total
- age  15:       7872 bytes,    6416688 total
 (to-space exhausted), 0.0096462 secs]
   [Parallel Time: 6.2 ms, GC Workers: 2]
      [GC Worker Start (ms): Min: 94234527.5, Avg: 94234527.5, Max: 94234527.5, Diff: 0.0]
      [Ext Root Scanning (ms): Min: 1.4, Avg: 1.4, Max: 1.4, Diff: 0.0, Sum: 2.8]
      [Update RS (ms): Min: 0.6, Avg: 0.8, Max: 0.9, Diff: 0.3, Sum: 1.5]
         [Processed Buffers: Min: 17, Avg: 17.5, Max: 18, Diff: 1, Sum: 35]
      [Scan RS (ms): Min: 0.4, Avg: 0.4, Max: 0.5, Diff: 0.1, Sum: 0.9]
      [Code Root Scanning (ms): Min: 0.1, Avg: 0.2, Max: 0.4, Diff: 0.3, Sum: 0.5]
      [Object Copy (ms): Min: 3.3, Avg: 3.3, Max: 3.4, Diff: 0.1, Sum: 6.7]
      [Termination (ms): Min: 0.0, Avg: 0.0, Max: 0.0, Diff: 0.0, Sum: 0.0]
         [Termination Attempts: Min: 1, Avg: 1.0, Max: 1, Diff: 0, Sum: 2]
      [GC Worker Other (ms): Min: 0.0, Avg: 0.0, Max: 0.0, Diff: 0.0, Sum: 0.0]
      [GC Worker Total (ms): Min: 6.2, Avg: 6.2, Max: 6.2, Diff: 0.0, Sum: 12.4]
      [GC Worker End (ms): Min: 94234533.7, Avg: 94234533.7, Max: 94234533.7, Diff: 0.0]
   [Code Root Fixup: 0.0 ms]
   [Code Root Purge: 0.0 ms]
   [Clear CT: 0.1 ms]
   [Other: 3.3 ms]
      [Evacuation Failure: 1.9 ms]
      [Choose CSet: 0.0 ms]
      [Ref Proc: 0.9 ms]
      [Ref Enq: 0.1 ms]
      [Redirty Cards: 0.1 ms]
      [Humongous Register: 0.1 ms]
      [Humongous Reclaim: 0.1 ms]
      [Free CSet: 0.1 ms]
   [Eden: 218.0M(241.0M)->0.0B(25600.0K) Survivors: 7168.0K->0.0B Heap: 476.4M(512.0M)->312.6M(512.0M)]
Heap after GC invocations=34 (full 0):
 garbage-first heap   total 524288K, used 320051K [0x00000000e0000000, 0x00000000e0101000, 0x0000000100000000)
  region size 1024K, 0 young (0K), 0 survivors (0K)
 Metaspace       used 55179K, capacity 57250K, committed 57856K, reserved 1099776K
  class space    used 6533K, capacity 6999K, committed 7168K, reserved 1048576K
}
 [Times: user=0.02 sys=0.00, real=0.01 secs] 
2023-04-21T22:01:14.184+0000: 94234.537: Total time for which application threads were stopped: 0.0099434 seconds, Stopping threads took: 0.0000322 seconds
{Heap before GC invocations=34 (full 0):
 garbage-first heap   total 524288K, used 367053K [0x00000000e0000000, 0x00000000e0101000, 0x0000000100000000)
  region size 1024K, 25 young (25600K), 0 survivors (0K)
 Metaspace       used 55179K, capacity 57250K, committed 57856K, reserved 1099776K
  class space    used 6533K, capacity 6999K, committed 7168K, reserved 1048576K
2023-04-21T22:01:14.956+0000: 94235.309: [GC pause (G1 Evacuation Pause) (mixed)
Desired survivor size 2097152 bytes, new threshold 15 (max 15)
, 0.0067023 secs]
   [Parallel Time: 5.3 ms, GC Workers: 2]
      [GC Worker Start (ms): Min: 94235308.8, Avg: 94235310.0, Max: 94235311.3, Diff: 2.4]
      [Ext Root Scanning (ms): Min: 0.2, Avg: 1.3, Max: 2.5, Diff: 2.3, Sum: 2.6]
      [Update RS (ms): Min: 1.0, Avg: 1.0, Max: 1.0, Diff: 0.1, Sum: 2.0]
         [Processed Buffers: Min: 15, Avg: 16.5, Max: 18, Diff: 3, Sum: 33]
      [Scan RS (ms): Min: 0.2, Avg: 0.3, Max: 0.3, Diff: 0.1, Sum: 0.5]
      [Code Root Scanning (ms): Min: 0.0, Avg: 0.1, Max: 0.1, Diff: 0.1, Sum: 0.2]
      [Object Copy (ms): Min: 1.2, Avg: 1.3, Max: 1.3, Diff: 0.0, Sum: 2.5]
      [Termination (ms): Min: 0.0, Avg: 0.1, Max: 0.1, Diff: 0.1, Sum: 0.1]
         [Termination Attempts: Min: 1, Avg: 1.0, Max: 1, Diff: 0, Sum: 2]
      [GC Worker Other (ms): Min: 0.0, Avg: 0.0, Max: 0.0, Diff: 0.0, Sum: 0.0]
      [GC Worker Total (ms): Min: 2.8, Avg: 4.0, Max: 5.2, Diff: 2.5, Sum: 8.0]
      [GC Worker End (ms): Min: 94235314.0, Avg: 94235314.0, Max: 94235314.0, Diff: 0.0]
   [Code Root Fixup: 0.0 ms]
   [Code Root Purge: 0.0 ms]
   [Clear CT: 0.1 ms]
   [Other: 1.3 ms]
      [Choose CSet: 0.0 ms]
      [Ref Proc: 0.9 ms]
      [Ref Enq: 0.1 ms]
      [Redirty Cards: 0.1 ms]
      [Humongous Register: 0.1 ms]
      [Humongous Reclaim: 0.0 ms]
      [Free CSet: 0.1 ms]
   [Eden: 25600.0K(25600.0K)->0.0B(21504.0K) Survivors: 0.0B->4096.0K Heap: 358.5M(512.0M)->276.7M(512.0M)]
Heap after GC invocations=35 (full 0):
 garbage-first heap   total 524288K, used 283296K [0x00000000e0000000, 0x00000000e0101000, 0x0000000100000000)
  region size 1024K, 4 young (4096K), 4 survivors (4096K)
 Metaspace       used 55179K, capacity 57250K, committed 57856K, reserved 1099776K
  class space    used 6533K, capacity 6999K, committed 7168K, reserved 1048576K
}
 [Times: user=0.02 sys=0.00, real=0.01 secs] 
2023-04-21T22:01:14.963+0000: 94235.315: Total time for which application threads were stopped: 0.0069872 seconds, Stopping threads took: 0.0000342 seconds
{Heap before GC invocations=35 (full 0):
 garbage-first heap   total 524288K, used 319095K [0x00000000e0000000, 0x00000000e0101000, 0x0000000100000000)
  region size 1024K, 25 young (25600K), 4 survivors (4096K)
 Metaspace       used 55179K, capacity 57250K, committed 57856K, reserved 1099776K
  class space    used 6533K, capacity 6999K, committed 7168K, reserved 1048576K
2023-04-21T22:01:15.519+0000: 94235.872: [GC pause (G1 Evacuation Pause) (mixed)
Desired survivor size 2097152 bytes, new threshold 1 (max 15)
- age   1:    3886664 bytes,    3886664 total
, 0.0050869 secs]
   [Parallel Time: 3.6 ms, GC Workers: 2]
      [GC Worker Start (ms): Min: 94235872.0, Avg: 94235872.0, Max: 94235872.0, Diff: 0.0]
      [Ext Root Scanning (ms): Min: 1.4, Avg: 1.4, Max: 1.4, Diff: 0.1, Sum: 2.8]
      [Update RS (ms): Min: 0.7, Avg: 0.7, Max: 0.7, Diff: 0.0, Sum: 1.4]
         [Processed Buffers: Min: 16, Avg: 18.0, Max: 20, Diff: 4, Sum: 36]
      [Scan RS (ms): Min: 0.0, Avg: 0.1, Max: 0.1, Diff: 0.1, Sum: 0.1]
      [Code Root Scanning (ms): Min: 0.0, Avg: 0.0, Max: 0.0, Diff: 0.0, Sum: 0.0]
      [Object Copy (ms): Min: 1.3, Avg: 1.3, Max: 1.3, Diff: 0.1, Sum: 2.6]
      [Termination (ms): Min: 0.0, Avg: 0.0, Max: 0.0, Diff: 0.0, Sum: 0.0]
         [Termination Attempts: Min: 1, Avg: 1.0, Max: 1, Diff: 0, Sum: 2]
      [GC Worker Other (ms): Min: 0.0, Avg: 0.0, Max: 0.0, Diff: 0.0, Sum: 0.0]
      [GC Worker Total (ms): Min: 3.5, Avg: 3.5, Max: 3.6, Diff: 0.0, Sum: 7.1]
      [GC Worker End (ms): Min: 94235875.5, Avg: 94235875.5, Max: 94235875.6, Diff: 0.0]
   [Code Root Fixup: 0.0 ms]
   [Code Root Purge: 0.0 ms]
   [Clear CT: 0.1 ms]
   [Other: 1.4 ms]
      [Choose CSet: 0.0 ms]
      [Ref Proc: 1.0 ms]
      [Ref Enq: 0.1 ms]
      [Redirty Cards: 0.1 ms]
      [Humongous Register: 0.1 ms]
      [Humongous Reclaim: 0.0 ms]
      [Free CSet: 0.0 ms]
   [Eden: 21504.0K(21504.0K)->0.0B(156.0M) Survivors: 4096.0K->4096.0K Heap: 311.6M(512.0M)->279.1M(512.0M)]
Heap after GC invocations=36 (full 0):
 garbage-first heap   total 524288K, used 285778K [0x00000000e0000000, 0x00000000e0101000, 0x0000000100000000)
  region size 1024K, 4 young (4096K), 4 survivors (4096K)
 Metaspace       used 55179K, capacity 57250K, committed 57856K, reserved 1099776K
  class space    used 6533K, capacity 6999K, committed 7168K, reserved 1048576K
}
 [Times: user=0.01 sys=0.00, real=0.00 secs] 
2023-04-21T22:01:15.524+0000: 94235.877: Total time for which application threads were stopped: 0.0053737 seconds, Stopping threads took: 0.0000329 seconds
{Heap before GC invocations=36 (full 0):
 garbage-first heap   total 524288K, used 315474K [0x00000000e0000000, 0x00000000e0101000, 0x0000000100000000)
  region size 1024K, 34 young (34816K), 4 survivors (4096K)
 Metaspace       used 55179K, capacity 57250K, committed 57856K, reserved 1099776K
  class space    used 6533K, capacity 6999K, committed 7168K, reserved 1048576K
2023-04-21T22:01:15.889+0000: 94236.242: [GC pause (G1 Humongous Allocation) (young) (initial-mark)
Desired survivor size 10485760 bytes, new threshold 15 (max 15)
- age   1:    3761752 bytes,    3761752 total
, 0.0047401 secs]
   [Parallel Time: 3.4 ms, GC Workers: 2]
      [GC Worker Start (ms): Min: 94236242.0, Avg: 94236242.0, Max: 94236242.0, Diff: 0.0]
      [Ext Root Scanning (ms): Min: 1.8, Avg: 1.8, Max: 1.9, Diff: 0.1, Sum: 3.7]
      [Update RS (ms): Min: 0.2, Avg: 0.2, Max: 0.2, Diff: 0.0, Sum: 0.4]
         [Processed Buffers: Min: 2, Avg: 2.5, Max: 3, Diff: 1, Sum: 5]
      [Scan RS (ms): Min: 0.0, Avg: 0.0, Max: 0.0, Diff: 0.0, Sum: 0.0]
      [Code Root Scanning (ms): Min: 0.0, Avg: 0.0, Max: 0.0, Diff: 0.0, Sum: 0.0]
      [Object Copy (ms): Min: 1.0, Avg: 1.1, Max: 1.2, Diff: 0.2, Sum: 2.2]
      [Termination (ms): Min: 0.0, Avg: 0.0, Max: 0.0, Diff: 0.0, Sum: 0.0]
         [Termination Attempts: Min: 1, Avg: 1.0, Max: 1, Diff: 0, Sum: 2]
      [GC Worker Other (ms): Min: 0.0, Avg: 0.0, Max: 0.0, Diff: 0.0, Sum: 0.0]
      [GC Worker Total (ms): Min: 3.2, Avg: 3.2, Max: 3.2, Diff: 0.0, Sum: 6.4]
      [GC Worker End (ms): Min: 94236245.2, Avg: 94236245.2, Max: 94236245.2, Diff: 0.0]
   [Code Root Fixup: 0.0 ms]
   [Code Root Purge: 0.0 ms]
   [Clear CT: 0.1 ms]
   [Other: 1.3 ms]
      [Choose CSet: 0.0 ms]
      [Ref Proc: 0.9 ms]
      [Ref Enq: 0.1 ms]
      [Redirty Cards: 0.1 ms]
      [Humongous Register: 0.1 ms]
      [Humongous Reclaim: 0.0 ms]
      [Free CSet: 0.0 ms]
   [Eden: 30720.0K(156.0M)->0.0B(154.0M) Survivors: 4096.0K->8192.0K Heap: 308.5M(512.0M)->278.6M(512.0M)]
Heap after GC invocations=37 (full 0):
 garbage-first heap   total 524288K, used 285319K [0x00000000e0000000, 0x00000000e0101000, 0x0000000100000000)
  region size 1024K, 8 young (8192K), 8 survivors (8192K)
 Metaspace       used 55179K, capacity 57250K, committed 57856K, reserved 1099776K
  class space    used 6533K, capacity 6999K, committed 7168K, reserved 1048576K
}
 [Times: user=0.00 sys=0.00, real=0.01 secs] 
2023-04-21T22:01:15.894+0000: 2023-04-21T22:01:15.894+0000: 94236.247: [GC concurrent-root-region-scan-start]
94236.247: Total time for which application threads were stopped: 0.0050471 seconds, Stopping threads took: 0.0000378 seconds
2023-04-21T22:01:15.895+0000: 94236.247: [GC concurrent-root-region-scan-end, 0.0008535 secs]
2023-04-21T22:01:15.895+0000: 94236.247: [GC concurrent-mark-start]
2023-04-21T22:01:15.967+0000: 94236.320: [GC concurrent-mark-end, 0.0727130 secs]
2023-04-21T22:01:15.971+0000: 94236.323: [GC remark 2023-04-21T22:01:15.971+0000: 94236.323: [Finalize Marking, 0.0001389 secs] 2023-04-21T22:01:15.971+0000: 94236.324: [GC ref-proc, 0.0016548 secs] 2023-04-21T22:01:15.973+0000: 94236.325: [Unloading, 0.0131228 secs], 0.0156384 secs]
 [Times: user=0.03 sys=0.00, real=0.01 secs] 
2023-04-21T22:01:15.986+0000: 94236.339: Total time for which application threads were stopped: 0.0188753 seconds, Stopping threads took: 0.0030936 seconds
2023-04-21T22:01:15.991+0000: 94236.343: [GC cleanup 283M->265M(512M), 0.0016214 secs]
 [Times: user=0.00 sys=0.00, real=0.00 secs] 
2023-04-21T22:01:15.992+0000: 94236.345: Total time for which application threads were stopped: 0.0017946 seconds, Stopping threads took: 0.0000487 seconds
2023-04-21T22:01:15.992+0000: 94236.345: [GC concurrent-cleanup-start]
2023-04-21T22:01:15.992+0000: 94236.345: [GC concurrent-cleanup-end, 0.0000237 secs]
2023-04-21T22:01:16.993+0000: 94237.345: Total time for which application threads were stopped: 0.0002630 seconds, Stopping threads took: 0.0001514 seconds
{Heap before GC invocations=38 (full 0):
 garbage-first heap   total 524288K, used 474614K [0x00000000e0000000, 0x00000000e0101000, 0x0000000100000000)
  region size 1024K, 162 young (165888K), 8 survivors (8192K)
 Metaspace       used 55179K, capacity 57250K, committed 57856K, reserved 1099776K
  class space    used 6533K, capacity 6999K, committed 7168K, reserved 1048576K
2023-04-21T22:01:18.805+0000: 94239.158: [GC pause (G1 Evacuation Pause) (young)
Desired survivor size 11010048 bytes, new threshold 15 (max 15)
- age   1:    6596664 bytes,    6596664 total
- age   2:     187368 bytes,    6784032 total
 (to-space exhausted), 0.0062695 secs]
   [Parallel Time: 3.7 ms, GC Workers: 2]
      [GC Worker Start (ms): Min: 94239157.7, Avg: 94239157.7, Max: 94239157.7, Diff: 0.0]
      [Ext Root Scanning (ms): Min: 1.4, Avg: 1.4, Max: 1.4, Diff: 0.0, Sum: 2.8]
      [Update RS (ms): Min: 0.4, Avg: 0.5, Max: 0.5, Diff: 0.1, Sum: 0.9]
         [Processed Buffers: Min: 12, Avg: 15.0, Max: 18, Diff: 6, Sum: 30]
      [Scan RS (ms): Min: 0.1, Avg: 0.1, Max: 0.2, Diff: 0.0, Sum: 0.3]
      [Code Root Scanning (ms): Min: 0.0, Avg: 0.1, Max: 0.1, Diff: 0.0, Sum: 0.1]
      [Object Copy (ms): Min: 1.5, Avg: 1.5, Max: 1.5, Diff: 0.0, Sum: 3.0]
      [Termination (ms): Min: 0.0, Avg: 0.0, Max: 0.0, Diff: 0.0, Sum: 0.0]
         [Termination Attempts: Min: 1, Avg: 1.0, Max: 1, Diff: 0, Sum: 2]
      [GC Worker Other (ms): Min: 0.0, Avg: 0.0, Max: 0.0, Diff: 0.0, Sum: 0.0]
      [GC Worker Total (ms): Min: 3.5, Avg: 3.5, Max: 3.6, Diff: 0.0, Sum: 7.1]
      [GC Worker End (ms): Min: 94239161.3, Avg: 94239161.3, Max: 94239161.3, Diff: 0.0]
   [Code Root Fixup: 0.0 ms]
   [Code Root Purge: 0.0 ms]
   [Clear CT: 0.1 ms]
   [Other: 2.5 ms]
      [Evacuation Failure: 1.2 ms]
      [Choose CSet: 0.0 ms]
      [Ref Proc: 0.9 ms]
      [Ref Enq: 0.1 ms]
      [Redirty Cards: 0.1 ms]
      [Humongous Register: 0.1 ms]
      [Humongous Reclaim: 0.1 ms]
      [Free CSet: 0.1 ms]
   [Eden: 154.0M(154.0M)->0.0B(22528.0K) Survivors: 8192.0K->3072.0K Heap: 463.5M(512.0M)->345.5M(512.0M)]
Heap after GC invocations=39 (full 0):
 garbage-first heap   total 524288K, used 353812K [0x00000000e0000000, 0x00000000e0101000, 0x0000000100000000)
  region size 1024K, 3 young (3072K), 3 survivors (3072K)
 Metaspace       used 55179K, capacity 57250K, committed 57856K, reserved 1099776K
  class space    used 6533K, capacity 6999K, committed 7168K, reserved 1048576K
}
 [Times: user=0.01 sys=0.00, real=0.01 secs] 
2023-04-21T22:01:18.811+0000: 94239.164: Total time for which application threads were stopped: 0.0065443 seconds, Stopping threads took: 0.0000324 seconds
{Heap before GC invocations=39 (full 0):
 garbage-first heap   total 524288K, used 388623K [0x00000000e0000000, 0x00000000e0101000, 0x0000000100000000)
  region size 1024K, 25 young (25600K), 3 survivors (3072K)
 Metaspace       used 55179K, capacity 57250K, committed 57856K, reserved 1099776K
  class space    used 6533K, capacity 6999K, committed 7168K, reserved 1048576K
2023-04-21T22:01:19.361+0000: 94239.713: [GC pause (G1 Evacuation Pause) (mixed)
Desired survivor size 2097152 bytes, new threshold 2 (max 15)
- age   1:    1573456 bytes,    1573456 total
- age   2:     671728 bytes,    2245184 total
- age   3:     186704 bytes,    2431888 total
, 0.0077336 secs]
   [Parallel Time: 6.3 ms, GC Workers: 2]
      [GC Worker Start (ms): Min: 94239713.6, Avg: 94239716.4, Max: 94239719.2, Diff: 5.7]
      [Ext Root Scanning (ms): Min: 0.0, Avg: 1.3, Max: 2.5, Diff: 2.5, Sum: 2.5]
      [Update RS (ms): Min: 0.0, Avg: 0.4, Max: 0.9, Diff: 0.9, Sum: 0.9]
         [Processed Buffers: Min: 0, Avg: 22.0, Max: 44, Diff: 44, Sum: 44]
      [Scan RS (ms): Min: 0.0, Avg: 0.1, Max: 0.3, Diff: 0.3, Sum: 0.3]
      [Code Root Scanning (ms): Min: 0.0, Avg: 0.0, Max: 0.0, Diff: 0.0, Sum: 0.0]
      [Object Copy (ms): Min: 0.5, Avg: 1.5, Max: 2.5, Diff: 2.0, Sum: 3.0]
      [Termination (ms): Min: 0.0, Avg: 0.0, Max: 0.0, Diff: 0.0, Sum: 0.0]
         [Termination Attempts: Min: 1, Avg: 1.0, Max: 1, Diff: 0, Sum: 2]
      [GC Worker Other (ms): Min: 0.0, Avg: 0.0, Max: 0.0, Diff: 0.0, Sum: 0.0]
      [GC Worker Total (ms): Min: 0.6, Avg: 3.4, Max: 6.2, Diff: 5.7, Sum: 6.8]
      [GC Worker End (ms): Min: 94239719.8, Avg: 94239719.8, Max: 94239719.8, Diff: 0.0]
   [Code Root Fixup: 0.0 ms]
   [Code Root Purge: 0.0 ms]
   [Clear CT: 0.2 ms]
   [Other: 1.3 ms]
      [Choose CSet: 0.0 ms]
      [Ref Proc: 0.8 ms]
      [Ref Enq: 0.1 ms]
      [Redirty Cards: 0.1 ms]
      [Humongous Register: 0.1 ms]
      [Humongous Reclaim: 0.0 ms]
      [Free CSet: 0.1 ms]
   [Eden: 22528.0K(22528.0K)->0.0B(21504.0K) Survivors: 3072.0K->4096.0K Heap: 379.5M(512.0M)->304.9M(512.0M)]
Heap after GC invocations=40 (full 0):
 garbage-first heap   total 524288K, used 312194K [0x00000000e0000000, 0x00000000e0101000, 0x0000000100000000)
  region size 1024K, 4 young (4096K), 4 survivors (4096K)
 Metaspace       used 55179K, capacity 57250K, committed 57856K, reserved 1099776K
  class space    used 6533K, capacity 6999K, committed 7168K, reserved 1048576K
}
 [Times: user=0.01 sys=0.00, real=0.00 secs] 
2023-04-21T22:01:19.369+0000: 94239.721: Total time for which application threads were stopped: 0.0080286 seconds, Stopping threads took: 0.0000315 seconds
{Heap before GC invocations=40 (full 0):
 garbage-first heap   total 524288K, used 350309K [0x00000000e0000000, 0x00000000e0101000, 0x0000000100000000)
  region size 1024K, 25 young (25600K), 4 survivors (4096K)
 Metaspace       used 55179K, capacity 57250K, committed 57856K, reserved 1099776K
  class space    used 6533K, capacity 6999K, committed 7168K, reserved 1048576K
2023-04-21T22:01:19.980+0000: 94240.332: [GC pause (G1 Evacuation Pause) (mixed)
Desired survivor size 2097152 bytes, new threshold 1 (max 15)
- age   1:    2270064 bytes,    2270064 total
- age   2:    1541192 bytes,    3811256 total
, 0.0070085 secs]
   [Parallel Time: 5.2 ms, GC Workers: 2]
      [GC Worker Start (ms): Min: 94240332.4, Avg: 94240332.4, Max: 94240332.4, Diff: 0.0]
      [Ext Root Scanning (ms): Min: 1.3, Avg: 1.4, Max: 1.4, Diff: 0.0, Sum: 2.7]
      [Update RS (ms): Min: 0.5, Avg: 0.6, Max: 0.7, Diff: 0.1, Sum: 1.2]
         [Processed Buffers: Min: 15, Avg: 16.5, Max: 18, Diff: 3, Sum: 33]
      [Scan RS (ms): Min: 0.2, Avg: 0.2, Max: 0.2, Diff: 0.1, Sum: 0.4]
      [Code Root Scanning (ms): Min: 0.0, Avg: 0.0, Max: 0.0, Diff: 0.0, Sum: 0.1]
      [Object Copy (ms): Min: 2.8, Avg: 2.9, Max: 2.9, Diff: 0.1, Sum: 5.7]
      [Termination (ms): Min: 0.0, Avg: 0.0, Max: 0.1, Diff: 0.1, Sum: 0.1]
         [Termination Attempts: Min: 1, Avg: 1.0, Max: 1, Diff: 0, Sum: 2]
      [GC Worker Other (ms): Min: 0.0, Avg: 0.0, Max: 0.0, Diff: 0.0, Sum: 0.0]
      [GC Worker Total (ms): Min: 5.1, Avg: 5.1, Max: 5.1, Diff: 0.0, Sum: 10.2]
      [GC Worker End (ms): Min: 94240337.5, Avg: 94240337.5, Max: 94240337.5, Diff: 0.0]
   [Code Root Fixup: 0.0 ms]
   [Code Root Purge: 0.0 ms]
   [Clear CT: 0.1 ms]
   [Other: 1.6 ms]
      [Choose CSet: 0.0 ms]
      [Ref Proc: 1.1 ms]
      [Ref Enq: 0.1 ms]
      [Redirty Cards: 0.1 ms]
      [Humongous Register: 0.1 ms]
      [Humongous Reclaim: 0.0 ms]
      [Free CSet: 0.1 ms]
   [Eden: 21504.0K(21504.0K)->0.0B(150.0M) Survivors: 4096.0K->4096.0K Heap: 342.1M(512.0M)->275.6M(512.0M)]
Heap after GC invocations=41 (full 0):
 garbage-first heap   total 524288K, used 282262K [0x00000000e0000000, 0x00000000e0101000, 0x0000000100000000)
  region size 1024K, 4 young (4096K), 4 survivors (4096K)
 Metaspace       used 55179K, capacity 57250K, committed 57856K, reserved 1099776K
  class space    used 6533K, capacity 6999K, committed 7168K, reserved 1048576K
}
 [Times: user=0.02 sys=0.00, real=0.00 secs] 
2023-04-21T22:01:19.987+0000: 94240.339: Total time for which application threads were stopped: 0.0072970 seconds, Stopping threads took: 0.0000319 seconds
{Heap before GC invocations=41 (full 0):
 garbage-first heap   total 524288K, used 287382K [0x00000000e0000000, 0x00000000e0101000, 0x0000000100000000)
  region size 1024K, 10 young (10240K), 4 survivors (4096K)
 Metaspace       used 55179K, capacity 57250K, committed 57856K, reserved 1099776K
  class space    used 6533K, capacity 6999K, committed 7168K, reserved 1048576K
2023-04-21T22:01:20.060+0000: 94240.413: [GC pause (G1 Humongous Allocation) (young) (initial-mark)
Desired survivor size 10485760 bytes, new threshold 15 (max 15)
- age   1:    3390240 bytes,    3390240 total
, 0.0047977 secs]
   [Parallel Time: 3.4 ms, GC Workers: 2]
      [GC Worker Start (ms): Min: 94240412.9, Avg: 94240412.9, Max: 94240412.9, Diff: 0.0]
      [Ext Root Scanning (ms): Min: 1.8, Avg: 1.8, Max: 1.9, Diff: 0.1, Sum: 3.6]
      [Update RS (ms): Min: 0.4, Avg: 0.5, Max: 0.5, Diff: 0.1, Sum: 0.9]
         [Processed Buffers: Min: 2, Avg: 3.0, Max: 4, Diff: 2, Sum: 6]
      [Scan RS (ms): Min: 0.0, Avg: 0.0, Max: 0.0, Diff: 0.0, Sum: 0.0]
      [Code Root Scanning (ms): Min: 0.0, Avg: 0.0, Max: 0.0, Diff: 0.0, Sum: 0.0]
      [Object Copy (ms): Min: 0.8, Avg: 0.8, Max: 0.8, Diff: 0.1, Sum: 1.6]
      [Termination (ms): Min: 0.0, Avg: 0.0, Max: 0.1, Diff: 0.1, Sum: 0.1]
         [Termination Attempts: Min: 1, Avg: 1.0, Max: 1, Diff: 0, Sum: 2]
      [GC Worker Other (ms): Min: 0.0, Avg: 0.0, Max: 0.0, Diff: 0.0, Sum: 0.0]
      [GC Worker Total (ms): Min: 3.1, Avg: 3.1, Max: 3.2, Diff: 0.0, Sum: 6.3]
      [GC Worker End (ms): Min: 94240416.0, Avg: 94240416.0, Max: 94240416.0, Diff: 0.0]
   [Code Root Fixup: 0.0 ms]
   [Code Root Purge: 0.0 ms]
   [Clear CT: 0.1 ms]
   [Other: 1.3 ms]
      [Choose CSet: 0.0 ms]
      [Ref Proc: 0.9 ms]
      [Ref Enq: 0.1 ms]
      [Redirty Cards: 0.1 ms]
      [Humongous Register: 0.1 ms]
      [Humongous Reclaim: 0.0 ms]
      [Free CSet: 0.0 ms]
   [Eden: 6144.0K(150.0M)->0.0B(134.0M) Survivors: 4096.0K->6144.0K Heap: 281.5M(512.0M)->277.0M(512.0M)]
Heap after GC invocations=42 (full 0):
 garbage-first heap   total 524288K, used 283636K [0x00000000e0000000, 0x00000000e0101000, 0x0000000100000000)
  region size 1024K, 6 young (6144K), 6 survivors (6144K)
 Metaspace       used 55179K, capacity 57250K, committed 57856K, reserved 1099776K
  class space    used 6533K, capacity 6999K, committed 7168K, reserved 1048576K
}
 [Times: user=0.01 sys=0.00, real=0.00 secs] 
2023-04-21T22:01:20.065+0000: 94240.417: [GC concurrent-root-region-scan-start]
2023-04-21T22:01:20.065+0000: 94240.417: Total time for which application threads were stopped: 0.0051345 seconds, Stopping threads took: 0.0000328 seconds
2023-04-21T22:01:20.066+0000: 94240.418: [GC concurrent-root-region-scan-end, 0.0009015 secs]
2023-04-21T22:01:20.066+0000: 94240.418: [GC concurrent-mark-start]
2023-04-21T22:01:20.139+0000: 94240.491: [GC concurrent-mark-end, 0.0730593 secs]
2023-04-21T22:01:20.139+0000: 94240.492: [GC remark 2023-04-21T22:01:20.139+0000: 94240.492: [Finalize Marking, 0.0003025 secs] 2023-04-21T22:01:20.139+0000: 94240.492: [GC ref-proc, 0.0012906 secs] 2023-04-21T22:01:20.141+0000: 94240.493: [Unloading, 0.0129033 secs], 0.0152794 secs]
 [Times: user=0.03 sys=0.00, real=0.01 secs] 
2023-04-21T22:01:20.154+0000: 94240.507: Total time for which application threads were stopped: 0.0154521 seconds, Stopping threads took: 0.0000335 seconds
2023-04-21T22:01:20.154+0000: 94240.507: [GC cleanup 282M->261M(512M), 0.0010197 secs]
 [Times: user=0.00 sys=0.00, real=0.00 secs] 
2023-04-21T22:01:20.155+0000: 94240.508: Total time for which application threads were stopped: 0.0011622 seconds, Stopping threads took: 0.0000429 seconds
2023-04-21T22:01:20.156+0000: 94240.508: [GC concurrent-cleanup-start]
2023-04-21T22:01:20.156+0000: 94240.508: [GC concurrent-cleanup-end, 0.0000350 secs]
2023-04-21T22:01:22.156+0000: 94242.509: Total time for which application threads were stopped: 0.0001795 seconds, Stopping threads took: 0.0000572 seconds
{Heap before GC invocations=43 (full 0):
 garbage-first heap   total 524288K, used 464457K [0x00000000e0000000, 0x00000000e0101000, 0x0000000100000000)
  region size 1024K, 124 young (126976K), 6 survivors (6144K)
 Metaspace       used 55179K, capacity 57250K, committed 57856K, reserved 1099776K
  class space    used 6533K, capacity 6999K, committed 7168K, reserved 1048576K
2023-04-21T22:01:23.202+0000: 94243.554: [GC pause (G1 Humongous Allocation) (young)
Desired survivor size 9437184 bytes, new threshold 15 (max 15)
- age   1:    1674512 bytes,    1674512 total
- age   2:    3123504 bytes,    4798016 total
 (to-space exhausted), 0.0053737 secs]
   [Parallel Time: 3.7 ms, GC Workers: 2]
      [GC Worker Start (ms): Min: 94243554.5, Avg: 94243554.5, Max: 94243554.5, Diff: 0.0]
      [Ext Root Scanning (ms): Min: 1.4, Avg: 1.4, Max: 1.4, Diff: 0.0, Sum: 2.9]
      [Update RS (ms): Min: 0.7, Avg: 0.7, Max: 0.7, Diff: 0.0, Sum: 1.4]
         [Processed Buffers: Min: 16, Avg: 18.0, Max: 20, Diff: 4, Sum: 36]
      [Scan RS (ms): Min: 0.1, Avg: 0.1, Max: 0.1, Diff: 0.0, Sum: 0.2]
      [Code Root Scanning (ms): Min: 0.0, Avg: 0.0, Max: 0.1, Diff: 0.0, Sum: 0.1]
      [Object Copy (ms): Min: 1.3, Avg: 1.3, Max: 1.3, Diff: 0.0, Sum: 2.6]
      [Termination (ms): Min: 0.0, Avg: 0.0, Max: 0.0, Diff: 0.0, Sum: 0.0]
         [Termination Attempts: Min: 1, Avg: 1.0, Max: 1, Diff: 0, Sum: 2]
      [GC Worker Other (ms): Min: 0.0, Avg: 0.0, Max: 0.0, Diff: 0.0, Sum: 0.0]
      [GC Worker Total (ms): Min: 3.6, Avg: 3.6, Max: 3.6, Diff: 0.0, Sum: 7.2]
      [GC Worker End (ms): Min: 94243558.1, Avg: 94243558.1, Max: 94243558.1, Diff: 0.0]
   [Code Root Fixup: 0.0 ms]
   [Code Root Purge: 0.0 ms]
   [Clear CT: 0.1 ms]
   [Other: 1.6 ms]
      [Evacuation Failure: 0.2 ms]
      [Choose CSet: 0.0 ms]
      [Ref Proc: 0.9 ms]
      [Ref Enq: 0.1 ms]
      [Redirty Cards: 0.1 ms]
      [Humongous Register: 0.1 ms]
      [Humongous Reclaim: 0.1 ms]
      [Free CSet: 0.1 ms]
   [Eden: 118.0M(134.0M)->0.0B(17408.0K) Survivors: 6144.0K->8192.0K Heap: 453.8M(512.0M)->278.6M(512.0M)]
Heap after GC invocations=44 (full 0):
 garbage-first heap   total 524288K, used 285250K [0x00000000e0000000, 0x00000000e0101000, 0x0000000100000000)
  region size 1024K, 8 young (8192K), 8 survivors (8192K)
 Metaspace       used 55179K, capacity 57250K, committed 57856K, reserved 1099776K
  class space    used 6533K, capacity 6999K, committed 7168K, reserved 1048576K
}
 [Times: user=0.00 sys=0.00, real=0.00 secs] 
2023-04-21T22:01:23.207+0000: 94243.560: Total time for which application threads were stopped: 0.0056703 seconds, Stopping threads took: 0.0000321 seconds
{Heap before GC invocations=44 (full 0):
 garbage-first heap   total 524288K, used 324395K [0x00000000e0000000, 0x00000000e0101000, 0x0000000100000000)
  region size 1024K, 25 young (25600K), 8 survivors (8192K)
 Metaspace       used 55179K, capacity 57250K, committed 57856K, reserved 1099776K
  class space    used 6533K, capacity 6999K, committed 7168K, reserved 1048576K
2023-04-21T22:01:23.977+0000: 94244.330: [GC pause (G1 Evacuation Pause) (mixed)
Desired survivor size 2097152 bytes, new threshold 1 (max 15)
- age   1:    5234328 bytes,    5234328 total
- age   2:     266520 bytes,    5500848 total
- age   3:    1377592 bytes,    6878440 total
, 0.0055224 secs]
   [Parallel Time: 4.1 ms, GC Workers: 2]
      [GC Worker Start (ms): Min: 94244330.0, Avg: 94244330.0, Max: 94244330.0, Diff: 0.0]
      [Ext Root Scanning (ms): Min: 1.4, Avg: 1.4, Max: 1.4, Diff: 0.0, Sum: 2.8]
      [Update RS (ms): Min: 0.6, Avg: 0.7, Max: 0.7, Diff: 0.1, Sum: 1.4]
         [Processed Buffers: Min: 19, Avg: 19.5, Max: 20, Diff: 1, Sum: 39]
      [Scan RS (ms): Min: 0.1, Avg: 0.1, Max: 0.2, Diff: 0.1, Sum: 0.3]
      [Code Root Scanning (ms): Min: 0.0, Avg: 0.0, Max: 0.0, Diff: 0.0, Sum: 0.0]
      [Object Copy (ms): Min: 1.8, Avg: 1.8, Max: 1.8, Diff: 0.1, Sum: 3.6]
      [Termination (ms): Min: 0.0, Avg: 0.0, Max: 0.0, Diff: 0.0, Sum: 0.0]
         [Termination Attempts: Min: 1, Avg: 1.0, Max: 1, Diff: 0, Sum: 2]
      [GC Worker Other (ms): Min: 0.0, Avg: 0.0, Max: 0.0, Diff: 0.0, Sum: 0.0]
      [GC Worker Total (ms): Min: 4.1, Avg: 4.1, Max: 4.1, Diff: 0.0, Sum: 8.1]
      [GC Worker End (ms): Min: 94244334.1, Avg: 94244334.1, Max: 94244334.1, Diff: 0.0]
   [Code Root Fixup: 0.0 ms]
   [Code Root Purge: 0.0 ms]
   [Clear CT: 0.1 ms]
   [Other: 1.3 ms]
      [Choose CSet: 0.0 ms]
      [Ref Proc: 0.9 ms]
      [Ref Enq: 0.1 ms]
      [Redirty Cards: 0.1 ms]
      [Humongous Register: 0.1 ms]
      [Humongous Reclaim: 0.0 ms]
      [Free CSet: 0.1 ms]
   [Eden: 17408.0K(17408.0K)->0.0B(21504.0K) Survivors: 8192.0K->4096.0K Heap: 316.8M(512.0M)->237.3M(512.0M)]
Heap after GC invocations=45 (full 0):
 garbage-first heap   total 524288K, used 243009K [0x00000000e0000000, 0x00000000e0101000, 0x0000000100000000)
  region size 1024K, 4 young (4096K), 4 survivors (4096K)
 Metaspace       used 55179K, capacity 57250K, committed 57856K, reserved 1099776K
  class space    used 6533K, capacity 6999K, committed 7168K, reserved 1048576K
}
 [Times: user=0.01 sys=0.00, real=0.01 secs] 
2023-04-21T22:01:23.983+0000: 94244.335: Total time for which application threads were stopped: 0.0058010 seconds, Stopping threads took: 0.0000339 seconds
{Heap before GC invocations=45 (full 0):
 garbage-first heap   total 524288K, used 273618K [0x00000000e0000000, 0x00000000e0101000, 0x0000000100000000)
  region size 1024K, 25 young (25600K), 4 survivors (4096K)
 Metaspace       used 55179K, capacity 57250K, committed 57856K, reserved 1099776K
  class space    used 6533K, capacity 6999K, committed 7168K, reserved 1048576K
2023-04-21T22:01:24.431+0000: 94244.784: [GC pause (G1 Evacuation Pause) (mixed)
Desired survivor size 2097152 bytes, new threshold 1 (max 15)
- age   1:    3400464 bytes,    3400464 total
, 0.0053919 secs]
   [Parallel Time: 4.0 ms, GC Workers: 2]
      [GC Worker Start (ms): Min: 94244784.1, Avg: 94244784.1, Max: 94244784.1, Diff: 0.0]
      [Ext Root Scanning (ms): Min: 1.4, Avg: 1.4, Max: 1.5, Diff: 0.0, Sum: 2.9]
      [Update RS (ms): Min: 0.8, Avg: 0.8, Max: 0.9, Diff: 0.1, Sum: 1.7]
         [Processed Buffers: Min: 23, Avg: 25.5, Max: 28, Diff: 5, Sum: 51]
      [Scan RS (ms): Min: 0.1, Avg: 0.1, Max: 0.1, Diff: 0.0, Sum: 0.2]
      [Code Root Scanning (ms): Min: 0.0, Avg: 0.0, Max: 0.0, Diff: 0.0, Sum: 0.0]
      [Object Copy (ms): Min: 1.5, Avg: 1.5, Max: 1.5, Diff: 0.1, Sum: 3.0]
      [Termination (ms): Min: 0.0, Avg: 0.0, Max: 0.0, Diff: 0.0, Sum: 0.0]
         [Termination Attempts: Min: 1, Avg: 1.0, Max: 1, Diff: 0, Sum: 2]
      [GC Worker Other (ms): Min: 0.0, Avg: 0.0, Max: 0.0, Diff: 0.0, Sum: 0.0]
      [GC Worker Total (ms): Min: 3.9, Avg: 3.9, Max: 3.9, Diff: 0.0, Sum: 7.9]
      [GC Worker End (ms): Min: 94244788.0, Avg: 94244788.0, Max: 94244788.0, Diff: 0.0]
   [Code Root Fixup: 0.0 ms]
   [Code Root Purge: 0.0 ms]
   [Clear CT: 0.1 ms]
   [Other: 1.3 ms]
      [Choose CSet: 0.0 ms]
      [Ref Proc: 0.9 ms]
      [Ref Enq: 0.1 ms]
      [Redirty Cards: 0.1 ms]
      [Humongous Register: 0.1 ms]
      [Humongous Reclaim: 0.0 ms]
      [Free CSet: 0.1 ms]
   [Eden: 21504.0K(21504.0K)->0.0B(183.0M) Survivors: 4096.0K->4096.0K Heap: 267.2M(512.0M)->228.8M(512.0M)]
Heap after GC invocations=46 (full 0):
 garbage-first heap   total 524288K, used 234333K [0x00000000e0000000, 0x00000000e0101000, 0x0000000100000000)
  region size 1024K, 4 young (4096K), 4 survivors (4096K)
 Metaspace       used 55179K, capacity 57250K, committed 57856K, reserved 1099776K
  class space    used 6533K, capacity 6999K, committed 7168K, reserved 1048576K
}
 [Times: user=0.01 sys=0.00, real=0.00 secs] 
2023-04-21T22:01:24.437+0000: 94244.789: Total time for which application threads were stopped: 0.0056519 seconds, Stopping threads took: 0.0000328 seconds
{Heap before GC invocations=46 (full 0):
 garbage-first heap   total 524288K, used 240477K [0x00000000e0000000, 0x00000000e0101000, 0x0000000100000000)
  region size 1024K, 11 young (11264K), 4 survivors (4096K)
 Metaspace       used 55179K, capacity 57250K, committed 57856K, reserved 1099776K
  class space    used 6533K, capacity 6999K, committed 7168K, reserved 1048576K
2023-04-21T22:01:24.516+0000: 94244.868: [GC pause (G1 Humongous Allocation) (young) (initial-mark)
Desired survivor size 12582912 bytes, new threshold 15 (max 15)
- age   1:    3677600 bytes,    3677600 total
, 0.0042918 secs]
   [Parallel Time: 3.0 ms, GC Workers: 2]
      [GC Worker Start (ms): Min: 94244868.5, Avg: 94244868.5, Max: 94244868.5, Diff: 0.0]
      [Ext Root Scanning (ms): Min: 1.7, Avg: 1.7, Max: 1.8, Diff: 0.1, Sum: 3.4]
      [Update RS (ms): Min: 0.2, Avg: 0.2, Max: 0.3, Diff: 0.1, Sum: 0.4]
         [Processed Buffers: Min: 2, Avg: 2.5, Max: 3, Diff: 1, Sum: 5]
      [Scan RS (ms): Min: 0.0, Avg: 0.0, Max: 0.0, Diff: 0.0, Sum: 0.0]
      [Code Root Scanning (ms): Min: 0.0, Avg: 0.0, Max: 0.0, Diff: 0.0, Sum: 0.0]
      [Object Copy (ms): Min: 0.8, Avg: 0.9, Max: 0.9, Diff: 0.2, Sum: 1.7]
      [Termination (ms): Min: 0.0, Avg: 0.0, Max: 0.0, Diff: 0.0, Sum: 0.0]
         [Termination Attempts: Min: 1, Avg: 1.0, Max: 1, Diff: 0, Sum: 2]
      [GC Worker Other (ms): Min: 0.0, Avg: 0.0, Max: 0.0, Diff: 0.0, Sum: 0.0]
      [GC Worker Total (ms): Min: 2.8, Avg: 2.8, Max: 2.9, Diff: 0.0, Sum: 5.7]
      [GC Worker End (ms): Min: 94244871.3, Avg: 94244871.4, Max: 94244871.4, Diff: 0.0]
   [Code Root Fixup: 0.0 ms]
   [Code Root Purge: 0.0 ms]
   [Clear CT: 0.1 ms]
   [Other: 1.2 ms]
      [Choose CSet: 0.0 ms]
      [Ref Proc: 0.8 ms]
      [Ref Enq: 0.1 ms]
      [Redirty Cards: 0.1 ms]
      [Humongous Register: 0.1 ms]
      [Humongous Reclaim: 0.0 ms]
      [Free CSet: 0.0 ms]
   [Eden: 7168.0K(183.0M)->0.0B(184.0M) Survivors: 4096.0K->7168.0K Heap: 235.8M(512.0M)->231.5M(512.0M)]
Heap after GC invocations=47 (full 0):
 garbage-first heap   total 524288K, used 237039K [0x00000000e0000000, 0x00000000e0101000, 0x0000000100000000)
  region size 1024K, 7 young (7168K), 7 survivors (7168K)
 Metaspace       used 55179K, capacity 57250K, committed 57856K, reserved 1099776K
  class space    used 6533K, capacity 6999K, committed 7168K, reserved 1048576K
}
 [Times: user=0.00 sys=0.00, real=0.01 secs] 
2023-04-21T22:01:24.520+0000: 94244.873: Total time for which application threads were stopped: 0.0045657 seconds, Stopping threads took: 0.0000368 seconds
2023-04-21T22:01:24.520+0000: 94244.873: [GC concurrent-root-region-scan-start]
2023-04-21T22:01:24.521+0000: 94244.873: [GC concurrent-root-region-scan-end, 0.0006396 secs]
2023-04-21T22:01:24.521+0000: 94244.873: [GC concurrent-mark-start]
2023-04-21T22:01:24.593+0000: 94244.946: [GC concurrent-mark-end, 0.0725196 secs]
2023-04-21T22:01:24.593+0000: 94244.946: [GC remark 2023-04-21T22:01:24.593+0000: 94244.946: [Finalize Marking, 0.0001705 secs] 2023-04-21T22:01:24.594+0000: 94244.946: [GC ref-proc, 0.0011433 secs] 2023-04-21T22:01:24.595+0000: 94244.947: [Unloading, 0.0122640 secs], 0.0144088 secs]
 [Times: user=0.03 sys=0.00, real=0.01 secs] 
2023-04-21T22:01:24.608+0000: 94244.960: Total time for which application threads were stopped: 0.0145950 seconds, Stopping threads took: 0.0000546 seconds
2023-04-21T22:01:24.608+0000: 94244.961: [GC cleanup 235M->213M(512M), 0.0010183 secs]
 [Times: user=0.00 sys=0.00, real=0.00 secs] 
2023-04-21T22:01:24.609+0000: 94244.962: Total time for which application threads were stopped: 0.0011589 seconds, Stopping threads took: 0.0000396 seconds
2023-04-21T22:01:24.611+0000: 94244.963: [GC concurrent-cleanup-start]
2023-04-21T22:01:24.611+0000: 94244.963: [GC concurrent-cleanup-end, 0.0000344 secs]
2023-04-21T22:01:26.609+0000: 94246.962: Total time for which application threads were stopped: 0.0001728 seconds, Stopping threads took: 0.0000542 seconds
2023-04-21T22:01:27.610+0000: 94247.963: Total time for which application threads were stopped: 0.0001703 seconds, Stopping threads took: 0.0000559 seconds
{Heap before GC invocations=48 (full 0):
 garbage-first heap   total 524288K, used 451481K [0x00000000e0000000, 0x00000000e0101000, 0x0000000100000000)
  region size 1024K, 191 young (195584K), 7 survivors (7168K)
 Metaspace       used 55179K, capacity 57250K, committed 57856K, reserved 1099776K
  class space    used 6533K, capacity 6999K, committed 7168K, reserved 1048576K
2023-04-21T22:01:27.834+0000: 94248.187: [GC pause (G1 Evacuation Pause) (young)
Desired survivor size 12582912 bytes, new threshold 15 (max 15)
- age   1:    1806608 bytes,    1806608 total
- age   2:    3623192 bytes,    5429800 total
, 0.0059060 secs]
   [Parallel Time: 4.2 ms, GC Workers: 2]
      [GC Worker Start (ms): Min: 94248187.1, Avg: 94248187.1, Max: 94248187.2, Diff: 0.0]
      [Ext Root Scanning (ms): Min: 1.4, Avg: 1.4, Max: 1.4, Diff: 0.0, Sum: 2.8]
      [Update RS (ms): Min: 1.1, Avg: 1.1, Max: 1.1, Diff: 0.0, Sum: 2.2]
         [Processed Buffers: Min: 27, Avg: 28.5, Max: 30, Diff: 3, Sum: 57]
      [Scan RS (ms): Min: 0.1, Avg: 0.2, Max: 0.2, Diff: 0.1, Sum: 0.3]
      [Code Root Scanning (ms): Min: 0.1, Avg: 0.1, Max: 0.1, Diff: 0.0, Sum: 0.1]
      [Object Copy (ms): Min: 1.3, Avg: 1.4, Max: 1.4, Diff: 0.0, Sum: 2.7]
      [Termination (ms): Min: 0.0, Avg: 0.0, Max: 0.0, Diff: 0.0, Sum: 0.0]
         [Termination Attempts: Min: 1, Avg: 1.0, Max: 1, Diff: 0, Sum: 2]
      [GC Worker Other (ms): Min: 0.0, Avg: 0.0, Max: 0.0, Diff: 0.0, Sum: 0.0]
      [GC Worker Total (ms): Min: 4.1, Avg: 4.1, Max: 4.1, Diff: 0.0, Sum: 8.2]
      [GC Worker End (ms): Min: 94248191.2, Avg: 94248191.2, Max: 94248191.2, Diff: 0.0]
   [Code Root Fixup: 0.0 ms]
   [Code Root Purge: 0.0 ms]
   [Clear CT: 0.2 ms]
   [Other: 1.5 ms]
      [Choose CSet: 0.0 ms]
      [Ref Proc: 1.0 ms]
      [Ref Enq: 0.1 ms]
      [Redirty Cards: 0.1 ms]
      [Humongous Register: 0.1 ms]
      [Humongous Reclaim: 0.1 ms]
      [Free CSet: 0.1 ms]
   [Eden: 184.0M(184.0M)->0.0B(15360.0K) Survivors: 7168.0K->10240.0K Heap: 440.9M(512.0M)->217.3M(512.0M)]
Heap after GC invocations=49 (full 0):
 garbage-first heap   total 524288K, used 222516K [0x00000000e0000000, 0x00000000e0101000, 0x0000000100000000)
  region size 1024K, 10 young (10240K), 10 survivors (10240K)
 Metaspace       used 55179K, capacity 57250K, committed 57856K, reserved 1099776K
  class space    used 6533K, capacity 6999K, committed 7168K, reserved 1048576K
}
 [Times: user=0.01 sys=0.00, real=0.01 secs] 
2023-04-21T22:01:27.840+0000: 94248.193: Total time for which application threads were stopped: 0.0061808 seconds, Stopping threads took: 0.0000336 seconds
{Heap before GC invocations=49 (full 0):
 garbage-first heap   total 524288K, used 239055K [0x00000000e0000000, 0x00000000e0101000, 0x0000000100000000)
  region size 1024K, 25 young (25600K), 10 survivors (10240K)
 Metaspace       used 55179K, capacity 57250K, committed 57856K, reserved 1099776K
  class space    used 6533K, capacity 6999K, committed 7168K, reserved 1048576K
2023-04-21T22:01:28.060+0000: 94248.413: [GC pause (G1 Evacuation Pause) (mixed)
Desired survivor size 2097152 bytes, new threshold 1 (max 15)
- age   1:    6786824 bytes,    6786824 total
- age   2:     546752 bytes,    7333576 total
- age   3:    1368424 bytes,    8702000 total
, 0.0050923 secs]
   [Parallel Time: 3.8 ms, GC Workers: 2]
      [GC Worker Start (ms): Min: 94248413.3, Avg: 94248413.3, Max: 94248413.3, Diff: 0.0]
      [Ext Root Scanning (ms): Min: 1.4, Avg: 1.4, Max: 1.4, Diff: 0.0, Sum: 2.8]
      [Update RS (ms): Min: 0.2, Avg: 0.2, Max: 0.3, Diff: 0.0, Sum: 0.5]
         [Processed Buffers: Min: 6, Avg: 7.0, Max: 8, Diff: 2, Sum: 14]
      [Scan RS (ms): Min: 0.0, Avg: 0.0, Max: 0.1, Diff: 0.0, Sum: 0.1]
      [Code Root Scanning (ms): Min: 0.0, Avg: 0.0, Max: 0.0, Diff: 0.0, Sum: 0.0]
      [Object Copy (ms): Min: 1.9, Avg: 1.9, Max: 1.9, Diff: 0.1, Sum: 3.8]
      [Termination (ms): Min: 0.0, Avg: 0.0, Max: 0.1, Diff: 0.1, Sum: 0.1]
         [Termination Attempts: Min: 1, Avg: 1.0, Max: 1, Diff: 0, Sum: 2]
      [GC Worker Other (ms): Min: 0.0, Avg: 0.0, Max: 0.0, Diff: 0.0, Sum: 0.0]
      [GC Worker Total (ms): Min: 3.6, Avg: 3.6, Max: 3.6, Diff: 0.0, Sum: 7.3]
      [GC Worker End (ms): Min: 94248416.9, Avg: 94248416.9, Max: 94248417.0, Diff: 0.0]
   [Code Root Fixup: 0.0 ms]
   [Code Root Purge: 0.0 ms]
   [Clear CT: 0.0 ms]
   [Other: 1.3 ms]
      [Choose CSet: 0.0 ms]
      [Ref Proc: 0.9 ms]
      [Ref Enq: 0.1 ms]
      [Redirty Cards: 0.1 ms]
      [Humongous Register: 0.1 ms]
      [Humongous Reclaim: 0.0 ms]
      [Free CSet: 0.0 ms]
   [Eden: 15360.0K(15360.0K)->0.0B(202.0M) Survivors: 10240.0K->4096.0K Heap: 233.5M(512.0M)->215.7M(512.0M)]
Heap after GC invocations=50 (full 0):
 garbage-first heap   total 524288K, used 220831K [0x00000000e0000000, 0x00000000e0101000, 0x0000000100000000)
  region size 1024K, 4 young (4096K), 4 survivors (4096K)
 Metaspace       used 55179K, capacity 57250K, committed 57856K, reserved 1099776K
  class space    used 6533K, capacity 6999K, committed 7168K, reserved 1048576K
}
 [Times: user=0.01 sys=0.00, real=0.00 secs] 
2023-04-21T22:01:28.066+0000: 94248.418: Total time for which application threads were stopped: 0.0053720 seconds, Stopping threads took: 0.0000339 seconds
{Heap before GC invocations=50 (full 0):
 garbage-first heap   total 524288K, used 230047K [0x00000000e0000000, 0x00000000e0101000, 0x0000000100000000)
  region size 1024K, 14 young (14336K), 4 survivors (4096K)
 Metaspace       used 55179K, capacity 57250K, committed 57856K, reserved 1099776K
  class space    used 6533K, capacity 6999K, committed 7168K, reserved 1048576K
2023-04-21T22:01:28.186+0000: 94248.538: [GC pause (G1 Humongous Allocation) (young) (initial-mark)
Desired survivor size 13631488 bytes, new threshold 15 (max 15)
- age   1:    3486312 bytes,    3486312 total
, 0.0044912 secs]
   [Parallel Time: 3.1 ms, GC Workers: 2]
      [GC Worker Start (ms): Min: 94248538.8, Avg: 94248538.8, Max: 94248538.8, Diff: 0.0]
      [Ext Root Scanning (ms): Min: 1.7, Avg: 1.8, Max: 1.8, Diff: 0.1, Sum: 3.5]
      [Update RS (ms): Min: 0.2, Avg: 0.2, Max: 0.3, Diff: 0.1, Sum: 0.5]
         [Processed Buffers: Min: 2, Avg: 2.5, Max: 3, Diff: 1, Sum: 5]
      [Scan RS (ms): Min: 0.0, Avg: 0.0, Max: 0.0, Diff: 0.0, Sum: 0.0]
      [Code Root Scanning (ms): Min: 0.0, Avg: 0.0, Max: 0.0, Diff: 0.0, Sum: 0.0]
      [Object Copy (ms): Min: 0.8, Avg: 0.9, Max: 1.0, Diff: 0.2, Sum: 1.8]
      [Termination (ms): Min: 0.0, Avg: 0.0, Max: 0.0, Diff: 0.0, Sum: 0.0]
         [Termination Attempts: Min: 1, Avg: 1.0, Max: 1, Diff: 0, Sum: 2]
      [GC Worker Other (ms): Min: 0.0, Avg: 0.0, Max: 0.0, Diff: 0.0, Sum: 0.0]
      [GC Worker Total (ms): Min: 2.9, Avg: 2.9, Max: 2.9, Diff: 0.0, Sum: 5.9]
      [GC Worker End (ms): Min: 94248541.7, Avg: 94248541.7, Max: 94248541.7, Diff: 0.0]
   [Code Root Fixup: 0.0 ms]
   [Code Root Purge: 0.0 ms]
   [Clear CT: 0.1 ms]
   [Other: 1.3 ms]
      [Choose CSet: 0.0 ms]
      [Ref Proc: 0.9 ms]
      [Ref Enq: 0.1 ms]
      [Redirty Cards: 0.1 ms]
      [Humongous Register: 0.1 ms]
      [Humongous Reclaim: 0.0 ms]
      [Free CSet: 0.0 ms]
   [Eden: 10240.0K(202.0M)->0.0B(201.0M) Survivors: 4096.0K->8192.0K Heap: 225.0M(512.0M)->218.9M(512.0M)]
Heap after GC invocations=51 (full 0):
 garbage-first heap   total 524288K, used 224118K [0x00000000e0000000, 0x00000000e0101000, 0x0000000100000000)
  region size 1024K, 8 young (8192K), 8 survivors (8192K)
 Metaspace       used 55179K, capacity 57250K, committed 57856K, reserved 1099776K
  class space    used 6533K, capacity 6999K, committed 7168K, reserved 1048576K
}
 [Times: user=0.01 sys=0.00, real=0.00 secs] 
2023-04-21T22:01:28.190+0000: 2023-04-21T22:01:28.190+0000: 94248.543: 94248.543[GC concurrent-root-region-scan-start]
: Total time for which application threads were stopped: 0.0047858 seconds, Stopping threads took: 0.0000345 seconds
2023-04-21T22:01:28.191+0000: 94248.544: [GC concurrent-root-region-scan-end, 0.0008443 secs]
2023-04-21T22:01:28.191+0000: 94248.544: [GC concurrent-mark-start]
2023-04-21T22:01:28.264+0000: 94248.616: [GC concurrent-mark-end, 0.0722861 secs]
2023-04-21T22:01:28.267+0000: 94248.619: [GC remark 2023-04-21T22:01:28.267+0000: 94248.619: [Finalize Marking, 0.0001558 secs] 2023-04-21T22:01:28.267+0000: 94248.620: [GC ref-proc, 0.0013633 secs] 2023-04-21T22:01:28.268+0000: 94248.621: [Unloading, 0.0132304 secs], 0.0156782 secs]
 [Times: user=0.03 sys=0.00, real=0.02 secs] 
2023-04-21T22:01:28.282+0000: 94248.635: Total time for which application threads were stopped: 0.0188049 seconds, Stopping threads took: 0.0029927 seconds
2023-04-21T22:01:28.283+0000: 94248.635: [GC cleanup 223M->220M(512M), 0.0010265 secs]
 [Times: user=0.00 sys=0.00, real=0.00 secs] 
2023-04-21T22:01:28.284+0000: 94248.636: Total time for which application threads were stopped: 0.0011668 seconds, Stopping threads took: 0.0000322 seconds
2023-04-21T22:01:28.287+0000: 94248.639: [GC concurrent-cleanup-start]
2023-04-21T22:01:28.287+0000: 94248.639: [GC concurrent-cleanup-end, 0.0000157 secs]
2023-04-21T22:01:29.284+0000: 94249.637: Total time for which application threads were stopped: 0.0001826 seconds, Stopping threads took: 0.0000747 seconds
2023-04-21T22:01:29.966+0000: 94250.319: Total time for which application threads were stopped: 0.0001446 seconds, Stopping threads took: 0.0000319 seconds
2023-04-21T22:01:31.289+0000: 94251.642: Total time for which application threads were stopped: 0.0001523 seconds, Stopping threads took: 0.0000328 seconds
2023-04-21T22:01:31.416+0000: 94251.768: Total time for which application threads were stopped: 0.0001472 seconds, Stopping threads took: 0.0000286 seconds
{Heap before GC invocations=52 (full 0):
 garbage-first heap   total 524288K, used 469918K [0x00000000e0000000, 0x00000000e0101000, 0x0000000100000000)
  region size 1024K, 173 young (177152K), 8 survivors (8192K)
 Metaspace       used 55179K, capacity 57250K, committed 57856K, reserved 1099776K
  class space    used 6533K, capacity 6999K, committed 7168K, reserved 1048576K
2023-04-21T22:01:31.960+0000: 94252.313: [GC pause (G1 Evacuation Pause) (young)
Desired survivor size 14155776 bytes, new threshold 15 (max 15)
- age   1:    2388320 bytes,    2388320 total
- age   2:    3485816 bytes,    5874136 total
 (to-space exhausted), 0.0069256 secs]
   [Parallel Time: 4.2 ms, GC Workers: 2]
      [GC Worker Start (ms): Min: 94252313.0, Avg: 94252313.0, Max: 94252313.0, Diff: 0.0]
      [Ext Root Scanning (ms): Min: 1.3, Avg: 1.3, Max: 1.4, Diff: 0.0, Sum: 2.7]
      [Update RS (ms): Min: 1.0, Avg: 1.0, Max: 1.1, Diff: 0.1, Sum: 2.0]
         [Processed Buffers: Min: 27, Avg: 28.0, Max: 29, Diff: 2, Sum: 56]
      [Scan RS (ms): Min: 0.1, Avg: 0.1, Max: 0.2, Diff: 0.0, Sum: 0.3]
      [Code Root Scanning (ms): Min: 0.1, Avg: 0.1, Max: 0.1, Diff: 0.0, Sum: 0.1]
      [Object Copy (ms): Min: 1.5, Avg: 1.5, Max: 1.5, Diff: 0.0, Sum: 3.0]
      [Termination (ms): Min: 0.0, Avg: 0.0, Max: 0.0, Diff: 0.0, Sum: 0.0]
         [Termination Attempts: Min: 1, Avg: 1.0, Max: 1, Diff: 0, Sum: 2]
      [GC Worker Other (ms): Min: 0.0, Avg: 0.0, Max: 0.0, Diff: 0.0, Sum: 0.0]
      [GC Worker Total (ms): Min: 4.1, Avg: 4.1, Max: 4.1, Diff: 0.0, Sum: 8.2]
      [GC Worker End (ms): Min: 94252317.1, Avg: 94252317.1, Max: 94252317.1, Diff: 0.0]
   [Code Root Fixup: 0.0 ms]
   [Code Root Purge: 0.0 ms]
   [Clear CT: 0.2 ms]
   [Other: 2.6 ms]
      [Evacuation Failure: 1.1 ms]
      [Choose CSet: 0.0 ms]
      [Ref Proc: 0.9 ms]
      [Ref Enq: 0.1 ms]
      [Redirty Cards: 0.1 ms]
      [Humongous Register: 0.1 ms]
      [Humongous Reclaim: 0.1 ms]
      [Free CSet: 0.1 ms]
   [Eden: 165.0M(201.0M)->0.0B(25600.0K) Survivors: 8192.0K->0.0B Heap: 458.9M(512.0M)->297.9M(512.0M)]
Heap after GC invocations=53 (full 0):
 garbage-first heap   total 524288K, used 305045K [0x00000000e0000000, 0x00000000e0101000, 0x0000000100000000)
  region size 1024K, 0 young (0K), 0 survivors (0K)
 Metaspace       used 55179K, capacity 57250K, committed 57856K, reserved 1099776K
  class space    used 6533K, capacity 6999K, committed 7168K, reserved 1048576K
}
 [Times: user=0.01 sys=0.00, real=0.00 secs] 
2023-04-21T22:01:31.967+0000: 94252.320: Total time for which application threads were stopped: 0.0072014 seconds, Stopping threads took: 0.0000376 seconds
{Heap before GC invocations=53 (full 0):
 garbage-first heap   total 524288K, used 339099K [0x00000000e0000000, 0x00000000e0101000, 0x0000000100000000)
  region size 1024K, 25 young (25600K), 0 survivors (0K)
 Metaspace       used 55179K, capacity 57250K, committed 57856K, reserved 1099776K
  class space    used 6533K, capacity 6999K, committed 7168K, reserved 1048576K
2023-04-21T22:01:32.449+0000: 94252.802: [GC pause (G1 Evacuation Pause) (mixed)
Desired survivor size 2097152 bytes, new threshold 15 (max 15)
, 0.0060457 secs]
   [Parallel Time: 4.8 ms, GC Workers: 2]
      [GC Worker Start (ms): Min: 94252802.1, Avg: 94252802.7, Max: 94252803.2, Diff: 1.1]
      [Ext Root Scanning (ms): Min: 0.7, Avg: 1.4, Max: 2.0, Diff: 1.2, Sum: 2.7]
      [Update RS (ms): Min: 1.7, Avg: 1.7, Max: 1.7, Diff: 0.0, Sum: 3.4]
         [Processed Buffers: Min: 31, Avg: 37.5, Max: 44, Diff: 13, Sum: 75]
      [Scan RS (ms): Min: 0.0, Avg: 0.0, Max: 0.1, Diff: 0.0, Sum: 0.1]
      [Code Root Scanning (ms): Min: 0.0, Avg: 0.0, Max: 0.0, Diff: 0.0, Sum: 0.0]
      [Object Copy (ms): Min: 1.0, Avg: 1.0, Max: 1.1, Diff: 0.0, Sum: 2.1]
      [Termination (ms): Min: 0.0, Avg: 0.0, Max: 0.0, Diff: 0.0, Sum: 0.0]
         [Termination Attempts: Min: 1, Avg: 1.0, Max: 1, Diff: 0, Sum: 2]
      [GC Worker Other (ms): Min: 0.0, Avg: 0.0, Max: 0.0, Diff: 0.0, Sum: 0.0]
      [GC Worker Total (ms): Min: 3.6, Avg: 4.2, Max: 4.8, Diff: 1.1, Sum: 8.4]
      [GC Worker End (ms): Min: 94252806.9, Avg: 94252806.9, Max: 94252806.9, Diff: 0.0]
   [Code Root Fixup: 0.0 ms]
   [Code Root Purge: 0.0 ms]
   [Clear CT: 0.1 ms]
   [Other: 1.2 ms]
      [Choose CSet: 0.0 ms]
      [Ref Proc: 0.8 ms]
      [Ref Enq: 0.1 ms]
      [Redirty Cards: 0.1 ms]
      [Humongous Register: 0.1 ms]
      [Humongous Reclaim: 0.0 ms]
      [Free CSet: 0.1 ms]
   [Eden: 25600.0K(25600.0K)->0.0B(115.0M) Survivors: 0.0B->4096.0K Heap: 331.2M(512.0M)->304.5M(512.0M)]
Heap after GC invocations=54 (full 0):
 garbage-first heap   total 524288K, used 311807K [0x00000000e0000000, 0x00000000e0101000, 0x0000000100000000)
  region size 1024K, 4 young (4096K), 4 survivors (4096K)
 Metaspace       used 55179K, capacity 57250K, committed 57856K, reserved 1099776K
  class space    used 6533K, capacity 6999K, committed 7168K, reserved 1048576K
}
 [Times: user=0.01 sys=0.00, real=0.01 secs] 
2023-04-21T22:01:32.455+0000: 94252.808: Total time for which application threads were stopped: 0.0063542 seconds, Stopping threads took: 0.0000392 seconds
{Heap before GC invocations=54 (full 0):
 garbage-first heap   total 524288K, used 315903K [0x00000000e0000000, 0x00000000e0101000, 0x0000000100000000)
  region size 1024K, 9 young (9216K), 4 survivors (4096K)
 Metaspace       used 55179K, capacity 57250K, committed 57856K, reserved 1099776K
  class space    used 6533K, capacity 6999K, committed 7168K, reserved 1048576K
2023-04-21T22:01:32.512+0000: 94252.864: [GC pause (G1 Humongous Allocation) (young) (initial-mark)
Desired survivor size 7864320 bytes, new threshold 15 (max 15)
- age   1:    3412680 bytes,    3412680 total
, 0.0042941 secs]
   [Parallel Time: 3.0 ms, GC Workers: 2]
      [GC Worker Start (ms): Min: 94252864.6, Avg: 94252864.6, Max: 94252864.6, Diff: 0.0]
      [Ext Root Scanning (ms): Min: 1.7, Avg: 1.8, Max: 1.8, Diff: 0.1, Sum: 3.6]
      [Update RS (ms): Min: 0.2, Avg: 0.2, Max: 0.2, Diff: 0.0, Sum: 0.4]
         [Processed Buffers: Min: 2, Avg: 2.5, Max: 3, Diff: 1, Sum: 5]
      [Scan RS (ms): Min: 0.0, Avg: 0.0, Max: 0.0, Diff: 0.0, Sum: 0.0]
      [Code Root Scanning (ms): Min: 0.0, Avg: 0.0, Max: 0.0, Diff: 0.0, Sum: 0.0]
      [Object Copy (ms): Min: 0.7, Avg: 0.7, Max: 0.8, Diff: 0.1, Sum: 1.5]
      [Termination (ms): Min: 0.0, Avg: 0.0, Max: 0.0, Diff: 0.0, Sum: 0.0]
         [Termination Attempts: Min: 1, Avg: 1.0, Max: 1, Diff: 0, Sum: 2]
      [GC Worker Other (ms): Min: 0.0, Avg: 0.0, Max: 0.0, Diff: 0.0, Sum: 0.0]
      [GC Worker Total (ms): Min: 2.8, Avg: 2.8, Max: 2.8, Diff: 0.0, Sum: 5.6]
      [GC Worker End (ms): Min: 94252867.4, Avg: 94252867.4, Max: 94252867.4, Diff: 0.0]
   [Code Root Fixup: 0.0 ms]
   [Code Root Purge: 0.0 ms]
   [Clear CT: 0.1 ms]
   [Other: 1.2 ms]
      [Choose CSet: 0.0 ms]
      [Ref Proc: 0.8 ms]
      [Ref Enq: 0.1 ms]
      [Redirty Cards: 0.1 ms]
      [Humongous Register: 0.1 ms]
      [Humongous Reclaim: 0.0 ms]
      [Free CSet: 0.0 ms]
   [Eden: 5120.0K(115.0M)->0.0B(109.0M) Survivors: 4096.0K->5120.0K Heap: 309.1M(512.0M)->305.4M(512.0M)]
Heap after GC invocations=55 (full 0):
 garbage-first heap   total 524288K, used 312731K [0x00000000e0000000, 0x00000000e0101000, 0x0000000100000000)
  region size 1024K, 5 young (5120K), 5 survivors (5120K)
 Metaspace       used 55179K, capacity 57250K, committed 57856K, reserved 1099776K
  class space    used 6533K, capacity 6999K, committed 7168K, reserved 1048576K
}
 [Times: user=0.01 sys=0.00, real=0.00 secs] 
2023-04-21T22:01:32.516+0000: 94252.869: [GC concurrent-root-region-scan-start]
2023-04-21T22:01:32.516+0000: 94252.869: Total time for which application threads were stopped: 0.0045972 seconds, Stopping threads took: 0.0000341 seconds
2023-04-21T22:01:32.517+0000: 94252.869: [GC concurrent-root-region-scan-end, 0.0007999 secs]
2023-04-21T22:01:32.517+0000: 94252.869: [GC concurrent-mark-start]
2023-04-21T22:01:32.591+0000: 94252.944: [GC concurrent-mark-end, 0.0747111 secs]
2023-04-21T22:01:32.595+0000: 94252.947: [GC remark 2023-04-21T22:01:32.595+0000: 94252.947: [Finalize Marking, 0.0002214 secs] 2023-04-21T22:01:32.595+0000: 94252.948: [GC ref-proc, 0.0012877 secs] 2023-04-21T22:01:32.596+0000: 94252.949: [Unloading, 0.0137361 secs], 0.0161596 secs]
 [Times: user=0.03 sys=0.00, real=0.02 secs] 
2023-04-21T22:01:32.611+0000: 94252.964: Total time for which application threads were stopped: 0.0192977 seconds, Stopping threads took: 0.0029937 seconds
2023-04-21T22:01:32.615+0000: 94252.967: [GC cleanup 313M->279M(512M), 0.0011270 secs]
 [Times: user=0.01 sys=0.00, real=0.00 secs] 
2023-04-21T22:01:32.616+0000: 94252.969: Total time for which application threads were stopped: 0.0013123 seconds, Stopping threads took: 0.0000620 seconds
2023-04-21T22:01:32.616+0000: 94252.969: [GC concurrent-cleanup-start]
2023-04-21T22:01:32.616+0000: 94252.969: [GC concurrent-cleanup-end, 0.0000491 secs]
{Heap before GC invocations=56 (full 0):
 garbage-first heap   total 524288K, used 436711K [0x00000000e0000000, 0x00000000e0101000, 0x0000000100000000)
  region size 1024K, 93 young (95232K), 5 survivors (5120K)
 Metaspace       used 55179K, capacity 57250K, committed 57856K, reserved 1099776K
  class space    used 6533K, capacity 6999K, committed 7168K, reserved 1048576K
2023-04-21T22:01:35.001+0000: 94255.354: [GC pause (G1 Humongous Allocation) (young)
Desired survivor size 7864320 bytes, new threshold 15 (max 15)
- age   1:     979328 bytes,     979328 total
- age   2:    3334528 bytes,    4313856 total
, 0.0073992 secs]
   [Parallel Time: 5.7 ms, GC Workers: 2]
      [GC Worker Start (ms): Min: 94255354.0, Avg: 94255354.0, Max: 94255354.0, Diff: 0.0]
      [Ext Root Scanning (ms): Min: 1.4, Avg: 1.5, Max: 1.5, Diff: 0.0, Sum: 2.9]
      [Update RS (ms): Min: 2.1, Avg: 2.2, Max: 2.2, Diff: 0.1, Sum: 4.3]
         [Processed Buffers: Min: 51, Avg: 52.5, Max: 54, Diff: 3, Sum: 105]
      [Scan RS (ms): Min: 0.1, Avg: 0.1, Max: 0.1, Diff: 0.0, Sum: 0.2]
      [Code Root Scanning (ms): Min: 0.0, Avg: 0.0, Max: 0.0, Diff: 0.0, Sum: 0.1]
      [Object Copy (ms): Min: 1.8, Avg: 1.9, Max: 1.9, Diff: 0.0, Sum: 3.7]
      [Termination (ms): Min: 0.0, Avg: 0.0, Max: 0.0, Diff: 0.0, Sum: 0.0]
         [Termination Attempts: Min: 1, Avg: 1.0, Max: 1, Diff: 0, Sum: 2]
      [GC Worker Other (ms): Min: 0.0, Avg: 0.0, Max: 0.0, Diff: 0.0, Sum: 0.0]
      [GC Worker Total (ms): Min: 5.6, Avg: 5.6, Max: 5.6, Diff: 0.0, Sum: 11.2]
      [GC Worker End (ms): Min: 94255359.6, Avg: 94255359.6, Max: 94255359.6, Diff: 0.0]
   [Code Root Fixup: 0.0 ms]
   [Code Root Purge: 0.0 ms]
   [Clear CT: 0.1 ms]
   [Other: 1.6 ms]
      [Choose CSet: 0.0 ms]
      [Ref Proc: 0.9 ms]
      [Ref Enq: 0.1 ms]
      [Redirty Cards: 0.1 ms]
      [Humongous Register: 0.1 ms]
      [Humongous Reclaim: 0.1 ms]
      [Free CSet: 0.1 ms]
   [Eden: 90112.0K(109.0M)->0.0B(12288.0K) Survivors: 5120.0K->13312.0K Heap: 427.1M(512.0M)->295.2M(512.0M)]
Heap after GC invocations=57 (full 0):
 garbage-first heap   total 524288K, used 302249K [0x00000000e0000000, 0x00000000e0101000, 0x0000000100000000)
  region size 1024K, 13 young (13312K), 13 survivors (13312K)
 Metaspace       used 55179K, capacity 57250K, committed 57856K, reserved 1099776K
  class space    used 6533K, capacity 6999K, committed 7168K, reserved 1048576K
}
 [Times: user=0.01 sys=0.00, real=0.00 secs] 
2023-04-21T22:01:35.009+0000: 94255.361: Total time for which application threads were stopped: 0.0077319 seconds, Stopping threads took: 0.0000379 seconds
{Heap before GC invocations=57 (full 0):
 garbage-first heap   total 524288K, used 328949K [0x00000000e0000000, 0x00000000e0101000, 0x0000000100000000)
  region size 1024K, 25 young (25600K), 13 survivors (13312K)
 Metaspace       used 55179K, capacity 57250K, committed 57856K, reserved 1099776K
  class space    used 6533K, capacity 6999K, committed 7168K, reserved 1048576K
2023-04-21T22:01:35.412+0000: 94255.765: [GC pause (G1 Evacuation Pause) (mixed)
Desired survivor size 2097152 bytes, new threshold 1 (max 15)
- age   1:    9799848 bytes,    9799848 total
- age   2:     392704 bytes,   10192552 total
- age   3:    1018032 bytes,   11210584 total
, 0.0070962 secs]
   [Parallel Time: 5.6 ms, GC Workers: 2]
      [GC Worker Start (ms): Min: 94255765.4, Avg: 94255765.4, Max: 94255765.4, Diff: 0.0]
      [Ext Root Scanning (ms): Min: 1.4, Avg: 1.4, Max: 1.4, Diff: 0.0, Sum: 2.8]
      [Update RS (ms): Min: 1.4, Avg: 1.4, Max: 1.5, Diff: 0.1, Sum: 2.9]
         [Processed Buffers: Min: 33, Avg: 35.5, Max: 38, Diff: 5, Sum: 71]
      [Scan RS (ms): Min: 0.1, Avg: 0.1, Max: 0.1, Diff: 0.0, Sum: 0.3]
      [Code Root Scanning (ms): Min: 0.0, Avg: 0.0, Max: 0.0, Diff: 0.0, Sum: 0.1]
      [Object Copy (ms): Min: 2.5, Avg: 2.5, Max: 2.5, Diff: 0.0, Sum: 5.0]
      [Termination (ms): Min: 0.0, Avg: 0.0, Max: 0.1, Diff: 0.1, Sum: 0.1]
         [Termination Attempts: Min: 1, Avg: 1.0, Max: 1, Diff: 0, Sum: 2]
      [GC Worker Other (ms): Min: 0.0, Avg: 0.0, Max: 0.0, Diff: 0.0, Sum: 0.0]
      [GC Worker Total (ms): Min: 5.5, Avg: 5.5, Max: 5.5, Diff: 0.0, Sum: 11.1]
      [GC Worker End (ms): Min: 94255770.9, Avg: 94255770.9, Max: 94255770.9, Diff: 0.0]
   [Code Root Fixup: 0.0 ms]
   [Code Root Purge: 0.0 ms]
   [Clear CT: 0.1 ms]
   [Other: 1.4 ms]
      [Choose CSet: 0.0 ms]
      [Ref Proc: 0.9 ms]
      [Ref Enq: 0.1 ms]
      [Redirty Cards: 0.1 ms]
      [Humongous Register: 0.1 ms]
      [Humongous Reclaim: 0.1 ms]
      [Free CSet: 0.1 ms]
   [Eden: 12288.0K(12288.0K)->0.0B(22528.0K) Survivors: 13312.0K->3072.0K Heap: 321.2M(512.0M)->247.5M(512.0M)]
Heap after GC invocations=58 (full 0):
 garbage-first heap   total 524288K, used 253416K [0x00000000e0000000, 0x00000000e0101000, 0x0000000100000000)
  region size 1024K, 3 young (3072K), 3 survivors (3072K)
 Metaspace       used 55179K, capacity 57250K, committed 57856K, reserved 1099776K
  class space    used 6533K, capacity 6999K, committed 7168K, reserved 1048576K
}
 [Times: user=0.01 sys=0.00, real=0.01 secs] 
2023-04-21T22:01:35.420+0000: 94255.772: Total time for which application threads were stopped: 0.0073944 seconds, Stopping threads took: 0.0000329 seconds
{Heap before GC invocations=58 (full 0):
 garbage-first heap   total 524288K, used 286478K [0x00000000e0000000, 0x00000000e0101000, 0x0000000100000000)
  region size 1024K, 25 young (25600K), 3 survivors (3072K)
 Metaspace       used 55179K, capacity 57250K, committed 57856K, reserved 1099776K
  class space    used 6533K, capacity 6999K, committed 7168K, reserved 1048576K
2023-04-21T22:01:35.939+0000: 94256.292: [GC pause (G1 Evacuation Pause) (mixed)
Desired survivor size 2097152 bytes, new threshold 1 (max 15)
- age   1:    2436720 bytes,    2436720 total
, 0.0062467 secs]
   [Parallel Time: 4.9 ms, GC Workers: 2]
      [GC Worker Start (ms): Min: 94256291.7, Avg: 94256291.8, Max: 94256291.8, Diff: 0.0]
      [Ext Root Scanning (ms): Min: 1.4, Avg: 1.4, Max: 1.4, Diff: 0.0, Sum: 2.8]
      [Update RS (ms): Min: 1.8, Avg: 1.8, Max: 1.9, Diff: 0.1, Sum: 3.7]
         [Processed Buffers: Min: 43, Avg: 44.0, Max: 45, Diff: 2, Sum: 88]
      [Scan RS (ms): Min: 0.0, Avg: 0.1, Max: 0.1, Diff: 0.0, Sum: 0.1]
      [Code Root Scanning (ms): Min: 0.0, Avg: 0.0, Max: 0.0, Diff: 0.0, Sum: 0.0]
      [Object Copy (ms): Min: 1.5, Avg: 1.5, Max: 1.5, Diff: 0.0, Sum: 3.0]
      [Termination (ms): Min: 0.0, Avg: 0.0, Max: 0.0, Diff: 0.0, Sum: 0.0]
         [Termination Attempts: Min: 1, Avg: 1.0, Max: 1, Diff: 0, Sum: 2]
      [GC Worker Other (ms): Min: 0.0, Avg: 0.0, Max: 0.0, Diff: 0.0, Sum: 0.0]
      [GC Worker Total (ms): Min: 4.8, Avg: 4.8, Max: 4.8, Diff: 0.0, Sum: 9.7]
      [GC Worker End (ms): Min: 94256296.6, Avg: 94256296.6, Max: 94256296.6, Diff: 0.0]
   [Code Root Fixup: 0.0 ms]
   [Code Root Purge: 0.0 ms]
   [Clear CT: 0.1 ms]
   [Other: 1.2 ms]
      [Choose CSet: 0.0 ms]
      [Ref Proc: 0.8 ms]
      [Ref Enq: 0.1 ms]
      [Redirty Cards: 0.1 ms]
      [Humongous Register: 0.1 ms]
      [Humongous Reclaim: 0.0 ms]
      [Free CSet: 0.0 ms]
   [Eden: 22528.0K(22528.0K)->0.0B(166.0M) Survivors: 3072.0K->4096.0K Heap: 279.8M(512.0M)->248.7M(512.0M)]
Heap after GC invocations=59 (full 0):
 garbage-first heap   total 524288K, used 254637K [0x00000000e0000000, 0x00000000e0101000, 0x0000000100000000)
  region size 1024K, 4 young (4096K), 4 survivors (4096K)
 Metaspace       used 55179K, capacity 57250K, committed 57856K, reserved 1099776K
  class space    used 6533K, capacity 6999K, committed 7168K, reserved 1048576K
}
 [Times: user=0.01 sys=0.00, real=0.00 secs] 
2023-04-21T22:01:35.945+0000: 94256.298: Total time for which application threads were stopped: 0.0065204 seconds, Stopping threads took: 0.0000329 seconds
{Heap before GC invocations=59 (full 0):
 garbage-first heap   total 524288K, used 254637K [0x00000000e0000000, 0x00000000e0101000, 0x0000000100000000)
  region size 1024K, 5 young (5120K), 4 survivors (4096K)
 Metaspace       used 55179K, capacity 57250K, committed 57856K, reserved 1099776K
  class space    used 6533K, capacity 6999K, committed 7168K, reserved 1048576K
2023-04-21T22:01:35.957+0000: 94256.310: [GC pause (G1 Humongous Allocation) (young) (initial-mark)
Desired survivor size 11534336 bytes, new threshold 15 (max 15)
- age   1:    3151840 bytes,    3151840 total
, 0.0040089 secs]
   [Parallel Time: 2.7 ms, GC Workers: 2]
      [GC Worker Start (ms): Min: 94256310.5, Avg: 94256310.5, Max: 94256310.5, Diff: 0.0]
      [Ext Root Scanning (ms): Min: 1.7, Avg: 1.7, Max: 1.7, Diff: 0.1, Sum: 3.4]
      [Update RS (ms): Min: 0.2, Avg: 0.2, Max: 0.2, Diff: 0.0, Sum: 0.4]
         [Processed Buffers: Min: 2, Avg: 2.5, Max: 3, Diff: 1, Sum: 5]
      [Scan RS (ms): Min: 0.0, Avg: 0.0, Max: 0.0, Diff: 0.0, Sum: 0.0]
      [Code Root Scanning (ms): Min: 0.0, Avg: 0.0, Max: 0.0, Diff: 0.0, Sum: 0.0]
      [Object Copy (ms): Min: 0.5, Avg: 0.6, Max: 0.6, Diff: 0.1, Sum: 1.1]
      [Termination (ms): Min: 0.0, Avg: 0.0, Max: 0.0, Diff: 0.0, Sum: 0.0]
         [Termination Attempts: Min: 1, Avg: 1.0, Max: 1, Diff: 0, Sum: 2]
      [GC Worker Other (ms): Min: 0.0, Avg: 0.0, Max: 0.0, Diff: 0.0, Sum: 0.0]
      [GC Worker Total (ms): Min: 2.5, Avg: 2.5, Max: 2.5, Diff: 0.0, Sum: 5.0]
      [GC Worker End (ms): Min: 94256313.0, Avg: 94256313.0, Max: 94256313.0, Diff: 0.0]
   [Code Root Fixup: 0.0 ms]
   [Code Root Purge: 0.0 ms]
   [Clear CT: 0.1 ms]
   [Other: 1.3 ms]
      [Choose CSet: 0.0 ms]
      [Ref Proc: 0.9 ms]
      [Ref Enq: 0.1 ms]
      [Redirty Cards: 0.1 ms]
      [Humongous Register: 0.1 ms]
      [Humongous Reclaim: 0.0 ms]
      [Free CSet: 0.0 ms]
   [Eden: 1024.0K(166.0M)->0.0B(156.0M) Survivors: 4096.0K->4096.0K Heap: 249.7M(512.0M)->248.2M(512.0M)]
Heap after GC invocations=60 (full 0):
 garbage-first heap   total 524288K, used 254131K [0x00000000e0000000, 0x00000000e0101000, 0x0000000100000000)
  region size 1024K, 4 young (4096K), 4 survivors (4096K)
 Metaspace       used 55179K, capacity 57250K, committed 57856K, reserved 1099776K
  class space    used 6533K, capacity 6999K, committed 7168K, reserved 1048576K
}
 [Times: user=0.00 sys=0.00, real=0.01 secs] 
2023-04-21T22:01:35.962+0000: 2023-04-21T22:01:35.962+0000: 94256.314: [GC concurrent-root-region-scan-start]
94256.314: Total time for which application threads were stopped: 0.0042422 seconds, Stopping threads took: 0.0000201 seconds
2023-04-21T22:01:35.962+0000: 94256.315: [GC concurrent-root-region-scan-end, 0.0007374 secs]
2023-04-21T22:01:35.962+0000: 94256.315: [GC concurrent-mark-start]
2023-04-21T22:01:36.035+0000: 94256.387: [GC concurrent-mark-end, 0.0723445 secs]
2023-04-21T22:01:36.035+0000: 94256.388: [GC remark 2023-04-21T22:01:36.035+0000: 94256.388: [Finalize Marking, 0.0003405 secs] 2023-04-21T22:01:36.035+0000: 94256.388: [GC ref-proc, 0.0015016 secs] 2023-04-21T22:01:36.037+0000: 94256.389: [Unloading, 0.0126351 secs], 0.0153187 secs]
 [Times: user=0.03 sys=0.00, real=0.01 secs] 
2023-04-21T22:01:36.050+0000: 94256.403: Total time for which application threads were stopped: 0.0154861 seconds, Stopping threads took: 0.0000324 seconds
2023-04-21T22:01:36.050+0000: 94256.403: [GC cleanup 253M->225M(512M), 0.0011004 secs]
 [Times: user=0.00 sys=0.00, real=0.01 secs] 
2023-04-21T22:01:36.052+0000: 94256.404: Total time for which application threads were stopped: 0.0012768 seconds, Stopping threads took: 0.0000682 seconds
2023-04-21T22:01:36.055+0000: 94256.407: [GC concurrent-cleanup-start]
2023-04-21T22:01:36.055+0000: 94256.407: [GC concurrent-cleanup-end, 0.0000491 secs]
2023-04-21T22:01:39.052+0000: 94259.405: Total time for which application threads were stopped: 0.0001806 seconds, Stopping threads took: 0.0000565 seconds
{Heap before GC invocations=61 (full 0):
 garbage-first heap   total 524288K, used 448299K [0x00000000e0000000, 0x00000000e0101000, 0x0000000100000000)
  region size 1024K, 160 young (163840K), 4 survivors (4096K)
 Metaspace       used 55179K, capacity 57250K, committed 57856K, reserved 1099776K
  class space    used 6533K, capacity 6999K, committed 7168K, reserved 1048576K
2023-04-21T22:01:39.224+0000: 94259.577: [GC pause (G1 Evacuation Pause) (young)
Desired survivor size 10485760 bytes, new threshold 15 (max 15)
- age   1:     279376 bytes,     279376 total
- age   2:    3151712 bytes,    3431088 total
, 0.0065681 secs]
   [Parallel Time: 5.1 ms, GC Workers: 2]
      [GC Worker Start (ms): Min: 94259577.0, Avg: 94259577.0, Max: 94259577.0, Diff: 0.0]
      [Ext Root Scanning (ms): Min: 1.4, Avg: 1.4, Max: 1.4, Diff: 0.0, Sum: 2.8]
      [Update RS (ms): Min: 1.6, Avg: 1.6, Max: 1.7, Diff: 0.1, Sum: 3.3]
         [Processed Buffers: Min: 40, Avg: 40.5, Max: 41, Diff: 1, Sum: 81]
      [Scan RS (ms): Min: 0.1, Avg: 0.1, Max: 0.2, Diff: 0.1, Sum: 0.3]
      [Code Root Scanning (ms): Min: 0.1, Avg: 0.1, Max: 0.1, Diff: 0.0, Sum: 0.1]
      [Object Copy (ms): Min: 1.6, Avg: 1.6, Max: 1.7, Diff: 0.1, Sum: 3.3]
      [Termination (ms): Min: 0.0, Avg: 0.0, Max: 0.1, Diff: 0.1, Sum: 0.1]
         [Termination Attempts: Min: 1, Avg: 1.0, Max: 1, Diff: 0, Sum: 2]
      [GC Worker Other (ms): Min: 0.0, Avg: 0.0, Max: 0.0, Diff: 0.0, Sum: 0.0]
      [GC Worker Total (ms): Min: 4.9, Avg: 4.9, Max: 4.9, Diff: 0.0, Sum: 9.8]
      [GC Worker End (ms): Min: 94259581.8, Avg: 94259581.9, Max: 94259581.9, Diff: 0.0]
   [Code Root Fixup: 0.0 ms]
   [Code Root Purge: 0.0 ms]
   [Clear CT: 0.1 ms]
   [Other: 1.4 ms]
      [Choose CSet: 0.0 ms]
      [Ref Proc: 0.8 ms]
      [Ref Enq: 0.1 ms]
      [Redirty Cards: 0.1 ms]
      [Humongous Register: 0.1 ms]
      [Humongous Reclaim: 0.1 ms]
      [Free CSet: 0.1 ms]
   [Eden: 156.0M(156.0M)->0.0B(11264.0K) Survivors: 4096.0K->14336.0K Heap: 437.8M(512.0M)->231.5M(512.0M)]
Heap after GC invocations=62 (full 0):
 garbage-first heap   total 524288K, used 237047K [0x00000000e0000000, 0x00000000e0101000, 0x0000000100000000)
  region size 1024K, 14 young (14336K), 14 survivors (14336K)
 Metaspace       used 55179K, capacity 57250K, committed 57856K, reserved 1099776K
  class space    used 6533K, capacity 6999K, committed 7168K, reserved 1048576K
}
 [Times: user=0.01 sys=0.00, real=0.01 secs] 
2023-04-21T22:01:39.231+0000: 94259.583: Total time for which application threads were stopped: 0.0068482 seconds, Stopping threads took: 0.0000345 seconds
{Heap before GC invocations=62 (full 0):
 garbage-first heap   total 524288K, used 255795K [0x00000000e0000000, 0x00000000e0101000, 0x0000000100000000)
  region size 1024K, 25 young (25600K), 14 survivors (14336K)
 Metaspace       used 55179K, capacity 57250K, committed 57856K, reserved 1099776K
  class space    used 6533K, capacity 6999K, committed 7168K, reserved 1048576K
2023-04-21T22:01:39.519+0000: 94259.872: [GC pause (G1 Evacuation Pause) (mixed)
Desired survivor size 2097152 bytes, new threshold 1 (max 15)
- age   1:    9622416 bytes,    9622416 total
- age   2:     109288 bytes,    9731704 total
- age   3:    1146448 bytes,   10878152 total
, 0.0067325 secs]
   [Parallel Time: 5.3 ms, GC Workers: 2]
      [GC Worker Start (ms): Min: 94259872.4, Avg: 94259872.4, Max: 94259872.4, Diff: 0.0]
      [Ext Root Scanning (ms): Min: 1.4, Avg: 1.4, Max: 1.4, Diff: 0.0, Sum: 2.8]
      [Update RS (ms): Min: 1.2, Avg: 1.2, Max: 1.2, Diff: 0.0, Sum: 2.4]
         [Processed Buffers: Min: 31, Avg: 31.5, Max: 32, Diff: 1, Sum: 63]
      [Scan RS (ms): Min: 0.1, Avg: 0.2, Max: 0.2, Diff: 0.1, Sum: 0.3]
      [Code Root Scanning (ms): Min: 0.0, Avg: 0.0, Max: 0.0, Diff: 0.0, Sum: 0.0]
      [Object Copy (ms): Min: 2.4, Avg: 2.4, Max: 2.5, Diff: 0.1, Sum: 4.9]
      [Termination (ms): Min: 0.0, Avg: 0.0, Max: 0.1, Diff: 0.1, Sum: 0.1]
         [Termination Attempts: Min: 1, Avg: 1.0, Max: 1, Diff: 0, Sum: 2]
      [GC Worker Other (ms): Min: 0.0, Avg: 0.0, Max: 0.0, Diff: 0.0, Sum: 0.0]
      [GC Worker Total (ms): Min: 5.2, Avg: 5.2, Max: 5.2, Diff: 0.0, Sum: 10.4]
      [GC Worker End (ms): Min: 94259877.6, Avg: 94259877.6, Max: 94259877.6, Diff: 0.0]
   [Code Root Fixup: 0.0 ms]
   [Code Root Purge: 0.0 ms]
   [Clear CT: 0.1 ms]
   [Other: 1.3 ms]
      [Choose CSet: 0.0 ms]
      [Ref Proc: 0.9 ms]
      [Ref Enq: 0.1 ms]
      [Redirty Cards: 0.1 ms]
      [Humongous Register: 0.1 ms]
      [Humongous Reclaim: 0.0 ms]
      [Free CSet: 0.1 ms]
   [Eden: 11264.0K(11264.0K)->0.0B(184.0M) Survivors: 14336.0K->3072.0K Heap: 249.8M(512.0M)->222.4M(512.0M)]
Heap after GC invocations=63 (full 0):
 garbage-first heap   total 524288K, used 227776K [0x00000000e0000000, 0x00000000e0101000, 0x0000000100000000)
  region size 1024K, 3 young (3072K), 3 survivors (3072K)
 Metaspace       used 55179K, capacity 57250K, committed 57856K, reserved 1099776K
  class space    used 6533K, capacity 6999K, committed 7168K, reserved 1048576K
}
 [Times: user=0.01 sys=0.00, real=0.00 secs] 
2023-04-21T22:01:39.526+0000: 94259.879: Total time for which application threads were stopped: 0.0070228 seconds, Stopping threads took: 0.0000297 seconds
{Heap before GC invocations=63 (full 0):
 garbage-first heap   total 524288K, used 242112K [0x00000000e0000000, 0x00000000e0101000, 0x0000000100000000)
  region size 1024K, 18 young (18432K), 3 survivors (3072K)
 Metaspace       used 55179K, capacity 57250K, committed 57856K, reserved 1099776K
  class space    used 6533K, capacity 6999K, committed 7168K, reserved 1048576K
2023-04-21T22:01:39.698+0000: 94260.051: [GC pause (G1 Humongous Allocation) (young) (initial-mark)
Desired survivor size 12582912 bytes, new threshold 15 (max 15)
- age   1:    2037200 bytes,    2037200 total
, 0.0045406 secs]
   [Parallel Time: 3.0 ms, GC Workers: 2]
      [GC Worker Start (ms): Min: 94260051.0, Avg: 94260051.0, Max: 94260051.0, Diff: 0.0]
      [Ext Root Scanning (ms): Min: 1.7, Avg: 1.8, Max: 1.8, Diff: 0.1, Sum: 3.5]
      [Update RS (ms): Min: 0.3, Avg: 0.4, Max: 0.4, Diff: 0.1, Sum: 0.8]
         [Processed Buffers: Min: 2, Avg: 3.0, Max: 4, Diff: 2, Sum: 6]
      [Scan RS (ms): Min: 0.0, Avg: 0.0, Max: 0.0, Diff: 0.0, Sum: 0.0]
      [Code Root Scanning (ms): Min: 0.0, Avg: 0.0, Max: 0.0, Diff: 0.0, Sum: 0.0]
      [Object Copy (ms): Min: 0.7, Avg: 0.7, Max: 0.7, Diff: 0.0, Sum: 1.4]
      [Termination (ms): Min: 0.0, Avg: 0.0, Max: 0.0, Diff: 0.0, Sum: 0.0]
         [Termination Attempts: Min: 1, Avg: 1.0, Max: 1, Diff: 0, Sum: 2]
      [GC Worker Other (ms): Min: 0.0, Avg: 0.0, Max: 0.0, Diff: 0.0, Sum: 0.0]
      [GC Worker Total (ms): Min: 2.9, Avg: 2.9, Max: 2.9, Diff: 0.0, Sum: 5.8]
      [GC Worker End (ms): Min: 94260053.9, Avg: 94260053.9, Max: 94260053.9, Diff: 0.0]
   [Code Root Fixup: 0.0 ms]
   [Code Root Purge: 0.0 ms]
   [Clear CT: 0.1 ms]
   [Other: 1.4 ms]
      [Choose CSet: 0.0 ms]
      [Ref Proc: 1.0 ms]
      [Ref Enq: 0.1 ms]
      [Redirty Cards: 0.1 ms]
      [Humongous Register: 0.1 ms]
      [Humongous Reclaim: 0.0 ms]
      [Free CSet: 0.0 ms]
   [Eden: 15360.0K(184.0M)->0.0B(181.0M) Survivors: 3072.0K->5120.0K Heap: 236.8M(512.0M)->223.9M(512.0M)]
Heap after GC invocations=64 (full 0):
 garbage-first heap   total 524288K, used 229272K [0x00000000e0000000, 0x00000000e0101000, 0x0000000100000000)
  region size 1024K, 5 young (5120K), 5 survivors (5120K)
 Metaspace       used 55179K, capacity 57250K, committed 57856K, reserved 1099776K
  class space    used 6533K, capacity 6999K, committed 7168K, reserved 1048576K
}
 [Times: user=0.00 sys=0.00, real=0.01 secs] 
2023-04-21T22:01:39.703+0000: 94260.055: Total time for which application threads were stopped: 0.0048139 seconds, Stopping threads took: 0.0000347 seconds
2023-04-21T22:01:39.703+0000: 94260.055: [GC concurrent-root-region-scan-start]
2023-04-21T22:01:39.703+0000: 94260.056: [GC concurrent-root-region-scan-end, 0.0006600 secs]
2023-04-21T22:01:39.703+0000: 94260.056: [GC concurrent-mark-start]
2023-04-21T22:01:39.775+0000: 94260.128: [GC concurrent-mark-end, 0.0720648 secs]
2023-04-21T22:01:39.776+0000: 94260.128: [GC remark 2023-04-21T22:01:39.776+0000: 94260.128: [Finalize Marking, 0.0002924 secs] 2023-04-21T22:01:39.776+0000: 94260.129: [GC ref-proc, 0.0015630 secs] 2023-04-21T22:01:39.778+0000: 94260.130: [Unloading, 0.0132218 secs], 0.0158757 secs]
 [Times: user=0.03 sys=0.00, real=0.02 secs] 
2023-04-21T22:01:39.792+0000: 94260.144: Total time for which application threads were stopped: 0.0160409 seconds, Stopping threads took: 0.0000308 seconds
2023-04-21T22:01:39.795+0000: 94260.147: [GC cleanup 228M->216M(512M), 0.0014784 secs]
 [Times: user=0.01 sys=0.00, real=0.00 secs] 
2023-04-21T22:01:39.796+0000: 94260.149: Total time for which application threads were stopped: 0.0016157 seconds, Stopping threads took: 0.0000441 seconds
2023-04-21T22:01:39.796+0000: 94260.149: [GC concurrent-cleanup-start]
2023-04-21T22:01:39.796+0000: 94260.149: [GC concurrent-cleanup-end, 0.0000283 secs]
2023-04-21T22:01:41.120+0000: 94261.473: Total time for which application threads were stopped: 0.0001544 seconds, Stopping threads took: 0.0000420 seconds
2023-04-21T22:01:50.121+0000: 94270.474: Total time for which application threads were stopped: 0.0001404 seconds, Stopping threads took: 0.0000384 seconds
2023-04-21T22:10:43.180+0000: 94803.533: Total time for which application threads were stopped: 0.0001316 seconds, Stopping threads took: 0.0000336 seconds
2023-04-21T22:16:54.141+0000: 95174.494: Total time for which application threads were stopped: 0.0002116 seconds, Stopping threads took: 0.0000735 seconds
2023-04-21T22:17:50.147+0000: 95230.500: Total time for which application threads were stopped: 0.0001311 seconds, Stopping threads took: 0.0000359 seconds
2023-04-21T22:18:02.149+0000: 95242.502: Total time for which application threads were stopped: 0.0001719 seconds, Stopping threads took: 0.0000692 seconds
{Heap before GC invocations=65 (full 0):
 garbage-first heap   total 524288K, used 473367K [0x00000000e0000000, 0x00000000e0101000, 0x0000000100000000)
  region size 1024K, 184 young (188416K), 5 survivors (5120K)
 Metaspace       used 55190K, capacity 57262K, committed 57856K, reserved 1099776K
  class space    used 6534K, capacity 7001K, committed 7168K, reserved 1048576K
2023-04-21T22:18:04.553+0000: 95244.906: [GC pause (G1 Evacuation Pause) (young)
Desired survivor size 12582912 bytes, new threshold 15 (max 15)
- age   1:    3482400 bytes,    3482400 total
- age   2:     856144 bytes,    4338544 total
 (to-space exhausted), 0.0105599 secs]
   [Parallel Time: 4.3 ms, GC Workers: 2]
      [GC Worker Start (ms): Min: 95244906.2, Avg: 95244906.2, Max: 95244906.3, Diff: 0.0]
      [Ext Root Scanning (ms): Min: 1.4, Avg: 1.4, Max: 1.4, Diff: 0.1, Sum: 2.8]
      [Update RS (ms): Min: 1.4, Avg: 1.4, Max: 1.5, Diff: 0.1, Sum: 2.9]
         [Processed Buffers: Min: 46, Avg: 48.0, Max: 50, Diff: 4, Sum: 96]
      [Scan RS (ms): Min: 0.1, Avg: 0.1, Max: 0.1, Diff: 0.0, Sum: 0.3]
      [Code Root Scanning (ms): Min: 0.1, Avg: 0.1, Max: 0.1, Diff: 0.0, Sum: 0.1]
      [Object Copy (ms): Min: 1.0, Avg: 1.1, Max: 1.1, Diff: 0.1, Sum: 2.2]
      [Termination (ms): Min: 0.0, Avg: 0.0, Max: 0.0, Diff: 0.0, Sum: 0.0]
         [Termination Attempts: Min: 1, Avg: 1.0, Max: 1, Diff: 0, Sum: 2]
      [GC Worker Other (ms): Min: 0.0, Avg: 0.0, Max: 0.0, Diff: 0.0, Sum: 0.0]
      [GC Worker Total (ms): Min: 4.1, Avg: 4.1, Max: 4.2, Diff: 0.0, Sum: 8.3]
      [GC Worker End (ms): Min: 95244910.4, Avg: 95244910.4, Max: 95244910.4, Diff: 0.0]
   [Code Root Fixup: 0.0 ms]
   [Code Root Purge: 0.0 ms]
   [Clear CT: 0.1 ms]
   [Other: 6.2 ms]
      [Evacuation Failure: 4.7 ms]
      [Choose CSet: 0.0 ms]
      [Ref Proc: 0.9 ms]
      [Ref Enq: 0.1 ms]
      [Redirty Cards: 0.1 ms]
      [Humongous Register: 0.1 ms]
      [Humongous Reclaim: 0.2 ms]
      [Free CSet: 0.1 ms]
   [Eden: 179.0M(181.0M)->0.0B(25600.0K) Survivors: 5120.0K->0.0B Heap: 462.3M(512.0M)->267.1M(512.0M)]
Heap after GC invocations=66 (full 0):
 garbage-first heap   total 524288K, used 273518K [0x00000000e0000000, 0x00000000e0101000, 0x0000000100000000)
  region size 1024K, 0 young (0K), 0 survivors (0K)
 Metaspace       used 55190K, capacity 57262K, committed 57856K, reserved 1099776K
  class space    used 6534K, capacity 7001K, committed 7168K, reserved 1048576K
}
 [Times: user=0.02 sys=0.00, real=0.01 secs] 
2023-04-21T22:18:04.564+0000: 95244.917: Total time for which application threads were stopped: 0.0108792 seconds, Stopping threads took: 0.0000343 seconds
{Heap before GC invocations=66 (full 0):
 garbage-first heap   total 524288K, used 306571K [0x00000000e0000000, 0x00000000e0101000, 0x0000000100000000)
  region size 1024K, 25 young (25600K), 0 survivors (0K)
 Metaspace       used 55190K, capacity 57262K, committed 57856K, reserved 1099776K
  class space    used 6534K, capacity 7001K, committed 7168K, reserved 1048576K
2023-04-21T22:18:05.056+0000: 95245.409: [GC pause (G1 Evacuation Pause) (mixed)
Desired survivor size 2097152 bytes, new threshold 15 (max 15)
, 0.0058168 secs]
   [Parallel Time: 4.4 ms, GC Workers: 2]
      [GC Worker Start (ms): Min: 95245408.8, Avg: 95245408.8, Max: 95245408.8, Diff: 0.0]
      [Ext Root Scanning (ms): Min: 1.4, Avg: 1.4, Max: 1.4, Diff: 0.0, Sum: 2.8]
      [Update RS (ms): Min: 1.5, Avg: 1.5, Max: 1.5, Diff: 0.0, Sum: 3.0]
         [Processed Buffers: Min: 30, Avg: 33.5, Max: 37, Diff: 7, Sum: 67]
      [Scan RS (ms): Min: 0.1, Avg: 0.1, Max: 0.1, Diff: 0.0, Sum: 0.2]
      [Code Root Scanning (ms): Min: 0.0, Avg: 0.0, Max: 0.0, Diff: 0.0, Sum: 0.0]
      [Object Copy (ms): Min: 1.2, Avg: 1.2, Max: 1.3, Diff: 0.1, Sum: 2.5]
      [Termination (ms): Min: 0.0, Avg: 0.0, Max: 0.1, Diff: 0.1, Sum: 0.1]
         [Termination Attempts: Min: 1, Avg: 1.0, Max: 1, Diff: 0, Sum: 2]
      [GC Worker Other (ms): Min: 0.0, Avg: 0.0, Max: 0.0, Diff: 0.0, Sum: 0.0]
      [GC Worker Total (ms): Min: 4.3, Avg: 4.3, Max: 4.3, Diff: 0.0, Sum: 8.6]
      [GC Worker End (ms): Min: 95245413.1, Avg: 95245413.1, Max: 95245413.1, Diff: 0.0]
   [Code Root Fixup: 0.0 ms]
   [Code Root Purge: 0.0 ms]
   [Clear CT: 0.1 ms]
   [Other: 1.3 ms]
      [Choose CSet: 0.0 ms]
      [Ref Proc: 1.0 ms]
      [Ref Enq: 0.1 ms]
      [Redirty Cards: 0.1 ms]
      [Humongous Register: 0.1 ms]
      [Humongous Reclaim: 0.0 ms]
      [Free CSet: 0.1 ms]
   [Eden: 25600.0K(25600.0K)->0.0B(152.0M) Survivors: 0.0B->4096.0K Heap: 299.4M(512.0M)->264.4M(512.0M)]
Heap after GC invocations=67 (full 0):
 garbage-first heap   total 524288K, used 270763K [0x00000000e0000000, 0x00000000e0101000, 0x0000000100000000)
  region size 1024K, 4 young (4096K), 4 survivors (4096K)
 Metaspace       used 55190K, capacity 57262K, committed 57856K, reserved 1099776K
  class space    used 6534K, capacity 7001K, committed 7168K, reserved 1048576K
}
 [Times: user=0.01 sys=0.00, real=0.01 secs] 
2023-04-21T22:18:05.062+0000: 95245.415: Total time for which application threads were stopped: 0.0061031 seconds, Stopping threads took: 0.0000358 seconds
{Heap before GC invocations=67 (full 0):
 garbage-first heap   total 524288K, used 270763K [0x00000000e0000000, 0x00000000e0101000, 0x0000000100000000)
  region size 1024K, 5 young (5120K), 4 survivors (4096K)
 Metaspace       used 55190K, capacity 57262K, committed 57856K, reserved 1099776K
  class space    used 6534K, capacity 7001K, committed 7168K, reserved 1048576K
2023-04-21T22:18:05.064+0000: 95245.416: [GC pause (G1 Humongous Allocation) (young) (initial-mark)
Desired survivor size 10485760 bytes, new threshold 15 (max 15)
- age   1:    3808616 bytes,    3808616 total
, 0.0039864 secs]
   [Parallel Time: 2.8 ms, GC Workers: 2]
      [GC Worker Start (ms): Min: 95245416.5, Avg: 95245416.5, Max: 95245416.5, Diff: 0.0]
      [Ext Root Scanning (ms): Min: 1.7, Avg: 1.7, Max: 1.8, Diff: 0.1, Sum: 3.5]
      [Update RS (ms): Min: 0.1, Avg: 0.2, Max: 0.2, Diff: 0.1, Sum: 0.3]
         [Processed Buffers: Min: 1, Avg: 2.0, Max: 3, Diff: 2, Sum: 4]
      [Scan RS (ms): Min: 0.0, Avg: 0.0, Max: 0.0, Diff: 0.0, Sum: 0.0]
      [Code Root Scanning (ms): Min: 0.0, Avg: 0.0, Max: 0.0, Diff: 0.0, Sum: 0.0]
      [Object Copy (ms): Min: 0.6, Avg: 0.7, Max: 0.8, Diff: 0.1, Sum: 1.4]
      [Termination (ms): Min: 0.0, Avg: 0.0, Max: 0.0, Diff: 0.0, Sum: 0.0]
         [Termination Attempts: Min: 1, Avg: 1.0, Max: 1, Diff: 0, Sum: 2]
      [GC Worker Other (ms): Min: 0.0, Avg: 0.0, Max: 0.0, Diff: 0.0, Sum: 0.0]
      [GC Worker Total (ms): Min: 2.6, Avg: 2.6, Max: 2.6, Diff: 0.0, Sum: 5.2]
      [GC Worker End (ms): Min: 95245419.1, Avg: 95245419.1, Max: 95245419.1, Diff: 0.0]
   [Code Root Fixup: 0.0 ms]
   [Code Root Purge: 0.0 ms]
   [Clear CT: 0.1 ms]
   [Other: 1.2 ms]
      [Choose CSet: 0.0 ms]
      [Ref Proc: 0.8 ms]
      [Ref Enq: 0.1 ms]
      [Redirty Cards: 0.1 ms]
      [Humongous Register: 0.0 ms]
      [Humongous Reclaim: 0.0 ms]
      [Free CSet: 0.0 ms]
   [Eden: 1024.0K(152.0M)->0.0B(134.0M) Survivors: 4096.0K->5120.0K Heap: 265.3M(512.0M)->264.8M(512.0M)]
Heap after GC invocations=68 (full 0):
 garbage-first heap   total 524288K, used 271182K [0x00000000e0000000, 0x00000000e0101000, 0x0000000100000000)
  region size 1024K, 5 young (5120K), 5 survivors (5120K)
 Metaspace       used 55190K, capacity 57262K, committed 57856K, reserved 1099776K
  class space    used 6534K, capacity 7001K, committed 7168K, reserved 1048576K
}
 [Times: user=0.01 sys=0.00, real=0.00 secs] 
2023-04-21T22:18:05.068+0000: 2023-04-21T22:18:05.068+0000: 95245.420: [GC concurrent-root-region-scan-start]
95245.420: Total time for which application threads were stopped: 0.0042223 seconds, Stopping threads took: 0.0000200 seconds
2023-04-21T22:18:05.068+0000: 95245.421: [GC concurrent-root-region-scan-end, 0.0006906 secs]
2023-04-21T22:18:05.068+0000: 95245.421: [GC concurrent-mark-start]
2023-04-21T22:18:05.141+0000: 95245.494: [GC concurrent-mark-end, 0.0726634 secs]
2023-04-21T22:18:05.145+0000: 95245.498: [GC remark 2023-04-21T22:18:05.145+0000: 95245.498: [Finalize Marking, 0.0001551 secs] 2023-04-21T22:18:05.145+0000: 95245.498: [GC ref-proc, 0.0013916 secs] 2023-04-21T22:18:05.147+0000: 95245.500: [Unloading, 0.0140788 secs], 0.0164517 secs]
 [Times: user=0.03 sys=0.00, real=0.02 secs] 
2023-04-21T22:18:05.162+0000: 95245.514: Total time for which application threads were stopped: 0.0206325 seconds, Stopping threads took: 0.0040472 seconds
2023-04-21T22:18:05.163+0000: 95245.515: [GC cleanup 269M->247M(512M), 0.0010469 secs]
 [Times: user=0.00 sys=0.00, real=0.00 secs] 
2023-04-21T22:18:05.164+0000: 95245.516: Total time for which application threads were stopped: 0.0011999 seconds, Stopping threads took: 0.0000483 seconds
2023-04-21T22:18:05.164+0000: 95245.517: [GC concurrent-cleanup-start]
2023-04-21T22:18:05.164+0000: 95245.517: [GC concurrent-cleanup-end, 0.0000306 secs]
2023-04-21T22:18:06.164+0000: 95246.517: Total time for which application threads were stopped: 0.0001807 seconds, Stopping threads took: 0.0000558 seconds
{Heap before GC invocations=69 (full 0):
 garbage-first heap   total 524288K, used 441907K [0x00000000e0000000, 0x00000000e0101000, 0x0000000100000000)
  region size 1024K, 139 young (142336K), 5 survivors (5120K)
 Metaspace       used 55182K, capacity 57250K, committed 57856K, reserved 1099776K
  class space    used 6533K, capacity 6999K, committed 7168K, reserved 1048576K
2023-04-21T22:18:07.847+0000: 95248.200: [GC pause (G1 Evacuation Pause) (young)
Desired survivor size 9437184 bytes, new threshold 15 (max 15)
- age   1:     474528 bytes,     474528 total
- age   2:    3808616 bytes,    4283144 total
, 0.0068180 secs]
   [Parallel Time: 5.2 ms, GC Workers: 2]
      [GC Worker Start (ms): Min: 95248200.4, Avg: 95248200.4, Max: 95248200.4, Diff: 0.0]
      [Ext Root Scanning (ms): Min: 1.4, Avg: 1.4, Max: 1.4, Diff: 0.0, Sum: 2.8]
      [Update RS (ms): Min: 1.8, Avg: 1.8, Max: 1.8, Diff: 0.0, Sum: 3.6]
         [Processed Buffers: Min: 53, Avg: 53.0, Max: 53, Diff: 0, Sum: 106]
      [Scan RS (ms): Min: 0.1, Avg: 0.1, Max: 0.1, Diff: 0.0, Sum: 0.2]
      [Code Root Scanning (ms): Min: 0.0, Avg: 0.0, Max: 0.0, Diff: 0.0, Sum: 0.1]
      [Object Copy (ms): Min: 1.6, Avg: 1.6, Max: 1.7, Diff: 0.1, Sum: 3.3]
      [Termination (ms): Min: 0.0, Avg: 0.0, Max: 0.1, Diff: 0.1, Sum: 0.1]
         [Termination Attempts: Min: 1, Avg: 1.0, Max: 1, Diff: 0, Sum: 2]
      [GC Worker Other (ms): Min: 0.0, Avg: 0.0, Max: 0.0, Diff: 0.0, Sum: 0.0]
      [GC Worker Total (ms): Min: 5.1, Avg: 5.1, Max: 5.1, Diff: 0.0, Sum: 10.1]
      [GC Worker End (ms): Min: 95248205.5, Avg: 95248205.5, Max: 95248205.5, Diff: 0.0]
   [Code Root Fixup: 0.0 ms]
   [Code Root Purge: 0.0 ms]
   [Clear CT: 0.1 ms]
   [Other: 1.5 ms]
      [Choose CSet: 0.0 ms]
      [Ref Proc: 1.0 ms]
      [Ref Enq: 0.1 ms]
      [Redirty Cards: 0.1 ms]
      [Humongous Register: 0.1 ms]
      [Humongous Reclaim: 0.1 ms]
      [Free CSet: 0.1 ms]
   [Eden: 134.0M(134.0M)->0.0B(12288.0K) Survivors: 5120.0K->13312.0K Heap: 431.5M(512.0M)->261.5M(512.0M)]
Heap after GC invocations=70 (full 0):
 garbage-first heap   total 524288K, used 267797K [0x00000000e0000000, 0x00000000e0101000, 0x0000000100000000)
  region size 1024K, 13 young (13312K), 13 survivors (13312K)
 Metaspace       used 55182K, capacity 57250K, committed 57856K, reserved 1099776K
  class space    used 6533K, capacity 6999K, committed 7168K, reserved 1048576K
}
 [Times: user=0.01 sys=0.00, real=0.01 secs] 
2023-04-21T22:18:07.854+0000: 95248.207: Total time for which application threads were stopped: 0.0070996 seconds, Stopping threads took: 0.0000322 seconds
{Heap before GC invocations=70 (full 0):
 garbage-first heap   total 524288K, used 286631K [0x00000000e0000000, 0x00000000e0101000, 0x0000000100000000)
  region size 1024K, 25 young (25600K), 13 survivors (13312K)
 Metaspace       used 55182K, capacity 57250K, committed 57856K, reserved 1099776K
  class space    used 6533K, capacity 6999K, committed 7168K, reserved 1048576K
2023-04-21T22:18:08.152+0000: 95248.505: [GC pause (G1 Evacuation Pause) (mixed)
Desired survivor size 2097152 bytes, new threshold 1 (max 15)
- age   1:   10225680 bytes,   10225680 total
- age   2:      92280 bytes,   10317960 total
- age   3:    1013960 bytes,   11331920 total
, 0.0068271 secs]
   [Parallel Time: 5.3 ms, GC Workers: 2]
      [GC Worker Start (ms): Min: 95248504.9, Avg: 95248504.9, Max: 95248504.9, Diff: 0.0]
      [Ext Root Scanning (ms): Min: 1.4, Avg: 1.4, Max: 1.4, Diff: 0.0, Sum: 2.8]
      [Update RS (ms): Min: 1.1, Avg: 1.1, Max: 1.1, Diff: 0.0, Sum: 2.2]
         [Processed Buffers: Min: 26, Avg: 28.0, Max: 30, Diff: 4, Sum: 56]
      [Scan RS (ms): Min: 0.1, Avg: 0.2, Max: 0.2, Diff: 0.1, Sum: 0.4]
      [Code Root Scanning (ms): Min: 0.0, Avg: 0.0, Max: 0.0, Diff: 0.0, Sum: 0.0]
      [Object Copy (ms): Min: 2.3, Avg: 2.4, Max: 2.4, Diff: 0.1, Sum: 4.8]
      [Termination (ms): Min: 0.0, Avg: 0.0, Max: 0.1, Diff: 0.1, Sum: 0.1]
         [Termination Attempts: Min: 1, Avg: 1.0, Max: 1, Diff: 0, Sum: 2]
      [GC Worker Other (ms): Min: 0.0, Avg: 0.0, Max: 0.0, Diff: 0.0, Sum: 0.0]
      [GC Worker Total (ms): Min: 5.1, Avg: 5.2, Max: 5.2, Diff: 0.0, Sum: 10.3]
      [GC Worker End (ms): Min: 95248510.1, Avg: 95248510.1, Max: 95248510.1, Diff: 0.0]
   [Code Root Fixup: 0.0 ms]
   [Code Root Purge: 0.0 ms]
   [Clear CT: 0.1 ms]
   [Other: 1.4 ms]
      [Choose CSet: 0.0 ms]
      [Ref Proc: 1.0 ms]
      [Ref Enq: 0.1 ms]
      [Redirty Cards: 0.1 ms]
      [Humongous Register: 0.1 ms]
      [Humongous Reclaim: 0.0 ms]
      [Free CSet: 0.1 ms]
   [Eden: 12288.0K(12288.0K)->0.0B(177.0M) Survivors: 13312.0K->4096.0K Heap: 279.9M(512.0M)->218.5M(512.0M)]
Heap after GC invocations=71 (full 0):
 garbage-first heap   total 524288K, used 223703K [0x00000000e0000000, 0x00000000e0101000, 0x0000000100000000)
  region size 1024K, 4 young (4096K), 4 survivors (4096K)
 Metaspace       used 55182K, capacity 57250K, committed 57856K, reserved 1099776K
  class space    used 6533K, capacity 6999K, committed 7168K, reserved 1048576K
}
 [Times: user=0.01 sys=0.00, real=0.01 secs] 
2023-04-21T22:18:08.159+0000: 95248.512: Total time for which application threads were stopped: 0.0071129 seconds, Stopping threads took: 0.0000350 seconds
{Heap before GC invocations=71 (full 0):
 garbage-first heap   total 524288K, used 223703K [0x00000000e0000000, 0x00000000e0101000, 0x0000000100000000)
  region size 1024K, 5 young (5120K), 4 survivors (4096K)
 Metaspace       used 55182K, capacity 57250K, committed 57856K, reserved 1099776K
  class space    used 6533K, capacity 6999K, committed 7168K, reserved 1048576K
2023-04-21T22:18:08.160+0000: 95248.513: [GC pause (G1 Humongous Allocation) (young) (initial-mark)
Desired survivor size 12058624 bytes, new threshold 15 (max 15)
- age   1:    2653960 bytes,    2653960 total
, 0.0040272 secs]
   [Parallel Time: 2.7 ms, GC Workers: 2]
      [GC Worker Start (ms): Min: 95248513.2, Avg: 95248513.2, Max: 95248513.2, Diff: 0.0]
      [Ext Root Scanning (ms): Min: 1.6, Avg: 1.6, Max: 1.6, Diff: 0.0, Sum: 3.2]
      [Update RS (ms): Min: 0.4, Avg: 0.4, Max: 0.5, Diff: 0.0, Sum: 0.9]
         [Processed Buffers: Min: 2, Avg: 2.0, Max: 2, Diff: 0, Sum: 4]
      [Scan RS (ms): Min: 0.0, Avg: 0.0, Max: 0.0, Diff: 0.0, Sum: 0.0]
      [Code Root Scanning (ms): Min: 0.0, Avg: 0.0, Max: 0.0, Diff: 0.0, Sum: 0.0]
      [Object Copy (ms): Min: 0.5, Avg: 0.5, Max: 0.5, Diff: 0.1, Sum: 1.0]
      [Termination (ms): Min: 0.0, Avg: 0.0, Max: 0.0, Diff: 0.0, Sum: 0.0]
         [Termination Attempts: Min: 1, Avg: 1.0, Max: 1, Diff: 0, Sum: 2]
      [GC Worker Other (ms): Min: 0.0, Avg: 0.0, Max: 0.0, Diff: 0.0, Sum: 0.0]
      [GC Worker Total (ms): Min: 2.5, Avg: 2.5, Max: 2.6, Diff: 0.0, Sum: 5.1]
      [GC Worker End (ms): Min: 95248515.7, Avg: 95248515.7, Max: 95248515.7, Diff: 0.0]
   [Code Root Fixup: 0.0 ms]
   [Code Root Purge: 0.0 ms]
   [Clear CT: 0.1 ms]
   [Other: 1.2 ms]
      [Choose CSet: 0.0 ms]
      [Ref Proc: 0.9 ms]
      [Ref Enq: 0.1 ms]
      [Redirty Cards: 0.1 ms]
      [Humongous Register: 0.0 ms]
      [Humongous Reclaim: 0.0 ms]
      [Free CSet: 0.0 ms]
   [Eden: 1024.0K(177.0M)->0.0B(170.0M) Survivors: 4096.0K->4096.0K Heap: 219.1M(512.0M)->217.9M(512.0M)]
Heap after GC invocations=72 (full 0):
 garbage-first heap   total 524288K, used 223132K [0x00000000e0000000, 0x00000000e0101000, 0x0000000100000000)
  region size 1024K, 4 young (4096K), 4 survivors (4096K)
 Metaspace       used 55182K, capacity 57250K, committed 57856K, reserved 1099776K
  class space    used 6533K, capacity 6999K, committed 7168K, reserved 1048576K
}
 [Times: user=0.01 sys=0.00, real=0.00 secs] 
2023-04-21T22:18:08.164+0000: 95248.5172023-04-21T22:18:08.164+0000: : 95248.517: [GC concurrent-root-region-scan-start]
Total time for which application threads were stopped: 0.0042359 seconds, Stopping threads took: 0.0000192 seconds
2023-04-21T22:18:08.165+0000: 95248.518: [GC concurrent-root-region-scan-end, 0.0005783 secs]
2023-04-21T22:18:08.165+0000: 95248.518: [GC concurrent-mark-start]
2023-04-21T22:18:08.238+0000: 95248.590: [GC concurrent-mark-end, 0.0726873 secs]
2023-04-21T22:18:08.238+0000: 95248.591: [GC remark 2023-04-21T22:18:08.238+0000: 95248.591: [Finalize Marking, 0.0001553 secs] 2023-04-21T22:18:08.238+0000: 95248.591: [GC ref-proc, 0.0016883 secs] 2023-04-21T22:18:08.240+0000: 95248.592: [Unloading, 0.0130259 secs], 0.0157107 secs]
 [Times: user=0.04 sys=0.00, real=0.02 secs] 
2023-04-21T22:18:08.254+0000: 95248.606: Total time for which application threads were stopped: 0.0159078 seconds, Stopping threads took: 0.0000569 seconds
2023-04-21T22:18:08.255+0000: 95248.607: [GC cleanup 223M->219M(512M), 0.0010715 secs]
 [Times: user=0.00 sys=0.00, real=0.00 secs] 
2023-04-21T22:18:08.256+0000: 95248.609: Total time for which application threads were stopped: 0.0012430 seconds, Stopping threads took: 0.0000670 seconds
2023-04-21T22:18:08.256+0000: 95248.609: [GC concurrent-cleanup-start]
2023-04-21T22:18:08.256+0000: 95248.609: [GC concurrent-cleanup-end, 0.0000175 secs]
{Heap before GC invocations=73 (full 0):
 garbage-first heap   total 524288K, used 447842K [0x00000000e0000000, 0x00000000e0101000, 0x0000000100000000)
  region size 1024K, 174 young (178176K), 4 survivors (4096K)
 Metaspace       used 55182K, capacity 57250K, committed 57856K, reserved 1099776K
  class space    used 6533K, capacity 6999K, committed 7168K, reserved 1048576K
2023-04-21T22:18:11.236+0000: 95251.589: [GC pause (G1 Evacuation Pause) (young)
Desired survivor size 11534336 bytes, new threshold 15 (max 15)
- age   1:     351088 bytes,     351088 total
- age   2:    2627640 bytes,    2978728 total
, 0.0077775 secs]
   [Parallel Time: 6.2 ms, GC Workers: 2]
      [GC Worker Start (ms): Min: 95251589.0, Avg: 95251589.0, Max: 95251589.0, Diff: 0.0]
      [Ext Root Scanning (ms): Min: 1.3, Avg: 1.4, Max: 1.4, Diff: 0.1, Sum: 2.7]
      [Update RS (ms): Min: 2.1, Avg: 2.1, Max: 2.1, Diff: 0.0, Sum: 4.2]
         [Processed Buffers: Min: 61, Avg: 61.5, Max: 62, Diff: 1, Sum: 123]
      [Scan RS (ms): Min: 0.1, Avg: 0.1, Max: 0.1, Diff: 0.0, Sum: 0.2]
      [Code Root Scanning (ms): Min: 0.0, Avg: 0.1, Max: 0.1, Diff: 0.0, Sum: 0.1]
      [Object Copy (ms): Min: 2.4, Avg: 2.4, Max: 2.4, Diff: 0.0, Sum: 4.8]
      [Termination (ms): Min: 0.0, Avg: 0.0, Max: 0.0, Diff: 0.0, Sum: 0.0]
         [Termination Attempts: Min: 1, Avg: 1.0, Max: 1, Diff: 0, Sum: 2]
      [GC Worker Other (ms): Min: 0.0, Avg: 0.0, Max: 0.0, Diff: 0.0, Sum: 0.1]
      [GC Worker Total (ms): Min: 6.1, Avg: 6.1, Max: 6.1, Diff: 0.0, Sum: 12.2]
      [GC Worker End (ms): Min: 95251595.1, Avg: 95251595.1, Max: 95251595.1, Diff: 0.0]
   [Code Root Fixup: 0.0 ms]
   [Code Root Purge: 0.0 ms]
   [Clear CT: 0.1 ms]
   [Other: 1.4 ms]
      [Choose CSet: 0.0 ms]
      [Ref Proc: 0.9 ms]
      [Ref Enq: 0.1 ms]
      [Redirty Cards: 0.1 ms]
      [Humongous Register: 0.1 ms]
      [Humongous Reclaim: 0.1 ms]
      [Free CSet: 0.1 ms]
   [Eden: 170.0M(170.0M)->0.0B(4096.0K) Survivors: 4096.0K->21504.0K Heap: 437.3M(512.0M)->236.0M(512.0M)]
Heap after GC invocations=74 (full 0):
 garbage-first heap   total 524288K, used 241687K [0x00000000e0000000, 0x00000000e0101000, 0x0000000100000000)
  region size 1024K, 21 young (21504K), 21 survivors (21504K)
 Metaspace       used 55182K, capacity 57250K, committed 57856K, reserved 1099776K
  class space    used 6533K, capacity 6999K, committed 7168K, reserved 1048576K
}
 [Times: user=0.01 sys=0.00, real=0.01 secs] 
2023-04-21T22:18:11.244+0000: 95251.597: Total time for which application threads were stopped: 0.0080560 seconds, Stopping threads took: 0.0000328 seconds
{Heap before GC invocations=74 (full 0):
 garbage-first heap   total 524288K, used 245783K [0x00000000e0000000, 0x00000000e0101000, 0x0000000100000000)
  region size 1024K, 25 young (25600K), 21 survivors (21504K)
 Metaspace       used 55182K, capacity 57250K, committed 57856K, reserved 1099776K
  class space    used 6533K, capacity 6999K, committed 7168K, reserved 1048576K
2023-04-21T22:18:11.294+0000: 95251.646: [GC pause (G1 Evacuation Pause) (mixed)
Desired survivor size 2097152 bytes, new threshold 1 (max 15)
- age   1:   16917184 bytes,   16917184 total
- age   3:     244936 bytes,   17162120 total
, 0.0058285 secs]
   [Parallel Time: 4.5 ms, GC Workers: 2]
      [GC Worker Start (ms): Min: 95251646.6, Avg: 95251646.6, Max: 95251646.6, Diff: 0.0]
      [Ext Root Scanning (ms): Min: 1.4, Avg: 1.4, Max: 1.4, Diff: 0.0, Sum: 2.8]
      [Update RS (ms): Min: 0.1, Avg: 0.1, Max: 0.1, Diff: 0.0, Sum: 0.3]
         [Processed Buffers: Min: 2, Avg: 2.5, Max: 3, Diff: 1, Sum: 5]
      [Scan RS (ms): Min: 0.1, Avg: 0.1, Max: 0.1, Diff: 0.0, Sum: 0.2]
      [Code Root Scanning (ms): Min: 0.0, Avg: 0.0, Max: 0.0, Diff: 0.0, Sum: 0.0]
      [Object Copy (ms): Min: 2.7, Avg: 2.7, Max: 2.8, Diff: 0.1, Sum: 5.5]
      [Termination (ms): Min: 0.0, Avg: 0.0, Max: 0.0, Diff: 0.0, Sum: 0.0]
         [Termination Attempts: Min: 1, Avg: 1.0, Max: 1, Diff: 0, Sum: 2]
      [GC Worker Other (ms): Min: 0.0, Avg: 0.0, Max: 0.0, Diff: 0.0, Sum: 0.0]
      [GC Worker Total (ms): Min: 4.4, Avg: 4.4, Max: 4.4, Diff: 0.0, Sum: 8.8]
      [GC Worker End (ms): Min: 95251651.0, Avg: 95251651.0, Max: 95251651.0, Diff: 0.0]
   [Code Root Fixup: 0.0 ms]
   [Code Root Purge: 0.0 ms]
   [Clear CT: 0.1 ms]
   [Other: 1.2 ms]
      [Choose CSet: 0.0 ms]
      [Ref Proc: 0.9 ms]
      [Ref Enq: 0.1 ms]
      [Redirty Cards: 0.1 ms]
      [Humongous Register: 0.1 ms]
      [Humongous Reclaim: 0.0 ms]
      [Free CSet: 0.1 ms]
   [Eden: 4096.0K(4096.0K)->0.0B(166.0M) Survivors: 21504.0K->2048.0K Heap: 240.0M(512.0M)->229.4M(512.0M)]
Heap after GC invocations=75 (full 0):
 garbage-first heap   total 524288K, used 234864K [0x00000000e0000000, 0x00000000e0101000, 0x0000000100000000)
  region size 1024K, 2 young (2048K), 2 survivors (2048K)
 Metaspace       used 55182K, capacity 57250K, committed 57856K, reserved 1099776K
  class space    used 6533K, capacity 6999K, committed 7168K, reserved 1048576K
}
 [Times: user=0.01 sys=0.00, real=0.01 secs] 
2023-04-21T22:18:11.300+0000: 95251.652: Total time for which application threads were stopped: 0.0061163 seconds, Stopping threads took: 0.0000315 seconds
{Heap before GC invocations=75 (full 0):
 garbage-first heap   total 524288K, used 235888K [0x00000000e0000000, 0x00000000e0101000, 0x0000000100000000)
  region size 1024K, 4 young (4096K), 2 survivors (2048K)
 Metaspace       used 55182K, capacity 57250K, committed 57856K, reserved 1099776K
  class space    used 6533K, capacity 6999K, committed 7168K, reserved 1048576K
2023-04-21T22:18:11.330+0000: 95251.683: [GC pause (G1 Humongous Allocation) (young) (initial-mark)
Desired survivor size 11010048 bytes, new threshold 15 (max 15)
- age   1:     979464 bytes,     979464 total
, 0.0039922 secs]
   [Parallel Time: 2.7 ms, GC Workers: 2]
      [GC Worker Start (ms): Min: 95251682.9, Avg: 95251683.0, Max: 95251683.0, Diff: 0.0]
      [Ext Root Scanning (ms): Min: 1.7, Avg: 1.8, Max: 1.8, Diff: 0.1, Sum: 3.6]
      [Update RS (ms): Min: 0.4, Avg: 0.4, Max: 0.4, Diff: 0.0, Sum: 0.8]
         [Processed Buffers: Min: 2, Avg: 2.5, Max: 3, Diff: 1, Sum: 5]
      [Scan RS (ms): Min: 0.0, Avg: 0.0, Max: 0.0, Diff: 0.0, Sum: 0.0]
      [Code Root Scanning (ms): Min: 0.0, Avg: 0.0, Max: 0.0, Diff: 0.0, Sum: 0.0]
      [Object Copy (ms): Min: 0.2, Avg: 0.3, Max: 0.4, Diff: 0.1, Sum: 0.6]
      [Termination (ms): Min: 0.0, Avg: 0.0, Max: 0.1, Diff: 0.1, Sum: 0.1]
         [Termination Attempts: Min: 1, Avg: 1.0, Max: 1, Diff: 0, Sum: 2]
      [GC Worker Other (ms): Min: 0.0, Avg: 0.0, Max: 0.0, Diff: 0.0, Sum: 0.0]
      [GC Worker Total (ms): Min: 2.5, Avg: 2.6, Max: 2.6, Diff: 0.0, Sum: 5.1]
      [GC Worker End (ms): Min: 95251685.5, Avg: 95251685.5, Max: 95251685.5, Diff: 0.0]
   [Code Root Fixup: 0.0 ms]
   [Code Root Purge: 0.0 ms]
   [Clear CT: 0.1 ms]
   [Other: 1.2 ms]
      [Choose CSet: 0.0 ms]
      [Ref Proc: 0.8 ms]
      [Ref Enq: 0.1 ms]
      [Redirty Cards: 0.1 ms]
      [Humongous Register: 0.1 ms]
      [Humongous Reclaim: 0.0 ms]
      [Free CSet: 0.0 ms]
   [Eden: 2048.0K(166.0M)->0.0B(173.0M) Survivors: 2048.0K->2048.0K Heap: 231.3M(512.0M)->230.1M(512.0M)]
Heap after GC invocations=76 (full 0):
 garbage-first heap   total 524288K, used 235592K [0x00000000e0000000, 0x00000000e0101000, 0x0000000100000000)
  region size 1024K, 2 young (2048K), 2 survivors (2048K)
 Metaspace       used 55182K, capacity 57250K, committed 57856K, reserved 1099776K
  class space    used 6533K, capacity 6999K, committed 7168K, reserved 1048576K
}
 [Times: user=0.01 sys=0.00, real=0.01 secs] 
2023-04-21T22:18:11.334+0000: 95251.687: Total time for which application threads were stopped: 0.0042282 seconds, Stopping threads took: 0.0000235 seconds
2023-04-21T22:18:11.334+0000: 95251.687: [GC concurrent-root-region-scan-start]
2023-04-21T22:18:11.335+0000: 95251.687: [GC concurrent-root-region-scan-end, 0.0005937 secs]
2023-04-21T22:18:11.335+0000: 95251.687: [GC concurrent-mark-start]
2023-04-21T22:18:11.407+0000: 95251.760: [GC concurrent-mark-end, 0.0724029 secs]
2023-04-21T22:18:11.407+0000: 95251.760: [GC remark 2023-04-21T22:18:11.407+0000: 95251.760: [Finalize Marking, 0.0002349 secs] 2023-04-21T22:18:11.408+0000: 95251.760: [GC ref-proc, 0.0012813 secs] 2023-04-21T22:18:11.409+0000: 95251.762: [Unloading, 0.0127762 secs], 0.0151551 secs]
 [Times: user=0.03 sys=0.00, real=0.02 secs] 
2023-04-21T22:18:11.422+0000: 95251.775: Total time for which application threads were stopped: 0.0153487 seconds, Stopping threads took: 0.0000562 seconds
2023-04-21T22:18:11.423+0000: 95251.775: [GC cleanup 236M->218M(512M), 0.0010511 secs]
 [Times: user=0.01 sys=0.00, real=0.00 secs] 
2023-04-21T22:18:11.424+0000: 95251.776: Total time for which application threads were stopped: 0.0012063 seconds, Stopping threads took: 0.0000445 seconds
2023-04-21T22:18:11.427+0000: 95251.779: [GC concurrent-cleanup-start]
2023-04-21T22:18:11.427+0000: 95251.779: [GC concurrent-cleanup-end, 0.0000395 secs]
{Heap before GC invocations=77 (full 0):
 garbage-first heap   total 524288K, used 463673K [0x00000000e0000000, 0x00000000e0101000, 0x0000000100000000)
  region size 1024K, 175 young (179200K), 2 survivors (2048K)
 Metaspace       used 55182K, capacity 57250K, committed 57856K, reserved 1099776K
  class space    used 6533K, capacity 6999K, committed 7168K, reserved 1048576K
2023-04-21T22:18:14.978+0000: 95255.331: [GC pause (G1 Evacuation Pause) (young)
Desired survivor size 11534336 bytes, new threshold 15 (max 15)
- age   1:     506376 bytes,     506376 total
- age   2:     885896 bytes,    1392272 total
 (to-space exhausted), 0.0074204 secs]
   [Parallel Time: 5.7 ms, GC Workers: 2]
      [GC Worker Start (ms): Min: 95255331.4, Avg: 95255331.4, Max: 95255331.4, Diff: 0.0]
      [Ext Root Scanning (ms): Min: 1.4, Avg: 1.4, Max: 1.4, Diff: 0.0, Sum: 2.7]
      [Update RS (ms): Min: 2.2, Avg: 2.2, Max: 2.2, Diff: 0.0, Sum: 4.4]
         [Processed Buffers: Min: 69, Avg: 71.5, Max: 74, Diff: 5, Sum: 143]
      [Scan RS (ms): Min: 0.1, Avg: 0.1, Max: 0.1, Diff: 0.0, Sum: 0.3]
      [Code Root Scanning (ms): Min: 0.1, Avg: 0.1, Max: 0.1, Diff: 0.0, Sum: 0.2]
      [Object Copy (ms): Min: 1.8, Avg: 1.8, Max: 1.8, Diff: 0.0, Sum: 3.6]
      [Termination (ms): Min: 0.0, Avg: 0.0, Max: 0.0, Diff: 0.0, Sum: 0.0]
         [Termination Attempts: Min: 1, Avg: 1.0, Max: 1, Diff: 0, Sum: 2]
      [GC Worker Other (ms): Min: 0.0, Avg: 0.0, Max: 0.0, Diff: 0.0, Sum: 0.0]
      [GC Worker Total (ms): Min: 5.6, Avg: 5.6, Max: 5.6, Diff: 0.0, Sum: 11.2]
      [GC Worker End (ms): Min: 95255337.0, Avg: 95255337.0, Max: 95255337.0, Diff: 0.0]
   [Code Root Fixup: 0.0 ms]
   [Code Root Purge: 0.0 ms]
   [Clear CT: 0.1 ms]
   [Other: 1.6 ms]
      [Evacuation Failure: 0.2 ms]
      [Choose CSet: 0.0 ms]
      [Ref Proc: 0.9 ms]
      [Ref Enq: 0.1 ms]
      [Redirty Cards: 0.1 ms]
      [Humongous Register: 0.1 ms]
      [Humongous Reclaim: 0.1 ms]
      [Free CSet: 0.1 ms]
   [Eden: 173.0M(173.0M)->0.0B(13312.0K) Survivors: 2048.0K->12288.0K Heap: 452.8M(512.0M)->241.0M(512.0M)]
Heap after GC invocations=78 (full 0):
 garbage-first heap   total 524288K, used 246767K [0x00000000e0000000, 0x00000000e0101000, 0x0000000100000000)
  region size 1024K, 12 young (12288K), 12 survivors (12288K)
 Metaspace       used 55182K, capacity 57250K, committed 57856K, reserved 1099776K
  class space    used 6533K, capacity 6999K, committed 7168K, reserved 1048576K
}
 [Times: user=0.02 sys=0.00, real=0.01 secs] 
2023-04-21T22:18:14.986+0000: 95255.339: Total time for which application threads were stopped: 0.0077141 seconds, Stopping threads took: 0.0000310 seconds
{Heap before GC invocations=78 (full 0):
 garbage-first heap   total 524288K, used 260079K [0x00000000e0000000, 0x00000000e0101000, 0x0000000100000000)
  region size 1024K, 25 young (25600K), 12 survivors (12288K)
 Metaspace       used 55182K, capacity 57250K, committed 57856K, reserved 1099776K
  class space    used 6533K, capacity 6999K, committed 7168K, reserved 1048576K
2023-04-21T22:18:15.163+0000: 95255.516: [GC pause (G1 Evacuation Pause) (mixed)
Desired survivor size 2097152 bytes, new threshold 1 (max 15)
- age   1:   11600384 bytes,   11600384 total
- age   3:     172992 bytes,   11773376 total
, 0.0052904 secs]
   [Parallel Time: 4.0 ms, GC Workers: 2]
      [GC Worker Start (ms): Min: 95255516.0, Avg: 95255516.0, Max: 95255516.1, Diff: 0.0]
      [Ext Root Scanning (ms): Min: 1.3, Avg: 1.3, Max: 1.4, Diff: 0.0, Sum: 2.7]
      [Update RS (ms): Min: 0.1, Avg: 0.1, Max: 0.1, Diff: 0.0, Sum: 0.3]
         [Processed Buffers: Min: 3, Avg: 3.0, Max: 3, Diff: 0, Sum: 6]
      [Scan RS (ms): Min: 0.1, Avg: 0.1, Max: 0.1, Diff: 0.0, Sum: 0.1]
      [Code Root Scanning (ms): Min: 0.0, Avg: 0.0, Max: 0.0, Diff: 0.0, Sum: 0.0]
      [Object Copy (ms): Min: 2.2, Avg: 2.3, Max: 2.3, Diff: 0.0, Sum: 4.5]
      [Termination (ms): Min: 0.0, Avg: 0.0, Max: 0.1, Diff: 0.1, Sum: 0.1]
         [Termination Attempts: Min: 1, Avg: 1.0, Max: 1, Diff: 0, Sum: 2]
      [GC Worker Other (ms): Min: 0.0, Avg: 0.0, Max: 0.0, Diff: 0.0, Sum: 0.0]
      [GC Worker Total (ms): Min: 3.9, Avg: 3.9, Max: 3.9, Diff: 0.0, Sum: 7.7]
      [GC Worker End (ms): Min: 95255519.9, Avg: 95255519.9, Max: 95255519.9, Diff: 0.0]
   [Code Root Fixup: 0.0 ms]
   [Code Root Purge: 0.0 ms]
   [Clear CT: 0.1 ms]
   [Other: 1.2 ms]
      [Choose CSet: 0.0 ms]
      [Ref Proc: 0.9 ms]
      [Ref Enq: 0.1 ms]
      [Redirty Cards: 0.1 ms]
      [Humongous Register: 0.1 ms]
      [Humongous Reclaim: 0.0 ms]
      [Free CSet: 0.0 ms]
   [Eden: 13312.0K(13312.0K)->0.0B(165.0M) Survivors: 12288.0K->4096.0K Heap: 254.0M(512.0M)->238.7M(512.0M)]
Heap after GC invocations=79 (full 0):
 garbage-first heap   total 524288K, used 244456K [0x00000000e0000000, 0x00000000e0101000, 0x0000000100000000)
  region size 1024K, 4 young (4096K), 4 survivors (4096K)
 Metaspace       used 55182K, capacity 57250K, committed 57856K, reserved 1099776K
  class space    used 6533K, capacity 6999K, committed 7168K, reserved 1048576K
}
 [Times: user=0.01 sys=0.00, real=0.00 secs] 
2023-04-21T22:18:15.169+0000: 95255.521: Total time for which application threads were stopped: 0.0055502 seconds, Stopping threads took: 0.0000318 seconds
{Heap before GC invocations=79 (full 0):
 garbage-first heap   total 524288K, used 246504K [0x00000000e0000000, 0x00000000e0101000, 0x0000000100000000)
  region size 1024K, 7 young (7168K), 4 survivors (4096K)
 Metaspace       used 55182K, capacity 57250K, committed 57856K, reserved 1099776K
  class space    used 6533K, capacity 6999K, committed 7168K, reserved 1048576K
2023-04-21T22:18:15.194+0000: 95255.547: [GC pause (G1 Humongous Allocation) (young) (initial-mark)
Desired survivor size 11534336 bytes, new threshold 15 (max 15)
- age   1:    3236904 bytes,    3236904 total
, 0.0040985 secs]
   [Parallel Time: 2.9 ms, GC Workers: 2]
      [GC Worker Start (ms): Min: 95255547.2, Avg: 95255547.2, Max: 95255547.2, Diff: 0.0]
      [Ext Root Scanning (ms): Min: 1.7, Avg: 1.7, Max: 1.7, Diff: 0.1, Sum: 3.4]
      [Update RS (ms): Min: 0.3, Avg: 0.3, Max: 0.4, Diff: 0.1, Sum: 0.6]
         [Processed Buffers: Min: 2, Avg: 2.5, Max: 3, Diff: 1, Sum: 5]
      [Scan RS (ms): Min: 0.0, Avg: 0.0, Max: 0.0, Diff: 0.0, Sum: 0.0]
      [Code Root Scanning (ms): Min: 0.0, Avg: 0.0, Max: 0.0, Diff: 0.0, Sum: 0.0]
      [Object Copy (ms): Min: 0.6, Avg: 0.6, Max: 0.7, Diff: 0.2, Sum: 1.3]
      [Termination (ms): Min: 0.0, Avg: 0.0, Max: 0.0, Diff: 0.0, Sum: 0.0]
         [Termination Attempts: Min: 1, Avg: 1.0, Max: 1, Diff: 0, Sum: 2]
      [GC Worker Other (ms): Min: 0.0, Avg: 0.0, Max: 0.0, Diff: 0.0, Sum: 0.0]
      [GC Worker Total (ms): Min: 2.7, Avg: 2.7, Max: 2.7, Diff: 0.0, Sum: 5.4]
      [GC Worker End (ms): Min: 95255549.9, Avg: 95255549.9, Max: 95255549.9, Diff: 0.0]
   [Code Root Fixup: 0.0 ms]
   [Code Root Purge: 0.0 ms]
   [Clear CT: 0.1 ms]
   [Other: 1.2 ms]
      [Choose CSet: 0.0 ms]
      [Ref Proc: 0.8 ms]
      [Ref Enq: 0.1 ms]
      [Redirty Cards: 0.1 ms]
      [Humongous Register: 0.1 ms]
      [Humongous Reclaim: 0.0 ms]
      [Free CSet: 0.0 ms]
   [Eden: 3072.0K(165.0M)->0.0B(161.0M) Survivors: 4096.0K->5120.0K Heap: 241.3M(512.0M)->239.2M(512.0M)]
Heap after GC invocations=80 (full 0):
 garbage-first heap   total 524288K, used 244906K [0x00000000e0000000, 0x00000000e0101000, 0x0000000100000000)
  region size 1024K, 5 young (5120K), 5 survivors (5120K)
 Metaspace       used 55182K, capacity 57250K, committed 57856K, reserved 1099776K
  class space    used 6533K, capacity 6999K, committed 7168K, reserved 1048576K
}
 [Times: user=0.01 sys=0.00, real=0.00 secs] 
2023-04-21T22:18:15.198+0000: 95255.551: [GC concurrent-root-region-scan-start]
2023-04-21T22:18:15.198+0000: 95255.551: Total time for which application threads were stopped: 0.0043492 seconds, Stopping threads took: 0.0000227 seconds
2023-04-21T22:18:15.199+0000: 95255.552: [GC concurrent-root-region-scan-end, 0.0006885 secs]
2023-04-21T22:18:15.199+0000: 95255.552: [GC concurrent-mark-start]
2023-04-21T22:18:15.271+0000: 95255.624: [GC concurrent-mark-end, 0.0722227 secs]
2023-04-21T22:18:15.275+0000: 95255.627: [GC remark 2023-04-21T22:18:15.275+0000: 95255.627: [Finalize Marking, 0.0002093 secs] 2023-04-21T22:18:15.275+0000: 95255.628: [GC ref-proc, 0.0013218 secs] 2023-04-21T22:18:15.276+0000: 95255.629: [Unloading, 0.0126927 secs], 0.0150314 secs]
 [Times: user=0.03 sys=0.00, real=0.01 secs] 
2023-04-21T22:18:15.290+0000: 95255.642: Total time for which application threads were stopped: 0.0182892 seconds, Stopping threads took: 0.0031098 seconds
2023-04-21T22:18:15.295+0000: 95255.647: [GC cleanup 242M->206M(512M), 0.0016769 secs]
 [Times: user=0.00 sys=0.00, real=0.00 secs] 
2023-04-21T22:18:15.296+0000: 95255.649: Total time for which application threads were stopped: 0.0018203 seconds, Stopping threads took: 0.0000430 seconds
2023-04-21T22:18:15.296+0000: 95255.649: [GC concurrent-cleanup-start]
2023-04-21T22:18:15.296+0000: 95255.649: [GC concurrent-cleanup-end, 0.0000468 secs]
2023-04-21T22:18:19.297+0000: 95259.650: Total time for which application threads were stopped: 0.0001761 seconds, Stopping threads took: 0.0000570 seconds
{Heap before GC invocations=81 (full 0):
 garbage-first heap   total 524288K, used 461235K [0x00000000e0000000, 0x00000000e0101000, 0x0000000100000000)
  region size 1024K, 166 young (169984K), 5 survivors (5120K)
 Metaspace       used 55182K, capacity 57250K, committed 57856K, reserved 1099776K
  class space    used 6533K, capacity 6999K, committed 7168K, reserved 1048576K
2023-04-21T22:18:19.371+0000: 95259.724: [GC pause (G1 Humongous Allocation) (young)
Desired survivor size 11010048 bytes, new threshold 15 (max 15)
- age   1:     962192 bytes,     962192 total
- age   2:    3157528 bytes,    4119720 total
 (to-space exhausted), 0.0085935 secs]
   [Parallel Time: 5.6 ms, GC Workers: 2]
      [GC Worker Start (ms): Min: 95259723.7, Avg: 95259723.7, Max: 95259723.7, Diff: 0.0]
      [Ext Root Scanning (ms): Min: 1.4, Avg: 1.4, Max: 1.4, Diff: 0.0, Sum: 2.8]
      [Update RS (ms): Min: 2.6, Avg: 2.7, Max: 2.7, Diff: 0.1, Sum: 5.4]
         [Processed Buffers: Min: 75, Avg: 79.0, Max: 83, Diff: 8, Sum: 158]
      [Scan RS (ms): Min: 0.1, Avg: 0.1, Max: 0.2, Diff: 0.0, Sum: 0.3]
      [Code Root Scanning (ms): Min: 0.1, Avg: 0.1, Max: 0.1, Diff: 0.0, Sum: 0.1]
      [Object Copy (ms): Min: 1.2, Avg: 1.2, Max: 1.2, Diff: 0.1, Sum: 2.4]
      [Termination (ms): Min: 0.0, Avg: 0.0, Max: 0.0, Diff: 0.0, Sum: 0.0]
         [Termination Attempts: Min: 1, Avg: 1.0, Max: 1, Diff: 0, Sum: 2]
      [GC Worker Other (ms): Min: 0.0, Avg: 0.0, Max: 0.0, Diff: 0.0, Sum: 0.1]
      [GC Worker Total (ms): Min: 5.5, Avg: 5.5, Max: 5.5, Diff: 0.0, Sum: 11.0]
      [GC Worker End (ms): Min: 95259729.2, Avg: 95259729.2, Max: 95259729.2, Diff: 0.0]
   [Code Root Fixup: 0.0 ms]
   [Code Root Purge: 0.0 ms]
   [Clear CT: 0.1 ms]
   [Other: 2.9 ms]
      [Evacuation Failure: 1.4 ms]
      [Choose CSet: 0.0 ms]
      [Ref Proc: 1.0 ms]
      [Ref Enq: 0.1 ms]
      [Redirty Cards: 0.1 ms]
      [Humongous Register: 0.1 ms]
      [Humongous Reclaim: 0.2 ms]
      [Free CSet: 0.1 ms]
   [Eden: 161.0M(161.0M)->0.0B(25600.0K) Survivors: 5120.0K->0.0B Heap: 451.4M(512.0M)->308.3M(512.0M)]
Heap after GC invocations=82 (full 0):
 garbage-first heap   total 524288K, used 315665K [0x00000000e0000000, 0x00000000e0101000, 0x0000000100000000)
  region size 1024K, 0 young (0K), 0 survivors (0K)
 Metaspace       used 55182K, capacity 57250K, committed 57856K, reserved 1099776K
  class space    used 6533K, capacity 6999K, committed 7168K, reserved 1048576K
}
 [Times: user=0.02 sys=0.00, real=0.01 secs] 
2023-04-21T22:18:19.380+0000: 95259.732: Total time for which application threads were stopped: 0.0088876 seconds, Stopping threads took: 0.0000318 seconds
{Heap before GC invocations=82 (full 0):
 garbage-first heap   total 524288K, used 368041K [0x00000000e0000000, 0x00000000e0101000, 0x0000000100000000)
  region size 1024K, 25 young (25600K), 0 survivors (0K)
 Metaspace       used 55182K, capacity 57250K, committed 57856K, reserved 1099776K
  class space    used 6533K, capacity 6999K, committed 7168K, reserved 1048576K
2023-04-21T22:18:20.226+0000: 95260.578: [GC pause (G1 Evacuation Pause) (mixed)
Desired survivor size 2097152 bytes, new threshold 15 (max 15)
, 0.0064818 secs]
   [Parallel Time: 5.0 ms, GC Workers: 2]
      [GC Worker Start (ms): Min: 95260578.5, Avg: 95260578.6, Max: 95260578.6, Diff: 0.0]
      [Ext Root Scanning (ms): Min: 1.4, Avg: 1.4, Max: 1.4, Diff: 0.0, Sum: 2.7]
      [Update RS (ms): Min: 2.8, Avg: 2.8, Max: 2.8, Diff: 0.0, Sum: 5.6]
         [Processed Buffers: Min: 75, Avg: 77.0, Max: 79, Diff: 4, Sum: 154]
      [Scan RS (ms): Min: 0.0, Avg: 0.1, Max: 0.1, Diff: 0.1, Sum: 0.1]
      [Code Root Scanning (ms): Min: 0.0, Avg: 0.0, Max: 0.0, Diff: 0.0, Sum: 0.0]
      [Object Copy (ms): Min: 0.6, Avg: 0.6, Max: 0.7, Diff: 0.1, Sum: 1.3]
      [Termination (ms): Min: 0.0, Avg: 0.0, Max: 0.0, Diff: 0.0, Sum: 0.0]
         [Termination Attempts: Min: 1, Avg: 1.0, Max: 1, Diff: 0, Sum: 2]
      [GC Worker Other (ms): Min: 0.0, Avg: 0.0, Max: 0.0, Diff: 0.0, Sum: 0.0]
      [GC Worker Total (ms): Min: 4.9, Avg: 4.9, Max: 4.9, Diff: 0.0, Sum: 9.8]
      [GC Worker End (ms): Min: 95260583.5, Avg: 95260583.5, Max: 95260583.5, Diff: 0.0]
   [Code Root Fixup: 0.0 ms]
   [Code Root Purge: 0.0 ms]
   [Clear CT: 0.1 ms]
   [Other: 1.4 ms]
      [Choose CSet: 0.0 ms]
      [Ref Proc: 1.0 ms]
      [Ref Enq: 0.1 ms]
      [Redirty Cards: 0.1 ms]
      [Humongous Register: 0.1 ms]
      [Humongous Reclaim: 0.1 ms]
      [Free CSet: 0.1 ms]
   [Eden: 25600.0K(25600.0K)->0.0B(106.0M) Survivors: 0.0B->4096.0K Heap: 359.4M(512.0M)->308.0M(512.0M)]
Heap after GC invocations=83 (full 0):
 garbage-first heap   total 524288K, used 315411K [0x00000000e0000000, 0x00000000e0101000, 0x0000000100000000)
  region size 1024K, 4 young (4096K), 4 survivors (4096K)
 Metaspace       used 55182K, capacity 57250K, committed 57856K, reserved 1099776K
  class space    used 6533K, capacity 6999K, committed 7168K, reserved 1048576K
}
 [Times: user=0.01 sys=0.00, real=0.01 secs] 
2023-04-21T22:18:20.232+0000: 95260.585: Total time for which application threads were stopped: 0.0067467 seconds, Stopping threads took: 0.0000306 seconds
{Heap before GC invocations=83 (full 0):
 garbage-first heap   total 524288K, used 324627K [0x00000000e0000000, 0x00000000e0101000, 0x0000000100000000)
  region size 1024K, 14 young (14336K), 4 survivors (4096K)
 Metaspace       used 55182K, capacity 57250K, committed 57856K, reserved 1099776K
  class space    used 6533K, capacity 6999K, committed 7168K, reserved 1048576K
2023-04-21T22:18:20.370+0000: 95260.723: [GC pause (G1 Humongous Allocation) (young) (initial-mark)
Desired survivor size 7340032 bytes, new threshold 15 (max 15)
- age   1:    3067136 bytes,    3067136 total
, 0.0053426 secs]
   [Parallel Time: 2.9 ms, GC Workers: 2]
      [GC Worker Start (ms): Min: 95260723.3, Avg: 95260723.3, Max: 95260723.3, Diff: 0.0]
      [Ext Root Scanning (ms): Min: 1.7, Avg: 1.8, Max: 1.8, Diff: 0.1, Sum: 3.6]
      [Update RS (ms): Min: 0.2, Avg: 0.2, Max: 0.2, Diff: 0.1, Sum: 0.4]
         [Processed Buffers: Min: 2, Avg: 2.5, Max: 3, Diff: 1, Sum: 5]
      [Scan RS (ms): Min: 0.0, Avg: 0.0, Max: 0.0, Diff: 0.0, Sum: 0.0]
      [Code Root Scanning (ms): Min: 0.0, Avg: 0.0, Max: 0.0, Diff: 0.0, Sum: 0.0]
      [Object Copy (ms): Min: 0.7, Avg: 0.7, Max: 0.8, Diff: 0.1, Sum: 1.4]
      [Termination (ms): Min: 0.0, Avg: 0.0, Max: 0.0, Diff: 0.0, Sum: 0.0]
         [Termination Attempts: Min: 1, Avg: 1.0, Max: 1, Diff: 0, Sum: 2]
      [GC Worker Other (ms): Min: 0.0, Avg: 0.0, Max: 0.0, Diff: 0.0, Sum: 0.0]
      [GC Worker Total (ms): Min: 2.7, Avg: 2.7, Max: 2.7, Diff: 0.0, Sum: 5.4]
      [GC Worker End (ms): Min: 95260726.0, Avg: 95260726.0, Max: 95260726.0, Diff: 0.0]
   [Code Root Fixup: 0.0 ms]
   [Code Root Purge: 0.0 ms]
   [Clear CT: 0.1 ms]
   [Other: 2.4 ms]
      [Choose CSet: 0.0 ms]
      [Ref Proc: 2.0 ms]
      [Ref Enq: 0.1 ms]
      [Redirty Cards: 0.1 ms]
      [Humongous Register: 0.1 ms]
      [Humongous Reclaim: 0.0 ms]
      [Free CSet: 0.0 ms]
   [Eden: 10240.0K(106.0M)->0.0B(103.0M) Survivors: 4096.0K->5120.0K Heap: 317.8M(512.0M)->308.1M(512.0M)]
Heap after GC invocations=84 (full 0):
 garbage-first heap   total 524288K, used 315534K [0x00000000e0000000, 0x00000000e0101000, 0x0000000100000000)
  region size 1024K, 5 young (5120K), 5 survivors (5120K)
 Metaspace       used 55182K, capacity 57250K, committed 57856K, reserved 1099776K
  class space    used 6533K, capacity 6999K, committed 7168K, reserved 1048576K
}
 [Times: user=0.01 sys=0.00, real=0.01 secs] 
2023-04-21T22:18:20.376+0000: 2023-04-21T22:18:20.376+0000: 95260.728: [GC concurrent-root-region-scan-start]
95260.728: Total time for which application threads were stopped: 0.0056447 seconds, Stopping threads took: 0.0000336 seconds
2023-04-21T22:18:20.376+0000: 95260.729: [GC concurrent-root-region-scan-end, 0.0007172 secs]
2023-04-21T22:18:20.376+0000: 95260.729: [GC concurrent-mark-start]
2023-04-21T22:18:20.448+0000: 95260.801: [GC concurrent-mark-end, 0.0720081 secs]
2023-04-21T22:18:20.449+0000: 95260.801: [GC remark 2023-04-21T22:18:20.449+0000: 95260.801: [Finalize Marking, 0.0001848 secs] 2023-04-21T22:18:20.449+0000: 95260.802: [GC ref-proc, 0.0012998 secs] 2023-04-21T22:18:20.450+0000: 95260.803: [Unloading, 0.0124986 secs], 0.0147804 secs]
 [Times: user=0.03 sys=0.00, real=0.02 secs] 
2023-04-21T22:18:20.464+0000: 95260.816: Total time for which application threads were stopped: 0.0149884 seconds, Stopping threads took: 0.0000811 seconds
2023-04-21T22:18:20.469+0000: 95260.822: [GC cleanup 313M->273M(512M), 0.0010771 secs]
 [Times: user=0.00 sys=0.00, real=0.00 secs] 
2023-04-21T22:18:20.470+0000: 95260.823: Total time for which application threads were stopped: 0.0030139 seconds, Stopping threads took: 0.0018299 seconds
2023-04-21T22:18:20.470+0000: 95260.823: [GC concurrent-cleanup-start]
2023-04-21T22:18:20.471+0000: 95260.823: [GC concurrent-cleanup-end, 0.0000545 secs]
{Heap before GC invocations=85 (full 0):
 garbage-first heap   total 524288K, used 429138K [0x00000000e0000000, 0x00000000e0101000, 0x0000000100000000)
  region size 1024K, 108 young (110592K), 5 survivors (5120K)
 Metaspace       used 55182K, capacity 57250K, committed 57856K, reserved 1099776K
  class space    used 6533K, capacity 6999K, committed 7168K, reserved 1048576K
2023-04-21T22:18:22.873+0000: 95263.226: [GC pause (G1 Evacuation Pause) (young)
Desired survivor size 7340032 bytes, new threshold 15 (max 15)
- age   1:    2699032 bytes,    2699032 total
- age   2:    1521032 bytes,    4220064 total
, 0.0068789 secs]
   [Parallel Time: 5.4 ms, GC Workers: 2]
      [GC Worker Start (ms): Min: 95263226.2, Avg: 95263226.2, Max: 95263226.3, Diff: 0.0]
      [Ext Root Scanning (ms): Min: 1.3, Avg: 1.4, Max: 1.4, Diff: 0.0, Sum: 2.7]
      [Update RS (ms): Min: 2.8, Avg: 2.8, Max: 2.8, Diff: 0.1, Sum: 5.6]
         [Processed Buffers: Min: 71, Avg: 73.5, Max: 76, Diff: 5, Sum: 147]
      [Scan RS (ms): Min: 0.0, Avg: 0.1, Max: 0.1, Diff: 0.1, Sum: 0.2]
      [Code Root Scanning (ms): Min: 0.0, Avg: 0.0, Max: 0.0, Diff: 0.0, Sum: 0.1]
      [Object Copy (ms): Min: 1.0, Avg: 1.0, Max: 1.0, Diff: 0.0, Sum: 2.1]
      [Termination (ms): Min: 0.0, Avg: 0.0, Max: 0.0, Diff: 0.0, Sum: 0.0]
         [Termination Attempts: Min: 1, Avg: 1.0, Max: 1, Diff: 0, Sum: 2]
      [GC Worker Other (ms): Min: 0.0, Avg: 0.0, Max: 0.0, Diff: 0.0, Sum: 0.0]
      [GC Worker Total (ms): Min: 5.3, Avg: 5.3, Max: 5.3, Diff: 0.0, Sum: 10.6]
      [GC Worker End (ms): Min: 95263231.6, Avg: 95263231.6, Max: 95263231.6, Diff: 0.0]
   [Code Root Fixup: 0.0 ms]
   [Code Root Purge: 0.0 ms]
   [Clear CT: 0.1 ms]
   [Other: 1.4 ms]
      [Choose CSet: 0.0 ms]
      [Ref Proc: 0.9 ms]
      [Ref Enq: 0.1 ms]
      [Redirty Cards: 0.1 ms]
      [Humongous Register: 0.1 ms]
      [Humongous Reclaim: 0.1 ms]
      [Free CSet: 0.1 ms]
   [Eden: 103.0M(103.0M)->0.0B(18432.0K) Survivors: 5120.0K->7168.0K Heap: 419.1M(512.0M)->270.4M(512.0M)]
Heap after GC invocations=86 (full 0):
 garbage-first heap   total 524288K, used 276928K [0x00000000e0000000, 0x00000000e0101000, 0x0000000100000000)
  region size 1024K, 7 young (7168K), 7 survivors (7168K)
 Metaspace       used 55182K, capacity 57250K, committed 57856K, reserved 1099776K
  class space    used 6533K, capacity 6999K, committed 7168K, reserved 1048576K
}
 [Times: user=0.01 sys=0.00, real=0.01 secs] 
2023-04-21T22:18:22.880+0000: 95263.233: Total time for which application threads were stopped: 0.0071503 seconds, Stopping threads took: 0.0000322 seconds
{Heap before GC invocations=86 (full 0):
 garbage-first heap   total 524288K, used 297452K [0x00000000e0000000, 0x00000000e0101000, 0x0000000100000000)
  region size 1024K, 25 young (25600K), 7 survivors (7168K)
 Metaspace       used 55182K, capacity 57250K, committed 57856K, reserved 1099776K
  class space    used 6533K, capacity 6999K, committed 7168K, reserved 1048576K
2023-04-21T22:18:23.148+0000: 95263.501: [GC pause (G1 Evacuation Pause) (mixed)
Desired survivor size 2097152 bytes, new threshold 1 (max 15)
- age   1:    4344416 bytes,    4344416 total
- age   2:     793768 bytes,    5138184 total
- age   3:    1305992 bytes,    6444176 total
, 0.0052495 secs]
   [Parallel Time: 3.7 ms, GC Workers: 2]
      [GC Worker Start (ms): Min: 95263501.1, Avg: 95263501.2, Max: 95263501.2, Diff: 0.0]
      [Ext Root Scanning (ms): Min: 1.4, Avg: 1.4, Max: 1.4, Diff: 0.0, Sum: 2.8]
      [Update RS (ms): Min: 0.3, Avg: 0.4, Max: 0.4, Diff: 0.1, Sum: 0.8]
         [Processed Buffers: Min: 9, Avg: 10.5, Max: 12, Diff: 3, Sum: 21]
      [Scan RS (ms): Min: 0.1, Avg: 0.1, Max: 0.1, Diff: 0.0, Sum: 0.2]
      [Code Root Scanning (ms): Min: 0.0, Avg: 0.0, Max: 0.0, Diff: 0.0, Sum: 0.1]
      [Object Copy (ms): Min: 1.7, Avg: 1.7, Max: 1.7, Diff: 0.0, Sum: 3.4]
      [Termination (ms): Min: 0.0, Avg: 0.0, Max: 0.0, Diff: 0.0, Sum: 0.0]
         [Termination Attempts: Min: 1, Avg: 1.0, Max: 1, Diff: 0, Sum: 2]
      [GC Worker Other (ms): Min: 0.0, Avg: 0.0, Max: 0.0, Diff: 0.0, Sum: 0.0]
      [GC Worker Total (ms): Min: 3.6, Avg: 3.6, Max: 3.6, Diff: 0.0, Sum: 7.2]
      [GC Worker End (ms): Min: 95263504.8, Avg: 95263504.8, Max: 95263504.8, Diff: 0.0]
   [Code Root Fixup: 0.0 ms]
   [Code Root Purge: 0.0 ms]
   [Clear CT: 0.1 ms]
   [Other: 1.4 ms]
      [Choose CSet: 0.0 ms]
      [Ref Proc: 0.9 ms]
      [Ref Enq: 0.1 ms]
      [Redirty Cards: 0.1 ms]
      [Humongous Register: 0.1 ms]
      [Humongous Reclaim: 0.0 ms]
      [Free CSet: 0.1 ms]
   [Eden: 18432.0K(18432.0K)->0.0B(21504.0K) Survivors: 7168.0K->4096.0K Heap: 290.5M(512.0M)->220.7M(512.0M)]
Heap after GC invocations=87 (full 0):
 garbage-first heap   total 524288K, used 225962K [0x00000000e0000000, 0x00000000e0101000, 0x0000000100000000)
  region size 1024K, 4 young (4096K), 4 survivors (4096K)
 Metaspace       used 55182K, capacity 57250K, committed 57856K, reserved 1099776K
  class space    used 6533K, capacity 6999K, committed 7168K, reserved 1048576K
}
 [Times: user=0.01 sys=0.00, real=0.01 secs] 
2023-04-21T22:18:23.154+0000: 95263.506: Total time for which application threads were stopped: 0.0055362 seconds, Stopping threads took: 0.0000335 seconds
{Heap before GC invocations=87 (full 0):
 garbage-first heap   total 524288K, used 252032K [0x00000000e0000000, 0x00000000e0101000, 0x0000000100000000)
  region size 1024K, 25 young (25600K), 4 survivors (4096K)
 Metaspace       used 55182K, capacity 57250K, committed 57856K, reserved 1099776K
  class space    used 6533K, capacity 6999K, committed 7168K, reserved 1048576K
2023-04-21T22:18:23.489+0000: 95263.842: [GC pause (G1 Evacuation Pause) (mixed)
Desired survivor size 2097152 bytes, new threshold 1 (max 15)
- age   1:    3377896 bytes,    3377896 total
, 0.0053547 secs]
   [Parallel Time: 4.1 ms, GC Workers: 2]
      [GC Worker Start (ms): Min: 95263842.3, Avg: 95263842.3, Max: 95263842.3, Diff: 0.0]
      [Ext Root Scanning (ms): Min: 1.4, Avg: 1.4, Max: 1.4, Diff: 0.0, Sum: 2.8]
      [Update RS (ms): Min: 0.8, Avg: 0.9, Max: 0.9, Diff: 0.0, Sum: 1.7]
         [Processed Buffers: Min: 18, Avg: 20.0, Max: 22, Diff: 4, Sum: 40]
      [Scan RS (ms): Min: 0.1, Avg: 0.1, Max: 0.1, Diff: 0.0, Sum: 0.2]
      [Code Root Scanning (ms): Min: 0.0, Avg: 0.0, Max: 0.0, Diff: 0.0, Sum: 0.0]
      [Object Copy (ms): Min: 1.5, Avg: 1.6, Max: 1.6, Diff: 0.0, Sum: 3.1]
      [Termination (ms): Min: 0.0, Avg: 0.0, Max: 0.0, Diff: 0.0, Sum: 0.0]
         [Termination Attempts: Min: 1, Avg: 1.0, Max: 1, Diff: 0, Sum: 2]
      [GC Worker Other (ms): Min: 0.0, Avg: 0.0, Max: 0.0, Diff: 0.0, Sum: 0.0]
      [GC Worker Total (ms): Min: 3.9, Avg: 3.9, Max: 4.0, Diff: 0.0, Sum: 7.9]
      [GC Worker End (ms): Min: 95263846.2, Avg: 95263846.2, Max: 95263846.2, Diff: 0.0]
   [Code Root Fixup: 0.0 ms]
   [Code Root Purge: 0.0 ms]
   [Clear CT: 0.1 ms]
   [Other: 1.2 ms]
      [Choose CSet: 0.0 ms]
      [Ref Proc: 0.8 ms]
      [Ref Enq: 0.1 ms]
      [Redirty Cards: 0.1 ms]
      [Humongous Register: 0.1 ms]
      [Humongous Reclaim: 0.0 ms]
      [Free CSet: 0.1 ms]
   [Eden: 21504.0K(21504.0K)->0.0B(202.0M) Survivors: 4096.0K->4096.0K Heap: 246.1M(512.0M)->206.3M(512.0M)]
Heap after GC invocations=88 (full 0):
 garbage-first heap   total 524288K, used 211201K [0x00000000e0000000, 0x00000000e0101000, 0x0000000100000000)
  region size 1024K, 4 young (4096K), 4 survivors (4096K)
 Metaspace       used 55182K, capacity 57250K, committed 57856K, reserved 1099776K
  class space    used 6533K, capacity 6999K, committed 7168K, reserved 1048576K
}
 [Times: user=0.01 sys=0.00, real=0.01 secs] 
2023-04-21T22:18:23.495+0000: 95263.848: Total time for which application threads were stopped: 0.0056141 seconds, Stopping threads took: 0.0000335 seconds
{Heap before GC invocations=88 (full 0):
 garbage-first heap   total 524288K, used 230165K [0x00000000e0000000, 0x00000000e0101000, 0x0000000100000000)
  region size 1024K, 20 young (20480K), 4 survivors (4096K)
 Metaspace       used 55182K, capacity 57250K, committed 57856K, reserved 1099776K
  class space    used 6533K, capacity 6999K, committed 7168K, reserved 1048576K
2023-04-21T22:18:23.741+0000: 95264.094: [GC pause (G1 Humongous Allocation) (young) (initial-mark)
Desired survivor size 13631488 bytes, new threshold 15 (max 15)
- age   1:    3426240 bytes,    3426240 total
, 0.0049284 secs]
   [Parallel Time: 3.5 ms, GC Workers: 2]
      [GC Worker Start (ms): Min: 95264094.4, Avg: 95264094.4, Max: 95264094.4, Diff: 0.0]
      [Ext Root Scanning (ms): Min: 1.8, Avg: 1.8, Max: 1.9, Diff: 0.1, Sum: 3.7]
      [Update RS (ms): Min: 0.7, Avg: 0.7, Max: 0.7, Diff: 0.1, Sum: 1.4]
         [Processed Buffers: Min: 16, Avg: 16.0, Max: 16, Diff: 0, Sum: 32]
      [Scan RS (ms): Min: 0.0, Avg: 0.0, Max: 0.0, Diff: 0.0, Sum: 0.0]
      [Code Root Scanning (ms): Min: 0.0, Avg: 0.0, Max: 0.0, Diff: 0.0, Sum: 0.0]
      [Object Copy (ms): Min: 0.7, Avg: 0.8, Max: 0.8, Diff: 0.1, Sum: 1.5]
      [Termination (ms): Min: 0.0, Avg: 0.0, Max: 0.0, Diff: 0.0, Sum: 0.0]
         [Termination Attempts: Min: 1, Avg: 1.0, Max: 1, Diff: 0, Sum: 2]
      [GC Worker Other (ms): Min: 0.0, Avg: 0.0, Max: 0.0, Diff: 0.0, Sum: 0.0]
      [GC Worker Total (ms): Min: 3.3, Avg: 3.3, Max: 3.3, Diff: 0.0, Sum: 6.7]
      [GC Worker End (ms): Min: 95264097.7, Avg: 95264097.7, Max: 95264097.7, Diff: 0.0]
   [Code Root Fixup: 0.0 ms]
   [Code Root Purge: 0.0 ms]
   [Clear CT: 0.1 ms]
   [Other: 1.3 ms]
      [Choose CSet: 0.0 ms]
      [Ref Proc: 0.9 ms]
      [Ref Enq: 0.1 ms]
      [Redirty Cards: 0.1 ms]
      [Humongous Register: 0.1 ms]
      [Humongous Reclaim: 0.0 ms]
      [Free CSet: 0.0 ms]
   [Eden: 16384.0K(202.0M)->0.0B(190.0M) Survivors: 4096.0K->5120.0K Heap: 225.7M(512.0M)->207.8M(512.0M)]
Heap after GC invocations=89 (full 0):
 garbage-first heap   total 524288K, used 212834K [0x00000000e0000000, 0x00000000e0101000, 0x0000000100000000)
  region size 1024K, 5 young (5120K), 5 survivors (5120K)
 Metaspace       used 55182K, capacity 57250K, committed 57856K, reserved 1099776K
  class space    used 6533K, capacity 6999K, committed 7168K, reserved 1048576K
}
 [Times: user=0.01 sys=0.00, real=0.00 secs] 
2023-04-21T22:18:23.746+0000: 2023-04-21T22:18:23.746+0000: 95264.099: [GC concurrent-root-region-scan-start]
95264.099: Total time for which application threads were stopped: 0.0052435 seconds, Stopping threads took: 0.0000348 seconds
2023-04-21T22:18:23.747+0000: 95264.100: [GC concurrent-root-region-scan-end, 0.0007610 secs]
2023-04-21T22:18:23.747+0000: 95264.100: [GC concurrent-mark-start]
2023-04-21T22:18:23.819+0000: 95264.172: [GC concurrent-mark-end, 0.0722205 secs]
2023-04-21T22:18:23.823+0000: 95264.175: [GC remark 2023-04-21T22:18:23.823+0000: 95264.175: [Finalize Marking, 0.0001304 secs] 2023-04-21T22:18:23.823+0000: 95264.176: [GC ref-proc, 0.0015189 secs] 2023-04-21T22:18:23.824+0000: 95264.177: [Unloading, 0.0126343 secs], 0.0150669 secs]
 [Times: user=0.03 sys=0.00, real=0.01 secs] 
2023-04-21T22:18:23.838+0000: 95264.190: Total time for which application threads were stopped: 0.0183506 seconds, Stopping threads took: 0.0031541 seconds
2023-04-21T22:18:23.838+0000: 95264.191: [GC cleanup 212M->210M(512M), 0.0011020 secs]
 [Times: user=0.00 sys=0.00, real=0.01 secs] 
2023-04-21T22:18:23.839+0000: 95264.192: Total time for which application threads were stopped: 0.0012698 seconds, Stopping threads took: 0.0000620 seconds
2023-04-21T22:18:23.839+0000: 95264.192: [GC concurrent-cleanup-start]
2023-04-21T22:18:23.839+0000: 95264.192: [GC concurrent-cleanup-end, 0.0000153 secs]
{Heap before GC invocations=90 (full 0):
 garbage-first heap   total 524288K, used 452442K [0x00000000e0000000, 0x00000000e0101000, 0x0000000100000000)
  region size 1024K, 195 young (199680K), 5 survivors (5120K)
 Metaspace       used 55182K, capacity 57250K, committed 57856K, reserved 1099776K
  class space    used 6533K, capacity 6999K, committed 7168K, reserved 1048576K
2023-04-21T22:18:27.171+0000: 95267.524: [GC pause (G1 Evacuation Pause) (young)
Desired survivor size 13107200 bytes, new threshold 15 (max 15)
- age   1:    3467528 bytes,    3467528 total
- age   2:     914784 bytes,    4382312 total
, 0.0085332 secs]
   [Parallel Time: 6.8 ms, GC Workers: 2]
      [GC Worker Start (ms): Min: 95267523.7, Avg: 95267523.8, Max: 95267523.8, Diff: 0.0]
      [Ext Root Scanning (ms): Min: 1.3, Avg: 1.3, Max: 1.4, Diff: 0.0, Sum: 2.7]
      [Update RS (ms): Min: 3.4, Avg: 3.4, Max: 3.4, Diff: 0.0, Sum: 6.8]
         [Processed Buffers: Min: 102, Avg: 103.5, Max: 105, Diff: 3, Sum: 207]
      [Scan RS (ms): Min: 0.1, Avg: 0.1, Max: 0.1, Diff: 0.0, Sum: 0.3]
      [Code Root Scanning (ms): Min: 0.1, Avg: 0.1, Max: 0.1, Diff: 0.0, Sum: 0.1]
      [Object Copy (ms): Min: 1.7, Avg: 1.7, Max: 1.7, Diff: 0.0, Sum: 3.5]
      [Termination (ms): Min: 0.0, Avg: 0.0, Max: 0.0, Diff: 0.0, Sum: 0.0]
         [Termination Attempts: Min: 1, Avg: 1.0, Max: 1, Diff: 0, Sum: 2]
      [GC Worker Other (ms): Min: 0.0, Avg: 0.0, Max: 0.0, Diff: 0.0, Sum: 0.0]
      [GC Worker Total (ms): Min: 6.7, Avg: 6.7, Max: 6.7, Diff: 0.0, Sum: 13.4]
      [GC Worker End (ms): Min: 95267530.4, Avg: 95267530.4, Max: 95267530.4, Diff: 0.0]
   [Code Root Fixup: 0.0 ms]
   [Code Root Purge: 0.0 ms]
   [Clear CT: 0.1 ms]
   [Other: 1.6 ms]
      [Choose CSet: 0.0 ms]
      [Ref Proc: 1.1 ms]
      [Ref Enq: 0.1 ms]
      [Redirty Cards: 0.1 ms]
      [Humongous Register: 0.1 ms]
      [Humongous Reclaim: 0.1 ms]
      [Free CSet: 0.1 ms]
   [Eden: 190.0M(190.0M)->0.0B(12288.0K) Survivors: 5120.0K->13312.0K Heap: 441.8M(512.0M)->215.9M(512.0M)]
Heap after GC invocations=91 (full 0):
 garbage-first heap   total 524288K, used 221120K [0x00000000e0000000, 0x00000000e0101000, 0x0000000100000000)
  region size 1024K, 13 young (13312K), 13 survivors (13312K)
 Metaspace       used 55182K, capacity 57250K, committed 57856K, reserved 1099776K
  class space    used 6533K, capacity 6999K, committed 7168K, reserved 1048576K
}
 [Times: user=0.02 sys=0.00, real=0.01 secs] 
2023-04-21T22:18:27.180+0000: 95267.532: Total time for which application threads were stopped: 0.0088286 seconds, Stopping threads took: 0.0000318 seconds
{Heap before GC invocations=91 (full 0):
 garbage-first heap   total 524288K, used 242565K [0x00000000e0000000, 0x00000000e0101000, 0x0000000100000000)
  region size 1024K, 25 young (25600K), 13 survivors (13312K)
 Metaspace       used 55182K, capacity 57250K, committed 57856K, reserved 1099776K
  class space    used 6533K, capacity 6999K, committed 7168K, reserved 1048576K
2023-04-21T22:18:27.519+0000: 95267.871: [GC pause (G1 Evacuation Pause) (mixed)
Desired survivor size 2097152 bytes, new threshold 1 (max 15)
- age   1:   11584032 bytes,   11584032 total
- age   2:     274360 bytes,   11858392 total
- age   3:        352 bytes,   11858744 total
, 0.0063717 secs]
   [Parallel Time: 4.9 ms, GC Workers: 2]
      [GC Worker Start (ms): Min: 95267871.5, Avg: 95267871.5, Max: 95267871.6, Diff: 0.0]
      [Ext Root Scanning (ms): Min: 1.4, Avg: 1.4, Max: 1.4, Diff: 0.0, Sum: 2.8]
      [Update RS (ms): Min: 1.3, Avg: 1.4, Max: 1.5, Diff: 0.1, Sum: 2.8]
         [Processed Buffers: Min: 37, Avg: 38.0, Max: 39, Diff: 2, Sum: 76]
      [Scan RS (ms): Min: 0.1, Avg: 0.1, Max: 0.1, Diff: 0.1, Sum: 0.2]
      [Code Root Scanning (ms): Min: 0.0, Avg: 0.0, Max: 0.0, Diff: 0.0, Sum: 0.0]
      [Object Copy (ms): Min: 1.9, Avg: 1.9, Max: 2.0, Diff: 0.1, Sum: 3.9]
      [Termination (ms): Min: 0.0, Avg: 0.0, Max: 0.0, Diff: 0.0, Sum: 0.0]
         [Termination Attempts: Min: 1, Avg: 1.0, Max: 1, Diff: 0, Sum: 2]
      [GC Worker Other (ms): Min: 0.0, Avg: 0.0, Max: 0.0, Diff: 0.0, Sum: 0.0]
      [GC Worker Total (ms): Min: 4.8, Avg: 4.9, Max: 4.9, Diff: 0.0, Sum: 9.7]
      [GC Worker End (ms): Min: 95267876.4, Avg: 95267876.4, Max: 95267876.4, Diff: 0.0]
   [Code Root Fixup: 0.0 ms]
   [Code Root Purge: 0.0 ms]
   [Clear CT: 0.1 ms]
   [Other: 1.4 ms]
      [Choose CSet: 0.0 ms]
      [Ref Proc: 1.0 ms]
      [Ref Enq: 0.1 ms]
      [Redirty Cards: 0.1 ms]
      [Humongous Register: 0.1 ms]
      [Humongous Reclaim: 0.0 ms]
      [Free CSet: 0.1 ms]
   [Eden: 12288.0K(12288.0K)->0.0B(193.0M) Survivors: 13312.0K->2048.0K Heap: 236.9M(512.0M)->211.1M(512.0M)]
Heap after GC invocations=92 (full 0):
 garbage-first heap   total 524288K, used 216199K [0x00000000e0000000, 0x00000000e0101000, 0x0000000100000000)
  region size 1024K, 2 young (2048K), 2 survivors (2048K)
 Metaspace       used 55182K, capacity 57250K, committed 57856K, reserved 1099776K
  class space    used 6533K, capacity 6999K, committed 7168K, reserved 1048576K
}
 [Times: user=0.01 sys=0.00, real=0.00 secs] 
2023-04-21T22:18:27.525+0000: 95267.878: Total time for which application threads were stopped: 0.0066705 seconds, Stopping threads took: 0.0000381 seconds
{Heap before GC invocations=92 (full 0):
 garbage-first heap   total 524288K, used 223367K [0x00000000e0000000, 0x00000000e0101000, 0x0000000100000000)
  region size 1024K, 10 young (10240K), 2 survivors (2048K)
 Metaspace       used 55182K, capacity 57250K, committed 57856K, reserved 1099776K
  class space    used 6533K, capacity 6999K, committed 7168K, reserved 1048576K
2023-04-21T22:18:27.628+0000: 95267.981: [GC pause (G1 Humongous Allocation) (young) (initial-mark)
Desired survivor size 13107200 bytes, new threshold 15 (max 15)
- age   1:     770648 bytes,     770648 total
, 0.0037790 secs]
   [Parallel Time: 2.5 ms, GC Workers: 2]
      [GC Worker Start (ms): Min: 95267981.5, Avg: 95267981.5, Max: 95267981.5, Diff: 0.0]
      [Ext Root Scanning (ms): Min: 1.8, Avg: 1.8, Max: 1.9, Diff: 0.1, Sum: 3.6]
      [Update RS (ms): Min: 0.3, Avg: 0.3, Max: 0.3, Diff: 0.1, Sum: 0.6]
         [Processed Buffers: Min: 2, Avg: 2.5, Max: 3, Diff: 1, Sum: 5]
      [Scan RS (ms): Min: 0.0, Avg: 0.0, Max: 0.0, Diff: 0.0, Sum: 0.0]
      [Code Root Scanning (ms): Min: 0.0, Avg: 0.0, Max: 0.0, Diff: 0.0, Sum: 0.0]
      [Object Copy (ms): Min: 0.1, Avg: 0.2, Max: 0.2, Diff: 0.0, Sum: 0.3]
      [Termination (ms): Min: 0.0, Avg: 0.0, Max: 0.0, Diff: 0.0, Sum: 0.0]
         [Termination Attempts: Min: 1, Avg: 1.0, Max: 1, Diff: 0, Sum: 2]
      [GC Worker Other (ms): Min: 0.0, Avg: 0.0, Max: 0.0, Diff: 0.0, Sum: 0.0]
      [GC Worker Total (ms): Min: 2.3, Avg: 2.3, Max: 2.3, Diff: 0.0, Sum: 4.6]
      [GC Worker End (ms): Min: 95267983.8, Avg: 95267983.8, Max: 95267983.8, Diff: 0.0]
   [Code Root Fixup: 0.0 ms]
   [Code Root Purge: 0.0 ms]
   [Clear CT: 0.1 ms]
   [Other: 1.3 ms]
      [Choose CSet: 0.0 ms]
      [Ref Proc: 0.9 ms]
      [Ref Enq: 0.1 ms]
      [Redirty Cards: 0.1 ms]
      [Humongous Register: 0.1 ms]
      [Humongous Reclaim: 0.0 ms]
      [Free CSet: 0.0 ms]
   [Eden: 8192.0K(193.0M)->0.0B(201.0M) Survivors: 2048.0K->1024.0K Heap: 218.9M(512.0M)->210.4M(512.0M)]
Heap after GC invocations=93 (full 0):
 garbage-first heap   total 524288K, used 215400K [0x00000000e0000000, 0x00000000e0101000, 0x0000000100000000)
  region size 1024K, 1 young (1024K), 1 survivors (1024K)
 Metaspace       used 55182K, capacity 57250K, committed 57856K, reserved 1099776K
  class space    used 6533K, capacity 6999K, committed 7168K, reserved 1048576K
}
 [Times: user=0.00 sys=0.00, real=0.01 secs] 
2023-04-21T22:18:27.632+0000: 95267.985: 2023-04-21T22:18:27.632+0000: Total time for which application threads were stopped: 0.0040609 seconds, Stopping threads took: 0.0000350 seconds
95267.985: [GC concurrent-root-region-scan-start]
2023-04-21T22:18:27.633+0000: 95267.986: [GC concurrent-root-region-scan-end, 0.0005266 secs]
2023-04-21T22:18:27.633+0000: 95267.986: [GC concurrent-mark-start]
2023-04-21T22:18:27.705+0000: 95268.058: [GC concurrent-mark-end, 0.0721504 secs]
2023-04-21T22:18:27.705+0000: 95268.058: [GC remark 2023-04-21T22:18:27.705+0000: 95268.058: [Finalize Marking, 0.0001931 secs] 2023-04-21T22:18:27.706+0000: 95268.058: [GC ref-proc, 0.0011588 secs] 2023-04-21T22:18:27.707+0000: 95268.059: [Unloading, 0.0129969 secs], 0.0151787 secs]
 [Times: user=0.03 sys=0.00, real=0.02 secs] 
2023-04-21T22:18:27.721+0000: 95268.073: Total time for which application threads were stopped: 0.0154109 seconds, Stopping threads took: 0.0000917 seconds
2023-04-21T22:18:27.721+0000: 95268.073: [GC cleanup 216M->210M(512M), 0.0010537 secs]
 [Times: user=0.00 sys=0.00, real=0.00 secs] 
2023-04-21T22:18:27.722+0000: 95268.075: Total time for which application threads were stopped: 0.0012205 seconds, Stopping threads took: 0.0000675 seconds
2023-04-21T22:18:27.723+0000: 95268.075: [GC concurrent-cleanup-start]
2023-04-21T22:18:27.723+0000: 95268.075: [GC concurrent-cleanup-end, 0.0000238 secs]
{Heap before GC invocations=94 (full 0):
 garbage-first heap   total 524288K, used 464708K [0x00000000e0000000, 0x00000000e0101000, 0x0000000100000000)
  region size 1024K, 164 young (167936K), 1 survivors (1024K)
 Metaspace       used 55182K, capacity 57250K, committed 57856K, reserved 1099776K
  class space    used 6533K, capacity 6999K, committed 7168K, reserved 1048576K
2023-04-21T22:18:31.482+0000: 95271.835: [GC pause (G1 Humongous Allocation) (young)
Desired survivor size 13631488 bytes, new threshold 15 (max 15)
- age   1:     209312 bytes,     209312 total
 (to-space exhausted), 0.0088521 secs]
   [Parallel Time: 6.2 ms, GC Workers: 2]
      [GC Worker Start (ms): Min: 95271834.9, Avg: 95271835.1, Max: 95271835.3, Diff: 0.4]
      [Ext Root Scanning (ms): Min: 1.2, Avg: 1.3, Max: 1.5, Diff: 0.3, Sum: 2.7]
      [Update RS (ms): Min: 3.4, Avg: 3.4, Max: 3.4, Diff: 0.0, Sum: 6.8]
         [Processed Buffers: Min: 95, Avg: 96.0, Max: 97, Diff: 2, Sum: 192]
      [Scan RS (ms): Min: 0.1, Avg: 0.1, Max: 0.1, Diff: 0.0, Sum: 0.2]
      [Code Root Scanning (ms): Min: 0.0, Avg: 0.1, Max: 0.1, Diff: 0.0, Sum: 0.1]
      [Object Copy (ms): Min: 1.0, Avg: 1.0, Max: 1.0, Diff: 0.0, Sum: 2.1]
      [Termination (ms): Min: 0.0, Avg: 0.0, Max: 0.0, Diff: 0.0, Sum: 0.0]
         [Termination Attempts: Min: 1, Avg: 1.0, Max: 1, Diff: 0, Sum: 2]
      [GC Worker Other (ms): Min: 0.0, Avg: 0.0, Max: 0.0, Diff: 0.0, Sum: 0.0]
      [GC Worker Total (ms): Min: 5.8, Avg: 6.0, Max: 6.1, Diff: 0.4, Sum: 11.9]
      [GC Worker End (ms): Min: 95271841.0, Avg: 95271841.0, Max: 95271841.0, Diff: 0.0]
   [Code Root Fixup: 0.0 ms]
   [Code Root Purge: 0.0 ms]
   [Clear CT: 0.1 ms]
   [Other: 2.6 ms]
      [Evacuation Failure: 1.0 ms]
      [Choose CSet: 0.0 ms]
      [Ref Proc: 1.0 ms]
      [Ref Enq: 0.1 ms]
      [Redirty Cards: 0.1 ms]
      [Humongous Register: 0.1 ms]
      [Humongous Reclaim: 0.2 ms]
      [Free CSet: 0.1 ms]
   [Eden: 163.0M(201.0M)->0.0B(25600.0K) Survivors: 1024.0K->0.0B Heap: 454.8M(512.0M)->284.3M(512.0M)]
Heap after GC invocations=95 (full 0):
 garbage-first heap   total 524288K, used 291159K [0x00000000e0000000, 0x00000000e0101000, 0x0000000100000000)
  region size 1024K, 0 young (0K), 0 survivors (0K)
 Metaspace       used 55182K, capacity 57250K, committed 57856K, reserved 1099776K
  class space    used 6533K, capacity 6999K, committed 7168K, reserved 1048576K
}
 [Times: user=0.01 sys=0.00, real=0.01 secs] 
2023-04-21T22:18:31.491+0000: 95271.844: Total time for which application threads were stopped: 0.0091293 seconds, Stopping threads took: 0.0000304 seconds
{Heap before GC invocations=95 (full 0):
 garbage-first heap   total 524288K, used 351968K [0x00000000e0000000, 0x00000000e0101000, 0x0000000100000000)
  region size 1024K, 25 young (25600K), 0 survivors (0K)
 Metaspace       used 55182K, capacity 57250K, committed 57856K, reserved 1099776K
  class space    used 6533K, capacity 6999K, committed 7168K, reserved 1048576K
2023-04-21T22:18:32.535+0000: 95272.887: [GC pause (G1 Evacuation Pause) (mixed)
Desired survivor size 2097152 bytes, new threshold 15 (max 15)
, 0.0067560 secs]
   [Parallel Time: 5.4 ms, GC Workers: 2]
      [GC Worker Start (ms): Min: 95272887.7, Avg: 95272887.7, Max: 95272887.7, Diff: 0.0]
      [Ext Root Scanning (ms): Min: 1.3, Avg: 1.3, Max: 1.4, Diff: 0.0, Sum: 2.7]
      [Update RS (ms): Min: 3.5, Avg: 3.6, Max: 3.6, Diff: 0.0, Sum: 7.1]
         [Processed Buffers: Min: 93, Avg: 93.5, Max: 94, Diff: 1, Sum: 187]
      [Scan RS (ms): Min: 0.0, Avg: 0.1, Max: 0.1, Diff: 0.1, Sum: 0.1]
      [Code Root Scanning (ms): Min: 0.0, Avg: 0.0, Max: 0.0, Diff: 0.0, Sum: 0.0]
      [Object Copy (ms): Min: 0.3, Avg: 0.3, Max: 0.3, Diff: 0.0, Sum: 0.6]
      [Termination (ms): Min: 0.0, Avg: 0.0, Max: 0.0, Diff: 0.0, Sum: 0.0]
         [Termination Attempts: Min: 1, Avg: 1.0, Max: 1, Diff: 0, Sum: 2]
      [GC Worker Other (ms): Min: 0.0, Avg: 0.0, Max: 0.0, Diff: 0.0, Sum: 0.0]
      [GC Worker Total (ms): Min: 5.3, Avg: 5.3, Max: 5.3, Diff: 0.0, Sum: 10.6]
      [GC Worker End (ms): Min: 95272893.0, Avg: 95272893.0, Max: 95272893.0, Diff: 0.0]
   [Code Root Fixup: 0.0 ms]
   [Code Root Purge: 0.0 ms]
   [Clear CT: 0.1 ms]
   [Other: 1.3 ms]
      [Choose CSet: 0.0 ms]
      [Ref Proc: 0.9 ms]
      [Ref Enq: 0.1 ms]
      [Redirty Cards: 0.1 ms]
      [Humongous Register: 0.1 ms]
      [Humongous Reclaim: 0.1 ms]
      [Free CSet: 0.0 ms]
   [Eden: 25600.0K(25600.0K)->0.0B(128.0M) Survivors: 0.0B->2048.0K Heap: 343.7M(512.0M)->291.8M(512.0M)]
Heap after GC invocations=96 (full 0):
 garbage-first heap   total 524288K, used 298814K [0x00000000e0000000, 0x00000000e0101000, 0x0000000100000000)
  region size 1024K, 2 young (2048K), 2 survivors (2048K)
 Metaspace       used 55182K, capacity 57250K, committed 57856K, reserved 1099776K
  class space    used 6533K, capacity 6999K, committed 7168K, reserved 1048576K
}
 [Times: user=0.01 sys=0.00, real=0.01 secs] 
2023-04-21T22:18:32.542+0000: 95272.894: Total time for which application threads were stopped: 0.0070260 seconds, Stopping threads took: 0.0000326 seconds
{Heap before GC invocations=96 (full 0):
 garbage-first heap   total 524288K, used 310078K [0x00000000e0000000, 0x00000000e0101000, 0x0000000100000000)
  region size 1024K, 14 young (14336K), 2 survivors (2048K)
 Metaspace       used 55182K, capacity 57250K, committed 57856K, reserved 1099776K
  class space    used 6533K, capacity 6999K, committed 7168K, reserved 1048576K
2023-04-21T22:18:32.694+0000: 95273.047: [GC pause (G1 Humongous Allocation) (young) (initial-mark)
Desired survivor size 8912896 bytes, new threshold 15 (max 15)
- age   1:    1229472 bytes,    1229472 total
, 0.0038738 secs]
   [Parallel Time: 2.5 ms, GC Workers: 2]
      [GC Worker Start (ms): Min: 95273047.2, Avg: 95273047.2, Max: 95273047.2, Diff: 0.0]
      [Ext Root Scanning (ms): Min: 1.7, Avg: 1.8, Max: 1.8, Diff: 0.1, Sum: 3.5]
      [Update RS (ms): Min: 0.1, Avg: 0.1, Max: 0.2, Diff: 0.2, Sum: 0.3]
         [Processed Buffers: Min: 2, Avg: 2.5, Max: 3, Diff: 1, Sum: 5]
      [Scan RS (ms): Min: 0.0, Avg: 0.0, Max: 0.0, Diff: 0.0, Sum: 0.0]
      [Code Root Scanning (ms): Min: 0.0, Avg: 0.0, Max: 0.0, Diff: 0.0, Sum: 0.0]
      [Object Copy (ms): Min: 0.3, Avg: 0.4, Max: 0.5, Diff: 0.2, Sum: 0.7]
      [Termination (ms): Min: 0.0, Avg: 0.0, Max: 0.1, Diff: 0.1, Sum: 0.1]
         [Termination Attempts: Min: 1, Avg: 1.0, Max: 1, Diff: 0, Sum: 2]
      [GC Worker Other (ms): Min: 0.0, Avg: 0.0, Max: 0.0, Diff: 0.0, Sum: 0.0]
      [GC Worker Total (ms): Min: 2.3, Avg: 2.3, Max: 2.3, Diff: 0.0, Sum: 4.6]
      [GC Worker End (ms): Min: 95273049.5, Avg: 95273049.5, Max: 95273049.5, Diff: 0.0]
   [Code Root Fixup: 0.0 ms]
   [Code Root Purge: 0.0 ms]
   [Clear CT: 0.1 ms]
   [Other: 1.3 ms]
      [Choose CSet: 0.0 ms]
      [Ref Proc: 0.9 ms]
      [Ref Enq: 0.1 ms]
      [Redirty Cards: 0.1 ms]
      [Humongous Register: 0.1 ms]
      [Humongous Reclaim: 0.0 ms]
      [Free CSet: 0.0 ms]
   [Eden: 12288.0K(128.0M)->0.0B(132.0M) Survivors: 2048.0K->2048.0K Heap: 303.2M(512.0M)->291.0M(512.0M)]
Heap after GC invocations=97 (full 0):
 garbage-first heap   total 524288K, used 298008K [0x00000000e0000000, 0x00000000e0101000, 0x0000000100000000)
  region size 1024K, 2 young (2048K), 2 survivors (2048K)
 Metaspace       used 55182K, capacity 57250K, committed 57856K, reserved 1099776K
  class space    used 6533K, capacity 6999K, committed 7168K, reserved 1048576K
}
 [Times: user=0.00 sys=0.00, real=0.00 secs] 
2023-04-21T22:18:32.698+0000: 95273.051: 2023-04-21T22:18:32.698+0000Total time for which application threads were stopped: 0.0041444 seconds, Stopping threads took: 0.0000321 seconds
: 95273.051: [GC concurrent-root-region-scan-start]
2023-04-21T22:18:32.699+0000: 95273.051: [GC concurrent-root-region-scan-end, 0.0005855 secs]
2023-04-21T22:18:32.699+0000: 95273.051: [GC concurrent-mark-start]
2023-04-21T22:18:32.772+0000: 95273.124: [GC concurrent-mark-end, 0.0728481 secs]
2023-04-21T22:18:32.772+0000: 95273.125: [GC remark 2023-04-21T22:18:32.772+0000: 95273.125: [Finalize Marking, 0.0002178 secs] 2023-04-21T22:18:32.772+0000: 95273.125: [GC ref-proc, 0.0016598 secs] 2023-04-21T22:18:32.774+0000: 95273.126: [Unloading, 0.0130843 secs], 0.0158310 secs]
 [Times: user=0.03 sys=0.00, real=0.01 secs] 
2023-04-21T22:18:32.788+0000: 95273.140: Total time for which application threads were stopped: 0.0160474 seconds, Stopping threads took: 0.0000849 seconds
2023-04-21T22:18:32.791+0000: 95273.143: [GC cleanup 296M->274M(512M), 0.0011686 secs]
 [Times: user=0.01 sys=0.00, real=0.00 secs] 
2023-04-21T22:18:32.792+0000: 95273.145: Total time for which application threads were stopped: 0.0013131 seconds, Stopping threads took: 0.0000461 seconds
2023-04-21T22:18:32.792+0000: 95273.145: [GC concurrent-cleanup-start]
2023-04-21T22:18:32.792+0000: 95273.145: [GC concurrent-cleanup-end, 0.0000402 secs]
{Heap before GC invocations=98 (full 0):
 garbage-first heap   total 524288K, used 474073K [0x00000000e0000000, 0x00000000e0101000, 0x0000000100000000)
  region size 1024K, 122 young (124928K), 2 survivors (2048K)
 Metaspace       used 55182K, capacity 57250K, committed 57856K, reserved 1099776K
  class space    used 6533K, capacity 6999K, committed 7168K, reserved 1048576K
2023-04-21T22:18:35.633+0000: 95275.986: [GC pause (G1 Humongous Allocation) (young)
Desired survivor size 8912896 bytes, new threshold 15 (max 15)
- age   1:    1060400 bytes,    1060400 total
- age   2:     697672 bytes,    1758072 total
 (to-space exhausted), 0.0095263 secs]
   [Parallel Time: 7.2 ms, GC Workers: 2]
      [GC Worker Start (ms): Min: 95275986.4, Avg: 95275986.4, Max: 95275986.5, Diff: 0.0]
      [Ext Root Scanning (ms): Min: 1.4, Avg: 1.4, Max: 1.4, Diff: 0.0, Sum: 2.8]
      [Update RS (ms): Min: 4.9, Avg: 4.9, Max: 5.0, Diff: 0.1, Sum: 9.9]
         [Processed Buffers: Min: 142, Avg: 145.5, Max: 149, Diff: 7, Sum: 291]
      [Scan RS (ms): Min: 0.1, Avg: 0.1, Max: 0.1, Diff: 0.1, Sum: 0.2]
      [Code Root Scanning (ms): Min: 0.0, Avg: 0.0, Max: 0.0, Diff: 0.0, Sum: 0.1]
      [Object Copy (ms): Min: 0.7, Avg: 0.7, Max: 0.7, Diff: 0.0, Sum: 1.3]
      [Termination (ms): Min: 0.0, Avg: 0.0, Max: 0.0, Diff: 0.0, Sum: 0.0]
         [Termination Attempts: Min: 1, Avg: 1.0, Max: 1, Diff: 0, Sum: 2]
      [GC Worker Other (ms): Min: 0.0, Avg: 0.0, Max: 0.0, Diff: 0.0, Sum: 0.0]
      [GC Worker Total (ms): Min: 7.1, Avg: 7.1, Max: 7.2, Diff: 0.0, Sum: 14.3]
      [GC Worker End (ms): Min: 95275993.6, Avg: 95275993.6, Max: 95275993.6, Diff: 0.0]
   [Code Root Fixup: 0.0 ms]
   [Code Root Purge: 0.0 ms]
   [Clear CT: 0.1 ms]
   [Other: 2.2 ms]
      [Evacuation Failure: 0.8 ms]
      [Choose CSet: 0.0 ms]
      [Ref Proc: 0.8 ms]
      [Ref Enq: 0.1 ms]
      [Redirty Cards: 0.1 ms]
      [Humongous Register: 0.1 ms]
      [Humongous Reclaim: 0.2 ms]
      [Free CSet: 0.1 ms]
   [Eden: 120.0M(132.0M)->0.0B(25600.0K) Survivors: 2048.0K->0.0B Heap: 463.4M(512.0M)->321.4M(512.0M)]
Heap after GC invocations=99 (full 0):
 garbage-first heap   total 524288K, used 329160K [0x00000000e0000000, 0x00000000e0101000, 0x0000000100000000)
  region size 1024K, 0 young (0K), 0 survivors (0K)
 Metaspace       used 55182K, capacity 57250K, committed 57856K, reserved 1099776K
  class space    used 6533K, capacity 6999K, committed 7168K, reserved 1048576K
}
 [Times: user=0.02 sys=0.00, real=0.01 secs] 
2023-04-21T22:18:35.643+0000: 95275.996: Total time for which application threads were stopped: 0.0097957 seconds, Stopping threads took: 0.0000333 seconds
{Heap before GC invocations=99 (full 0):
 garbage-first heap   total 524288K, used 357886K [0x00000000e0000000, 0x00000000e0101000, 0x0000000100000000)
  region size 1024K, 25 young (25600K), 0 survivors (0K)
 Metaspace       used 55182K, capacity 57250K, committed 57856K, reserved 1099776K
  class space    used 6533K, capacity 6999K, committed 7168K, reserved 1048576K
2023-04-21T22:18:36.043+0000: 95276.396: [GC pause (G1 Evacuation Pause) (mixed)
Desired survivor size 2097152 bytes, new threshold 15 (max 15)
, 0.0087286 secs]
   [Parallel Time: 6.6 ms, GC Workers: 2]
      [GC Worker Start (ms): Min: 95276395.8, Avg: 95276399.1, Max: 95276402.4, Diff: 6.5]
      [Ext Root Scanning (ms): Min: 0.0, Avg: 1.3, Max: 2.5, Diff: 2.5, Sum: 2.5]
      [Update RS (ms): Min: 0.0, Avg: 0.5, Max: 1.0, Diff: 1.0, Sum: 1.0]
         [Processed Buffers: Min: 0, Avg: 16.0, Max: 32, Diff: 32, Sum: 32]
      [Scan RS (ms): Min: 0.0, Avg: 0.1, Max: 0.3, Diff: 0.3, Sum: 0.3]
      [Code Root Scanning (ms): Min: 0.0, Avg: 0.0, Max: 0.0, Diff: 0.0, Sum: 0.0]
      [Object Copy (ms): Min: 0.0, Avg: 1.3, Max: 2.6, Diff: 2.6, Sum: 2.6]
      [Termination (ms): Min: 0.0, Avg: 0.1, Max: 0.1, Diff: 0.1, Sum: 0.1]
         [Termination Attempts: Min: 1, Avg: 1.0, Max: 1, Diff: 0, Sum: 2]
      [GC Worker Other (ms): Min: 0.0, Avg: 0.0, Max: 0.0, Diff: 0.0, Sum: 0.0]
      [GC Worker Total (ms): Min: 0.0, Avg: 3.3, Max: 6.6, Diff: 6.6, Sum: 6.6]
      [GC Worker End (ms): Min: 95276402.4, Avg: 95276402.4, Max: 95276402.4, Diff: 0.0]
   [Code Root Fixup: 0.0 ms]
   [Code Root Purge: 0.0 ms]
   [Clear CT: 0.1 ms]
   [Other: 2.0 ms]
      [Choose CSet: 0.0 ms]
      [Ref Proc: 1.6 ms]
      [Ref Enq: 0.1 ms]
      [Redirty Cards: 0.1 ms]
      [Humongous Register: 0.1 ms]
      [Humongous Reclaim: 0.0 ms]
      [Free CSet: 0.1 ms]
   [Eden: 25600.0K(25600.0K)->0.0B(21504.0K) Survivors: 0.0B->4096.0K Heap: 349.5M(512.0M)->278.2M(512.0M)]
Heap after GC invocations=100 (full 0):
 garbage-first heap   total 524288K, used 284896K [0x00000000e0000000, 0x00000000e0101000, 0x0000000100000000)
  region size 1024K, 4 young (4096K), 4 survivors (4096K)
 Metaspace       used 55182K, capacity 57250K, committed 57856K, reserved 1099776K
  class space    used 6533K, capacity 6999K, committed 7168K, reserved 1048576K
}
 [Times: user=0.01 sys=0.00, real=0.01 secs] 
2023-04-21T22:18:36.052+0000: 95276.405: Total time for which application threads were stopped: 0.0090120 seconds, Stopping threads took: 0.0000405 seconds
{Heap before GC invocations=100 (full 0):
 garbage-first heap   total 524288K, used 308281K [0x00000000e0000000, 0x00000000e0101000, 0x0000000100000000)
  region size 1024K, 25 young (25600K), 4 survivors (4096K)
 Metaspace       used 55182K, capacity 57250K, committed 57856K, reserved 1099776K
  class space    used 6533K, capacity 6999K, committed 7168K, reserved 1048576K
2023-04-21T22:18:36.363+0000: 95276.715: [GC pause (G1 Evacuation Pause) (mixed)
Desired survivor size 2097152 bytes, new threshold 1 (max 15)
- age   1:    3465112 bytes,    3465112 total
, 0.0043466 secs]
   [Parallel Time: 3.0 ms, GC Workers: 2]
      [GC Worker Start (ms): Min: 95276715.6, Avg: 95276715.6, Max: 95276715.6, Diff: 0.0]
      [Ext Root Scanning (ms): Min: 1.3, Avg: 1.4, Max: 1.4, Diff: 0.0, Sum: 2.7]
      [Update RS (ms): Min: 0.4, Avg: 0.4, Max: 0.4, Diff: 0.0, Sum: 0.8]
         [Processed Buffers: Min: 3, Avg: 9.0, Max: 15, Diff: 12, Sum: 18]
      [Scan RS (ms): Min: 0.1, Avg: 0.1, Max: 0.1, Diff: 0.0, Sum: 0.2]
      [Code Root Scanning (ms): Min: 0.0, Avg: 0.0, Max: 0.0, Diff: 0.0, Sum: 0.0]
      [Object Copy (ms): Min: 1.1, Avg: 1.1, Max: 1.1, Diff: 0.0, Sum: 2.1]
      [Termination (ms): Min: 0.0, Avg: 0.0, Max: 0.0, Diff: 0.0, Sum: 0.0]
         [Termination Attempts: Min: 1, Avg: 1.0, Max: 1, Diff: 0, Sum: 2]
      [GC Worker Other (ms): Min: 0.0, Avg: 0.0, Max: 0.0, Diff: 0.0, Sum: 0.0]
      [GC Worker Total (ms): Min: 2.9, Avg: 2.9, Max: 2.9, Diff: 0.0, Sum: 5.9]
      [GC Worker End (ms): Min: 95276718.6, Avg: 95276718.6, Max: 95276718.6, Diff: 0.0]
   [Code Root Fixup: 0.0 ms]
   [Code Root Purge: 0.0 ms]
   [Clear CT: 0.1 ms]
   [Other: 1.2 ms]
      [Choose CSet: 0.0 ms]
      [Ref Proc: 0.9 ms]
      [Ref Enq: 0.1 ms]
      [Redirty Cards: 0.1 ms]
      [Humongous Register: 0.1 ms]
      [Humongous Reclaim: 0.0 ms]
      [Free CSet: 0.1 ms]
   [Eden: 21504.0K(21504.0K)->0.0B(156.0M) Survivors: 4096.0K->1024.0K Heap: 301.1M(512.0M)->266.8M(512.0M)]
Heap after GC invocations=101 (full 0):
 garbage-first heap   total 524288K, used 273217K [0x00000000e0000000, 0x00000000e0101000, 0x0000000100000000)
  region size 1024K, 1 young (1024K), 1 survivors (1024K)
 Metaspace       used 55182K, capacity 57250K, committed 57856K, reserved 1099776K
  class space    used 6533K, capacity 6999K, committed 7168K, reserved 1048576K
}
 [Times: user=0.01 sys=0.00, real=0.00 secs] 
2023-04-21T22:18:36.367+0000: 95276.720: Total time for which application threads were stopped: 0.0046234 seconds, Stopping threads took: 0.0000336 seconds
{Heap before GC invocations=101 (full 0):
 garbage-first heap   total 524288K, used 280385K [0x00000000e0000000, 0x00000000e0101000, 0x0000000100000000)
  region size 1024K, 9 young (9216K), 1 survivors (1024K)
 Metaspace       used 55182K, capacity 57250K, committed 57856K, reserved 1099776K
  class space    used 6533K, capacity 6999K, committed 7168K, reserved 1048576K
2023-04-21T22:18:36.455+0000: 95276.808: [GC pause (G1 Humongous Allocation) (young) (initial-mark)
Desired survivor size 10485760 bytes, new threshold 15 (max 15)
- age   1:     409752 bytes,     409752 total
, 0.0037697 secs]
   [Parallel Time: 2.4 ms, GC Workers: 2]
      [GC Worker Start (ms): Min: 95276807.9, Avg: 95276807.9, Max: 95276807.9, Diff: 0.0]
      [Ext Root Scanning (ms): Min: 1.7, Avg: 1.7, Max: 1.7, Diff: 0.0, Sum: 3.4]
      [Update RS (ms): Min: 0.2, Avg: 0.3, Max: 0.4, Diff: 0.1, Sum: 0.6]
         [Processed Buffers: Min: 2, Avg: 2.5, Max: 3, Diff: 1, Sum: 5]
      [Scan RS (ms): Min: 0.0, Avg: 0.0, Max: 0.0, Diff: 0.0, Sum: 0.0]
      [Code Root Scanning (ms): Min: 0.0, Avg: 0.0, Max: 0.0, Diff: 0.0, Sum: 0.0]
      [Object Copy (ms): Min: 0.1, Avg: 0.2, Max: 0.3, Diff: 0.2, Sum: 0.4]
      [Termination (ms): Min: 0.0, Avg: 0.0, Max: 0.0, Diff: 0.0, Sum: 0.0]
         [Termination Attempts: Min: 1, Avg: 1.0, Max: 1, Diff: 0, Sum: 2]
      [GC Worker Other (ms): Min: 0.0, Avg: 0.0, Max: 0.0, Diff: 0.0, Sum: 0.0]
      [GC Worker Total (ms): Min: 2.3, Avg: 2.3, Max: 2.3, Diff: 0.0, Sum: 4.5]
      [GC Worker End (ms): Min: 95276810.1, Avg: 95276810.1, Max: 95276810.1, Diff: 0.0]
   [Code Root Fixup: 0.0 ms]
   [Code Root Purge: 0.0 ms]
   [Clear CT: 0.1 ms]
   [Other: 1.3 ms]
      [Choose CSet: 0.0 ms]
      [Ref Proc: 0.9 ms]
      [Ref Enq: 0.1 ms]
      [Redirty Cards: 0.1 ms]
      [Humongous Register: 0.1 ms]
      [Humongous Reclaim: 0.0 ms]
      [Free CSet: 0.0 ms]
   [Eden: 8192.0K(156.0M)->0.0B(158.0M) Survivors: 1024.0K->1024.0K Heap: 274.6M(512.0M)->267.1M(512.0M)]
Heap after GC invocations=102 (full 0):
 garbage-first heap   total 524288K, used 273481K [0x00000000e0000000, 0x00000000e0101000, 0x0000000100000000)
  region size 1024K, 1 young (1024K), 1 survivors (1024K)
 Metaspace       used 55182K, capacity 57250K, committed 57856K, reserved 1099776K
  class space    used 6533K, capacity 6999K, committed 7168K, reserved 1048576K
}
 [Times: user=0.01 sys=0.00, real=0.01 secs] 
2023-04-21T22:18:36.459+0000: 95276.811: 2023-04-21T22:18:36.459+0000: Total time for which application threads were stopped: 0.0040424 seconds, Stopping threads took: 0.0000311 seconds
95276.811: [GC concurrent-root-region-scan-start]
2023-04-21T22:18:36.459+0000: 95276.812: [GC concurrent-root-region-scan-end, 0.0005666 secs]
2023-04-21T22:18:36.459+0000: 95276.812: [GC concurrent-mark-start]
2023-04-21T22:18:36.532+0000: 95276.885: [GC concurrent-mark-end, 0.0725086 secs]
2023-04-21T22:18:36.532+0000: 95276.885: [GC remark 2023-04-21T22:18:36.532+0000: 95276.885: [Finalize Marking, 0.0002410 secs] 2023-04-21T22:18:36.532+0000: 95276.885: [GC ref-proc, 0.0015675 secs] 2023-04-21T22:18:36.534+0000: 95276.887: [Unloading, 0.0131159 secs], 0.0157730 secs]
 [Times: user=0.03 sys=0.00, real=0.01 secs] 
2023-04-21T22:18:36.548+0000: 95276.901: Total time for which application threads were stopped: 0.0159644 seconds, Stopping threads took: 0.0000552 seconds
2023-04-21T22:18:36.548+0000: 95276.901: [GC cleanup 272M->255M(512M), 0.0009934 secs]
 [Times: user=0.01 sys=0.00, real=0.00 secs] 
2023-04-21T22:18:36.549+0000: 95276.902: Total time for which application threads were stopped: 0.0011235 seconds, Stopping threads took: 0.0000284 seconds
2023-04-21T22:18:36.549+0000: 95276.902: [GC concurrent-cleanup-start]
2023-04-21T22:18:36.549+0000: 95276.902: [GC concurrent-cleanup-end, 0.0000273 secs]
2023-04-21T22:18:37.549+0000: 95277.902: Total time for which application threads were stopped: 0.0001989 seconds, Stopping threads took: 0.0000605 seconds
2023-04-21T22:18:39.509+0000: 95279.861: Total time for which application threads were stopped: 0.0001456 seconds, Stopping threads took: 0.0000287 seconds
2023-04-21T22:18:49.510+0000: 95289.863: Total time for which application threads were stopped: 0.0001266 seconds, Stopping threads took: 0.0000320 seconds
2023-04-21T22:18:54.511+0000: 95294.863: Total time for which application threads were stopped: 0.0001460 seconds, Stopping threads took: 0.0000349 seconds
2023-04-21T22:19:25.514+0000: 95325.867: Total time for which application threads were stopped: 0.0001923 seconds, Stopping threads took: 0.0000554 seconds
{Heap before GC invocations=103 (full 0):
 garbage-first heap   total 524288K, used 475185K [0x00000000e0000000, 0x00000000e0101000, 0x0000000100000000)
  region size 1024K, 151 young (154624K), 1 survivors (1024K)
 Metaspace       used 55182K, capacity 57250K, committed 57856K, reserved 1099776K
  class space    used 6533K, capacity 6999K, committed 7168K, reserved 1048576K
2023-04-21T22:19:25.673+0000: 95326.026: [GC pause (G1 Humongous Allocation) (young)
Desired survivor size 10485760 bytes, new threshold 15 (max 15)
- age   1:     697992 bytes,     697992 total
 (to-space exhausted), 0.0113313 secs]
   [Parallel Time: 8.2 ms, GC Workers: 2]
      [GC Worker Start (ms): Min: 95326026.2, Avg: 95326026.2, Max: 95326026.2, Diff: 0.0]
      [Ext Root Scanning (ms): Min: 1.4, Avg: 1.4, Max: 1.4, Diff: 0.0, Sum: 2.8]
      [Update RS (ms): Min: 4.9, Avg: 4.9, Max: 4.9, Diff: 0.0, Sum: 9.8]
         [Processed Buffers: Min: 131, Avg: 132.5, Max: 134, Diff: 3, Sum: 265]
      [Scan RS (ms): Min: 0.1, Avg: 0.1, Max: 0.1, Diff: 0.0, Sum: 0.2]
      [Code Root Scanning (ms): Min: 0.0, Avg: 0.1, Max: 0.1, Diff: 0.0, Sum: 0.1]
      [Object Copy (ms): Min: 1.6, Avg: 1.6, Max: 1.6, Diff: 0.0, Sum: 3.2]
      [Termination (ms): Min: 0.0, Avg: 0.0, Max: 0.0, Diff: 0.0, Sum: 0.0]
         [Termination Attempts: Min: 1, Avg: 1.0, Max: 1, Diff: 0, Sum: 2]
      [GC Worker Other (ms): Min: 0.0, Avg: 0.0, Max: 0.0, Diff: 0.0, Sum: 0.0]
      [GC Worker Total (ms): Min: 8.1, Avg: 8.1, Max: 8.1, Diff: 0.0, Sum: 16.2]
      [GC Worker End (ms): Min: 95326034.3, Avg: 95326034.3, Max: 95326034.3, Diff: 0.0]
   [Code Root Fixup: 0.0 ms]
   [Code Root Purge: 0.0 ms]
   [Clear CT: 0.1 ms]
   [Other: 3.0 ms]
      [Evacuation Failure: 1.7 ms]
      [Choose CSet: 0.0 ms]
      [Ref Proc: 0.8 ms]
      [Ref Enq: 0.1 ms]
      [Redirty Cards: 0.1 ms]
      [Humongous Register: 0.1 ms]
      [Humongous Reclaim: 0.1 ms]
      [Free CSet: 0.1 ms]
   [Eden: 150.0M(158.0M)->0.0B(24576.0K) Survivors: 1024.0K->1024.0K Heap: 465.0M(512.0M)->325.1M(512.0M)]
Heap after GC invocations=104 (full 0):
 garbage-first heap   total 524288K, used 332913K [0x00000000e0000000, 0x00000000e0101000, 0x0000000100000000)
  region size 1024K, 1 young (1024K), 1 survivors (1024K)
 Metaspace       used 55182K, capacity 57250K, committed 57856K, reserved 1099776K
  class space    used 6533K, capacity 6999K, committed 7168K, reserved 1048576K
}
 [Times: user=0.02 sys=0.00, real=0.01 secs] 
2023-04-21T22:19:25.685+0000: 95326.037: Total time for which application threads were stopped: 0.0116257 seconds, Stopping threads took: 0.0000326 seconds
{Heap before GC invocations=104 (full 0):
 garbage-first heap   total 524288K, used 375884K [0x00000000e0000000, 0x00000000e0101000, 0x0000000100000000)
  region size 1024K, 25 young (25600K), 1 survivors (1024K)
 Metaspace       used 55182K, capacity 57250K, committed 57856K, reserved 1099776K
  class space    used 6533K, capacity 6999K, committed 7168K, reserved 1048576K
2023-04-21T22:19:26.365+0000: 95326.718: [GC pause (G1 Evacuation Pause) (mixed)
Desired survivor size 2097152 bytes, new threshold 15 (max 15)
- age   1:     646840 bytes,     646840 total
, 0.0069049 secs]
   [Parallel Time: 5.5 ms, GC Workers: 2]
      [GC Worker Start (ms): Min: 95326718.1, Avg: 95326718.1, Max: 95326718.1, Diff: 0.0]
      [Ext Root Scanning (ms): Min: 1.4, Avg: 1.4, Max: 1.4, Diff: 0.1, Sum: 2.8]
      [Update RS (ms): Min: 2.9, Avg: 3.0, Max: 3.0, Diff: 0.1, Sum: 5.9]
         [Processed Buffers: Min: 72, Avg: 76.0, Max: 80, Diff: 8, Sum: 152]
      [Scan RS (ms): Min: 0.1, Avg: 0.1, Max: 0.1, Diff: 0.0, Sum: 0.2]
      [Code Root Scanning (ms): Min: 0.0, Avg: 0.0, Max: 0.0, Diff: 0.0, Sum: 0.0]
      [Object Copy (ms): Min: 0.8, Avg: 0.8, Max: 0.9, Diff: 0.1, Sum: 1.7]
      [Termination (ms): Min: 0.0, Avg: 0.0, Max: 0.0, Diff: 0.0, Sum: 0.0]
         [Termination Attempts: Min: 1, Avg: 1.0, Max: 1, Diff: 0, Sum: 2]
      [GC Worker Other (ms): Min: 0.0, Avg: 0.0, Max: 0.0, Diff: 0.0, Sum: 0.0]
      [GC Worker Total (ms): Min: 5.4, Avg: 5.4, Max: 5.4, Diff: 0.0, Sum: 10.8]
      [GC Worker End (ms): Min: 95326723.5, Avg: 95326723.5, Max: 95326723.5, Diff: 0.0]
   [Code Root Fixup: 0.0 ms]
   [Code Root Purge: 0.0 ms]
   [Clear CT: 0.1 ms]
   [Other: 1.4 ms]
      [Choose CSet: 0.0 ms]
      [Ref Proc: 0.9 ms]
      [Ref Enq: 0.1 ms]
      [Redirty Cards: 0.1 ms]
      [Humongous Register: 0.1 ms]
      [Humongous Reclaim: 0.0 ms]
      [Free CSet: 0.1 ms]
   [Eden: 24576.0K(24576.0K)->0.0B(136.0M) Survivors: 1024.0K->2048.0K Heap: 367.1M(512.0M)->290.6M(512.0M)]
Heap after GC invocations=105 (full 0):
 garbage-first heap   total 524288K, used 297528K [0x00000000e0000000, 0x00000000e0101000, 0x0000000100000000)
  region size 1024K, 2 young (2048K), 2 survivors (2048K)
 Metaspace       used 55182K, capacity 57250K, committed 57856K, reserved 1099776K
  class space    used 6533K, capacity 6999K, committed 7168K, reserved 1048576K
}
 [Times: user=0.01 sys=0.00, real=0.01 secs] 
2023-04-21T22:19:26.372+0000: 95326.725: Total time for which application threads were stopped: 0.0071914 seconds, Stopping threads took: 0.0000329 seconds
{Heap before GC invocations=105 (full 0):
 garbage-first heap   total 524288K, used 302648K [0x00000000e0000000, 0x00000000e0101000, 0x0000000100000000)
  region size 1024K, 8 young (8192K), 2 survivors (2048K)
 Metaspace       used 55182K, capacity 57250K, committed 57856K, reserved 1099776K
  class space    used 6533K, capacity 6999K, committed 7168K, reserved 1048576K
2023-04-21T22:19:26.437+0000: 95326.790: [GC pause (G1 Humongous Allocation) (young) (initial-mark)
Desired survivor size 9437184 bytes, new threshold 15 (max 15)
- age   1:     792008 bytes,     792008 total
- age   2:     646712 bytes,    1438720 total
, 0.0042123 secs]
   [Parallel Time: 2.7 ms, GC Workers: 2]
      [GC Worker Start (ms): Min: 95326789.9, Avg: 95326789.9, Max: 95326790.0, Diff: 0.0]
      [Ext Root Scanning (ms): Min: 1.8, Avg: 1.8, Max: 1.9, Diff: 0.1, Sum: 3.6]
      [Update RS (ms): Min: 0.3, Avg: 0.3, Max: 0.3, Diff: 0.0, Sum: 0.6]
         [Processed Buffers: Min: 2, Avg: 2.5, Max: 3, Diff: 1, Sum: 5]
      [Scan RS (ms): Min: 0.0, Avg: 0.0, Max: 0.0, Diff: 0.0, Sum: 0.0]
      [Code Root Scanning (ms): Min: 0.0, Avg: 0.0, Max: 0.0, Diff: 0.0, Sum: 0.0]
      [Object Copy (ms): Min: 0.4, Avg: 0.4, Max: 0.5, Diff: 0.0, Sum: 0.9]
      [Termination (ms): Min: 0.0, Avg: 0.0, Max: 0.0, Diff: 0.0, Sum: 0.0]
         [Termination Attempts: Min: 1, Avg: 1.0, Max: 1, Diff: 0, Sum: 2]
      [GC Worker Other (ms): Min: 0.0, Avg: 0.0, Max: 0.0, Diff: 0.0, Sum: 0.0]
      [GC Worker Total (ms): Min: 2.6, Avg: 2.6, Max: 2.6, Diff: 0.0, Sum: 5.1]
      [GC Worker End (ms): Min: 95326792.5, Avg: 95326792.5, Max: 95326792.5, Diff: 0.0]
   [Code Root Fixup: 0.0 ms]
   [Code Root Purge: 0.0 ms]
   [Clear CT: 0.1 ms]
   [Other: 1.4 ms]
      [Choose CSet: 0.0 ms]
      [Ref Proc: 1.0 ms]
      [Ref Enq: 0.1 ms]
      [Redirty Cards: 0.1 ms]
      [Humongous Register: 0.1 ms]
      [Humongous Reclaim: 0.0 ms]
      [Free CSet: 0.0 ms]
   [Eden: 6144.0K(136.0M)->0.0B(123.0M) Survivors: 2048.0K->3072.0K Heap: 296.2M(512.0M)->290.1M(512.0M)]
Heap after GC invocations=106 (full 0):
 garbage-first heap   total 524288K, used 297087K [0x00000000e0000000, 0x00000000e0101000, 0x0000000100000000)
  region size 1024K, 3 young (3072K), 3 survivors (3072K)
 Metaspace       used 55182K, capacity 57250K, committed 57856K, reserved 1099776K
  class space    used 6533K, capacity 6999K, committed 7168K, reserved 1048576K
}
 [Times: user=0.01 sys=0.00, real=0.01 secs] 
2023-04-21T22:19:26.441+0000: 2023-04-21T22:19:26.441+0000: 95326.794: [GC concurrent-root-region-scan-start]
95326.794: Total time for which application threads were stopped: 0.0045034 seconds, Stopping threads took: 0.0000307 seconds
2023-04-21T22:19:26.442+0000: 95326.795: [GC concurrent-root-region-scan-end, 0.0009026 secs]
2023-04-21T22:19:26.442+0000: 95326.795: [GC concurrent-mark-start]
2023-04-21T22:19:26.522+0000: 95326.875: [GC concurrent-mark-end, 0.0798918 secs]
2023-04-21T22:19:26.522+0000: 95326.875: [GC remark 2023-04-21T22:19:26.522+0000: 95326.875: [Finalize Marking, 0.0003700 secs] 2023-04-21T22:19:26.523+0000: 95326.875: [GC ref-proc, 0.0010601 secs] 2023-04-21T22:19:26.524+0000: 95326.876: [Unloading, 0.0130774 secs], 0.0153407 secs]
 [Times: user=0.03 sys=0.00, real=0.01 secs] 
2023-04-21T22:19:26.538+0000: 95326.890: Total time for which application threads were stopped: 0.0154975 seconds, Stopping threads took: 0.0000286 seconds
2023-04-21T22:19:26.538+0000: 95326.891: [GC cleanup 295M->273M(512M), 0.0010719 secs]
 [Times: user=0.00 sys=0.00, real=0.01 secs] 
2023-04-21T22:19:26.539+0000: 95326.892: Total time for which application threads were stopped: 0.0012468 seconds, Stopping threads took: 0.0000767 seconds
2023-04-21T22:19:26.539+0000: 95326.892: [GC concurrent-cleanup-start]
2023-04-21T22:19:26.539+0000: 95326.892: [GC concurrent-cleanup-end, 0.0000448 secs]
{Heap before GC invocations=107 (full 0):
 garbage-first heap   total 524288K, used 431544K [0x00000000e0000000, 0x00000000e0101000, 0x0000000100000000)
  region size 1024K, 126 young (129024K), 3 survivors (3072K)
 Metaspace       used 55182K, capacity 57250K, committed 57856K, reserved 1099776K
  class space    used 6533K, capacity 6999K, committed 7168K, reserved 1048576K
2023-04-21T22:19:28.585+0000: 95328.938: [GC pause (G1 Evacuation Pause) (young)
Desired survivor size 8388608 bytes, new threshold 15 (max 15)
- age   1:    1290168 bytes,    1290168 total
- age   2:     342928 bytes,    1633096 total
- age   3:     646712 bytes,    2279808 total
, 0.0087457 secs]
   [Parallel Time: 7.2 ms, GC Workers: 2]
      [GC Worker Start (ms): Min: 95328937.8, Avg: 95328937.8, Max: 95328937.8, Diff: 0.0]
      [Ext Root Scanning (ms): Min: 1.3, Avg: 1.4, Max: 1.4, Diff: 0.0, Sum: 2.7]
      [Update RS (ms): Min: 4.9, Avg: 4.9, Max: 5.0, Diff: 0.1, Sum: 9.8]
         [Processed Buffers: Min: 123, Avg: 126.5, Max: 130, Diff: 7, Sum: 253]
      [Scan RS (ms): Min: 0.1, Avg: 0.1, Max: 0.1, Diff: 0.0, Sum: 0.2]
      [Code Root Scanning (ms): Min: 0.0, Avg: 0.0, Max: 0.1, Diff: 0.0, Sum: 0.1]
      [Object Copy (ms): Min: 0.6, Avg: 0.7, Max: 0.7, Diff: 0.1, Sum: 1.3]
      [Termination (ms): Min: 0.0, Avg: 0.0, Max: 0.0, Diff: 0.0, Sum: 0.0]
         [Termination Attempts: Min: 1, Avg: 1.0, Max: 1, Diff: 0, Sum: 2]
      [GC Worker Other (ms): Min: 0.0, Avg: 0.0, Max: 0.0, Diff: 0.0, Sum: 0.0]
      [GC Worker Total (ms): Min: 7.1, Avg: 7.1, Max: 7.1, Diff: 0.0, Sum: 14.2]
      [GC Worker End (ms): Min: 95328944.9, Avg: 95328944.9, Max: 95328944.9, Diff: 0.0]
   [Code Root Fixup: 0.0 ms]
   [Code Root Purge: 0.0 ms]
   [Clear CT: 0.1 ms]
   [Other: 1.5 ms]
      [Choose CSet: 0.0 ms]
      [Ref Proc: 1.0 ms]
      [Ref Enq: 0.1 ms]
      [Redirty Cards: 0.1 ms]
      [Humongous Register: 0.1 ms]
      [Humongous Reclaim: 0.1 ms]
      [Free CSet: 0.1 ms]
   [Eden: 123.0M(123.0M)->0.0B(21504.0K) Survivors: 3072.0K->4096.0K Heap: 421.4M(512.0M)->270.9M(512.0M)]
Heap after GC invocations=108 (full 0):
 garbage-first heap   total 524288K, used 277419K [0x00000000e0000000, 0x00000000e0101000, 0x0000000100000000)
  region size 1024K, 4 young (4096K), 4 survivors (4096K)
 Metaspace       used 55182K, capacity 57250K, committed 57856K, reserved 1099776K
  class space    used 6533K, capacity 6999K, committed 7168K, reserved 1048576K
}
 [Times: user=0.01 sys=0.00, real=0.01 secs] 
2023-04-21T22:19:28.594+0000: 95328.947: Total time for which application threads were stopped: 0.0090362 seconds, Stopping threads took: 0.0000339 seconds
{Heap before GC invocations=108 (full 0):
 garbage-first heap   total 524288K, used 312357K [0x00000000e0000000, 0x00000000e0101000, 0x0000000100000000)
  region size 1024K, 25 young (25600K), 4 survivors (4096K)
 Metaspace       used 55182K, capacity 57250K, committed 57856K, reserved 1099776K
  class space    used 6533K, capacity 6999K, committed 7168K, reserved 1048576K
2023-04-21T22:19:29.099+0000: 95329.452: [GC pause (G1 Evacuation Pause) (mixed)
Desired survivor size 2097152 bytes, new threshold 2 (max 15)
- age   1:    1954912 bytes,    1954912 total
- age   2:     978192 bytes,    2933104 total
- age   3:     259496 bytes,    3192600 total
- age   4:     646688 bytes,    3839288 total
, 0.0063706 secs]
   [Parallel Time: 5.0 ms, GC Workers: 2]
      [GC Worker Start (ms): Min: 95329452.1, Avg: 95329452.1, Max: 95329452.1, Diff: 0.0]
      [Ext Root Scanning (ms): Min: 1.4, Avg: 1.4, Max: 1.4, Diff: 0.0, Sum: 2.8]
      [Update RS (ms): Min: 2.0, Avg: 2.1, Max: 2.1, Diff: 0.1, Sum: 4.1]
         [Processed Buffers: Min: 54, Avg: 55.0, Max: 56, Diff: 2, Sum: 110]
      [Scan RS (ms): Min: 0.1, Avg: 0.1, Max: 0.1, Diff: 0.0, Sum: 0.3]
      [Code Root Scanning (ms): Min: 0.0, Avg: 0.0, Max: 0.0, Diff: 0.0, Sum: 0.1]
      [Object Copy (ms): Min: 1.2, Avg: 1.3, Max: 1.3, Diff: 0.1, Sum: 2.5]
      [Termination (ms): Min: 0.0, Avg: 0.0, Max: 0.1, Diff: 0.1, Sum: 0.1]
         [Termination Attempts: Min: 1, Avg: 1.0, Max: 1, Diff: 0, Sum: 2]
      [GC Worker Other (ms): Min: 0.0, Avg: 0.0, Max: 0.0, Diff: 0.0, Sum: 0.0]
      [GC Worker Total (ms): Min: 4.9, Avg: 4.9, Max: 4.9, Diff: 0.0, Sum: 9.8]
      [GC Worker End (ms): Min: 95329457.0, Avg: 95329457.0, Max: 95329457.0, Diff: 0.0]
   [Code Root Fixup: 0.0 ms]
   [Code Root Purge: 0.0 ms]
   [Clear CT: 0.1 ms]
   [Other: 1.3 ms]
      [Choose CSet: 0.0 ms]
      [Ref Proc: 0.8 ms]
      [Ref Enq: 0.1 ms]
      [Redirty Cards: 0.1 ms]
      [Humongous Register: 0.1 ms]
      [Humongous Reclaim: 0.0 ms]
      [Free CSet: 0.1 ms]
   [Eden: 21504.0K(21504.0K)->0.0B(21504.0K) Survivors: 4096.0K->4096.0K Heap: 305.0M(512.0M)->224.2M(512.0M)]
Heap after GC invocations=109 (full 0):
 garbage-first heap   total 524288K, used 229630K [0x00000000e0000000, 0x00000000e0101000, 0x0000000100000000)
  region size 1024K, 4 young (4096K), 4 survivors (4096K)
 Metaspace       used 55182K, capacity 57250K, committed 57856K, reserved 1099776K
  class space    used 6533K, capacity 6999K, committed 7168K, reserved 1048576K
}
 [Times: user=0.01 sys=0.00, real=0.00 secs] 
2023-04-21T22:19:29.106+0000: 95329.458: Total time for which application threads were stopped: 0.0066558 seconds, Stopping threads took: 0.0000338 seconds
{Heap before GC invocations=109 (full 0):
 garbage-first heap   total 524288K, used 255339K [0x00000000e0000000, 0x00000000e0101000, 0x0000000100000000)
  region size 1024K, 25 young (25600K), 4 survivors (4096K)
 Metaspace       used 55182K, capacity 57250K, committed 57856K, reserved 1099776K
  class space    used 6533K, capacity 6999K, committed 7168K, reserved 1048576K
2023-04-21T22:19:29.433+0000: 95329.785: [GC pause (G1 Evacuation Pause) (mixed)
Desired survivor size 2097152 bytes, new threshold 2 (max 15)
- age   1:    1835120 bytes,    1835120 total
- age   2:    1483792 bytes,    3318912 total
, 0.0054571 secs]
   [Parallel Time: 4.0 ms, GC Workers: 2]
      [GC Worker Start (ms): Min: 95329785.6, Avg: 95329785.6, Max: 95329785.6, Diff: 0.0]
      [Ext Root Scanning (ms): Min: 1.4, Avg: 1.4, Max: 1.4, Diff: 0.0, Sum: 2.8]
      [Update RS (ms): Min: 0.8, Avg: 0.8, Max: 0.8, Diff: 0.0, Sum: 1.7]
         [Processed Buffers: Min: 11, Avg: 18.5, Max: 26, Diff: 15, Sum: 37]
      [Scan RS (ms): Min: 0.1, Avg: 0.1, Max: 0.1, Diff: 0.1, Sum: 0.2]
      [Code Root Scanning (ms): Min: 0.0, Avg: 0.0, Max: 0.0, Diff: 0.0, Sum: 0.0]
      [Object Copy (ms): Min: 1.4, Avg: 1.5, Max: 1.5, Diff: 0.1, Sum: 3.0]
      [Termination (ms): Min: 0.0, Avg: 0.0, Max: 0.1, Diff: 0.1, Sum: 0.1]
         [Termination Attempts: Min: 1, Avg: 1.0, Max: 1, Diff: 0, Sum: 2]
      [GC Worker Other (ms): Min: 0.0, Avg: 0.0, Max: 0.0, Diff: 0.0, Sum: 0.0]
      [GC Worker Total (ms): Min: 3.8, Avg: 3.9, Max: 3.9, Diff: 0.0, Sum: 7.7]
      [GC Worker End (ms): Min: 95329789.5, Avg: 95329789.5, Max: 95329789.5, Diff: 0.0]
   [Code Root Fixup: 0.0 ms]
   [Code Root Purge: 0.0 ms]
   [Clear CT: 0.1 ms]
   [Other: 1.4 ms]
      [Choose CSet: 0.0 ms]
      [Ref Proc: 1.0 ms]
      [Ref Enq: 0.1 ms]
      [Redirty Cards: 0.1 ms]
      [Humongous Register: 0.1 ms]
      [Humongous Reclaim: 0.0 ms]
      [Free CSet: 0.1 ms]
   [Eden: 21504.0K(21504.0K)->0.0B(193.0M) Survivors: 4096.0K->4096.0K Heap: 249.4M(512.0M)->217.6M(512.0M)]
Heap after GC invocations=110 (full 0):
 garbage-first heap   total 524288K, used 222831K [0x00000000e0000000, 0x00000000e0101000, 0x0000000100000000)
  region size 1024K, 4 young (4096K), 4 survivors (4096K)
 Metaspace       used 55182K, capacity 57250K, committed 57856K, reserved 1099776K
  class space    used 6533K, capacity 6999K, committed 7168K, reserved 1048576K
}
 [Times: user=0.01 sys=0.00, real=0.00 secs] 
2023-04-21T22:19:29.438+0000: 95329.791: Total time for which application threads were stopped: 0.0057398 seconds, Stopping threads took: 0.0000359 seconds
{Heap before GC invocations=110 (full 0):
 garbage-first heap   total 524288K, used 222831K [0x00000000e0000000, 0x00000000e0101000, 0x0000000100000000)
  region size 1024K, 5 young (5120K), 4 survivors (4096K)
 Metaspace       used 55182K, capacity 57250K, committed 57856K, reserved 1099776K
  class space    used 6533K, capacity 6999K, committed 7168K, reserved 1048576K
2023-04-21T22:19:29.440+0000: 95329.793: [GC pause (G1 Humongous Allocation) (young) (initial-mark)
Desired survivor size 13107200 bytes, new threshold 15 (max 15)
- age   1:    2255712 bytes,    2255712 total
- age   2:    1448712 bytes,    3704424 total
, 0.0039304 secs]
   [Parallel Time: 2.6 ms, GC Workers: 2]
      [GC Worker Start (ms): Min: 95329793.2, Avg: 95329793.2, Max: 95329793.2, Diff: 0.0]
      [Ext Root Scanning (ms): Min: 1.6, Avg: 1.6, Max: 1.6, Diff: 0.0, Sum: 3.2]
      [Update RS (ms): Min: 0.2, Avg: 0.3, Max: 0.3, Diff: 0.1, Sum: 0.5]
         [Processed Buffers: Min: 1, Avg: 2.0, Max: 3, Diff: 2, Sum: 4]
      [Scan RS (ms): Min: 0.0, Avg: 0.0, Max: 0.0, Diff: 0.0, Sum: 0.0]
      [Code Root Scanning (ms): Min: 0.0, Avg: 0.0, Max: 0.0, Diff: 0.0, Sum: 0.0]
      [Object Copy (ms): Min: 0.6, Avg: 0.6, Max: 0.7, Diff: 0.1, Sum: 1.3]
      [Termination (ms): Min: 0.0, Avg: 0.0, Max: 0.0, Diff: 0.0, Sum: 0.0]
         [Termination Attempts: Min: 1, Avg: 1.0, Max: 1, Diff: 0, Sum: 2]
      [GC Worker Other (ms): Min: 0.0, Avg: 0.0, Max: 0.0, Diff: 0.0, Sum: 0.0]
      [GC Worker Total (ms): Min: 2.5, Avg: 2.5, Max: 2.5, Diff: 0.0, Sum: 5.0]
      [GC Worker End (ms): Min: 95329795.7, Avg: 95329795.7, Max: 95329795.7, Diff: 0.0]
   [Code Root Fixup: 0.0 ms]
   [Code Root Purge: 0.0 ms]
   [Clear CT: 0.1 ms]
   [Other: 1.2 ms]
      [Choose CSet: 0.0 ms]
      [Ref Proc: 0.9 ms]
      [Ref Enq: 0.1 ms]
      [Redirty Cards: 0.1 ms]
      [Humongous Register: 0.0 ms]
      [Humongous Reclaim: 0.0 ms]
      [Free CSet: 0.0 ms]
   [Eden: 1024.0K(193.0M)->0.0B(168.0M) Survivors: 4096.0K->5120.0K Heap: 218.5M(512.0M)->218.1M(512.0M)]
Heap after GC invocations=111 (full 0):
 garbage-first heap   total 524288K, used 223368K [0x00000000e0000000, 0x00000000e0101000, 0x0000000100000000)
  region size 1024K, 5 young (5120K), 5 survivors (5120K)
 Metaspace       used 55182K, capacity 57250K, committed 57856K, reserved 1099776K
  class space    used 6533K, capacity 6999K, committed 7168K, reserved 1048576K
}
 [Times: user=0.01 sys=0.00, real=0.00 secs] 
2023-04-21T22:19:29.444+0000: 95329.797: 2023-04-21T22:19:29.444+0000: [GC concurrent-root-region-scan-start]
95329.797: Total time for which application threads were stopped: 0.0041369 seconds, Stopping threads took: 0.0000171 seconds
2023-04-21T22:19:29.445+0000: 95329.798: [GC concurrent-root-region-scan-end, 0.0005851 secs]
2023-04-21T22:19:29.445+0000: 95329.798: [GC concurrent-mark-start]
2023-04-21T22:19:29.519+0000: 95329.871: [GC concurrent-mark-end, 0.0737961 secs]
2023-04-21T22:19:29.519+0000: 95329.872: [GC remark 2023-04-21T22:19:29.519+0000: 95329.872: [Finalize Marking, 0.0002936 secs] 2023-04-21T22:19:29.519+0000: 95329.872: [GC ref-proc, 0.0016085 secs] 2023-04-21T22:19:29.521+0000: 95329.874: [Unloading, 0.0132248 secs], 0.0165949 secs]
 [Times: user=0.03 sys=0.00, real=0.01 secs] 
2023-04-21T22:19:29.536+0000: 95329.888: Total time for which application threads were stopped: 0.0167570 seconds, Stopping threads took: 0.0000328 seconds
2023-04-21T22:19:29.546+0000: 95329.899: [GC cleanup 223M->217M(512M), 0.0015709 secs]
 [Times: user=0.00 sys=0.00, real=0.00 secs] 
2023-04-21T22:19:29.547+0000: 95329.900: Total time for which application threads were stopped: 0.0048868 seconds, Stopping threads took: 0.0032170 seconds
2023-04-21T22:19:29.551+0000: 95329.903: [GC concurrent-cleanup-start]
2023-04-21T22:19:29.551+0000: 95329.903: [GC concurrent-cleanup-end, 0.0000243 secs]
{Heap before GC invocations=112 (full 0):
 garbage-first heap   total 524288K, used 470229K [0x00000000e0000000, 0x00000000e0101000, 0x0000000100000000)
  region size 1024K, 173 young (177152K), 5 survivors (5120K)
 Metaspace       used 55182K, capacity 57250K, committed 57856K, reserved 1099776K
  class space    used 6533K, capacity 6999K, committed 7168K, reserved 1048576K
2023-04-21T22:19:33.228+0000: 95333.581: [GC pause (G1 Evacuation Pause) (young)
Desired survivor size 11534336 bytes, new threshold 15 (max 15)
- age   1:     548744 bytes,     548744 total
- age   2:    2255712 bytes,    2804456 total
- age   3:    1448712 bytes,    4253168 total
 (to-space exhausted), 0.0112643 secs]
   [Parallel Time: 9.2 ms, GC Workers: 2]
      [GC Worker Start (ms): Min: 95333580.8, Avg: 95333580.8, Max: 95333580.8, Diff: 0.0]
      [Ext Root Scanning (ms): Min: 1.4, Avg: 1.4, Max: 1.4, Diff: 0.0, Sum: 2.8]
      [Update RS (ms): Min: 6.7, Avg: 6.7, Max: 6.8, Diff: 0.1, Sum: 13.4]
         [Processed Buffers: Min: 179, Avg: 180.5, Max: 182, Diff: 3, Sum: 361]
      [Scan RS (ms): Min: 0.1, Avg: 0.1, Max: 0.2, Diff: 0.0, Sum: 0.3]
      [Code Root Scanning (ms): Min: 0.1, Avg: 0.1, Max: 0.1, Diff: 0.0, Sum: 0.1]
      [Object Copy (ms): Min: 0.8, Avg: 0.8, Max: 0.8, Diff: 0.1, Sum: 1.6]
      [Termination (ms): Min: 0.0, Avg: 0.0, Max: 0.0, Diff: 0.0, Sum: 0.0]
         [Termination Attempts: Min: 1, Avg: 1.0, Max: 1, Diff: 0, Sum: 2]
      [GC Worker Other (ms): Min: 0.0, Avg: 0.0, Max: 0.0, Diff: 0.0, Sum: 0.0]
      [GC Worker Total (ms): Min: 9.1, Avg: 9.1, Max: 9.1, Diff: 0.0, Sum: 18.2]
      [GC Worker End (ms): Min: 95333589.9, Avg: 95333589.9, Max: 95333589.9, Diff: 0.0]
   [Code Root Fixup: 0.0 ms]
   [Code Root Purge: 0.0 ms]
   [Clear CT: 0.1 ms]
   [Other: 1.9 ms]
      [Evacuation Failure: 0.4 ms]
      [Choose CSet: 0.0 ms]
      [Ref Proc: 1.0 ms]
      [Ref Enq: 0.1 ms]
      [Redirty Cards: 0.1 ms]
      [Humongous Register: 0.1 ms]
      [Humongous Reclaim: 0.2 ms]
      [Free CSet: 0.1 ms]
   [Eden: 168.0M(168.0M)->0.0B(21504.0K) Survivors: 5120.0K->4096.0K Heap: 459.2M(512.0M)->232.3M(512.0M)]
Heap after GC invocations=113 (full 0):
 garbage-first heap   total 524288K, used 237880K [0x00000000e0000000, 0x00000000e0101000, 0x0000000100000000)
  region size 1024K, 4 young (4096K), 4 survivors (4096K)
 Metaspace       used 55182K, capacity 57250K, committed 57856K, reserved 1099776K
  class space    used 6533K, capacity 6999K, committed 7168K, reserved 1048576K
}
 [Times: user=0.03 sys=0.00, real=0.02 secs] 
2023-04-21T22:19:33.239+0000: 95333.592: Total time for which application threads were stopped: 0.0115285 seconds, Stopping threads took: 0.0000351 seconds
{Heap before GC invocations=113 (full 0):
 garbage-first heap   total 524288K, used 262416K [0x00000000e0000000, 0x00000000e0101000, 0x0000000100000000)
  region size 1024K, 25 young (25600K), 4 survivors (4096K)
 Metaspace       used 55182K, capacity 57250K, committed 57856K, reserved 1099776K
  class space    used 6533K, capacity 6999K, committed 7168K, reserved 1048576K
2023-04-21T22:19:33.553+0000: 95333.906: [GC pause (G1 Evacuation Pause) (mixed)
Desired survivor size 2097152 bytes, new threshold 3 (max 15)
- age   1:    1864512 bytes,    1864512 total
- age   2:        104 bytes,    1864616 total
- age   3:     481696 bytes,    2346312 total
- age   4:    1448712 bytes,    3795024 total
, 0.0041955 secs]
   [Parallel Time: 3.0 ms, GC Workers: 2]
      [GC Worker Start (ms): Min: 95333905.8, Avg: 95333905.9, Max: 95333905.9, Diff: 0.0]
      [Ext Root Scanning (ms): Min: 1.4, Avg: 1.4, Max: 1.4, Diff: 0.1, Sum: 2.8]
      [Update RS (ms): Min: 0.6, Avg: 0.6, Max: 0.6, Diff: 0.0, Sum: 1.2]
         [Processed Buffers: Min: 15, Avg: 15.5, Max: 16, Diff: 1, Sum: 31]
      [Scan RS (ms): Min: 0.0, Avg: 0.0, Max: 0.0, Diff: 0.0, Sum: 0.1]
      [Code Root Scanning (ms): Min: 0.0, Avg: 0.0, Max: 0.0, Diff: 0.0, Sum: 0.0]
      [Object Copy (ms): Min: 0.8, Avg: 0.8, Max: 0.9, Diff: 0.1, Sum: 1.6]
      [Termination (ms): Min: 0.0, Avg: 0.0, Max: 0.1, Diff: 0.1, Sum: 0.1]
         [Termination Attempts: Min: 1, Avg: 1.0, Max: 1, Diff: 0, Sum: 2]
      [GC Worker Other (ms): Min: 0.0, Avg: 0.0, Max: 0.0, Diff: 0.0, Sum: 0.0]
      [GC Worker Total (ms): Min: 2.9, Avg: 2.9, Max: 2.9, Diff: 0.0, Sum: 5.8]
      [GC Worker End (ms): Min: 95333908.7, Avg: 95333908.8, Max: 95333908.8, Diff: 0.0]
   [Code Root Fixup: 0.0 ms]
   [Code Root Purge: 0.0 ms]
   [Clear CT: 0.1 ms]
   [Other: 1.1 ms]
      [Choose CSet: 0.0 ms]
      [Ref Proc: 0.8 ms]
      [Ref Enq: 0.1 ms]
      [Redirty Cards: 0.1 ms]
      [Humongous Register: 0.1 ms]
      [Humongous Reclaim: 0.0 ms]
      [Free CSet: 0.0 ms]
   [Eden: 21504.0K(21504.0K)->0.0B(168.0M) Survivors: 4096.0K->3072.0K Heap: 256.3M(512.0M)->230.0M(512.0M)]
Heap after GC invocations=114 (full 0):
 garbage-first heap   total 524288K, used 235491K [0x00000000e0000000, 0x00000000e0101000, 0x0000000100000000)
  region size 1024K, 3 young (3072K), 3 survivors (3072K)
 Metaspace       used 55182K, capacity 57250K, committed 57856K, reserved 1099776K
  class space    used 6533K, capacity 6999K, committed 7168K, reserved 1048576K
}
 [Times: user=0.01 sys=0.00, real=0.00 secs] 
2023-04-21T22:19:33.557+0000: 95333.910: Total time for which application threads were stopped: 0.0044595 seconds, Stopping threads took: 0.0000334 seconds
{Heap before GC invocations=114 (full 0):
 garbage-first heap   total 524288K, used 241635K [0x00000000e0000000, 0x00000000e0101000, 0x0000000100000000)
  region size 1024K, 10 young (10240K), 3 survivors (3072K)
 Metaspace       used 55182K, capacity 57250K, committed 57856K, reserved 1099776K
  class space    used 6533K, capacity 6999K, committed 7168K, reserved 1048576K
2023-04-21T22:19:33.633+0000: 95333.985: [GC pause (G1 Humongous Allocation) (young) (initial-mark)
Desired survivor size 11534336 bytes, new threshold 15 (max 15)
- age   1:    1306712 bytes,    1306712 total
- age   2:    1314512 bytes,    2621224 total
- age   3:        104 bytes,    2621328 total
, 0.0039465 secs]
   [Parallel Time: 2.7 ms, GC Workers: 2]
      [GC Worker Start (ms): Min: 95333985.7, Avg: 95333985.7, Max: 95333985.7, Diff: 0.0]
      [Ext Root Scanning (ms): Min: 1.8, Avg: 1.8, Max: 1.9, Diff: 0.1, Sum: 3.7]
      [Update RS (ms): Min: 0.1, Avg: 0.2, Max: 0.2, Diff: 0.1, Sum: 0.3]
         [Processed Buffers: Min: 2, Avg: 2.5, Max: 3, Diff: 1, Sum: 5]
      [Scan RS (ms): Min: 0.0, Avg: 0.0, Max: 0.0, Diff: 0.0, Sum: 0.0]
      [Code Root Scanning (ms): Min: 0.0, Avg: 0.0, Max: 0.0, Diff: 0.0, Sum: 0.0]
      [Object Copy (ms): Min: 0.4, Avg: 0.5, Max: 0.5, Diff: 0.2, Sum: 0.9]
      [Termination (ms): Min: 0.0, Avg: 0.0, Max: 0.0, Diff: 0.0, Sum: 0.0]
         [Termination Attempts: Min: 1, Avg: 1.0, Max: 1, Diff: 0, Sum: 2]
      [GC Worker Other (ms): Min: 0.0, Avg: 0.0, Max: 0.0, Diff: 0.0, Sum: 0.0]
      [GC Worker Total (ms): Min: 2.5, Avg: 2.5, Max: 2.5, Diff: 0.0, Sum: 5.0]
      [GC Worker End (ms): Min: 95333988.2, Avg: 95333988.2, Max: 95333988.2, Diff: 0.0]
   [Code Root Fixup: 0.0 ms]
   [Code Root Purge: 0.0 ms]
   [Clear CT: 0.1 ms]
   [Other: 1.2 ms]
      [Choose CSet: 0.0 ms]
      [Ref Proc: 0.8 ms]
      [Ref Enq: 0.1 ms]
      [Redirty Cards: 0.1 ms]
      [Humongous Register: 0.1 ms]
      [Humongous Reclaim: 0.0 ms]
      [Free CSet: 0.0 ms]
   [Eden: 7168.0K(168.0M)->0.0B(176.0M) Survivors: 3072.0K->3072.0K Heap: 236.8M(512.0M)->228.9M(512.0M)]
Heap after GC invocations=115 (full 0):
 garbage-first heap   total 524288K, used 234345K [0x00000000e0000000, 0x00000000e0101000, 0x0000000100000000)
  region size 1024K, 3 young (3072K), 3 survivors (3072K)
 Metaspace       used 55182K, capacity 57250K, committed 57856K, reserved 1099776K
  class space    used 6533K, capacity 6999K, committed 7168K, reserved 1048576K
}
 [Times: user=0.01 sys=0.00, real=0.00 secs] 
2023-04-21T22:19:33.637+0000: 95333.989: Total time for which application threads were stopped: 0.0042171 seconds, Stopping threads took: 0.0000321 seconds
2023-04-21T22:19:33.637+0000: 95333.989: [GC concurrent-root-region-scan-start]
2023-04-21T22:19:33.637+0000: 95333.990: [GC concurrent-root-region-scan-end, 0.0006046 secs]
2023-04-21T22:19:33.637+0000: 95333.990: [GC concurrent-mark-start]
2023-04-21T22:19:33.710+0000: 95334.062: [GC concurrent-mark-end, 0.0723995 secs]
2023-04-21T22:19:33.710+0000: 95334.063: [GC remark 2023-04-21T22:19:33.710+0000: 95334.063: [Finalize Marking, 0.0001619 secs] 2023-04-21T22:19:33.710+0000: 95334.063: [GC ref-proc, 0.0011785 secs] 2023-04-21T22:19:33.711+0000: 95334.064: [Unloading, 0.0127875 secs], 0.0149502 secs]
 [Times: user=0.04 sys=0.00, real=0.02 secs] 
2023-04-21T22:19:33.725+0000: 95334.078: Total time for which application threads were stopped: 0.0151403 seconds, Stopping threads took: 0.0000536 seconds
2023-04-21T22:19:33.727+0000: 95334.079: [GC cleanup 233M->227M(512M), 0.0010240 secs]
 [Times: user=0.00 sys=0.00, real=0.00 secs] 
2023-04-21T22:19:33.728+0000: 95334.080: Total time for which application threads were stopped: 0.0011323 seconds, Stopping threads took: 0.0000185 seconds
2023-04-21T22:19:33.728+0000: 95334.080: [GC concurrent-cleanup-start]
2023-04-21T22:19:33.728+0000: 95334.080: [GC concurrent-cleanup-end, 0.0000202 secs]
{Heap before GC invocations=116 (full 0):
 garbage-first heap   total 524288K, used 475148K [0x00000000e0000000, 0x00000000e0101000, 0x0000000100000000)
  region size 1024K, 179 young (183296K), 3 survivors (3072K)
 Metaspace       used 55182K, capacity 57250K, committed 57856K, reserved 1099776K
  class space    used 6533K, capacity 6999K, committed 7168K, reserved 1048576K
2023-04-21T22:19:37.223+0000: 95337.576: [GC pause (G1 Evacuation Pause) (young)
Desired survivor size 12058624 bytes, new threshold 15 (max 15)
- age   1:     834968 bytes,     834968 total
- age   2:     125072 bytes,     960040 total
- age   3:    1314512 bytes,    2274552 total
- age   4:        104 bytes,    2274656 total
 (to-space exhausted), 0.0124144 secs]
   [Parallel Time: 9.6 ms, GC Workers: 2]
      [GC Worker Start (ms): Min: 95337575.8, Avg: 95337575.8, Max: 95337575.8, Diff: 0.0]
      [Ext Root Scanning (ms): Min: 1.3, Avg: 1.3, Max: 1.4, Diff: 0.0, Sum: 2.7]
      [Update RS (ms): Min: 6.1, Avg: 6.1, Max: 6.1, Diff: 0.0, Sum: 12.2]
         [Processed Buffers: Min: 186, Avg: 189.0, Max: 192, Diff: 6, Sum: 378]
      [Scan RS (ms): Min: 0.1, Avg: 0.1, Max: 0.1, Diff: 0.0, Sum: 0.3]
      [Code Root Scanning (ms): Min: 0.1, Avg: 0.1, Max: 0.1, Diff: 0.0, Sum: 0.1]
      [Object Copy (ms): Min: 1.8, Avg: 1.9, Max: 1.9, Diff: 0.0, Sum: 3.7]
      [Termination (ms): Min: 0.0, Avg: 0.0, Max: 0.0, Diff: 0.0, Sum: 0.0]
         [Termination Attempts: Min: 1, Avg: 1.0, Max: 1, Diff: 0, Sum: 2]
      [GC Worker Other (ms): Min: 0.0, Avg: 0.0, Max: 0.0, Diff: 0.0, Sum: 0.0]
      [GC Worker Total (ms): Min: 9.5, Avg: 9.5, Max: 9.5, Diff: 0.0, Sum: 19.0]
      [GC Worker End (ms): Min: 95337585.3, Avg: 95337585.3, Max: 95337585.3, Diff: 0.0]
   [Code Root Fixup: 0.0 ms]
   [Code Root Purge: 0.0 ms]
   [Clear CT: 0.1 ms]
   [Other: 2.7 ms]
      [Evacuation Failure: 1.2 ms]
      [Choose CSet: 0.0 ms]
      [Ref Proc: 1.0 ms]
      [Ref Enq: 0.1 ms]
      [Redirty Cards: 0.1 ms]
      [Humongous Register: 0.1 ms]
      [Humongous Reclaim: 0.1 ms]
      [Free CSet: 0.1 ms]
   [Eden: 176.0M(176.0M)->0.0B(19456.0K) Survivors: 3072.0K->6144.0K Heap: 464.0M(512.0M)->314.1M(512.0M)]
Heap after GC invocations=117 (full 0):
 garbage-first heap   total 524288K, used 321610K [0x00000000e0000000, 0x00000000e0101000, 0x0000000100000000)
  region size 1024K, 6 young (6144K), 6 survivors (6144K)
 Metaspace       used 55182K, capacity 57250K, committed 57856K, reserved 1099776K
  class space    used 6533K, capacity 6999K, committed 7168K, reserved 1048576K
}
 [Times: user=0.03 sys=0.00, real=0.01 secs] 
2023-04-21T22:19:37.235+0000: 95337.588: Total time for which application threads were stopped: 0.0127025 seconds, Stopping threads took: 0.0000520 seconds
{Heap before GC invocations=117 (full 0):
 garbage-first heap   total 524288K, used 344937K [0x00000000e0000000, 0x00000000e0101000, 0x0000000100000000)
  region size 1024K, 25 young (25600K), 6 survivors (6144K)
 Metaspace       used 55182K, capacity 57250K, committed 57856K, reserved 1099776K
  class space    used 6533K, capacity 6999K, committed 7168K, reserved 1048576K
2023-04-21T22:19:37.585+0000: 95337.938: [GC pause (G1 Evacuation Pause) (mixed)
Desired survivor size 2097152 bytes, new threshold 1 (max 15)
- age   1:    4492232 bytes,    4492232 total
- age   3:     125072 bytes,    4617304 total
- age   4:    1314304 bytes,    5931608 total
- age   5:        104 bytes,    5931712 total
, 0.0052680 secs]
   [Parallel Time: 3.9 ms, GC Workers: 2]
      [GC Worker Start (ms): Min: 95337938.0, Avg: 95337938.0, Max: 95337938.0, Diff: 0.0]
      [Ext Root Scanning (ms): Min: 1.4, Avg: 1.4, Max: 1.4, Diff: 0.0, Sum: 2.8]
      [Update RS (ms): Min: 0.9, Avg: 1.0, Max: 1.0, Diff: 0.0, Sum: 1.9]
         [Processed Buffers: Min: 18, Avg: 19.5, Max: 21, Diff: 3, Sum: 39]
      [Scan RS (ms): Min: 0.0, Avg: 0.0, Max: 0.1, Diff: 0.0, Sum: 0.1]
      [Code Root Scanning (ms): Min: 0.0, Avg: 0.0, Max: 0.0, Diff: 0.0, Sum: 0.0]
      [Object Copy (ms): Min: 1.3, Avg: 1.3, Max: 1.4, Diff: 0.1, Sum: 2.7]
      [Termination (ms): Min: 0.0, Avg: 0.1, Max: 0.1, Diff: 0.1, Sum: 0.1]
         [Termination Attempts: Min: 1, Avg: 1.0, Max: 1, Diff: 0, Sum: 2]
      [GC Worker Other (ms): Min: 0.0, Avg: 0.0, Max: 0.0, Diff: 0.0, Sum: 0.0]
      [GC Worker Total (ms): Min: 3.8, Avg: 3.8, Max: 3.8, Diff: 0.0, Sum: 7.7]
      [GC Worker End (ms): Min: 95337941.8, Avg: 95337941.8, Max: 95337941.8, Diff: 0.0]
   [Code Root Fixup: 0.0 ms]
   [Code Root Purge: 0.0 ms]
   [Clear CT: 0.1 ms]
   [Other: 1.3 ms]
      [Choose CSet: 0.0 ms]
      [Ref Proc: 0.9 ms]
      [Ref Enq: 0.1 ms]
      [Redirty Cards: 0.1 ms]
      [Humongous Register: 0.1 ms]
      [Humongous Reclaim: 0.0 ms]
      [Free CSet: 0.1 ms]
   [Eden: 19456.0K(19456.0K)->0.0B(114.0M) Survivors: 6144.0K->1024.0K Heap: 336.9M(512.0M)->301.6M(512.0M)]
Heap after GC invocations=118 (full 0):
 garbage-first heap   total 524288K, used 308877K [0x00000000e0000000, 0x00000000e0101000, 0x0000000100000000)
  region size 1024K, 1 young (1024K), 1 survivors (1024K)
 Metaspace       used 55182K, capacity 57250K, committed 57856K, reserved 1099776K
  class space    used 6533K, capacity 6999K, committed 7168K, reserved 1048576K
}
 [Times: user=0.01 sys=0.00, real=0.00 secs] 
2023-04-21T22:19:37.590+0000: 95337.943: Total time for which application threads were stopped: 0.0055880 seconds, Stopping threads took: 0.0000324 seconds
{Heap before GC invocations=118 (full 0):
 garbage-first heap   total 524288K, used 308877K [0x00000000e0000000, 0x00000000e0101000, 0x0000000100000000)
  region size 1024K, 2 young (2048K), 1 survivors (1024K)
 Metaspace       used 55182K, capacity 57250K, committed 57856K, reserved 1099776K
  class space    used 6533K, capacity 6999K, committed 7168K, reserved 1048576K
2023-04-21T22:19:37.591+0000: 95337.943: [GC pause (G1 Humongous Allocation) (young) (initial-mark)
Desired survivor size 7864320 bytes, new threshold 15 (max 15)
- age   1:     563488 bytes,     563488 total
, 0.0033478 secs]
   [Parallel Time: 2.1 ms, GC Workers: 2]
      [GC Worker Start (ms): Min: 95337943.7, Avg: 95337943.7, Max: 95337943.7, Diff: 0.0]
      [Ext Root Scanning (ms): Min: 1.4, Avg: 1.5, Max: 1.5, Diff: 0.1, Sum: 2.9]
      [Update RS (ms): Min: 0.2, Avg: 0.2, Max: 0.2, Diff: 0.0, Sum: 0.4]
         [Processed Buffers: Min: 2, Avg: 2.0, Max: 2, Diff: 0, Sum: 4]
      [Scan RS (ms): Min: 0.0, Avg: 0.0, Max: 0.0, Diff: 0.0, Sum: 0.0]
      [Code Root Scanning (ms): Min: 0.0, Avg: 0.0, Max: 0.0, Diff: 0.0, Sum: 0.0]
      [Object Copy (ms): Min: 0.1, Avg: 0.2, Max: 0.2, Diff: 0.1, Sum: 0.4]
      [Termination (ms): Min: 0.0, Avg: 0.0, Max: 0.1, Diff: 0.1, Sum: 0.1]
         [Termination Attempts: Min: 1, Avg: 1.0, Max: 1, Diff: 0, Sum: 2]
      [GC Worker Other (ms): Min: 0.0, Avg: 0.0, Max: 0.0, Diff: 0.0, Sum: 0.0]
      [GC Worker Total (ms): Min: 1.9, Avg: 1.9, Max: 1.9, Diff: 0.0, Sum: 3.8]
      [GC Worker End (ms): Min: 95337945.6, Avg: 95337945.6, Max: 95337945.6, Diff: 0.0]
   [Code Root Fixup: 0.0 ms]
   [Code Root Purge: 0.0 ms]
   [Clear CT: 0.1 ms]
   [Other: 1.2 ms]
      [Choose CSet: 0.0 ms]
      [Ref Proc: 0.9 ms]
      [Ref Enq: 0.1 ms]
      [Redirty Cards: 0.1 ms]
      [Humongous Register: 0.1 ms]
      [Humongous Reclaim: 0.0 ms]
      [Free CSet: 0.0 ms]
   [Eden: 1024.0K(114.0M)->0.0B(115.0M) Survivors: 1024.0K->1024.0K Heap: 302.2M(512.0M)->301.7M(512.0M)]
Heap after GC invocations=119 (full 0):
 garbage-first heap   total 524288K, used 308916K [0x00000000e0000000, 0x00000000e0101000, 0x0000000100000000)
  region size 1024K, 1 young (1024K), 1 survivors (1024K)
 Metaspace       used 55182K, capacity 57250K, committed 57856K, reserved 1099776K
  class space    used 6533K, capacity 6999K, committed 7168K, reserved 1048576K
}
 [Times: user=0.00 sys=0.00, real=0.00 secs] 
2023-04-21T22:19:37.594+0000: 95337.947: Total time for which application threads were stopped: 0.0035696 seconds, Stopping threads took: 0.0000218 seconds
2023-04-21T22:19:37.594+0000: 95337.947: [GC concurrent-root-region-scan-start]
2023-04-21T22:19:37.595+0000: 95337.947: [GC concurrent-root-region-scan-end, 0.0005122 secs]
2023-04-21T22:19:37.595+0000: 95337.947: [GC concurrent-mark-start]
2023-04-21T22:19:37.674+0000: 95338.027: [GC concurrent-mark-end, 0.0792036 secs]
2023-04-21T22:19:37.674+0000: 95338.027: [GC remark 2023-04-21T22:19:37.674+0000: 95338.027: [Finalize Marking, 0.0001534 secs] 2023-04-21T22:19:37.674+0000: 95338.027: [GC ref-proc, 0.0016941 secs] 2023-04-21T22:19:37.676+0000: 95338.029: [Unloading, 0.0132518 secs], 0.0159662 secs]
 [Times: user=0.03 sys=0.00, real=0.01 secs] 
2023-04-21T22:19:37.690+0000: 95338.043: Total time for which application threads were stopped: 0.0161936 seconds, Stopping threads took: 0.0000854 seconds
2023-04-21T22:19:37.695+0000: 95338.047: [GC cleanup 306M->277M(512M), 0.0010691 secs]
 [Times: user=0.00 sys=0.00, real=0.00 secs] 
2023-04-21T22:19:37.696+0000: 95338.048: Total time for which application threads were stopped: 0.0012468 seconds, Stopping threads took: 0.0000710 seconds
2023-04-21T22:19:37.696+0000: 95338.049: [GC concurrent-cleanup-start]
2023-04-21T22:19:37.696+0000: 95338.049: [GC concurrent-cleanup-end, 0.0000441 secs]
{Heap before GC invocations=120 (full 0):
 garbage-first heap   total 524288K, used 431498K [0x00000000e0000000, 0x00000000e0101000, 0x0000000100000000)
  region size 1024K, 116 young (118784K), 1 survivors (1024K)
 Metaspace       used 55182K, capacity 57250K, committed 57856K, reserved 1099776K
  class space    used 6533K, capacity 6999K, committed 7168K, reserved 1048576K
2023-04-21T22:19:39.727+0000: 95340.079: [GC pause (G1 Evacuation Pause) (young)
Desired survivor size 7864320 bytes, new threshold 15 (max 15)
- age   1:      71840 bytes,      71840 total
- age   2:     502144 bytes,     573984 total
, 0.0095431 secs]
   [Parallel Time: 7.8 ms, GC Workers: 2]
      [GC Worker Start (ms): Min: 95340079.4, Avg: 95340079.4, Max: 95340079.5, Diff: 0.0]
      [Ext Root Scanning (ms): Min: 1.4, Avg: 1.4, Max: 1.4, Diff: 0.0, Sum: 2.8]
      [Update RS (ms): Min: 4.6, Avg: 4.6, Max: 4.7, Diff: 0.0, Sum: 9.3]
         [Processed Buffers: Min: 137, Avg: 137.5, Max: 138, Diff: 1, Sum: 275]
      [Scan RS (ms): Min: 0.0, Avg: 0.1, Max: 0.1, Diff: 0.0, Sum: 0.1]
      [Code Root Scanning (ms): Min: 0.0, Avg: 0.0, Max: 0.1, Diff: 0.0, Sum: 0.1]
      [Object Copy (ms): Min: 1.5, Avg: 1.5, Max: 1.5, Diff: 0.0, Sum: 3.0]
      [Termination (ms): Min: 0.0, Avg: 0.0, Max: 0.0, Diff: 0.0, Sum: 0.0]
         [Termination Attempts: Min: 1, Avg: 1.0, Max: 1, Diff: 0, Sum: 2]
      [GC Worker Other (ms): Min: 0.0, Avg: 0.0, Max: 0.0, Diff: 0.0, Sum: 0.0]
      [GC Worker Total (ms): Min: 7.7, Avg: 7.7, Max: 7.7, Diff: 0.0, Sum: 15.4]
      [GC Worker End (ms): Min: 95340087.1, Avg: 95340087.1, Max: 95340087.1, Diff: 0.0]
   [Code Root Fixup: 0.0 ms]
   [Code Root Purge: 0.0 ms]
   [Clear CT: 0.1 ms]
   [Other: 1.7 ms]
      [Choose CSet: 0.0 ms]
      [Ref Proc: 1.2 ms]
      [Ref Enq: 0.1 ms]
      [Redirty Cards: 0.1 ms]
      [Humongous Register: 0.1 ms]
      [Humongous Reclaim: 0.1 ms]
      [Free CSet: 0.1 ms]
   [Eden: 115.0M(115.0M)->0.0B(15360.0K) Survivors: 1024.0K->10240.0K Heap: 421.4M(512.0M)->287.8M(512.0M)]
Heap after GC invocations=121 (full 0):
 garbage-first heap   total 524288K, used 294671K [0x00000000e0000000, 0x00000000e0101000, 0x0000000100000000)
  region size 1024K, 10 young (10240K), 10 survivors (10240K)
 Metaspace       used 55182K, capacity 57250K, committed 57856K, reserved 1099776K
  class space    used 6533K, capacity 6999K, committed 7168K, reserved 1048576K
}
 [Times: user=0.02 sys=0.00, real=0.01 secs] 
2023-04-21T22:19:39.736+0000: 95340.089: Total time for which application threads were stopped: 0.0098409 seconds, Stopping threads took: 0.0000322 seconds
{Heap before GC invocations=121 (full 0):
 garbage-first heap   total 524288K, used 318519K [0x00000000e0000000, 0x00000000e0101000, 0x0000000100000000)
  region size 1024K, 25 young (25600K), 10 survivors (10240K)
 Metaspace       used 55182K, capacity 57250K, committed 57856K, reserved 1099776K
  class space    used 6533K, capacity 6999K, committed 7168K, reserved 1048576K
2023-04-21T22:19:40.101+0000: 95340.453: [GC pause (G1 Evacuation Pause) (mixed)
Desired survivor size 2097152 bytes, new threshold 1 (max 15)
- age   1:    9170976 bytes,    9170976 total
- age   3:     465536 bytes,    9636512 total
, 0.0066736 secs]
   [Parallel Time: 5.1 ms, GC Workers: 2]
      [GC Worker Start (ms): Min: 95340453.7, Avg: 95340453.7, Max: 95340453.7, Diff: 0.0]
      [Ext Root Scanning (ms): Min: 1.4, Avg: 1.4, Max: 1.5, Diff: 0.0, Sum: 2.9]
      [Update RS (ms): Min: 1.4, Avg: 1.4, Max: 1.4, Diff: 0.0, Sum: 2.8]
         [Processed Buffers: Min: 33, Avg: 35.5, Max: 38, Diff: 5, Sum: 71]
      [Scan RS (ms): Min: 0.1, Avg: 0.1, Max: 0.2, Diff: 0.1, Sum: 0.3]
      [Code Root Scanning (ms): Min: 0.0, Avg: 0.0, Max: 0.0, Diff: 0.0, Sum: 0.0]
      [Object Copy (ms): Min: 1.9, Avg: 1.9, Max: 1.9, Diff: 0.1, Sum: 3.8]
      [Termination (ms): Min: 0.0, Avg: 0.0, Max: 0.1, Diff: 0.1, Sum: 0.1]
         [Termination Attempts: Min: 1, Avg: 1.0, Max: 1, Diff: 0, Sum: 2]
      [GC Worker Other (ms): Min: 0.0, Avg: 0.0, Max: 0.0, Diff: 0.0, Sum: 0.0]
      [GC Worker Total (ms): Min: 4.9, Avg: 4.9, Max: 4.9, Diff: 0.0, Sum: 9.9]
      [GC Worker End (ms): Min: 95340458.6, Avg: 95340458.6, Max: 95340458.6, Diff: 0.0]
   [Code Root Fixup: 0.0 ms]
   [Code Root Purge: 0.0 ms]
   [Clear CT: 0.1 ms]
   [Other: 1.5 ms]
      [Choose CSet: 0.0 ms]
      [Ref Proc: 1.0 ms]
      [Ref Enq: 0.1 ms]
      [Redirty Cards: 0.1 ms]
      [Humongous Register: 0.1 ms]
      [Humongous Reclaim: 0.0 ms]
      [Free CSet: 0.1 ms]
   [Eden: 15360.0K(15360.0K)->0.0B(24576.0K) Survivors: 10240.0K->1024.0K Heap: 311.1M(512.0M)->239.5M(512.0M)]
Heap after GC invocations=122 (full 0):
 garbage-first heap   total 524288K, used 245278K [0x00000000e0000000, 0x00000000e0101000, 0x0000000100000000)
  region size 1024K, 1 young (1024K), 1 survivors (1024K)
 Metaspace       used 55182K, capacity 57250K, committed 57856K, reserved 1099776K
  class space    used 6533K, capacity 6999K, committed 7168K, reserved 1048576K
}
 [Times: user=0.01 sys=0.00, real=0.00 secs] 
2023-04-21T22:19:40.108+0000: 95340.460: Total time for which application threads were stopped: 0.0069603 seconds, Stopping threads took: 0.0000321 seconds
{Heap before GC invocations=122 (full 0):
 garbage-first heap   total 524288K, used 282122K [0x00000000e0000000, 0x00000000e0101000, 0x0000000100000000)
  region size 1024K, 25 young (25600K), 1 survivors (1024K)
 Metaspace       used 55182K, capacity 57250K, committed 57856K, reserved 1099776K
  class space    used 6533K, capacity 6999K, committed 7168K, reserved 1048576K
2023-04-21T22:19:40.649+0000: 95341.001: [GC pause (G1 Evacuation Pause) (mixed)
Desired survivor size 2097152 bytes, new threshold 15 (max 15)
- age   1:     805320 bytes,     805320 total
, 0.0060643 secs]
   [Parallel Time: 4.7 ms, GC Workers: 2]
      [GC Worker Start (ms): Min: 95341001.5, Avg: 95341001.5, Max: 95341001.5, Diff: 0.0]
      [Ext Root Scanning (ms): Min: 1.4, Avg: 1.4, Max: 1.4, Diff: 0.0, Sum: 2.8]
      [Update RS (ms): Min: 1.9, Avg: 1.9, Max: 1.9, Diff: 0.0, Sum: 3.9]
         [Processed Buffers: Min: 50, Avg: 50.5, Max: 51, Diff: 1, Sum: 101]
      [Scan RS (ms): Min: 0.0, Avg: 0.1, Max: 0.1, Diff: 0.1, Sum: 0.2]
      [Code Root Scanning (ms): Min: 0.0, Avg: 0.0, Max: 0.0, Diff: 0.0, Sum: 0.0]
      [Object Copy (ms): Min: 1.2, Avg: 1.2, Max: 1.3, Diff: 0.1, Sum: 2.4]
      [Termination (ms): Min: 0.0, Avg: 0.0, Max: 0.0, Diff: 0.0, Sum: 0.0]
         [Termination Attempts: Min: 1, Avg: 1.0, Max: 1, Diff: 0, Sum: 2]
      [GC Worker Other (ms): Min: 0.0, Avg: 0.0, Max: 0.0, Diff: 0.0, Sum: 0.0]
      [GC Worker Total (ms): Min: 4.6, Avg: 4.7, Max: 4.7, Diff: 0.0, Sum: 9.3]
      [GC Worker End (ms): Min: 95341006.1, Avg: 95341006.1, Max: 95341006.1, Diff: 0.0]
   [Code Root Fixup: 0.0 ms]
   [Code Root Purge: 0.0 ms]
   [Clear CT: 0.1 ms]
   [Other: 1.3 ms]
      [Choose CSet: 0.0 ms]
      [Ref Proc: 0.8 ms]
      [Ref Enq: 0.1 ms]
      [Redirty Cards: 0.1 ms]
      [Humongous Register: 0.1 ms]
      [Humongous Reclaim: 0.0 ms]
      [Free CSet: 0.1 ms]
   [Eden: 24576.0K(24576.0K)->0.0B(183.0M) Survivors: 1024.0K->2048.0K Heap: 275.5M(512.0M)->227.9M(512.0M)]
Heap after GC invocations=123 (full 0):
 garbage-first heap   total 524288K, used 233365K [0x00000000e0000000, 0x00000000e0101000, 0x0000000100000000)
  region size 1024K, 2 young (2048K), 2 survivors (2048K)
 Metaspace       used 55182K, capacity 57250K, committed 57856K, reserved 1099776K
  class space    used 6533K, capacity 6999K, committed 7168K, reserved 1048576K
}
 [Times: user=0.01 sys=0.00, real=0.01 secs] 
2023-04-21T22:19:40.655+0000: 95341.007: Total time for which application threads were stopped: 0.0063401 seconds, Stopping threads took: 0.0000326 seconds
{Heap before GC invocations=123 (full 0):
 garbage-first heap   total 524288K, used 234389K [0x00000000e0000000, 0x00000000e0101000, 0x0000000100000000)
  region size 1024K, 4 young (4096K), 2 survivors (2048K)
 Metaspace       used 55182K, capacity 57250K, committed 57856K, reserved 1099776K
  class space    used 6533K, capacity 6999K, committed 7168K, reserved 1048576K
2023-04-21T22:19:40.680+0000: 95341.032: [GC pause (G1 Humongous Allocation) (young) (initial-mark)
Desired survivor size 12582912 bytes, new threshold 15 (max 15)
- age   1:    1921128 bytes,    1921128 total
- age   2:      76624 bytes,    1997752 total
, 0.0039719 secs]
   [Parallel Time: 2.5 ms, GC Workers: 2]
      [GC Worker Start (ms): Min: 95341032.5, Avg: 95341032.5, Max: 95341032.5, Diff: 0.0]
      [Ext Root Scanning (ms): Min: 1.6, Avg: 1.7, Max: 1.7, Diff: 0.1, Sum: 3.4]
      [Update RS (ms): Min: 0.2, Avg: 0.2, Max: 0.3, Diff: 0.1, Sum: 0.5]
         [Processed Buffers: Min: 2, Avg: 2.5, Max: 3, Diff: 1, Sum: 5]
      [Scan RS (ms): Min: 0.0, Avg: 0.0, Max: 0.0, Diff: 0.0, Sum: 0.0]
      [Code Root Scanning (ms): Min: 0.0, Avg: 0.0, Max: 0.0, Diff: 0.0, Sum: 0.0]
      [Object Copy (ms): Min: 0.4, Avg: 0.4, Max: 0.5, Diff: 0.1, Sum: 0.9]
      [Termination (ms): Min: 0.0, Avg: 0.0, Max: 0.0, Diff: 0.0, Sum: 0.0]
         [Termination Attempts: Min: 1, Avg: 1.0, Max: 1, Diff: 0, Sum: 2]
      [GC Worker Other (ms): Min: 0.0, Avg: 0.0, Max: 0.0, Diff: 0.0, Sum: 0.0]
      [GC Worker Total (ms): Min: 2.4, Avg: 2.4, Max: 2.4, Diff: 0.0, Sum: 4.8]
      [GC Worker End (ms): Min: 95341034.9, Avg: 95341034.9, Max: 95341034.9, Diff: 0.0]
   [Code Root Fixup: 0.0 ms]
   [Code Root Purge: 0.0 ms]
   [Clear CT: 0.1 ms]
   [Other: 1.4 ms]
      [Choose CSet: 0.0 ms]
      [Ref Proc: 0.9 ms]
      [Ref Enq: 0.1 ms]
      [Redirty Cards: 0.1 ms]
      [Humongous Register: 0.1 ms]
      [Humongous Reclaim: 0.0 ms]
      [Free CSet: 0.0 ms]
   [Eden: 2048.0K(183.0M)->0.0B(164.0M) Survivors: 2048.0K->3072.0K Heap: 229.5M(512.0M)->228.5M(512.0M)]
Heap after GC invocations=124 (full 0):
 garbage-first heap   total 524288K, used 233983K [0x00000000e0000000, 0x00000000e0101000, 0x0000000100000000)
  region size 1024K, 3 young (3072K), 3 survivors (3072K)
 Metaspace       used 55182K, capacity 57250K, committed 57856K, reserved 1099776K
  class space    used 6533K, capacity 6999K, committed 7168K, reserved 1048576K
}
 [Times: user=0.01 sys=0.00, real=0.00 secs] 
2023-04-21T22:19:40.684+0000: 95341.036: 2023-04-21T22:19:40.684+0000[GC concurrent-root-region-scan-start]
: 95341.036: Total time for which application threads were stopped: 0.0042920 seconds, Stopping threads took: 0.0000257 seconds
2023-04-21T22:19:40.684+0000: 95341.037: [GC concurrent-root-region-scan-end, 0.0006962 secs]
2023-04-21T22:19:40.684+0000: 95341.037: [GC concurrent-mark-start]
2023-04-21T22:19:40.762+0000: 95341.115: [GC concurrent-mark-end, 0.0778200 secs]
2023-04-21T22:19:40.762+0000: 95341.115: [GC remark 2023-04-21T22:19:40.762+0000: 95341.115: [Finalize Marking, 0.0003267 secs] 2023-04-21T22:19:40.763+0000: 95341.115: [GC ref-proc, 0.0012211 secs] 2023-04-21T22:19:40.764+0000: 95341.117: [Unloading, 0.0132036 secs], 0.0155809 secs]
 [Times: user=0.03 sys=0.00, real=0.01 secs] 
2023-04-21T22:19:40.778+0000: 95341.131: Total time for which application threads were stopped: 0.0157419 seconds, Stopping threads took: 0.0000268 seconds
2023-04-21T22:19:40.783+0000: 95341.135: [GC cleanup 232M->209M(512M), 0.0010481 secs]
 [Times: user=0.01 sys=0.00, real=0.00 secs] 
2023-04-21T22:19:40.784+0000: 95341.136: Total time for which application threads were stopped: 0.0012216 seconds, Stopping threads took: 0.0000632 seconds
2023-04-21T22:19:40.784+0000: 95341.137: [GC concurrent-cleanup-start]
2023-04-21T22:19:40.784+0000: 95341.137: [GC concurrent-cleanup-end, 0.0000368 secs]
{Heap before GC invocations=125 (full 0):
 garbage-first heap   total 524288K, used 459445K [0x00000000e0000000, 0x00000000e0101000, 0x0000000100000000)
  region size 1024K, 154 young (157696K), 3 survivors (3072K)
 Metaspace       used 55182K, capacity 57250K, committed 57856K, reserved 1099776K
  class space    used 6533K, capacity 6999K, committed 7168K, reserved 1048576K
2023-04-21T22:19:44.611+0000: 95344.964: [GC pause (G1 Humongous Allocation) (young)
Desired survivor size 11010048 bytes, new threshold 15 (max 15)
- age   1:     867456 bytes,     867456 total
- age   2:    1553928 bytes,    2421384 total
- age   3:      76624 bytes,    2498008 total
 (to-space exhausted), 0.0125767 secs]
   [Parallel Time: 10.1 ms, GC Workers: 2]
      [GC Worker Start (ms): Min: 95344964.1, Avg: 95344964.2, Max: 95344964.2, Diff: 0.0]
      [Ext Root Scanning (ms): Min: 1.4, Avg: 1.4, Max: 1.4, Diff: 0.0, Sum: 2.7]
      [Update RS (ms): Min: 6.9, Avg: 6.9, Max: 6.9, Diff: 0.1, Sum: 13.8]
         [Processed Buffers: Min: 200, Avg: 202.0, Max: 204, Diff: 4, Sum: 404]
      [Scan RS (ms): Min: 0.1, Avg: 0.1, Max: 0.1, Diff: 0.0, Sum: 0.2]
      [Code Root Scanning (ms): Min: 0.0, Avg: 0.1, Max: 0.1, Diff: 0.0, Sum: 0.1]
      [Object Copy (ms): Min: 1.5, Avg: 1.5, Max: 1.5, Diff: 0.0, Sum: 3.1]
      [Termination (ms): Min: 0.0, Avg: 0.0, Max: 0.0, Diff: 0.0, Sum: 0.0]
         [Termination Attempts: Min: 1, Avg: 1.0, Max: 1, Diff: 0, Sum: 2]
      [GC Worker Other (ms): Min: 0.0, Avg: 0.0, Max: 0.0, Diff: 0.0, Sum: 0.0]
      [GC Worker Total (ms): Min: 9.9, Avg: 10.0, Max: 10.0, Diff: 0.0, Sum: 19.9]
      [GC Worker End (ms): Min: 95344974.1, Avg: 95344974.1, Max: 95344974.1, Diff: 0.0]
   [Code Root Fixup: 0.0 ms]
   [Code Root Purge: 0.0 ms]
   [Clear CT: 0.1 ms]
   [Other: 2.4 ms]
      [Evacuation Failure: 1.1 ms]
      [Choose CSet: 0.0 ms]
      [Ref Proc: 0.8 ms]
      [Ref Enq: 0.1 ms]
      [Redirty Cards: 0.1 ms]
      [Humongous Register: 0.1 ms]
      [Humongous Reclaim: 0.2 ms]
      [Free CSet: 0.1 ms]
   [Eden: 151.0M(164.0M)->0.0B(20480.0K) Survivors: 3072.0K->5120.0K Heap: 448.9M(512.0M)->285.2M(512.0M)]
Heap after GC invocations=126 (full 0):
 garbage-first heap   total 524288K, used 292091K [0x00000000e0000000, 0x00000000e0101000, 0x0000000100000000)
  region size 1024K, 5 young (5120K), 5 survivors (5120K)
 Metaspace       used 55182K, capacity 57250K, committed 57856K, reserved 1099776K
  class space    used 6533K, capacity 6999K, committed 7168K, reserved 1048576K
}
 [Times: user=0.03 sys=0.00, real=0.01 secs] 
2023-04-21T22:19:44.624+0000: 95344.977: Total time for which application threads were stopped: 0.0128690 seconds, Stopping threads took: 0.0000371 seconds
{Heap before GC invocations=126 (full 0):
 garbage-first heap   total 524288K, used 330033K [0x00000000e0000000, 0x00000000e0101000, 0x0000000100000000)
  region size 1024K, 25 young (25600K), 5 survivors (5120K)
 Metaspace       used 55182K, capacity 57250K, committed 57856K, reserved 1099776K
  class space    used 6533K, capacity 6999K, committed 7168K, reserved 1048576K
2023-04-21T22:19:45.436+0000: 95345.788: [GC pause (G1 Evacuation Pause) (mixed)
Desired survivor size 2097152 bytes, new threshold 1 (max 15)
- age   1:    3828432 bytes,    3828432 total
- age   3:     908120 bytes,    4736552 total
- age   4:      76592 bytes,    4813144 total
, 0.0067586 secs]
   [Parallel Time: 5.4 ms, GC Workers: 2]
      [GC Worker Start (ms): Min: 95345788.6, Avg: 95345788.6, Max: 95345788.6, Diff: 0.0]
      [Ext Root Scanning (ms): Min: 1.4, Avg: 1.4, Max: 1.4, Diff: 0.0, Sum: 2.8]
      [Update RS (ms): Min: 2.6, Avg: 2.6, Max: 2.6, Diff: 0.0, Sum: 5.2]
         [Processed Buffers: Min: 69, Avg: 73.0, Max: 77, Diff: 8, Sum: 146]
      [Scan RS (ms): Min: 0.1, Avg: 0.1, Max: 0.1, Diff: 0.0, Sum: 0.3]
      [Code Root Scanning (ms): Min: 0.0, Avg: 0.0, Max: 0.0, Diff: 0.0, Sum: 0.0]
      [Object Copy (ms): Min: 1.0, Avg: 1.1, Max: 1.1, Diff: 0.1, Sum: 2.1]
      [Termination (ms): Min: 0.0, Avg: 0.0, Max: 0.0, Diff: 0.0, Sum: 0.0]
         [Termination Attempts: Min: 1, Avg: 1.0, Max: 1, Diff: 0, Sum: 2]
      [GC Worker Other (ms): Min: 0.0, Avg: 0.0, Max: 0.0, Diff: 0.0, Sum: 0.0]
      [GC Worker Total (ms): Min: 5.3, Avg: 5.3, Max: 5.3, Diff: 0.0, Sum: 10.5]
      [GC Worker End (ms): Min: 95345793.9, Avg: 95345793.9, Max: 95345793.9, Diff: 0.0]
   [Code Root Fixup: 0.0 ms]
   [Code Root Purge: 0.0 ms]
   [Clear CT: 0.1 ms]
   [Other: 1.3 ms]
      [Choose CSet: 0.0 ms]
      [Ref Proc: 0.9 ms]
      [Ref Enq: 0.1 ms]
      [Redirty Cards: 0.1 ms]
      [Humongous Register: 0.1 ms]
      [Humongous Reclaim: 0.0 ms]
      [Free CSet: 0.1 ms]
   [Eden: 20480.0K(20480.0K)->0.0B(124.0M) Survivors: 5120.0K->4096.0K Heap: 322.3M(512.0M)->283.9M(512.0M)]
Heap after GC invocations=127 (full 0):
 garbage-first heap   total 524288K, used 290688K [0x00000000e0000000, 0x00000000e0101000, 0x0000000100000000)
  region size 1024K, 4 young (4096K), 4 survivors (4096K)
 Metaspace       used 55182K, capacity 57250K, committed 57856K, reserved 1099776K
  class space    used 6533K, capacity 6999K, committed 7168K, reserved 1048576K
}
 [Times: user=0.02 sys=0.00, real=0.01 secs] 
2023-04-21T22:19:45.443+0000: 95345.795: Total time for which application threads were stopped: 0.0070518 seconds, Stopping threads took: 0.0000325 seconds
{Heap before GC invocations=127 (full 0):
 garbage-first heap   total 524288K, used 291712K [0x00000000e0000000, 0x00000000e0101000, 0x0000000100000000)
  region size 1024K, 6 young (6144K), 4 survivors (4096K)
 Metaspace       used 55182K, capacity 57250K, committed 57856K, reserved 1099776K
  class space    used 6533K, capacity 6999K, committed 7168K, reserved 1048576K
2023-04-21T22:19:45.454+0000: 95345.807: [GC pause (G1 Humongous Allocation) (young) (initial-mark)
Desired survivor size 8388608 bytes, new threshold 15 (max 15)
- age   1:    3155136 bytes,    3155136 total
, 0.0041269 secs]
   [Parallel Time: 2.7 ms, GC Workers: 2]
      [GC Worker Start (ms): Min: 95345807.3, Avg: 95345807.3, Max: 95345807.3, Diff: 0.0]
      [Ext Root Scanning (ms): Min: 1.5, Avg: 1.6, Max: 1.6, Diff: 0.1, Sum: 3.1]
      [Update RS (ms): Min: 0.3, Avg: 0.3, Max: 0.3, Diff: 0.1, Sum: 0.6]
         [Processed Buffers: Min: 2, Avg: 2.5, Max: 3, Diff: 1, Sum: 5]
      [Scan RS (ms): Min: 0.0, Avg: 0.0, Max: 0.0, Diff: 0.0, Sum: 0.0]
      [Code Root Scanning (ms): Min: 0.0, Avg: 0.0, Max: 0.0, Diff: 0.0, Sum: 0.0]
      [Object Copy (ms): Min: 0.5, Avg: 0.6, Max: 0.7, Diff: 0.2, Sum: 1.2]
      [Termination (ms): Min: 0.0, Avg: 0.1, Max: 0.1, Diff: 0.1, Sum: 0.1]
         [Termination Attempts: Min: 1, Avg: 1.0, Max: 1, Diff: 0, Sum: 2]
      [GC Worker Other (ms): Min: 0.0, Avg: 0.0, Max: 0.0, Diff: 0.0, Sum: 0.0]
      [GC Worker Total (ms): Min: 2.5, Avg: 2.5, Max: 2.5, Diff: 0.0, Sum: 5.0]
      [GC Worker End (ms): Min: 95345809.8, Avg: 95345809.8, Max: 95345809.8, Diff: 0.0]
   [Code Root Fixup: 0.0 ms]
   [Code Root Purge: 0.0 ms]
   [Clear CT: 0.1 ms]
   [Other: 1.4 ms]
      [Choose CSet: 0.0 ms]
      [Ref Proc: 0.9 ms]
      [Ref Enq: 0.1 ms]
      [Redirty Cards: 0.1 ms]
      [Humongous Register: 0.1 ms]
      [Humongous Reclaim: 0.0 ms]
      [Free CSet: 0.0 ms]
   [Eden: 2048.0K(124.0M)->0.0B(122.0M) Survivors: 4096.0K->4096.0K Heap: 285.3M(512.0M)->284.2M(512.0M)]
Heap after GC invocations=128 (full 0):
 garbage-first heap   total 524288K, used 291052K [0x00000000e0000000, 0x00000000e0101000, 0x0000000100000000)
  region size 1024K, 4 young (4096K), 4 survivors (4096K)
 Metaspace       used 55182K, capacity 57250K, committed 57856K, reserved 1099776K
  class space    used 6533K, capacity 6999K, committed 7168K, reserved 1048576K
}
 [Times: user=0.00 sys=0.00, real=0.01 secs] 
2023-04-21T22:19:45.459+0000: 95345.811: 2023-04-21T22:19:45.459+0000: Total time for which application threads were stopped: 0.0043814 seconds, Stopping threads took: 0.0000222 seconds
95345.811: [GC concurrent-root-region-scan-start]
2023-04-21T22:19:45.459+0000: 95345.812: [GC concurrent-root-region-scan-end, 0.0006448 secs]
2023-04-21T22:19:45.459+0000: 95345.812: [GC concurrent-mark-start]
2023-04-21T22:19:45.532+0000: 95345.885: [GC concurrent-mark-end, 0.0728992 secs]
2023-04-21T22:19:45.532+0000: 95345.885: [GC remark 2023-04-21T22:19:45.532+0000: 95345.885: [Finalize Marking, 0.0002780 secs] 2023-04-21T22:19:45.533+0000: 95345.885: [GC ref-proc, 0.0015912 secs] 2023-04-21T22:19:45.534+0000: 95345.887: [Unloading, 0.0126261 secs], 0.0153160 secs]
 [Times: user=0.03 sys=0.00, real=0.01 secs] 
2023-04-21T22:19:45.548+0000: 95345.900: Total time for which application threads were stopped: 0.0154876 seconds, Stopping threads took: 0.0000326 seconds
2023-04-21T22:19:45.548+0000: 95345.901: [GC cleanup 287M->257M(512M), 0.0010839 secs]
 [Times: user=0.00 sys=0.00, real=0.00 secs] 
2023-04-21T22:19:45.550+0000: 95345.902: Total time for which application threads were stopped: 0.0012088 seconds, Stopping threads took: 0.0000191 seconds
2023-04-21T22:19:45.550+0000: 95345.902: [GC concurrent-cleanup-start]
2023-04-21T22:19:45.550+0000: 95345.902: [GC concurrent-cleanup-end, 0.0000422 secs]
{Heap before GC invocations=129 (full 0):
 garbage-first heap   total 524288K, used 416098K [0x00000000e0000000, 0x00000000e0101000, 0x0000000100000000)
  region size 1024K, 126 young (129024K), 4 survivors (4096K)
 Metaspace       used 55182K, capacity 57250K, committed 57856K, reserved 1099776K
  class space    used 6533K, capacity 6999K, committed 7168K, reserved 1048576K
2023-04-21T22:19:47.642+0000: 95347.995: [GC pause (G1 Evacuation Pause) (young)
Desired survivor size 8388608 bytes, new threshold 15 (max 15)
- age   1:     693544 bytes,     693544 total
- age   2:    3030696 bytes,    3724240 total
, 0.0091318 secs]
   [Parallel Time: 7.7 ms, GC Workers: 2]
      [GC Worker Start (ms): Min: 95347995.0, Avg: 95347995.0, Max: 95347995.0, Diff: 0.0]
      [Ext Root Scanning (ms): Min: 1.4, Avg: 1.4, Max: 1.4, Diff: 0.0, Sum: 2.8]
      [Update RS (ms): Min: 4.2, Avg: 4.2, Max: 4.2, Diff: 0.0, Sum: 8.4]
         [Processed Buffers: Min: 120, Avg: 123.5, Max: 127, Diff: 7, Sum: 247]
      [Scan RS (ms): Min: 0.1, Avg: 0.1, Max: 0.1, Diff: 0.0, Sum: 0.2]
      [Code Root Scanning (ms): Min: 0.0, Avg: 0.0, Max: 0.1, Diff: 0.0, Sum: 0.1]
      [Object Copy (ms): Min: 1.7, Avg: 1.8, Max: 1.8, Diff: 0.1, Sum: 3.5]
      [Termination (ms): Min: 0.0, Avg: 0.0, Max: 0.1, Diff: 0.1, Sum: 0.1]
         [Termination Attempts: Min: 1, Avg: 1.0, Max: 1, Diff: 0, Sum: 2]
      [GC Worker Other (ms): Min: 0.0, Avg: 0.0, Max: 0.0, Diff: 0.0, Sum: 0.0]
      [GC Worker Total (ms): Min: 7.6, Avg: 7.6, Max: 7.6, Diff: 0.0, Sum: 15.1]
      [GC Worker End (ms): Min: 95348002.6, Avg: 95348002.6, Max: 95348002.6, Diff: 0.0]
   [Code Root Fixup: 0.0 ms]
   [Code Root Purge: 0.0 ms]
   [Clear CT: 0.1 ms]
   [Other: 1.4 ms]
      [Choose CSet: 0.0 ms]
      [Ref Proc: 0.9 ms]
      [Ref Enq: 0.1 ms]
      [Redirty Cards: 0.1 ms]
      [Humongous Register: 0.1 ms]
      [Humongous Reclaim: 0.1 ms]
      [Free CSet: 0.1 ms]
   [Eden: 122.0M(122.0M)->0.0B(12288.0K) Survivors: 4096.0K->13312.0K Heap: 406.3M(512.0M)->270.5M(512.0M)]
Heap after GC invocations=130 (full 0):
 garbage-first heap   total 524288K, used 276954K [0x00000000e0000000, 0x00000000e0101000, 0x0000000100000000)
  region size 1024K, 13 young (13312K), 13 survivors (13312K)
 Metaspace       used 55182K, capacity 57250K, committed 57856K, reserved 1099776K
  class space    used 6533K, capacity 6999K, committed 7168K, reserved 1048576K
}
 [Times: user=0.01 sys=0.00, real=0.01 secs] 
2023-04-21T22:19:47.651+0000: 95348.004: Total time for which application threads were stopped: 0.0094321 seconds, Stopping threads took: 0.0000339 seconds
{Heap before GC invocations=130 (full 0):
 garbage-first heap   total 524288K, used 290391K [0x00000000e0000000, 0x00000000e0101000, 0x0000000100000000)
  region size 1024K, 25 young (25600K), 13 survivors (13312K)
 Metaspace       used 55182K, capacity 57250K, committed 57856K, reserved 1099776K
  class space    used 6533K, capacity 6999K, committed 7168K, reserved 1048576K
2023-04-21T22:19:47.833+0000: 95348.186: [GC pause (G1 Evacuation Pause) (mixed)
Desired survivor size 2097152 bytes, new threshold 1 (max 15)
- age   1:    9931824 bytes,    9931824 total
- age   2:       3792 bytes,    9935616 total
- age   3:    1657000 bytes,   11592616 total
, 0.0058137 secs]
   [Parallel Time: 4.4 ms, GC Workers: 2]
      [GC Worker Start (ms): Min: 95348186.0, Avg: 95348186.0, Max: 95348186.0, Diff: 0.0]
      [Ext Root Scanning (ms): Min: 1.4, Avg: 1.4, Max: 1.4, Diff: 0.0, Sum: 2.8]
      [Update RS (ms): Min: 0.2, Avg: 0.3, Max: 0.3, Diff: 0.1, Sum: 0.5]
         [Processed Buffers: Min: 7, Avg: 7.0, Max: 7, Diff: 0, Sum: 14]
      [Scan RS (ms): Min: 0.1, Avg: 0.1, Max: 0.2, Diff: 0.0, Sum: 0.3]
      [Code Root Scanning (ms): Min: 0.0, Avg: 0.0, Max: 0.0, Diff: 0.0, Sum: 0.1]
      [Object Copy (ms): Min: 2.4, Avg: 2.4, Max: 2.4, Diff: 0.0, Sum: 4.9]
      [Termination (ms): Min: 0.0, Avg: 0.0, Max: 0.0, Diff: 0.0, Sum: 0.0]
         [Termination Attempts: Min: 1, Avg: 1.0, Max: 1, Diff: 0, Sum: 2]
      [GC Worker Other (ms): Min: 0.0, Avg: 0.0, Max: 0.0, Diff: 0.0, Sum: 0.0]
      [GC Worker Total (ms): Min: 4.3, Avg: 4.3, Max: 4.3, Diff: 0.0, Sum: 8.6]
      [GC Worker End (ms): Min: 95348190.3, Avg: 95348190.3, Max: 95348190.3, Diff: 0.0]
   [Code Root Fixup: 0.0 ms]
   [Code Root Purge: 0.0 ms]
   [Clear CT: 0.1 ms]
   [Other: 1.3 ms]
      [Choose CSet: 0.0 ms]
      [Ref Proc: 0.8 ms]
      [Ref Enq: 0.1 ms]
      [Redirty Cards: 0.1 ms]
      [Humongous Register: 0.1 ms]
      [Humongous Reclaim: 0.0 ms]
      [Free CSet: 0.1 ms]
   [Eden: 12288.0K(12288.0K)->0.0B(21504.0K) Survivors: 13312.0K->4096.0K Heap: 283.6M(512.0M)->223.2M(512.0M)]
Heap after GC invocations=131 (full 0):
 garbage-first heap   total 524288K, used 228534K [0x00000000e0000000, 0x00000000e0101000, 0x0000000100000000)
  region size 1024K, 4 young (4096K), 4 survivors (4096K)
 Metaspace       used 55182K, capacity 57250K, committed 57856K, reserved 1099776K
  class space    used 6533K, capacity 6999K, committed 7168K, reserved 1048576K
}
 [Times: user=0.01 sys=0.00, real=0.01 secs] 
2023-04-21T22:19:47.839+0000: 95348.192: Total time for which application threads were stopped: 0.0060938 seconds, Stopping threads took: 0.0000290 seconds
{Heap before GC invocations=131 (full 0):
 garbage-first heap   total 524288K, used 261362K [0x00000000e0000000, 0x00000000e0101000, 0x0000000100000000)
  region size 1024K, 25 young (25600K), 4 survivors (4096K)
 Metaspace       used 55182K, capacity 57250K, committed 57856K, reserved 1099776K
  class space    used 6533K, capacity 6999K, committed 7168K, reserved 1048576K
2023-04-21T22:19:48.329+0000: 95348.682: [GC pause (G1 Evacuation Pause) (mixed)
Desired survivor size 2097152 bytes, new threshold 1 (max 15)
- age   1:    2688544 bytes,    2688544 total
, 0.0056889 secs]
   [Parallel Time: 4.4 ms, GC Workers: 2]
      [GC Worker Start (ms): Min: 95348681.7, Avg: 95348681.7, Max: 95348681.7, Diff: 0.0]
      [Ext Root Scanning (ms): Min: 1.4, Avg: 1.4, Max: 1.4, Diff: 0.0, Sum: 2.8]
      [Update RS (ms): Min: 1.7, Avg: 1.7, Max: 1.8, Diff: 0.1, Sum: 3.5]
         [Processed Buffers: Min: 46, Avg: 46.5, Max: 47, Diff: 1, Sum: 93]
      [Scan RS (ms): Min: 0.1, Avg: 0.1, Max: 0.1, Diff: 0.1, Sum: 0.2]
      [Code Root Scanning (ms): Min: 0.0, Avg: 0.1, Max: 0.2, Diff: 0.2, Sum: 0.2]
      [Object Copy (ms): Min: 0.9, Avg: 0.9, Max: 0.9, Diff: 0.1, Sum: 1.8]
      [Termination (ms): Min: 0.0, Avg: 0.0, Max: 0.1, Diff: 0.1, Sum: 0.1]
         [Termination Attempts: Min: 1, Avg: 1.0, Max: 1, Diff: 0, Sum: 2]
      [GC Worker Other (ms): Min: 0.0, Avg: 0.0, Max: 0.0, Diff: 0.0, Sum: 0.0]
      [GC Worker Total (ms): Min: 4.3, Avg: 4.3, Max: 4.3, Diff: 0.0, Sum: 8.6]
      [GC Worker End (ms): Min: 95348686.0, Avg: 95348686.0, Max: 95348686.0, Diff: 0.0]
   [Code Root Fixup: 0.0 ms]
   [Code Root Purge: 0.0 ms]
   [Clear CT: 0.1 ms]
   [Other: 1.2 ms]
      [Choose CSet: 0.0 ms]
      [Ref Proc: 0.8 ms]
      [Ref Enq: 0.1 ms]
      [Redirty Cards: 0.1 ms]
      [Humongous Register: 0.1 ms]
      [Humongous Reclaim: 0.0 ms]
      [Free CSet: 0.0 ms]
   [Eden: 21504.0K(21504.0K)->0.0B(175.0M) Survivors: 4096.0K->4096.0K Heap: 255.2M(512.0M)->224.7M(512.0M)]
Heap after GC invocations=132 (full 0):
 garbage-first heap   total 524288K, used 230068K [0x00000000e0000000, 0x00000000e0101000, 0x0000000100000000)
  region size 1024K, 4 young (4096K), 4 survivors (4096K)
 Metaspace       used 55182K, capacity 57250K, committed 57856K, reserved 1099776K
  class space    used 6533K, capacity 6999K, committed 7168K, reserved 1048576K
}
 [Times: user=0.01 sys=0.00, real=0.01 secs] 
2023-04-21T22:19:48.335+0000: 95348.687: Total time for which application threads were stopped: 0.0059601 seconds, Stopping threads took: 0.0000326 seconds
{Heap before GC invocations=132 (full 0):
 garbage-first heap   total 524288K, used 258740K [0x00000000e0000000, 0x00000000e0101000, 0x0000000100000000)
  region size 1024K, 33 young (33792K), 4 survivors (4096K)
 Metaspace       used 55182K, capacity 57250K, committed 57856K, reserved 1099776K
  class space    used 6533K, capacity 6999K, committed 7168K, reserved 1048576K
2023-04-21T22:19:48.679+0000: 95349.031: [GC pause (G1 Humongous Allocation) (young) (initial-mark)
Desired survivor size 12058624 bytes, new threshold 15 (max 15)
- age   1:    3608224 bytes,    3608224 total
, 0.0042607 secs]
   [Parallel Time: 2.9 ms, GC Workers: 2]
      [GC Worker Start (ms): Min: 95349031.6, Avg: 95349031.6, Max: 95349031.6, Diff: 0.0]
      [Ext Root Scanning (ms): Min: 1.7, Avg: 1.8, Max: 1.8, Diff: 0.1, Sum: 3.5]
      [Update RS (ms): Min: 0.2, Avg: 0.3, Max: 0.3, Diff: 0.1, Sum: 0.5]
         [Processed Buffers: Min: 2, Avg: 2.5, Max: 3, Diff: 1, Sum: 5]
      [Scan RS (ms): Min: 0.0, Avg: 0.0, Max: 0.0, Diff: 0.0, Sum: 0.0]
      [Code Root Scanning (ms): Min: 0.0, Avg: 0.0, Max: 0.0, Diff: 0.0, Sum: 0.0]
      [Object Copy (ms): Min: 0.5, Avg: 0.6, Max: 0.7, Diff: 0.2, Sum: 1.2]
      [Termination (ms): Min: 0.0, Avg: 0.0, Max: 0.0, Diff: 0.0, Sum: 0.0]
         [Termination Attempts: Min: 1, Avg: 1.0, Max: 1, Diff: 0, Sum: 2]
      [GC Worker Other (ms): Min: 0.0, Avg: 0.0, Max: 0.0, Diff: 0.0, Sum: 0.0]
      [GC Worker Total (ms): Min: 2.7, Avg: 2.7, Max: 2.7, Diff: 0.0, Sum: 5.4]
      [GC Worker End (ms): Min: 95349034.3, Avg: 95349034.3, Max: 95349034.3, Diff: 0.0]
   [Code Root Fixup: 0.0 ms]
   [Code Root Purge: 0.0 ms]
   [Clear CT: 0.1 ms]
   [Other: 1.3 ms]
      [Choose CSet: 0.0 ms]
      [Ref Proc: 0.9 ms]
      [Ref Enq: 0.1 ms]
      [Redirty Cards: 0.1 ms]
      [Humongous Register: 0.1 ms]
      [Humongous Reclaim: 0.0 ms]
      [Free CSet: 0.0 ms]
   [Eden: 29696.0K(175.0M)->0.0B(186.0M) Survivors: 4096.0K->4096.0K Heap: 253.1M(512.0M)->220.0M(512.0M)]
Heap after GC invocations=133 (full 0):
 garbage-first heap   total 524288K, used 225236K [0x00000000e0000000, 0x00000000e0101000, 0x0000000100000000)
  region size 1024K, 4 young (4096K), 4 survivors (4096K)
 Metaspace       used 55182K, capacity 57250K, committed 57856K, reserved 1099776K
  class space    used 6533K, capacity 6999K, committed 7168K, reserved 1048576K
}
 [Times: user=0.01 sys=0.00, real=0.00 secs] 
2023-04-21T22:19:48.683+0000: 2023-04-21T22:19:48.683+0000: 95349.036: [GC concurrent-root-region-scan-start]
95349.036: Total time for which application threads were stopped: 0.0045850 seconds, Stopping threads took: 0.0000346 seconds
2023-04-21T22:19:48.684+0000: 95349.036: [GC concurrent-root-region-scan-end, 0.0007165 secs]
2023-04-21T22:19:48.684+0000: 95349.036: [GC concurrent-mark-start]
2023-04-21T22:19:48.756+0000: 95349.109: [GC concurrent-mark-end, 0.0723132 secs]
2023-04-21T22:19:48.759+0000: 95349.111: [GC remark 2023-04-21T22:19:48.759+0000: 95349.111: [Finalize Marking, 0.0002056 secs] 2023-04-21T22:19:48.759+0000: 95349.112: [GC ref-proc, 0.0013922 secs] 2023-04-21T22:19:48.760+0000: 95349.113: [Unloading, 0.0128613 secs], 0.0152718 secs]
 [Times: user=0.03 sys=0.00, real=0.01 secs] 
2023-04-21T22:19:48.774+0000: 95349.127: Total time for which application threads were stopped: 0.0178965 seconds, Stopping threads took: 0.0024945 seconds
2023-04-21T22:19:48.774+0000: 95349.127: [GC cleanup 224M->214M(512M), 0.0010382 secs]
 [Times: user=0.00 sys=0.00, real=0.00 secs] 
2023-04-21T22:19:48.775+0000: 95349.128: Total time for which application threads were stopped: 0.0012099 seconds, Stopping threads took: 0.0000629 seconds
2023-04-21T22:19:48.779+0000: 95349.131: [GC concurrent-cleanup-start]
2023-04-21T22:19:48.779+0000: 95349.131: [GC concurrent-cleanup-end, 0.0000282 secs]
{Heap before GC invocations=134 (full 0):
 garbage-first heap   total 524288K, used 468419K [0x00000000e0000000, 0x00000000e0101000, 0x0000000100000000)
  region size 1024K, 178 young (182272K), 4 survivors (4096K)
 Metaspace       used 55182K, capacity 57250K, committed 57856K, reserved 1099776K
  class space    used 6533K, capacity 6999K, committed 7168K, reserved 1048576K
2023-04-21T22:19:52.467+0000: 95352.820: [GC pause (G1 Humongous Allocation) (young)
Desired survivor size 12582912 bytes, new threshold 15 (max 15)
- age   1:    3521416 bytes,    3521416 total
 (to-space exhausted), 0.0141495 secs]
   [Parallel Time: 11.0 ms, GC Workers: 2]
      [GC Worker Start (ms): Min: 95352820.3, Avg: 95352820.3, Max: 95352820.4, Diff: 0.0]
      [Ext Root Scanning (ms): Min: 1.3, Avg: 1.4, Max: 1.4, Diff: 0.0, Sum: 2.7]
      [Update RS (ms): Min: 8.2, Avg: 8.2, Max: 8.2, Diff: 0.0, Sum: 16.4]
         [Processed Buffers: Min: 208, Avg: 209.5, Max: 211, Diff: 3, Sum: 419]
      [Scan RS (ms): Min: 0.1, Avg: 0.1, Max: 0.1, Diff: 0.0, Sum: 0.3]
      [Code Root Scanning (ms): Min: 0.1, Avg: 0.1, Max: 0.1, Diff: 0.0, Sum: 0.1]
      [Object Copy (ms): Min: 1.2, Avg: 1.2, Max: 1.2, Diff: 0.0, Sum: 2.3]
      [Termination (ms): Min: 0.0, Avg: 0.0, Max: 0.0, Diff: 0.0, Sum: 0.0]
         [Termination Attempts: Min: 1, Avg: 1.0, Max: 1, Diff: 0, Sum: 2]
      [GC Worker Other (ms): Min: 0.0, Avg: 0.0, Max: 0.0, Diff: 0.0, Sum: 0.0]
      [GC Worker Total (ms): Min: 10.9, Avg: 10.9, Max: 10.9, Diff: 0.0, Sum: 21.9]
      [GC Worker End (ms): Min: 95352831.3, Avg: 95352831.3, Max: 95352831.3, Diff: 0.0]
   [Code Root Fixup: 0.0 ms]
   [Code Root Purge: 0.0 ms]
   [Clear CT: 0.1 ms]
   [Other: 3.0 ms]
      [Evacuation Failure: 1.5 ms]
      [Choose CSet: 0.0 ms]
      [Ref Proc: 0.9 ms]
      [Ref Enq: 0.1 ms]
      [Redirty Cards: 0.1 ms]
      [Humongous Register: 0.1 ms]
      [Humongous Reclaim: 0.2 ms]
      [Free CSet: 0.1 ms]
   [Eden: 174.0M(186.0M)->0.0B(24576.0K) Survivors: 4096.0K->1024.0K Heap: 458.2M(512.0M)->289.5M(512.0M)]
Heap after GC invocations=135 (full 0):
 garbage-first heap   total 524288K, used 296471K [0x00000000e0000000, 0x00000000e0101000, 0x0000000100000000)
  region size 1024K, 1 young (1024K), 1 survivors (1024K)
 Metaspace       used 55182K, capacity 57250K, committed 57856K, reserved 1099776K
  class space    used 6533K, capacity 6999K, committed 7168K, reserved 1048576K
}
 [Times: user=0.02 sys=0.00, real=0.02 secs] 
2023-04-21T22:19:52.482+0000: 95352.834: Total time for which application threads were stopped: 0.0144579 seconds, Stopping threads took: 0.0000338 seconds
{Heap before GC invocations=135 (full 0):
 garbage-first heap   total 524288K, used 335023K [0x00000000e0000000, 0x00000000e0101000, 0x0000000100000000)
  region size 1024K, 25 young (25600K), 1 survivors (1024K)
 Metaspace       used 55182K, capacity 57250K, committed 57856K, reserved 1099776K
  class space    used 6533K, capacity 6999K, committed 7168K, reserved 1048576K
2023-04-21T22:19:53.056+0000: 95353.409: [GC pause (G1 Evacuation Pause) (mixed)
Desired survivor size 2097152 bytes, new threshold 15 (max 15)
- age   1:     416248 bytes,     416248 total
- age   2:     496648 bytes,     912896 total
, 0.0064956 secs]
   [Parallel Time: 5.0 ms, GC Workers: 2]
      [GC Worker Start (ms): Min: 95353409.1, Avg: 95353409.1, Max: 95353409.1, Diff: 0.0]
      [Ext Root Scanning (ms): Min: 1.4, Avg: 1.4, Max: 1.4, Diff: 0.0, Sum: 2.7]
      [Update RS (ms): Min: 2.5, Avg: 2.5, Max: 2.5, Diff: 0.0, Sum: 5.0]
         [Processed Buffers: Min: 57, Avg: 59.0, Max: 61, Diff: 4, Sum: 118]
      [Scan RS (ms): Min: 0.1, Avg: 0.1, Max: 0.1, Diff: 0.0, Sum: 0.2]
      [Code Root Scanning (ms): Min: 0.0, Avg: 0.0, Max: 0.0, Diff: 0.0, Sum: 0.0]
      [Object Copy (ms): Min: 0.9, Avg: 0.9, Max: 0.9, Diff: 0.0, Sum: 1.8]
      [Termination (ms): Min: 0.0, Avg: 0.0, Max: 0.0, Diff: 0.0, Sum: 0.0]
         [Termination Attempts: Min: 1, Avg: 1.0, Max: 1, Diff: 0, Sum: 2]
      [GC Worker Other (ms): Min: 0.0, Avg: 0.0, Max: 0.0, Diff: 0.0, Sum: 0.0]
      [GC Worker Total (ms): Min: 4.9, Avg: 4.9, Max: 4.9, Diff: 0.0, Sum: 9.8]
      [GC Worker End (ms): Min: 95353413.9, Avg: 95353413.9, Max: 95353413.9, Diff: 0.0]
   [Code Root Fixup: 0.0 ms]
   [Code Root Purge: 0.0 ms]
   [Clear CT: 0.1 ms]
   [Other: 1.4 ms]
      [Choose CSet: 0.0 ms]
      [Ref Proc: 1.0 ms]
      [Ref Enq: 0.1 ms]
      [Redirty Cards: 0.1 ms]
      [Humongous Register: 0.1 ms]
      [Humongous Reclaim: 0.0 ms]
      [Free CSet: 0.0 ms]
   [Eden: 24576.0K(24576.0K)->0.0B(120.0M) Survivors: 1024.0K->4096.0K Heap: 327.2M(512.0M)->296.1M(512.0M)]
Heap after GC invocations=136 (full 0):
 garbage-first heap   total 524288K, used 303213K [0x00000000e0000000, 0x00000000e0101000, 0x0000000100000000)
  region size 1024K, 4 young (4096K), 4 survivors (4096K)
 Metaspace       used 55182K, capacity 57250K, committed 57856K, reserved 1099776K
  class space    used 6533K, capacity 6999K, committed 7168K, reserved 1048576K
}
 [Times: user=0.01 sys=0.00, real=0.01 secs] 
2023-04-21T22:19:53.063+0000: 95353.415: Total time for which application threads were stopped: 0.0067639 seconds, Stopping threads took: 0.0000318 seconds
{Heap before GC invocations=136 (full 0):
 garbage-first heap   total 524288K, used 303213K [0x00000000e0000000, 0x00000000e0101000, 0x0000000100000000)
  region size 1024K, 5 young (5120K), 4 survivors (4096K)
 Metaspace       used 55182K, capacity 57250K, committed 57856K, reserved 1099776K
  class space    used 6533K, capacity 6999K, committed 7168K, reserved 1048576K
2023-04-21T22:19:53.064+0000: 95353.417: [GC pause (G1 Humongous Allocation) (young) (initial-mark)
Desired survivor size 8388608 bytes, new threshold 15 (max 15)
- age   1:    2319880 bytes,    2319880 total
- age   2:     416048 bytes,    2735928 total
- age   3:     496648 bytes,    3232576 total
, 0.0039606 secs]
   [Parallel Time: 2.7 ms, GC Workers: 2]
      [GC Worker Start (ms): Min: 95353417.3, Avg: 95353417.3, Max: 95353417.3, Diff: 0.0]
      [Ext Root Scanning (ms): Min: 1.6, Avg: 1.7, Max: 1.7, Diff: 0.1, Sum: 3.4]
      [Update RS (ms): Min: 0.1, Avg: 0.2, Max: 0.2, Diff: 0.1, Sum: 0.4]
         [Processed Buffers: Min: 2, Avg: 2.0, Max: 2, Diff: 0, Sum: 4]
      [Scan RS (ms): Min: 0.0, Avg: 0.0, Max: 0.0, Diff: 0.0, Sum: 0.0]
      [Code Root Scanning (ms): Min: 0.0, Avg: 0.0, Max: 0.0, Diff: 0.0, Sum: 0.0]
      [Object Copy (ms): Min: 0.5, Avg: 0.6, Max: 0.6, Diff: 0.1, Sum: 1.1]
      [Termination (ms): Min: 0.0, Avg: 0.0, Max: 0.0, Diff: 0.0, Sum: 0.0]
         [Termination Attempts: Min: 1, Avg: 1.0, Max: 1, Diff: 0, Sum: 2]
      [GC Worker Other (ms): Min: 0.0, Avg: 0.0, Max: 0.0, Diff: 0.0, Sum: 0.0]
      [GC Worker Total (ms): Min: 2.5, Avg: 2.5, Max: 2.5, Diff: 0.0, Sum: 4.9]
      [GC Worker End (ms): Min: 95353419.8, Avg: 95353419.8, Max: 95353419.8, Diff: 0.0]
   [Code Root Fixup: 0.0 ms]
   [Code Root Purge: 0.0 ms]
   [Clear CT: 0.1 ms]
   [Other: 1.2 ms]
      [Choose CSet: 0.0 ms]
      [Ref Proc: 0.9 ms]
      [Ref Enq: 0.1 ms]
      [Redirty Cards: 0.1 ms]
      [Humongous Register: 0.1 ms]
      [Humongous Reclaim: 0.0 ms]
      [Free CSet: 0.0 ms]
   [Eden: 1024.0K(120.0M)->0.0B(106.0M) Survivors: 4096.0K->5120.0K Heap: 297.0M(512.0M)->296.4M(512.0M)]
Heap after GC invocations=137 (full 0):
 garbage-first heap   total 524288K, used 303506K [0x00000000e0000000, 0x00000000e0101000, 0x0000000100000000)
  region size 1024K, 5 young (5120K), 5 survivors (5120K)
 Metaspace       used 55182K, capacity 57250K, committed 57856K, reserved 1099776K
  class space    used 6533K, capacity 6999K, committed 7168K, reserved 1048576K
}
 [Times: user=0.01 sys=0.00, real=0.00 secs] 
2023-04-21T22:19:53.068+0000: 95353.421: 2023-04-21T22:19:53.068+0000: Total time for which application threads were stopped: 0.0041628 seconds, Stopping threads took: 0.0000220 seconds
95353.421: [GC concurrent-root-region-scan-start]
2023-04-21T22:19:53.069+0000: 95353.422: [GC concurrent-root-region-scan-end, 0.0005216 secs]
2023-04-21T22:19:53.069+0000: 95353.422: [GC concurrent-mark-start]
2023-04-21T22:19:53.142+0000: 95353.494: [GC concurrent-mark-end, 0.0726784 secs]
2023-04-21T22:19:53.143+0000: 95353.495: [GC remark 2023-04-21T22:19:53.143+0000: 95353.495: [Finalize Marking, 0.0001959 secs] 2023-04-21T22:19:53.143+0000: 95353.496: [GC ref-proc, 0.0012769 secs] 2023-04-21T22:19:53.144+0000: 95353.497: [Unloading, 0.0125716 secs], 0.0148889 secs]
 [Times: user=0.03 sys=0.00, real=0.01 secs] 
2023-04-21T22:19:53.158+0000: 95353.510: Total time for which application threads were stopped: 0.0159328 seconds, Stopping threads took: 0.0009128 seconds
2023-04-21T22:19:53.158+0000: 95353.511: [GC cleanup 299M->277M(512M), 0.0010806 secs]
 [Times: user=0.00 sys=0.00, real=0.01 secs] 
2023-04-21T22:19:53.159+0000: 95353.512: Total time for which application threads were stopped: 0.0012486 seconds, Stopping threads took: 0.0000659 seconds
2023-04-21T22:19:53.160+0000: 95353.513: [GC concurrent-cleanup-start]
2023-04-21T22:19:53.160+0000: 95353.513: [GC concurrent-cleanup-end, 0.0000396 secs]
{Heap before GC invocations=138 (full 0):
 garbage-first heap   total 524288K, used 392763K [0x00000000e0000000, 0x00000000e0101000, 0x0000000100000000)
  region size 1024K, 69 young (70656K), 5 survivors (5120K)
 Metaspace       used 55182K, capacity 57250K, committed 57856K, reserved 1099776K
  class space    used 6533K, capacity 6999K, committed 7168K, reserved 1048576K
2023-04-21T22:19:54.605+0000: 95354.958: [GC pause (G1 Humongous Allocation) (young)
Desired survivor size 7340032 bytes, new threshold 15 (max 15)
- age   1:     451352 bytes,     451352 total
- age   2:    2249816 bytes,    2701168 total
- age   3:     416048 bytes,    3117216 total
- age   4:     496648 bytes,    3613864 total
, 0.0105624 secs]
   [Parallel Time: 9.0 ms, GC Workers: 2]
      [GC Worker Start (ms): Min: 95354958.3, Avg: 95354958.3, Max: 95354958.3, Diff: 0.0]
      [Ext Root Scanning (ms): Min: 1.3, Avg: 1.4, Max: 1.4, Diff: 0.0, Sum: 2.7]
      [Update RS (ms): Min: 6.5, Avg: 6.6, Max: 6.6, Diff: 0.1, Sum: 13.2]
         [Processed Buffers: Min: 186, Avg: 188.0, Max: 190, Diff: 4, Sum: 376]
      [Scan RS (ms): Min: 0.0, Avg: 0.0, Max: 0.1, Diff: 0.1, Sum: 0.1]
      [Code Root Scanning (ms): Min: 0.0, Avg: 0.0, Max: 0.0, Diff: 0.0, Sum: 0.0]
      [Object Copy (ms): Min: 0.9, Avg: 0.9, Max: 0.9, Diff: 0.0, Sum: 1.8]
      [Termination (ms): Min: 0.0, Avg: 0.0, Max: 0.0, Diff: 0.0, Sum: 0.0]
         [Termination Attempts: Min: 1, Avg: 1.0, Max: 1, Diff: 0, Sum: 2]
      [GC Worker Other (ms): Min: 0.0, Avg: 0.0, Max: 0.0, Diff: 0.0, Sum: 0.0]
      [GC Worker Total (ms): Min: 8.9, Avg: 8.9, Max: 8.9, Diff: 0.0, Sum: 17.8]
      [GC Worker End (ms): Min: 95354967.2, Avg: 95354967.2, Max: 95354967.2, Diff: 0.0]
   [Code Root Fixup: 0.0 ms]
   [Code Root Purge: 0.0 ms]
   [Clear CT: 0.1 ms]
   [Other: 1.5 ms]
      [Choose CSet: 0.0 ms]
      [Ref Proc: 0.8 ms]
      [Ref Enq: 0.1 ms]
      [Redirty Cards: 0.1 ms]
      [Humongous Register: 0.1 ms]
      [Humongous Reclaim: 0.1 ms]
      [Free CSet: 0.1 ms]
   [Eden: 65536.0K(106.0M)->0.0B(18432.0K) Survivors: 5120.0K->7168.0K Heap: 384.4M(512.0M)->290.0M(512.0M)]
Heap after GC invocations=139 (full 0):
 garbage-first heap   total 524288K, used 296926K [0x00000000e0000000, 0x00000000e0101000, 0x0000000100000000)
  region size 1024K, 7 young (7168K), 7 survivors (7168K)
 Metaspace       used 55182K, capacity 57250K, committed 57856K, reserved 1099776K
  class space    used 6533K, capacity 6999K, committed 7168K, reserved 1048576K
}
 [Times: user=0.02 sys=0.00, real=0.01 secs] 
2023-04-21T22:19:54.616+0000: 95354.969: Total time for which application threads were stopped: 0.0108561 seconds, Stopping threads took: 0.0000344 seconds
{Heap before GC invocations=139 (full 0):
 garbage-first heap   total 524288K, used 335111K [0x00000000e0000000, 0x00000000e0101000, 0x0000000100000000)
  region size 1024K, 25 young (25600K), 7 survivors (7168K)
 Metaspace       used 55182K, capacity 57250K, committed 57856K, reserved 1099776K
  class space    used 6533K, capacity 6999K, committed 7168K, reserved 1048576K
2023-04-21T22:19:55.500+0000: 95355.853: [GC pause (G1 Evacuation Pause) (mixed)
Desired survivor size 2097152 bytes, new threshold 1 (max 15)
- age   1:    4515200 bytes,    4515200 total
- age   3:       1288 bytes,    4516488 total
- age   4:     416048 bytes,    4932536 total
- age   5:     496648 bytes,    5429184 total
, 0.0073568 secs]
   [Parallel Time: 5.8 ms, GC Workers: 2]
      [GC Worker Start (ms): Min: 95355853.2, Avg: 95355853.2, Max: 95355853.2, Diff: 0.0]
      [Ext Root Scanning (ms): Min: 1.4, Avg: 1.4, Max: 1.4, Diff: 0.0, Sum: 2.8]
      [Update RS (ms): Min: 2.7, Avg: 2.7, Max: 2.8, Diff: 0.0, Sum: 5.5]
         [Processed Buffers: Min: 77, Avg: 80.5, Max: 84, Diff: 7, Sum: 161]
      [Scan RS (ms): Min: 0.1, Avg: 0.1, Max: 0.2, Diff: 0.1, Sum: 0.3]
      [Code Root Scanning (ms): Min: 0.0, Avg: 0.0, Max: 0.0, Diff: 0.0, Sum: 0.0]
      [Object Copy (ms): Min: 1.3, Avg: 1.3, Max: 1.4, Diff: 0.0, Sum: 2.7]
      [Termination (ms): Min: 0.0, Avg: 0.0, Max: 0.0, Diff: 0.0, Sum: 0.0]
         [Termination Attempts: Min: 1, Avg: 1.0, Max: 1, Diff: 0, Sum: 2]
      [GC Worker Other (ms): Min: 0.0, Avg: 0.0, Max: 0.0, Diff: 0.0, Sum: 0.0]
      [GC Worker Total (ms): Min: 5.7, Avg: 5.7, Max: 5.7, Diff: 0.0, Sum: 11.4]
      [GC Worker End (ms): Min: 95355858.9, Avg: 95355858.9, Max: 95355858.9, Diff: 0.0]
   [Code Root Fixup: 0.0 ms]
   [Code Root Purge: 0.0 ms]
   [Clear CT: 0.1 ms]
   [Other: 1.5 ms]
      [Choose CSet: 0.0 ms]
      [Ref Proc: 0.9 ms]
      [Ref Enq: 0.1 ms]
      [Redirty Cards: 0.1 ms]
      [Humongous Register: 0.1 ms]
      [Humongous Reclaim: 0.1 ms]
      [Free CSet: 0.1 ms]
   [Eden: 18432.0K(18432.0K)->0.0B(21504.0K) Survivors: 7168.0K->4096.0K Heap: 327.3M(512.0M)->229.2M(512.0M)]
Heap after GC invocations=140 (full 0):
 garbage-first heap   total 524288K, used 234751K [0x00000000e0000000, 0x00000000e0101000, 0x0000000100000000)
  region size 1024K, 4 young (4096K), 4 survivors (4096K)
 Metaspace       used 55182K, capacity 57250K, committed 57856K, reserved 1099776K
  class space    used 6533K, capacity 6999K, committed 7168K, reserved 1048576K
}
 [Times: user=0.01 sys=0.00, real=0.00 secs] 
2023-04-21T22:19:55.508+0000: 95355.860: Total time for which application threads were stopped: 0.0076466 seconds, Stopping threads took: 0.0000330 seconds
{Heap before GC invocations=140 (full 0):
 garbage-first heap   total 524288K, used 259373K [0x00000000e0000000, 0x00000000e0101000, 0x0000000100000000)
  region size 1024K, 25 young (25600K), 4 survivors (4096K)
 Metaspace       used 55182K, capacity 57250K, committed 57856K, reserved 1099776K
  class space    used 6533K, capacity 6999K, committed 7168K, reserved 1048576K
2023-04-21T22:19:55.828+0000: 95356.181: [GC pause (G1 Evacuation Pause) (mixed)
Desired survivor size 2097152 bytes, new threshold 1 (max 15)
- age   1:    2702896 bytes,    2702896 total
, 0.0052134 secs]
   [Parallel Time: 3.8 ms, GC Workers: 2]
      [GC Worker Start (ms): Min: 95356180.8, Avg: 95356180.8, Max: 95356180.8, Diff: 0.0]
      [Ext Root Scanning (ms): Min: 1.4, Avg: 1.4, Max: 1.4, Diff: 0.0, Sum: 2.8]
      [Update RS (ms): Min: 0.5, Avg: 0.6, Max: 0.7, Diff: 0.2, Sum: 1.3]
         [Processed Buffers: Min: 10, Avg: 14.5, Max: 19, Diff: 9, Sum: 29]
      [Scan RS (ms): Min: 0.1, Avg: 0.1, Max: 0.1, Diff: 0.0, Sum: 0.3]
      [Code Root Scanning (ms): Min: 0.0, Avg: 0.0, Max: 0.0, Diff: 0.0, Sum: 0.0]
      [Object Copy (ms): Min: 1.5, Avg: 1.6, Max: 1.6, Diff: 0.2, Sum: 3.1]
      [Termination (ms): Min: 0.0, Avg: 0.0, Max: 0.0, Diff: 0.0, Sum: 0.0]
         [Termination Attempts: Min: 1, Avg: 1.0, Max: 1, Diff: 0, Sum: 2]
      [GC Worker Other (ms): Min: 0.0, Avg: 0.0, Max: 0.0, Diff: 0.0, Sum: 0.0]
      [GC Worker Total (ms): Min: 3.7, Avg: 3.7, Max: 3.7, Diff: 0.0, Sum: 7.5]
      [GC Worker End (ms): Min: 95356184.5, Avg: 95356184.5, Max: 95356184.5, Diff: 0.0]
   [Code Root Fixup: 0.0 ms]
   [Code Root Purge: 0.0 ms]
   [Clear CT: 0.1 ms]
   [Other: 1.3 ms]
      [Choose CSet: 0.0 ms]
      [Ref Proc: 0.9 ms]
      [Ref Enq: 0.1 ms]
      [Redirty Cards: 0.1 ms]
      [Humongous Register: 0.1 ms]
      [Humongous Reclaim: 0.0 ms]
      [Free CSet: 0.1 ms]
   [Eden: 21504.0K(21504.0K)->0.0B(186.0M) Survivors: 4096.0K->4096.0K Heap: 253.3M(512.0M)->211.5M(512.0M)]
Heap after GC invocations=141 (full 0):
 garbage-first heap   total 524288K, used 216563K [0x00000000e0000000, 0x00000000e0101000, 0x0000000100000000)
  region size 1024K, 4 young (4096K), 4 survivors (4096K)
 Metaspace       used 55182K, capacity 57250K, committed 57856K, reserved 1099776K
  class space    used 6533K, capacity 6999K, committed 7168K, reserved 1048576K
}
 [Times: user=0.01 sys=0.00, real=0.01 secs] 
2023-04-21T22:19:55.833+0000: 95356.186: Total time for which application threads were stopped: 0.0054956 seconds, Stopping threads took: 0.0000319 seconds
{Heap before GC invocations=141 (full 0):
 garbage-first heap   total 524288K, used 216563K [0x00000000e0000000, 0x00000000e0101000, 0x0000000100000000)
  region size 1024K, 5 young (5120K), 4 survivors (4096K)
 Metaspace       used 55182K, capacity 57250K, committed 57856K, reserved 1099776K
  class space    used 6533K, capacity 6999K, committed 7168K, reserved 1048576K
2023-04-21T22:19:55.858+0000: 95356.210: [GC pause (G1 Humongous Allocation) (young) (initial-mark)
Desired survivor size 12582912 bytes, new threshold 15 (max 15)
- age   1:    3578208 bytes,    3578208 total
, 0.0041512 secs]
   [Parallel Time: 2.9 ms, GC Workers: 2]
      [GC Worker Start (ms): Min: 95356210.5, Avg: 95356210.5, Max: 95356210.5, Diff: 0.0]
      [Ext Root Scanning (ms): Min: 1.7, Avg: 1.7, Max: 1.8, Diff: 0.0, Sum: 3.5]
      [Update RS (ms): Min: 0.3, Avg: 0.3, Max: 0.3, Diff: 0.0, Sum: 0.6]
         [Processed Buffers: Min: 2, Avg: 2.5, Max: 3, Diff: 1, Sum: 5]
      [Scan RS (ms): Min: 0.0, Avg: 0.0, Max: 0.0, Diff: 0.0, Sum: 0.0]
      [Code Root Scanning (ms): Min: 0.0, Avg: 0.0, Max: 0.0, Diff: 0.0, Sum: 0.0]
      [Object Copy (ms): Min: 0.6, Avg: 0.6, Max: 0.6, Diff: 0.1, Sum: 1.2]
      [Termination (ms): Min: 0.0, Avg: 0.0, Max: 0.1, Diff: 0.1, Sum: 0.1]
         [Termination Attempts: Min: 1, Avg: 1.0, Max: 1, Diff: 0, Sum: 2]
      [GC Worker Other (ms): Min: 0.0, Avg: 0.0, Max: 0.0, Diff: 0.0, Sum: 0.0]
      [GC Worker Total (ms): Min: 2.7, Avg: 2.7, Max: 2.7, Diff: 0.0, Sum: 5.4]
      [GC Worker End (ms): Min: 95356213.2, Avg: 95356213.2, Max: 95356213.2, Diff: 0.0]
   [Code Root Fixup: 0.0 ms]
   [Code Root Purge: 0.0 ms]
   [Clear CT: 0.1 ms]
   [Other: 1.2 ms]
      [Choose CSet: 0.0 ms]
      [Ref Proc: 0.8 ms]
      [Ref Enq: 0.1 ms]
      [Redirty Cards: 0.1 ms]
      [Humongous Register: 0.1 ms]
      [Humongous Reclaim: 0.0 ms]
      [Free CSet: 0.0 ms]
   [Eden: 1024.0K(186.0M)->0.0B(163.0M) Survivors: 4096.0K->5120.0K Heap: 212.5M(512.0M)->212.0M(512.0M)]
Heap after GC invocations=142 (full 0):
 garbage-first heap   total 524288K, used 217075K [0x00000000e0000000, 0x00000000e0101000, 0x0000000100000000)
  region size 1024K, 5 young (5120K), 5 survivors (5120K)
 Metaspace       used 55182K, capacity 57250K, committed 57856K, reserved 1099776K
  class space    used 6533K, capacity 6999K, committed 7168K, reserved 1048576K
}
 [Times: user=0.01 sys=0.00, real=0.01 secs] 
2023-04-21T22:19:55.862+0000: 95356.214: 2023-04-21T22:19:55.862+0000: Total time for which application threads were stopped: 0.0043967 seconds, Stopping threads took: 0.0000228 seconds
95356.214: [GC concurrent-root-region-scan-start]
2023-04-21T22:19:55.862+0000: 95356.215: [GC concurrent-root-region-scan-end, 0.0006546 secs]
2023-04-21T22:19:55.862+0000: 95356.215: [GC concurrent-mark-start]
2023-04-21T22:19:55.939+0000: 95356.292: [GC concurrent-mark-end, 0.0769915 secs]
2023-04-21T22:19:55.940+0000: 95356.292: [GC remark 2023-04-21T22:19:55.940+0000: 95356.292: [Finalize Marking, 0.0001903 secs] 2023-04-21T22:19:55.940+0000: 95356.293: [GC ref-proc, 0.0012509 secs] 2023-04-21T22:19:55.941+0000: 95356.294: [Unloading, 0.0139426 secs], 0.0161884 secs]
 [Times: user=0.03 sys=0.00, real=0.01 secs] 
2023-04-21T22:19:55.956+0000: 95356.309: Total time for which application threads were stopped: 0.0163769 seconds, Stopping threads took: 0.0000556 seconds
2023-04-21T22:19:55.959+0000: 95356.311: [GC cleanup 217M->215M(512M), 0.0014725 secs]
 [Times: user=0.00 sys=0.00, real=0.00 secs] 
2023-04-21T22:19:55.960+0000: 95356.313: Total time for which application threads were stopped: 0.0016222 seconds, Stopping threads took: 0.0000444 seconds
2023-04-21T22:19:55.960+0000: 95356.313: [GC concurrent-cleanup-start]
2023-04-21T22:19:55.960+0000: 95356.313: [GC concurrent-cleanup-end, 0.0000144 secs]
{Heap before GC invocations=143 (full 0):
 garbage-first heap   total 524288K, used 461475K [0x00000000e0000000, 0x00000000e0101000, 0x0000000100000000)
  region size 1024K, 168 young (172032K), 5 survivors (5120K)
 Metaspace       used 55182K, capacity 57250K, committed 57856K, reserved 1099776K
  class space    used 6533K, capacity 6999K, committed 7168K, reserved 1048576K
2023-04-21T22:19:59.478+0000: 95359.830: [GC pause (G1 Evacuation Pause) (young)
Desired survivor size 11010048 bytes, new threshold 15 (max 15)
- age   1:     607176 bytes,     607176 total
- age   2:    3030616 bytes,    3637792 total
, 0.0121723 secs]
   [Parallel Time: 10.5 ms, GC Workers: 2]
      [GC Worker Start (ms): Min: 95359830.7, Avg: 95359830.7, Max: 95359830.7, Diff: 0.0]
      [Ext Root Scanning (ms): Min: 1.4, Avg: 1.4, Max: 1.4, Diff: 0.0, Sum: 2.8]
      [Update RS (ms): Min: 6.9, Avg: 6.9, Max: 7.0, Diff: 0.0, Sum: 13.9]
         [Processed Buffers: Min: 211, Avg: 214.0, Max: 217, Diff: 6, Sum: 428]
      [Scan RS (ms): Min: 0.1, Avg: 0.1, Max: 0.1, Diff: 0.0, Sum: 0.2]
      [Code Root Scanning (ms): Min: 0.1, Avg: 0.1, Max: 0.1, Diff: 0.0, Sum: 0.1]
      [Object Copy (ms): Min: 1.8, Avg: 1.8, Max: 1.9, Diff: 0.1, Sum: 3.7]
      [Termination (ms): Min: 0.0, Avg: 0.0, Max: 0.0, Diff: 0.0, Sum: 0.0]
         [Termination Attempts: Min: 1, Avg: 1.0, Max: 1, Diff: 0, Sum: 2]
      [GC Worker Other (ms): Min: 0.0, Avg: 0.0, Max: 0.0, Diff: 0.0, Sum: 0.0]
      [GC Worker Total (ms): Min: 10.4, Avg: 10.4, Max: 10.4, Diff: 0.0, Sum: 20.8]
      [GC Worker End (ms): Min: 95359841.1, Avg: 95359841.1, Max: 95359841.1, Diff: 0.0]
   [Code Root Fixup: 0.0 ms]
   [Code Root Purge: 0.0 ms]
   [Clear CT: 0.1 ms]
   [Other: 1.5 ms]
      [Choose CSet: 0.0 ms]
      [Ref Proc: 1.0 ms]
      [Ref Enq: 0.1 ms]
      [Redirty Cards: 0.1 ms]
      [Humongous Register: 0.1 ms]
      [Humongous Reclaim: 0.2 ms]
      [Free CSet: 0.1 ms]
   [Eden: 163.0M(163.0M)->0.0B(14336.0K) Survivors: 5120.0K->11264.0K Heap: 450.7M(512.0M)->218.9M(512.0M)]
Heap after GC invocations=144 (full 0):
 garbage-first heap   total 524288K, used 224144K [0x00000000e0000000, 0x00000000e0101000, 0x0000000100000000)
  region size 1024K, 11 young (11264K), 11 survivors (11264K)
 Metaspace       used 55182K, capacity 57250K, committed 57856K, reserved 1099776K
  class space    used 6533K, capacity 6999K, committed 7168K, reserved 1048576K
}
 [Times: user=0.03 sys=0.00, real=0.01 secs] 
2023-04-21T22:19:59.490+0000: 95359.843: Total time for which application threads were stopped: 0.0124723 seconds, Stopping threads took: 0.0000338 seconds
{Heap before GC invocations=144 (full 0):
 garbage-first heap   total 524288K, used 248550K [0x00000000e0000000, 0x00000000e0101000, 0x0000000100000000)
  region size 1024K, 25 young (25600K), 11 survivors (11264K)
 Metaspace       used 55182K, capacity 57250K, committed 57856K, reserved 1099776K
  class space    used 6533K, capacity 6999K, committed 7168K, reserved 1048576K
2023-04-21T22:19:59.856+0000: 95360.209: [GC pause (G1 Evacuation Pause) (mixed)
Desired survivor size 2097152 bytes, new threshold 1 (max 15)
- age   1:    9473448 bytes,    9473448 total
- age   2:     561016 bytes,   10034464 total
- age   3:     744632 bytes,   10779096 total
, 0.0064861 secs]
   [Parallel Time: 5.2 ms, GC Workers: 2]
      [GC Worker Start (ms): Min: 95360209.3, Avg: 95360209.3, Max: 95360209.3, Diff: 0.0]
      [Ext Root Scanning (ms): Min: 1.3, Avg: 1.4, Max: 1.4, Diff: 0.1, Sum: 2.8]
      [Update RS (ms): Min: 1.6, Avg: 1.7, Max: 1.7, Diff: 0.1, Sum: 3.3]
         [Processed Buffers: Min: 41, Avg: 41.5, Max: 42, Diff: 1, Sum: 83]
      [Scan RS (ms): Min: 0.0, Avg: 0.1, Max: 0.1, Diff: 0.1, Sum: 0.1]
      [Code Root Scanning (ms): Min: 0.0, Avg: 0.0, Max: 0.0, Diff: 0.0, Sum: 0.0]
      [Object Copy (ms): Min: 1.9, Avg: 1.9, Max: 2.0, Diff: 0.1, Sum: 3.8]
      [Termination (ms): Min: 0.0, Avg: 0.0, Max: 0.0, Diff: 0.0, Sum: 0.0]
         [Termination Attempts: Min: 1, Avg: 1.0, Max: 1, Diff: 0, Sum: 2]
      [GC Worker Other (ms): Min: 0.0, Avg: 0.0, Max: 0.0, Diff: 0.0, Sum: 0.0]
      [GC Worker Total (ms): Min: 5.1, Avg: 5.1, Max: 5.1, Diff: 0.0, Sum: 10.1]
      [GC Worker End (ms): Min: 95360214.4, Avg: 95360214.4, Max: 95360214.4, Diff: 0.0]
   [Code Root Fixup: 0.0 ms]
   [Code Root Purge: 0.0 ms]
   [Clear CT: 0.1 ms]
   [Other: 1.3 ms]
      [Choose CSet: 0.0 ms]
      [Ref Proc: 0.9 ms]
      [Ref Enq: 0.1 ms]
      [Redirty Cards: 0.1 ms]
      [Humongous Register: 0.1 ms]
      [Humongous Reclaim: 0.0 ms]
      [Free CSet: 0.0 ms]
   [Eden: 14336.0K(14336.0K)->0.0B(162.0M) Survivors: 11264.0K->4096.0K Heap: 242.7M(512.0M)->222.0M(512.0M)]
Heap after GC invocations=145 (full 0):
 garbage-first heap   total 524288K, used 227348K [0x00000000e0000000, 0x00000000e0101000, 0x0000000100000000)
  region size 1024K, 4 young (4096K), 4 survivors (4096K)
 Metaspace       used 55182K, capacity 57250K, committed 57856K, reserved 1099776K
  class space    used 6533K, capacity 6999K, committed 7168K, reserved 1048576K
}
 [Times: user=0.02 sys=0.00, real=0.01 secs] 
2023-04-21T22:19:59.863+0000: 95360.216: Total time for which application threads were stopped: 0.0067909 seconds, Stopping threads took: 0.0000314 seconds
{Heap before GC invocations=145 (full 0):
 garbage-first heap   total 524288K, used 234516K [0x00000000e0000000, 0x00000000e0101000, 0x0000000100000000)
  region size 1024K, 12 young (12288K), 4 survivors (4096K)
 Metaspace       used 55182K, capacity 57250K, committed 57856K, reserved 1099776K
  class space    used 6533K, capacity 6999K, committed 7168K, reserved 1048576K
2023-04-21T22:19:59.974+0000: 95360.327: [GC pause (G1 Humongous Allocation) (young) (initial-mark)
Desired survivor size 11010048 bytes, new threshold 15 (max 15)
- age   1:    3066808 bytes,    3066808 total
, 0.0045328 secs]
   [Parallel Time: 3.1 ms, GC Workers: 2]
      [GC Worker Start (ms): Min: 95360327.1, Avg: 95360327.1, Max: 95360327.1, Diff: 0.0]
      [Ext Root Scanning (ms): Min: 1.8, Avg: 1.8, Max: 1.8, Diff: 0.1, Sum: 3.6]
      [Update RS (ms): Min: 0.3, Avg: 0.3, Max: 0.3, Diff: 0.0, Sum: 0.6]
         [Processed Buffers: Min: 2, Avg: 2.5, Max: 3, Diff: 1, Sum: 5]
      [Scan RS (ms): Min: 0.0, Avg: 0.0, Max: 0.0, Diff: 0.0, Sum: 0.0]
      [Code Root Scanning (ms): Min: 0.0, Avg: 0.0, Max: 0.0, Diff: 0.0, Sum: 0.0]
      [Object Copy (ms): Min: 0.7, Avg: 0.8, Max: 0.8, Diff: 0.1, Sum: 1.5]
      [Termination (ms): Min: 0.0, Avg: 0.0, Max: 0.0, Diff: 0.0, Sum: 0.0]
         [Termination Attempts: Min: 1, Avg: 1.0, Max: 1, Diff: 0, Sum: 2]
      [GC Worker Other (ms): Min: 0.0, Avg: 0.0, Max: 0.0, Diff: 0.0, Sum: 0.0]
      [GC Worker Total (ms): Min: 2.9, Avg: 2.9, Max: 2.9, Diff: 0.0, Sum: 5.8]
      [GC Worker End (ms): Min: 95360330.0, Avg: 95360330.0, Max: 95360330.0, Diff: 0.0]
   [Code Root Fixup: 0.0 ms]
   [Code Root Purge: 0.0 ms]
   [Clear CT: 0.1 ms]
   [Other: 1.4 ms]
      [Choose CSet: 0.0 ms]
      [Ref Proc: 1.0 ms]
      [Ref Enq: 0.1 ms]
      [Redirty Cards: 0.1 ms]
      [Humongous Register: 0.1 ms]
      [Humongous Reclaim: 0.0 ms]
      [Free CSet: 0.0 ms]
   [Eden: 8192.0K(162.0M)->0.0B(169.0M) Survivors: 4096.0K->6144.0K Heap: 229.9M(512.0M)->224.3M(512.0M)]
Heap after GC invocations=146 (full 0):
 garbage-first heap   total 524288K, used 229643K [0x00000000e0000000, 0x00000000e0101000, 0x0000000100000000)
  region size 1024K, 6 young (6144K), 6 survivors (6144K)
 Metaspace       used 55182K, capacity 57250K, committed 57856K, reserved 1099776K
  class space    used 6533K, capacity 6999K, committed 7168K, reserved 1048576K
}
 [Times: user=0.01 sys=0.00, real=0.01 secs] 
2023-04-21T22:19:59.979+0000: 95360.331: [GC concurrent-root-region-scan-start]
2023-04-21T22:19:59.979+0000: 95360.331: Total time for which application threads were stopped: 0.0048072 seconds, Stopping threads took: 0.0000285 seconds
2023-04-21T22:19:59.979+0000: 95360.332: [GC concurrent-root-region-scan-end, 0.0006852 secs]
2023-04-21T22:19:59.979+0000: 95360.332: [GC concurrent-mark-start]
2023-04-21T22:20:00.055+0000: 95360.407: [GC concurrent-mark-end, 0.0750773 secs]
2023-04-21T22:20:00.055+0000: 95360.407: [GC remark 2023-04-21T22:20:00.055+0000: 95360.407: [Finalize Marking, 0.0003431 secs] 2023-04-21T22:20:00.055+0000: 95360.408: [GC ref-proc, 0.0018264 secs] 2023-04-21T22:20:00.057+0000: 95360.410: [Unloading, 0.0145688 secs], 0.0176016 secs]
 [Times: user=0.03 sys=0.00, real=0.02 secs] 
2023-04-21T22:20:00.072+0000: 95360.425: Total time for which application threads were stopped: 0.0177860 seconds, Stopping threads took: 0.0000376 seconds
2023-04-21T22:20:00.073+0000: 95360.425: [GC cleanup 226M->204M(512M), 0.0012503 secs]
 [Times: user=0.00 sys=0.00, real=0.00 secs] 
2023-04-21T22:20:00.074+0000: 95360.427: Total time for which application threads were stopped: 0.0015587 seconds, Stopping threads took: 0.0001754 seconds
2023-04-21T22:20:00.075+0000: 95360.427: [GC concurrent-cleanup-start]
2023-04-21T22:20:00.075+0000: 95360.427: [GC concurrent-cleanup-end, 0.0000510 secs]
2023-04-21T22:20:02.479+0000: 95362.832: Total time for which application threads were stopped: 0.0002271 seconds, Stopping threads took: 0.0001022 seconds
2023-04-21T22:20:43.484+0000: 95403.836: Total time for which application threads were stopped: 0.0001333 seconds, Stopping threads took: 0.0000332 seconds
{Heap before GC invocations=147 (full 0):
 garbage-first heap   total 524288K, used 459617K [0x00000000e0000000, 0x00000000e0101000, 0x0000000100000000)
  region size 1024K, 175 young (179200K), 6 survivors (6144K)
 Metaspace       used 55183K, capacity 57250K, committed 57856K, reserved 1099776K
  class space    used 6533K, capacity 6999K, committed 7168K, reserved 1048576K
2023-04-21T22:24:28.358+0000: 95628.711: [GC pause (G1 Evacuation Pause) (young)
Desired survivor size 11534336 bytes, new threshold 15 (max 15)
- age   1:    2206392 bytes,    2206392 total
- age   2:    2596040 bytes,    4802432 total
 (to-space exhausted), 0.0173534 secs]
   [Parallel Time: 12.6 ms, GC Workers: 2]
      [GC Worker Start (ms): Min: 95628711.1, Avg: 95628711.1, Max: 95628711.1, Diff: 0.0]
      [Ext Root Scanning (ms): Min: 1.5, Avg: 1.5, Max: 1.5, Diff: 0.0, Sum: 3.0]
      [Update RS (ms): Min: 8.5, Avg: 8.5, Max: 8.6, Diff: 0.1, Sum: 17.1]
         [Processed Buffers: Min: 211, Avg: 216.0, Max: 221, Diff: 10, Sum: 432]
      [Scan RS (ms): Min: 0.1, Avg: 0.1, Max: 0.1, Diff: 0.0, Sum: 0.3]
      [Code Root Scanning (ms): Min: 0.1, Avg: 0.1, Max: 0.1, Diff: 0.0, Sum: 0.1]
      [Object Copy (ms): Min: 2.2, Avg: 2.3, Max: 2.3, Diff: 0.0, Sum: 4.5]
      [Termination (ms): Min: 0.0, Avg: 0.0, Max: 0.0, Diff: 0.0, Sum: 0.0]
         [Termination Attempts: Min: 1, Avg: 1.0, Max: 1, Diff: 0, Sum: 2]
      [GC Worker Other (ms): Min: 0.0, Avg: 0.0, Max: 0.0, Diff: 0.0, Sum: 0.0]
      [GC Worker Total (ms): Min: 12.5, Avg: 12.5, Max: 12.5, Diff: 0.0, Sum: 25.0]
      [GC Worker End (ms): Min: 95628723.6, Avg: 95628723.6, Max: 95628723.6, Diff: 0.0]
   [Code Root Fixup: 0.0 ms]
   [Code Root Purge: 0.0 ms]
   [Clear CT: 0.1 ms]
   [Other: 4.6 ms]
      [Evacuation Failure: 3.0 ms]
      [Choose CSet: 0.0 ms]
      [Ref Proc: 0.9 ms]
      [Ref Enq: 0.1 ms]
      [Redirty Cards: 0.1 ms]
      [Humongous Register: 0.2 ms]
      [Humongous Reclaim: 0.2 ms]
      [Free CSet: 0.1 ms]
   [Eden: 169.0M(169.0M)->0.0B(13312.0K) Survivors: 6144.0K->12288.0K Heap: 448.8M(512.0M)->284.7M(512.0M)]
Heap after GC invocations=148 (full 0):
 garbage-first heap   total 524288K, used 291531K [0x00000000e0000000, 0x00000000e0101000, 0x0000000100000000)
  region size 1024K, 12 young (12288K), 12 survivors (12288K)
 Metaspace       used 55183K, capacity 57250K, committed 57856K, reserved 1099776K
  class space    used 6533K, capacity 6999K, committed 7168K, reserved 1048576K
}
 [Times: user=0.03 sys=0.00, real=0.02 secs] 
2023-04-21T22:24:28.376+0000: 95628.728: Total time for which application threads were stopped: 0.0176660 seconds, Stopping threads took: 0.0000345 seconds
{Heap before GC invocations=148 (full 0):
 garbage-first heap   total 524288K, used 304843K [0x00000000e0000000, 0x00000000e0101000, 0x0000000100000000)
  region size 1024K, 25 young (25600K), 12 survivors (12288K)
 Metaspace       used 55183K, capacity 57250K, committed 57856K, reserved 1099776K
  class space    used 6533K, capacity 6999K, committed 7168K, reserved 1048576K
2023-04-21T22:24:28.516+0000: 95628.869: [GC pause (G1 Evacuation Pause) (mixed)
Desired survivor size 2097152 bytes, new threshold 1 (max 15)
- age   1:    8594368 bytes,    8594368 total
- age   2:    1087544 bytes,    9681912 total
- age   3:    1513904 bytes,   11195816 total
, 0.0051164 secs]
   [Parallel Time: 3.8 ms, GC Workers: 2]
      [GC Worker Start (ms): Min: 95628869.2, Avg: 95628869.2, Max: 95628869.2, Diff: 0.0]
      [Ext Root Scanning (ms): Min: 1.4, Avg: 1.4, Max: 1.4, Diff: 0.0, Sum: 2.7]
      [Update RS (ms): Min: 0.3, Avg: 0.4, Max: 0.5, Diff: 0.2, Sum: 0.8]
         [Processed Buffers: Min: 3, Avg: 4.0, Max: 5, Diff: 2, Sum: 8]
      [Scan RS (ms): Min: 0.0, Avg: 0.0, Max: 0.0, Diff: 0.0, Sum: 0.1]
      [Code Root Scanning (ms): Min: 0.0, Avg: 0.0, Max: 0.0, Diff: 0.0, Sum: 0.0]
      [Object Copy (ms): Min: 1.8, Avg: 1.8, Max: 1.9, Diff: 0.1, Sum: 3.6]
      [Termination (ms): Min: 0.0, Avg: 0.0, Max: 0.0, Diff: 0.0, Sum: 0.0]
         [Termination Attempts: Min: 1, Avg: 1.0, Max: 1, Diff: 0, Sum: 2]
      [GC Worker Other (ms): Min: 0.0, Avg: 0.0, Max: 0.0, Diff: 0.0, Sum: 0.0]
      [GC Worker Total (ms): Min: 3.7, Avg: 3.7, Max: 3.7, Diff: 0.0, Sum: 7.3]
      [GC Worker End (ms): Min: 95628872.9, Avg: 95628872.9, Max: 95628872.9, Diff: 0.0]
   [Code Root Fixup: 0.0 ms]
   [Code Root Purge: 0.0 ms]
   [Clear CT: 0.1 ms]
   [Other: 1.3 ms]
      [Choose CSet: 0.0 ms]
      [Ref Proc: 0.9 ms]
      [Ref Enq: 0.1 ms]
      [Redirty Cards: 0.1 ms]
      [Humongous Register: 0.1 ms]
      [Humongous Reclaim: 0.0 ms]
      [Free CSet: 0.0 ms]
   [Eden: 13312.0K(13312.0K)->0.0B(125.0M) Survivors: 12288.0K->4096.0K Heap: 297.7M(512.0M)->283.5M(512.0M)]
Heap after GC invocations=149 (full 0):
 garbage-first heap   total 524288K, used 290349K [0x00000000e0000000, 0x00000000e0101000, 0x0000000100000000)
  region size 1024K, 4 young (4096K), 4 survivors (4096K)
 Metaspace       used 55183K, capacity 57250K, committed 57856K, reserved 1099776K
  class space    used 6533K, capacity 6999K, committed 7168K, reserved 1048576K
}
 [Times: user=0.01 sys=0.00, real=0.01 secs] 
2023-04-21T22:24:28.522+0000: 95628.874: Total time for which application threads were stopped: 0.0054087 seconds, Stopping threads took: 0.0000392 seconds
{Heap before GC invocations=149 (full 0):
 garbage-first heap   total 524288K, used 293421K [0x00000000e0000000, 0x00000000e0101000, 0x0000000100000000)
  region size 1024K, 8 young (8192K), 4 survivors (4096K)
 Metaspace       used 55183K, capacity 57250K, committed 57856K, reserved 1099776K
  class space    used 6533K, capacity 6999K, committed 7168K, reserved 1048576K
2023-04-21T22:24:28.581+0000: 95628.934: [GC pause (G1 Humongous Allocation) (young) (initial-mark)
Desired survivor size 8912896 bytes, new threshold 15 (max 15)
- age   1:    2797848 bytes,    2797848 total
, 0.0044021 secs]
   [Parallel Time: 3.1 ms, GC Workers: 2]
      [GC Worker Start (ms): Min: 95628934.4, Avg: 95628934.4, Max: 95628934.4, Diff: 0.0]
      [Ext Root Scanning (ms): Min: 1.8, Avg: 1.8, Max: 1.9, Diff: 0.1, Sum: 3.7]
      [Update RS (ms): Min: 0.3, Avg: 0.4, Max: 0.4, Diff: 0.1, Sum: 0.8]
         [Processed Buffers: Min: 1, Avg: 2.5, Max: 4, Diff: 3, Sum: 5]
      [Scan RS (ms): Min: 0.0, Avg: 0.0, Max: 0.0, Diff: 0.0, Sum: 0.0]
      [Code Root Scanning (ms): Min: 0.0, Avg: 0.0, Max: 0.0, Diff: 0.0, Sum: 0.0]
      [Object Copy (ms): Min: 0.6, Avg: 0.7, Max: 0.7, Diff: 0.1, Sum: 1.3]
      [Termination (ms): Min: 0.0, Avg: 0.0, Max: 0.1, Diff: 0.1, Sum: 0.1]
         [Termination Attempts: Min: 1, Avg: 1.0, Max: 1, Diff: 0, Sum: 2]
      [GC Worker Other (ms): Min: 0.0, Avg: 0.0, Max: 0.0, Diff: 0.0, Sum: 0.0]
      [GC Worker Total (ms): Min: 2.9, Avg: 3.0, Max: 3.0, Diff: 0.0, Sum: 5.9]
      [GC Worker End (ms): Min: 95628937.3, Avg: 95628937.3, Max: 95628937.3, Diff: 0.0]
   [Code Root Fixup: 0.0 ms]
   [Code Root Purge: 0.0 ms]
   [Clear CT: 0.1 ms]
   [Other: 1.2 ms]
      [Choose CSet: 0.0 ms]
      [Ref Proc: 0.8 ms]
      [Ref Enq: 0.1 ms]
      [Redirty Cards: 0.1 ms]
      [Humongous Register: 0.1 ms]
      [Humongous Reclaim: 0.0 ms]
      [Free CSet: 0.0 ms]
   [Eden: 4096.0K(125.0M)->0.0B(114.0M) Survivors: 4096.0K->5120.0K Heap: 287.4M(512.0M)->284.1M(512.0M)]
Heap after GC invocations=150 (full 0):
 garbage-first heap   total 524288K, used 290951K [0x00000000e0000000, 0x00000000e0101000, 0x0000000100000000)
  region size 1024K, 5 young (5120K), 5 survivors (5120K)
 Metaspace       used 55183K, capacity 57250K, committed 57856K, reserved 1099776K
  class space    used 6533K, capacity 6999K, committed 7168K, reserved 1048576K
}
 [Times: user=0.01 sys=0.00, real=0.00 secs] 
2023-04-21T22:24:28.586+0000: 95628.939: 2023-04-21T22:24:28.586+0000[GC concurrent-root-region-scan-start]
: 95628.939: Total time for which application threads were stopped: 0.0047180 seconds, Stopping threads took: 0.0000367 seconds
2023-04-21T22:24:28.587+0000: 95628.939: [GC concurrent-root-region-scan-end, 0.0008393 secs]
2023-04-21T22:24:28.587+0000: 95628.939: [GC concurrent-mark-start]
2023-04-21T22:24:28.660+0000: 95629.013: [GC concurrent-mark-end, 0.0736028 secs]
2023-04-21T22:24:28.661+0000: 95629.013: [GC remark 2023-04-21T22:24:28.661+0000: 95629.013: [Finalize Marking, 0.0002694 secs] 2023-04-21T22:24:28.661+0000: 95629.014: [GC ref-proc, 0.0017897 secs] 2023-04-21T22:24:28.663+0000: 95629.015: [Unloading, 0.0129974 secs], 0.0159004 secs]
 [Times: user=0.03 sys=0.00, real=0.01 secs] 
2023-04-21T22:24:28.676+0000: 95629.029: Total time for which application threads were stopped: 0.0160958 seconds, Stopping threads took: 0.0000587 seconds
2023-04-21T22:24:28.677+0000: 95629.029: [GC cleanup 290M->266M(512M), 0.0010745 secs]
 [Times: user=0.00 sys=0.00, real=0.00 secs] 
2023-04-21T22:24:28.678+0000: 95629.030: Total time for which application threads were stopped: 0.0012288 seconds, Stopping threads took: 0.0000440 seconds
2023-04-21T22:24:28.679+0000: 95629.031: [GC concurrent-cleanup-start]
2023-04-21T22:24:28.679+0000: 95629.031: [GC concurrent-cleanup-end, 0.0000444 secs]
2023-04-21T22:24:29.678+0000: 95630.031: Total time for which application threads were stopped: 0.0001971 seconds, Stopping threads took: 0.0000608 seconds
{Heap before GC invocations=151 (full 0):
 garbage-first heap   total 524288K, used 416788K [0x00000000e0000000, 0x00000000e0101000, 0x0000000100000000)
  region size 1024K, 119 young (121856K), 5 survivors (5120K)
 Metaspace       used 55183K, capacity 57250K, committed 57856K, reserved 1099776K
  class space    used 6533K, capacity 6999K, committed 7168K, reserved 1048576K
2023-04-21T22:24:30.816+0000: 95631.169: [GC pause (G1 Evacuation Pause) (young)
Desired survivor size 7864320 bytes, new threshold 15 (max 15)
- age   1:    1489680 bytes,    1489680 total
- age   2:    2328248 bytes,    3817928 total
, 0.0088445 secs]
   [Parallel Time: 7.5 ms, GC Workers: 2]
      [GC Worker Start (ms): Min: 95631168.9, Avg: 95631168.9, Max: 95631168.9, Diff: 0.0]
      [Ext Root Scanning (ms): Min: 1.4, Avg: 1.4, Max: 1.4, Diff: 0.0, Sum: 2.7]
      [Update RS (ms): Min: 4.7, Avg: 4.7, Max: 4.7, Diff: 0.0, Sum: 9.4]
         [Processed Buffers: Min: 129, Avg: 135.0, Max: 141, Diff: 12, Sum: 270]
      [Scan RS (ms): Min: 0.1, Avg: 0.1, Max: 0.1, Diff: 0.0, Sum: 0.2]
      [Code Root Scanning (ms): Min: 0.0, Avg: 0.0, Max: 0.0, Diff: 0.0, Sum: 0.1]
      [Object Copy (ms): Min: 1.1, Avg: 1.1, Max: 1.1, Diff: 0.1, Sum: 2.2]
      [Termination (ms): Min: 0.0, Avg: 0.0, Max: 0.1, Diff: 0.1, Sum: 0.1]
         [Termination Attempts: Min: 1, Avg: 1.0, Max: 1, Diff: 0, Sum: 2]
      [GC Worker Other (ms): Min: 0.0, Avg: 0.0, Max: 0.0, Diff: 0.0, Sum: 0.0]
      [GC Worker Total (ms): Min: 7.3, Avg: 7.3, Max: 7.4, Diff: 0.0, Sum: 14.7]
      [GC Worker End (ms): Min: 95631176.2, Avg: 95631176.2, Max: 95631176.2, Diff: 0.0]
   [Code Root Fixup: 0.0 ms]
   [Code Root Purge: 0.0 ms]
   [Clear CT: 0.1 ms]
   [Other: 1.3 ms]
      [Choose CSet: 0.0 ms]
      [Ref Proc: 0.8 ms]
      [Ref Enq: 0.1 ms]
      [Redirty Cards: 0.1 ms]
      [Humongous Register: 0.1 ms]
      [Humongous Reclaim: 0.1 ms]
      [Free CSet: 0.1 ms]
   [Eden: 114.0M(114.0M)->0.0B(16384.0K) Survivors: 5120.0K->9216.0K Heap: 407.0M(512.0M)->267.6M(512.0M)]
Heap after GC invocations=152 (full 0):
 garbage-first heap   total 524288K, used 273984K [0x00000000e0000000, 0x00000000e0101000, 0x0000000100000000)
  region size 1024K, 9 young (9216K), 9 survivors (9216K)
 Metaspace       used 55183K, capacity 57250K, committed 57856K, reserved 1099776K
  class space    used 6533K, capacity 6999K, committed 7168K, reserved 1048576K
}
 [Times: user=0.01 sys=0.00, real=0.01 secs] 
2023-04-21T22:24:30.825+0000: 95631.178: Total time for which application threads were stopped: 0.0091312 seconds, Stopping threads took: 0.0000313 seconds
{Heap before GC invocations=152 (full 0):
 garbage-first heap   total 524288K, used 295565K [0x00000000e0000000, 0x00000000e0101000, 0x0000000100000000)
  region size 1024K, 25 young (25600K), 9 survivors (9216K)
 Metaspace       used 55183K, capacity 57250K, committed 57856K, reserved 1099776K
  class space    used 6533K, capacity 6999K, committed 7168K, reserved 1048576K
2023-04-21T22:24:31.142+0000: 95631.494: [GC pause (G1 Evacuation Pause) (mixed)
Desired survivor size 2097152 bytes, new threshold 1 (max 15)
- age   1:    6187448 bytes,    6187448 total
- age   2:     466944 bytes,    6654392 total
- age   3:     225536 bytes,    6879928 total
, 0.0055019 secs]
   [Parallel Time: 4.0 ms, GC Workers: 2]
      [GC Worker Start (ms): Min: 95631494.7, Avg: 95631494.7, Max: 95631494.7, Diff: 0.0]
      [Ext Root Scanning (ms): Min: 1.4, Avg: 1.4, Max: 1.4, Diff: 0.0, Sum: 2.8]
      [Update RS (ms): Min: 0.9, Avg: 0.9, Max: 1.0, Diff: 0.1, Sum: 1.8]
         [Processed Buffers: Min: 22, Avg: 22.5, Max: 23, Diff: 1, Sum: 45]
      [Scan RS (ms): Min: 0.1, Avg: 0.1, Max: 0.1, Diff: 0.0, Sum: 0.2]
      [Code Root Scanning (ms): Min: 0.0, Avg: 0.0, Max: 0.0, Diff: 0.0, Sum: 0.0]
      [Object Copy (ms): Min: 1.3, Avg: 1.4, Max: 1.5, Diff: 0.1, Sum: 2.8]
      [Termination (ms): Min: 0.0, Avg: 0.1, Max: 0.1, Diff: 0.1, Sum: 0.1]
         [Termination Attempts: Min: 1, Avg: 1.0, Max: 1, Diff: 0, Sum: 2]
      [GC Worker Other (ms): Min: 0.0, Avg: 0.0, Max: 0.0, Diff: 0.0, Sum: 0.0]
      [GC Worker Total (ms): Min: 3.9, Avg: 3.9, Max: 3.9, Diff: 0.0, Sum: 7.8]
      [GC Worker End (ms): Min: 95631498.6, Avg: 95631498.6, Max: 95631498.6, Diff: 0.0]
   [Code Root Fixup: 0.0 ms]
   [Code Root Purge: 0.0 ms]
   [Clear CT: 0.1 ms]
   [Other: 1.4 ms]
      [Choose CSet: 0.0 ms]
      [Ref Proc: 0.9 ms]
      [Ref Enq: 0.1 ms]
      [Redirty Cards: 0.1 ms]
      [Humongous Register: 0.1 ms]
      [Humongous Reclaim: 0.0 ms]
      [Free CSet: 0.1 ms]
   [Eden: 16384.0K(16384.0K)->0.0B(21504.0K) Survivors: 9216.0K->4096.0K Heap: 288.6M(512.0M)->216.1M(512.0M)]
Heap after GC invocations=153 (full 0):
 garbage-first heap   total 524288K, used 221259K [0x00000000e0000000, 0x00000000e0101000, 0x0000000100000000)
  region size 1024K, 4 young (4096K), 4 survivors (4096K)
 Metaspace       used 55183K, capacity 57250K, committed 57856K, reserved 1099776K
  class space    used 6533K, capacity 6999K, committed 7168K, reserved 1048576K
}
 [Times: user=0.01 sys=0.00, real=0.00 secs] 
2023-04-21T22:24:31.147+0000: 95631.500: Total time for which application threads were stopped: 0.0057773 seconds, Stopping threads took: 0.0000361 seconds
{Heap before GC invocations=153 (full 0):
 garbage-first heap   total 524288K, used 255146K [0x00000000e0000000, 0x00000000e0101000, 0x0000000100000000)
  region size 1024K, 25 young (25600K), 4 survivors (4096K)
 Metaspace       used 55183K, capacity 57250K, committed 57856K, reserved 1099776K
  class space    used 6533K, capacity 6999K, committed 7168K, reserved 1048576K
2023-04-21T22:24:31.637+0000: 95631.990: [GC pause (G1 Evacuation Pause) (mixed)
Desired survivor size 2097152 bytes, new threshold 1 (max 15)
- age   1:    2823400 bytes,    2823400 total
, 0.0056218 secs]
   [Parallel Time: 4.3 ms, GC Workers: 2]
      [GC Worker Start (ms): Min: 95631990.1, Avg: 95631990.2, Max: 95631990.2, Diff: 0.1]
      [Ext Root Scanning (ms): Min: 1.4, Avg: 1.4, Max: 1.4, Diff: 0.1, Sum: 2.8]
      [Update RS (ms): Min: 1.9, Avg: 1.9, Max: 1.9, Diff: 0.0, Sum: 3.8]
         [Processed Buffers: Min: 49, Avg: 50.5, Max: 52, Diff: 3, Sum: 101]
      [Scan RS (ms): Min: 0.0, Avg: 0.1, Max: 0.1, Diff: 0.1, Sum: 0.1]
      [Code Root Scanning (ms): Min: 0.0, Avg: 0.0, Max: 0.0, Diff: 0.0, Sum: 0.0]
      [Object Copy (ms): Min: 0.8, Avg: 0.8, Max: 0.8, Diff: 0.0, Sum: 1.6]
      [Termination (ms): Min: 0.0, Avg: 0.0, Max: 0.0, Diff: 0.0, Sum: 0.0]
         [Termination Attempts: Min: 1, Avg: 1.0, Max: 1, Diff: 0, Sum: 2]
      [GC Worker Other (ms): Min: 0.0, Avg: 0.0, Max: 0.0, Diff: 0.0, Sum: 0.0]
      [GC Worker Total (ms): Min: 4.2, Avg: 4.2, Max: 4.2, Diff: 0.1, Sum: 8.4]
      [GC Worker End (ms): Min: 95631994.4, Avg: 95631994.4, Max: 95631994.4, Diff: 0.0]
   [Code Root Fixup: 0.0 ms]
   [Code Root Purge: 0.0 ms]
   [Clear CT: 0.1 ms]
   [Other: 1.2 ms]
      [Choose CSet: 0.0 ms]
      [Ref Proc: 0.8 ms]
      [Ref Enq: 0.1 ms]
      [Redirty Cards: 0.1 ms]
      [Humongous Register: 0.1 ms]
      [Humongous Reclaim: 0.0 ms]
      [Free CSet: 0.0 ms]
   [Eden: 21504.0K(21504.0K)->0.0B(180.0M) Survivors: 4096.0K->4096.0K Heap: 249.2M(512.0M)->211.6M(512.0M)]
Heap after GC invocations=154 (full 0):
 garbage-first heap   total 524288K, used 216676K [0x00000000e0000000, 0x00000000e0101000, 0x0000000100000000)
  region size 1024K, 4 young (4096K), 4 survivors (4096K)
 Metaspace       used 55183K, capacity 57250K, committed 57856K, reserved 1099776K
  class space    used 6533K, capacity 6999K, committed 7168K, reserved 1048576K
}
 [Times: user=0.01 sys=0.00, real=0.01 secs] 
2023-04-21T22:24:31.643+0000: 95631.996: Total time for which application threads were stopped: 0.0058984 seconds, Stopping threads took: 0.0000353 seconds
{Heap before GC invocations=154 (full 0):
 garbage-first heap   total 524288K, used 228964K [0x00000000e0000000, 0x00000000e0101000, 0x0000000100000000)
  region size 1024K, 17 young (17408K), 4 survivors (4096K)
 Metaspace       used 55183K, capacity 57250K, committed 57856K, reserved 1099776K
  class space    used 6533K, capacity 6999K, committed 7168K, reserved 1048576K
2023-04-21T22:24:31.785+0000: 95632.138: [GC pause (G1 Humongous Allocation) (young) (initial-mark)
Desired survivor size 12058624 bytes, new threshold 15 (max 15)
- age   1:    3327424 bytes,    3327424 total
, 0.0041977 secs]
   [Parallel Time: 2.8 ms, GC Workers: 2]
      [GC Worker Start (ms): Min: 95632138.0, Avg: 95632138.0, Max: 95632138.0, Diff: 0.0]
      [Ext Root Scanning (ms): Min: 1.7, Avg: 1.7, Max: 1.8, Diff: 0.1, Sum: 3.5]
      [Update RS (ms): Min: 0.1, Avg: 0.2, Max: 0.3, Diff: 0.1, Sum: 0.4]
         [Processed Buffers: Min: 2, Avg: 2.5, Max: 3, Diff: 1, Sum: 5]
      [Scan RS (ms): Min: 0.0, Avg: 0.0, Max: 0.0, Diff: 0.0, Sum: 0.0]
      [Code Root Scanning (ms): Min: 0.0, Avg: 0.0, Max: 0.0, Diff: 0.0, Sum: 0.0]
      [Object Copy (ms): Min: 0.7, Avg: 0.7, Max: 0.7, Diff: 0.0, Sum: 1.4]
      [Termination (ms): Min: 0.0, Avg: 0.0, Max: 0.0, Diff: 0.0, Sum: 0.0]
         [Termination Attempts: Min: 1, Avg: 1.0, Max: 1, Diff: 0, Sum: 2]
      [GC Worker Other (ms): Min: 0.0, Avg: 0.0, Max: 0.0, Diff: 0.0, Sum: 0.0]
      [GC Worker Total (ms): Min: 2.6, Avg: 2.6, Max: 2.7, Diff: 0.0, Sum: 5.3]
      [GC Worker End (ms): Min: 95632140.6, Avg: 95632140.6, Max: 95632140.6, Diff: 0.0]
   [Code Root Fixup: 0.0 ms]
   [Code Root Purge: 0.0 ms]
   [Clear CT: 0.1 ms]
   [Other: 1.3 ms]
      [Choose CSet: 0.0 ms]
      [Ref Proc: 0.9 ms]
      [Ref Enq: 0.1 ms]
      [Redirty Cards: 0.1 ms]
      [Humongous Register: 0.1 ms]
      [Humongous Reclaim: 0.0 ms]
      [Free CSet: 0.0 ms]
   [Eden: 13312.0K(180.0M)->0.0B(190.0M) Survivors: 4096.0K->5120.0K Heap: 224.0M(512.0M)->209.9M(512.0M)]
Heap after GC invocations=155 (full 0):
 garbage-first heap   total 524288K, used 214923K [0x00000000e0000000, 0x00000000e0101000, 0x0000000100000000)
  region size 1024K, 5 young (5120K), 5 survivors (5120K)
 Metaspace       used 55183K, capacity 57250K, committed 57856K, reserved 1099776K
  class space    used 6533K, capacity 6999K, committed 7168K, reserved 1048576K
}
 [Times: user=0.00 sys=0.00, real=0.00 secs] 
2023-04-21T22:24:31.789+0000: 95632.142: 2023-04-21T22:24:31.789+0000[GC concurrent-root-region-scan-start]
: 95632.142: Total time for which application threads were stopped: 0.0044933 seconds, Stopping threads took: 0.0000330 seconds
2023-04-21T22:24:31.790+0000: 95632.143: [GC concurrent-root-region-scan-end, 0.0006942 secs]
2023-04-21T22:24:31.790+0000: 95632.143: [GC concurrent-mark-start]
2023-04-21T22:24:31.863+0000: 95632.216: [GC concurrent-mark-end, 0.0732152 secs]
2023-04-21T22:24:31.863+0000: 95632.216: [GC remark 2023-04-21T22:24:31.863+0000: 95632.216: [Finalize Marking, 0.0003131 secs] 2023-04-21T22:24:31.864+0000: 95632.217: [GC ref-proc, 0.0011016 secs] 2023-04-21T22:24:31.865+0000: 95632.218: [Unloading, 0.0132038 secs], 0.0154203 secs]
 [Times: user=0.03 sys=0.00, real=0.02 secs] 
2023-04-21T22:24:31.879+0000: 95632.232: Total time for which application threads were stopped: 0.0155927 seconds, Stopping threads took: 0.0000316 seconds
2023-04-21T22:24:31.879+0000: 95632.232: [GC cleanup 214M->201M(512M), 0.0010221 secs]
 [Times: user=0.00 sys=0.00, real=0.00 secs] 
2023-04-21T22:24:31.880+0000: 95632.233: Total time for which application threads were stopped: 0.0011860 seconds, Stopping threads took: 0.0000511 seconds
2023-04-21T22:24:31.882+0000: 95632.234: [GC concurrent-cleanup-start]
2023-04-21T22:24:31.882+0000: 95632.234: [GC concurrent-cleanup-end, 0.0000310 secs]
{Heap before GC invocations=156 (full 0):
 garbage-first heap   total 524288K, used 474004K [0x00000000e0000000, 0x00000000e0101000, 0x0000000100000000)
  region size 1024K, 195 young (199680K), 5 survivors (5120K)
 Metaspace       used 55183K, capacity 57250K, committed 57856K, reserved 1099776K
  class space    used 6533K, capacity 6999K, committed 7168K, reserved 1048576K
2023-04-21T22:24:35.656+0000: 95636.009: [GC pause (G1 Evacuation Pause) (young)
Desired survivor size 13107200 bytes, new threshold 15 (max 15)
- age   1:    2973952 bytes,    2973952 total
- age   2:    1028272 bytes,    4002224 total
 (to-space exhausted), 0.0157657 secs]
   [Parallel Time: 13.6 ms, GC Workers: 2]
      [GC Worker Start (ms): Min: 95636009.2, Avg: 95636009.2, Max: 95636009.2, Diff: 0.0]
      [Ext Root Scanning (ms): Min: 1.4, Avg: 1.4, Max: 1.4, Diff: 0.0, Sum: 2.8]
      [Update RS (ms): Min: 11.0, Avg: 11.1, Max: 11.1, Diff: 0.1, Sum: 22.2]
         [Processed Buffers: Min: 305, Avg: 308.5, Max: 312, Diff: 7, Sum: 617]
      [Scan RS (ms): Min: 0.1, Avg: 0.1, Max: 0.1, Diff: 0.0, Sum: 0.2]
      [Code Root Scanning (ms): Min: 0.1, Avg: 0.1, Max: 0.1, Diff: 0.0, Sum: 0.1]
      [Object Copy (ms): Min: 0.8, Avg: 0.8, Max: 0.8, Diff: 0.0, Sum: 1.6]
      [Termination (ms): Min: 0.0, Avg: 0.0, Max: 0.0, Diff: 0.0, Sum: 0.0]
         [Termination Attempts: Min: 1, Avg: 1.0, Max: 1, Diff: 0, Sum: 2]
      [GC Worker Other (ms): Min: 0.0, Avg: 0.0, Max: 0.0, Diff: 0.0, Sum: 0.0]
      [GC Worker Total (ms): Min: 13.5, Avg: 13.5, Max: 13.5, Diff: 0.0, Sum: 27.0]
      [GC Worker End (ms): Min: 95636022.7, Avg: 95636022.7, Max: 95636022.7, Diff: 0.0]
   [Code Root Fixup: 0.0 ms]
   [Code Root Purge: 0.0 ms]
   [Clear CT: 0.1 ms]
   [Other: 2.0 ms]
      [Evacuation Failure: 0.6 ms]
      [Choose CSet: 0.0 ms]
      [Ref Proc: 0.8 ms]
      [Ref Enq: 0.1 ms]
      [Redirty Cards: 0.1 ms]
      [Humongous Register: 0.1 ms]
      [Humongous Reclaim: 0.2 ms]
      [Free CSet: 0.1 ms]
   [Eden: 190.0M(190.0M)->0.0B(23552.0K) Survivors: 5120.0K->2048.0K Heap: 462.9M(512.0M)->236.2M(512.0M)]
Heap after GC invocations=157 (full 0):
 garbage-first heap   total 524288K, used 241903K [0x00000000e0000000, 0x00000000e0101000, 0x0000000100000000)
  region size 1024K, 2 young (2048K), 2 survivors (2048K)
 Metaspace       used 55183K, capacity 57250K, committed 57856K, reserved 1099776K
  class space    used 6533K, capacity 6999K, committed 7168K, reserved 1048576K
}
 [Times: user=0.03 sys=0.00, real=0.02 secs] 
2023-04-21T22:24:35.672+0000: 95636.025: Total time for which application threads were stopped: 0.0160339 seconds, Stopping threads took: 0.0000340 seconds
{Heap before GC invocations=157 (full 0):
 garbage-first heap   total 524288K, used 270934K [0x00000000e0000000, 0x00000000e0101000, 0x0000000100000000)
  region size 1024K, 25 young (25600K), 2 survivors (2048K)
 Metaspace       used 55183K, capacity 57250K, committed 57856K, reserved 1099776K
  class space    used 6533K, capacity 6999K, committed 7168K, reserved 1048576K
2023-04-21T22:24:36.061+0000: 95636.414: [GC pause (G1 Evacuation Pause) (mixed)
Desired survivor size 2097152 bytes, new threshold 15 (max 15)
- age   1:    1619552 bytes,    1619552 total
, 0.0052234 secs]
   [Parallel Time: 3.9 ms, GC Workers: 2]
      [GC Worker Start (ms): Min: 95636414.4, Avg: 95636414.4, Max: 95636414.4, Diff: 0.0]
      [Ext Root Scanning (ms): Min: 1.4, Avg: 1.4, Max: 1.5, Diff: 0.0, Sum: 2.9]
      [Update RS (ms): Min: 1.0, Avg: 1.0, Max: 1.1, Diff: 0.0, Sum: 2.1]
         [Processed Buffers: Min: 24, Avg: 25.0, Max: 26, Diff: 2, Sum: 50]
      [Scan RS (ms): Min: 0.1, Avg: 0.1, Max: 0.1, Diff: 0.0, Sum: 0.1]
      [Code Root Scanning (ms): Min: 0.0, Avg: 0.0, Max: 0.0, Diff: 0.0, Sum: 0.0]
      [Object Copy (ms): Min: 1.1, Avg: 1.1, Max: 1.1, Diff: 0.0, Sum: 2.2]
      [Termination (ms): Min: 0.0, Avg: 0.0, Max: 0.1, Diff: 0.1, Sum: 0.1]
         [Termination Attempts: Min: 1, Avg: 1.0, Max: 1, Diff: 0, Sum: 2]
      [GC Worker Other (ms): Min: 0.0, Avg: 0.0, Max: 0.0, Diff: 0.0, Sum: 0.0]
      [GC Worker Total (ms): Min: 3.7, Avg: 3.7, Max: 3.7, Diff: 0.0, Sum: 7.5]
      [GC Worker End (ms): Min: 95636418.1, Avg: 95636418.1, Max: 95636418.1, Diff: 0.0]
   [Code Root Fixup: 0.0 ms]
   [Code Root Purge: 0.0 ms]
   [Clear CT: 0.1 ms]
   [Other: 1.3 ms]
      [Choose CSet: 0.0 ms]
      [Ref Proc: 0.8 ms]
      [Ref Enq: 0.1 ms]
      [Redirty Cards: 0.1 ms]
      [Humongous Register: 0.1 ms]
      [Humongous Reclaim: 0.0 ms]
      [Free CSet: 0.1 ms]
   [Eden: 23552.0K(23552.0K)->0.0B(174.0M) Survivors: 2048.0K->4096.0K Heap: 264.6M(512.0M)->237.1M(512.0M)]
Heap after GC invocations=158 (full 0):
 garbage-first heap   total 524288K, used 242765K [0x00000000e0000000, 0x00000000e0101000, 0x0000000100000000)
  region size 1024K, 4 young (4096K), 4 survivors (4096K)
 Metaspace       used 55183K, capacity 57250K, committed 57856K, reserved 1099776K
  class space    used 6533K, capacity 6999K, committed 7168K, reserved 1048576K
}
 [Times: user=0.01 sys=0.00, real=0.00 secs] 
2023-04-21T22:24:36.067+0000: 95636.420: Total time for which application threads were stopped: 0.0055110 seconds, Stopping threads took: 0.0000335 seconds
{Heap before GC invocations=158 (full 0):
 garbage-first heap   total 524288K, used 242765K [0x00000000e0000000, 0x00000000e0101000, 0x0000000100000000)
  region size 1024K, 5 young (5120K), 4 survivors (4096K)
 Metaspace       used 55183K, capacity 57250K, committed 57856K, reserved 1099776K
  class space    used 6533K, capacity 6999K, committed 7168K, reserved 1048576K
2023-04-21T22:24:36.069+0000: 95636.422: [GC pause (G1 Humongous Allocation) (young) (initial-mark)
Desired survivor size 12058624 bytes, new threshold 15 (max 15)
- age   1:    2974576 bytes,    2974576 total
- age   2:     741408 bytes,    3715984 total
, 0.0037003 secs]
   [Parallel Time: 2.3 ms, GC Workers: 2]
      [GC Worker Start (ms): Min: 95636421.8, Avg: 95636421.8, Max: 95636421.8, Diff: 0.0]
      [Ext Root Scanning (ms): Min: 1.4, Avg: 1.4, Max: 1.5, Diff: 0.0, Sum: 2.9]
      [Update RS (ms): Min: 0.2, Avg: 0.2, Max: 0.2, Diff: 0.0, Sum: 0.3]
         [Processed Buffers: Min: 1, Avg: 2.0, Max: 3, Diff: 2, Sum: 4]
      [Scan RS (ms): Min: 0.0, Avg: 0.0, Max: 0.0, Diff: 0.0, Sum: 0.0]
      [Code Root Scanning (ms): Min: 0.0, Avg: 0.0, Max: 0.0, Diff: 0.0, Sum: 0.0]
      [Object Copy (ms): Min: 0.5, Avg: 0.6, Max: 0.6, Diff: 0.1, Sum: 1.1]
      [Termination (ms): Min: 0.0, Avg: 0.0, Max: 0.0, Diff: 0.0, Sum: 0.0]
         [Termination Attempts: Min: 1, Avg: 1.0, Max: 1, Diff: 0, Sum: 2]
      [GC Worker Other (ms): Min: 0.0, Avg: 0.0, Max: 0.0, Diff: 0.0, Sum: 0.0]
      [GC Worker Total (ms): Min: 2.2, Avg: 2.2, Max: 2.2, Diff: 0.0, Sum: 4.4]
      [GC Worker End (ms): Min: 95636424.0, Avg: 95636424.0, Max: 95636424.0, Diff: 0.0]
   [Code Root Fixup: 0.0 ms]
   [Code Root Purge: 0.0 ms]
   [Clear CT: 0.1 ms]
   [Other: 1.3 ms]
      [Choose CSet: 0.0 ms]
      [Ref Proc: 0.9 ms]
      [Ref Enq: 0.1 ms]
      [Redirty Cards: 0.1 ms]
      [Humongous Register: 0.0 ms]
      [Humongous Reclaim: 0.0 ms]
      [Free CSet: 0.0 ms]
   [Eden: 1024.0K(174.0M)->0.0B(150.0M) Survivors: 4096.0K->5120.0K Heap: 238.0M(512.0M)->237.8M(512.0M)]
Heap after GC invocations=159 (full 0):
 garbage-first heap   total 524288K, used 243456K [0x00000000e0000000, 0x00000000e0101000, 0x0000000100000000)
  region size 1024K, 5 young (5120K), 5 survivors (5120K)
 Metaspace       used 55183K, capacity 57250K, committed 57856K, reserved 1099776K
  class space    used 6533K, capacity 6999K, committed 7168K, reserved 1048576K
}
 [Times: user=0.01 sys=0.00, real=0.01 secs] 
2023-04-21T22:24:36.073+0000: 95636.425: Total time for which application threads were stopped: 0.0039001 seconds, Stopping threads took: 0.0000189 seconds
2023-04-21T22:24:36.073+0000: 95636.425: [GC concurrent-root-region-scan-start]
2023-04-21T22:24:36.073+0000: 95636.426: [GC concurrent-root-region-scan-end, 0.0005796 secs]
2023-04-21T22:24:36.073+0000: 95636.426: [GC concurrent-mark-start]
2023-04-21T22:24:36.146+0000: 95636.498: [GC concurrent-mark-end, 0.0724458 secs]
2023-04-21T22:24:36.147+0000: 95636.499: [GC remark 2023-04-21T22:24:36.147+0000: 95636.499: [Finalize Marking, 0.0001697 secs] 2023-04-21T22:24:36.147+0000: 95636.500: [GC ref-proc, 0.0011772 secs] 2023-04-21T22:24:36.148+0000: 95636.501: [Unloading, 0.0130401 secs], 0.0151659 secs]
 [Times: user=0.03 sys=0.00, real=0.02 secs] 
2023-04-21T22:24:36.162+0000: 95636.515: Total time for which application threads were stopped: 0.0161052 seconds, Stopping threads took: 0.0008055 seconds
2023-04-21T22:24:36.163+0000: 95636.515: [GC cleanup 241M->220M(512M), 0.0010672 secs]
 [Times: user=0.00 sys=0.00, real=0.00 secs] 
2023-04-21T22:24:36.164+0000: 95636.516: Total time for which application threads were stopped: 0.0012185 seconds, Stopping threads took: 0.0000593 seconds
2023-04-21T22:24:36.164+0000: 95636.516: [GC concurrent-cleanup-start]
2023-04-21T22:24:36.164+0000: 95636.517: [GC concurrent-cleanup-end, 0.0000263 secs]
{Heap before GC invocations=160 (full 0):
 garbage-first heap   total 524288K, used 433591K [0x00000000e0000000, 0x00000000e0101000, 0x0000000100000000)
  region size 1024K, 155 young (158720K), 5 survivors (5120K)
 Metaspace       used 55183K, capacity 57250K, committed 57856K, reserved 1099776K
  class space    used 6533K, capacity 6999K, committed 7168K, reserved 1048576K
2023-04-21T22:24:39.233+0000: 95639.585: [GC pause (G1 Evacuation Pause) (young)
Desired survivor size 10485760 bytes, new threshold 15 (max 15)
- age   1:     577296 bytes,     577296 total
- age   2:    2948288 bytes,    3525584 total
- age   3:     741408 bytes,    4266992 total
, 0.0128267 secs]
   [Parallel Time: 11.2 ms, GC Workers: 2]
      [GC Worker Start (ms): Min: 95639585.5, Avg: 95639585.5, Max: 95639585.5, Diff: 0.0]
      [Ext Root Scanning (ms): Min: 1.4, Avg: 1.4, Max: 1.4, Diff: 0.0, Sum: 2.8]
      [Update RS (ms): Min: 7.8, Avg: 7.8, Max: 7.8, Diff: 0.0, Sum: 15.6]
         [Processed Buffers: Min: 226, Avg: 228.5, Max: 231, Diff: 5, Sum: 457]
      [Scan RS (ms): Min: 0.1, Avg: 0.1, Max: 0.1, Diff: 0.0, Sum: 0.2]
      [Code Root Scanning (ms): Min: 0.1, Avg: 0.1, Max: 0.1, Diff: 0.0, Sum: 0.1]
      [Object Copy (ms): Min: 1.8, Avg: 1.8, Max: 1.8, Diff: 0.0, Sum: 3.6]
      [Termination (ms): Min: 0.0, Avg: 0.0, Max: 0.0, Diff: 0.0, Sum: 0.0]
         [Termination Attempts: Min: 1, Avg: 1.0, Max: 1, Diff: 0, Sum: 2]
      [GC Worker Other (ms): Min: 0.0, Avg: 0.0, Max: 0.0, Diff: 0.0, Sum: 0.0]
      [GC Worker Total (ms): Min: 11.2, Avg: 11.2, Max: 11.2, Diff: 0.0, Sum: 22.3]
      [GC Worker End (ms): Min: 95639596.7, Avg: 95639596.7, Max: 95639596.7, Diff: 0.0]
   [Code Root Fixup: 0.0 ms]
   [Code Root Purge: 0.0 ms]
   [Clear CT: 0.1 ms]
   [Other: 1.5 ms]
      [Choose CSet: 0.0 ms]
      [Ref Proc: 1.0 ms]
      [Ref Enq: 0.0 ms]
      [Redirty Cards: 0.0 ms]
      [Humongous Register: 0.1 ms]
      [Humongous Reclaim: 0.1 ms]
      [Free CSet: 0.1 ms]
   [Eden: 150.0M(150.0M)->0.0B(11264.0K) Survivors: 5120.0K->14336.0K Heap: 423.4M(512.0M)->234.4M(512.0M)]
Heap after GC invocations=161 (full 0):
 garbage-first heap   total 524288K, used 240009K [0x00000000e0000000, 0x00000000e0101000, 0x0000000100000000)
  region size 1024K, 14 young (14336K), 14 survivors (14336K)
 Metaspace       used 55183K, capacity 57250K, committed 57856K, reserved 1099776K
  class space    used 6533K, capacity 6999K, committed 7168K, reserved 1048576K
}
 [Times: user=0.02 sys=0.00, real=0.01 secs] 
2023-04-21T22:24:39.246+0000: 95639.598: Total time for which application threads were stopped: 0.0130985 seconds, Stopping threads took: 0.0000336 seconds
{Heap before GC invocations=161 (full 0):
 garbage-first heap   total 524288K, used 257817K [0x00000000e0000000, 0x00000000e0101000, 0x0000000100000000)
  region size 1024K, 25 young (25600K), 14 survivors (14336K)
 Metaspace       used 55183K, capacity 57250K, committed 57856K, reserved 1099776K
  class space    used 6533K, capacity 6999K, committed 7168K, reserved 1048576K
2023-04-21T22:24:39.512+0000: 95639.865: [GC pause (G1 Evacuation Pause) (mixed)
Desired survivor size 2097152 bytes, new threshold 1 (max 15)
- age   1:   11213216 bytes,   11213216 total
- age   2:        816 bytes,   11214032 total
- age   3:     500376 bytes,   11714408 total
- age   4:        336 bytes,   11714744 total
, 0.0067151 secs]
   [Parallel Time: 5.3 ms, GC Workers: 2]
      [GC Worker Start (ms): Min: 95639864.9, Avg: 95639864.9, Max: 95639864.9, Diff: 0.0]
      [Ext Root Scanning (ms): Min: 1.4, Avg: 1.4, Max: 1.4, Diff: 0.0, Sum: 2.8]
      [Update RS (ms): Min: 1.0, Avg: 1.1, Max: 1.1, Diff: 0.1, Sum: 2.2]
         [Processed Buffers: Min: 28, Avg: 28.0, Max: 28, Diff: 0, Sum: 56]
      [Scan RS (ms): Min: 0.1, Avg: 0.1, Max: 0.1, Diff: 0.0, Sum: 0.2]
      [Code Root Scanning (ms): Min: 0.0, Avg: 0.0, Max: 0.0, Diff: 0.0, Sum: 0.0]
      [Object Copy (ms): Min: 2.5, Avg: 2.5, Max: 2.6, Diff: 0.1, Sum: 5.0]
      [Termination (ms): Min: 0.0, Avg: 0.0, Max: 0.1, Diff: 0.1, Sum: 0.1]
         [Termination Attempts: Min: 1, Avg: 1.0, Max: 1, Diff: 0, Sum: 2]
      [GC Worker Other (ms): Min: 0.0, Avg: 0.0, Max: 0.0, Diff: 0.0, Sum: 0.0]
      [GC Worker Total (ms): Min: 5.1, Avg: 5.1, Max: 5.2, Diff: 0.0, Sum: 10.3]
      [GC Worker End (ms): Min: 95639870.0, Avg: 95639870.0, Max: 95639870.0, Diff: 0.0]
   [Code Root Fixup: 0.0 ms]
   [Code Root Purge: 0.0 ms]
   [Clear CT: 0.1 ms]
   [Other: 1.4 ms]
      [Choose CSet: 0.0 ms]
      [Ref Proc: 0.9 ms]
      [Ref Enq: 0.1 ms]
      [Redirty Cards: 0.1 ms]
      [Humongous Register: 0.1 ms]
      [Humongous Reclaim: 0.0 ms]
      [Free CSet: 0.1 ms]
   [Eden: 11264.0K(11264.0K)->0.0B(173.0M) Survivors: 14336.0K->3072.0K Heap: 251.8M(512.0M)->215.6M(512.0M)]
Heap after GC invocations=162 (full 0):
 garbage-first heap   total 524288K, used 220750K [0x00000000e0000000, 0x00000000e0101000, 0x0000000100000000)
  region size 1024K, 3 young (3072K), 3 survivors (3072K)
 Metaspace       used 55183K, capacity 57250K, committed 57856K, reserved 1099776K
  class space    used 6533K, capacity 6999K, committed 7168K, reserved 1048576K
}
 [Times: user=0.01 sys=0.00, real=0.01 secs] 
2023-04-21T22:24:39.519+0000: 95639.872: Total time for which application threads were stopped: 0.0070144 seconds, Stopping threads took: 0.0000318 seconds
{Heap before GC invocations=162 (full 0):
 garbage-first heap   total 524288K, used 230990K [0x00000000e0000000, 0x00000000e0101000, 0x0000000100000000)
  region size 1024K, 14 young (14336K), 3 survivors (3072K)
 Metaspace       used 55183K, capacity 57250K, committed 57856K, reserved 1099776K
  class space    used 6533K, capacity 6999K, committed 7168K, reserved 1048576K
2023-04-21T22:24:39.635+0000: 95639.988: [GC pause (G1 Humongous Allocation) (young) (initial-mark)
Desired survivor size 11534336 bytes, new threshold 15 (max 15)
- age   1:    2104168 bytes,    2104168 total
, 0.0044146 secs]
   [Parallel Time: 3.0 ms, GC Workers: 2]
      [GC Worker Start (ms): Min: 95639988.0, Avg: 95639988.0, Max: 95639988.0, Diff: 0.0]
      [Ext Root Scanning (ms): Min: 1.7, Avg: 1.7, Max: 1.8, Diff: 0.1, Sum: 3.5]
      [Update RS (ms): Min: 0.4, Avg: 0.4, Max: 0.4, Diff: 0.0, Sum: 0.7]
         [Processed Buffers: Min: 1, Avg: 2.5, Max: 4, Diff: 3, Sum: 5]
      [Scan RS (ms): Min: 0.0, Avg: 0.0, Max: 0.0, Diff: 0.0, Sum: 0.0]
      [Code Root Scanning (ms): Min: 0.0, Avg: 0.0, Max: 0.0, Diff: 0.0, Sum: 0.0]
      [Object Copy (ms): Min: 0.7, Avg: 0.8, Max: 0.8, Diff: 0.1, Sum: 1.5]
      [Termination (ms): Min: 0.0, Avg: 0.0, Max: 0.0, Diff: 0.0, Sum: 0.0]
         [Termination Attempts: Min: 1, Avg: 1.0, Max: 1, Diff: 0, Sum: 2]
      [GC Worker Other (ms): Min: 0.0, Avg: 0.0, Max: 0.0, Diff: 0.0, Sum: 0.0]
      [GC Worker Total (ms): Min: 2.9, Avg: 2.9, Max: 2.9, Diff: 0.0, Sum: 5.8]
      [GC Worker End (ms): Min: 95639990.9, Avg: 95639990.9, Max: 95639990.9, Diff: 0.0]
   [Code Root Fixup: 0.0 ms]
   [Code Root Purge: 0.0 ms]
   [Clear CT: 0.1 ms]
   [Other: 1.3 ms]
      [Choose CSet: 0.0 ms]
      [Ref Proc: 0.9 ms]
      [Ref Enq: 0.1 ms]
      [Redirty Cards: 0.1 ms]
      [Humongous Register: 0.1 ms]
      [Humongous Reclaim: 0.0 ms]
      [Free CSet: 0.0 ms]
   [Eden: 11264.0K(173.0M)->0.0B(179.0M) Survivors: 3072.0K->5120.0K Heap: 226.3M(512.0M)->217.6M(512.0M)]
Heap after GC invocations=163 (full 0):
 garbage-first heap   total 524288K, used 222798K [0x00000000e0000000, 0x00000000e0101000, 0x0000000100000000)
  region size 1024K, 5 young (5120K), 5 survivors (5120K)
 Metaspace       used 55183K, capacity 57250K, committed 57856K, reserved 1099776K
  class space    used 6533K, capacity 6999K, committed 7168K, reserved 1048576K
}
 [Times: user=0.01 sys=0.00, real=0.01 secs] 
2023-04-21T22:24:39.640+0000: 95639.992: Total time for which application threads were stopped: 0.0047167 seconds, Stopping threads took: 0.0000345 seconds
2023-04-21T22:24:39.640+0000: 95639.992: [GC concurrent-root-region-scan-start]
2023-04-21T22:24:39.640+0000: 95639.993: [GC concurrent-root-region-scan-end, 0.0009219 secs]
2023-04-21T22:24:39.641+0000: 95639.993: [GC concurrent-mark-start]
2023-04-21T22:24:39.714+0000: 95640.066: [GC concurrent-mark-end, 0.0732682 secs]
2023-04-21T22:24:39.714+0000: 95640.067: [GC remark 2023-04-21T22:24:39.714+0000: 95640.067: [Finalize Marking, 0.0002729 secs] 2023-04-21T22:24:39.714+0000: 95640.067: [GC ref-proc, 0.0016955 secs] 2023-04-21T22:24:39.716+0000: 95640.069: [Unloading, 0.0127786 secs], 0.0155118 secs]
 [Times: user=0.03 sys=0.00, real=0.01 secs] 
2023-04-21T22:24:39.730+0000: 95640.082: Total time for which application threads were stopped: 0.0157126 seconds, Stopping threads took: 0.0000597 seconds
2023-04-21T22:24:39.730+0000: 95640.082: [GC cleanup 222M->202M(512M), 0.0010464 secs]
 [Times: user=0.01 sys=0.00, real=0.01 secs] 
2023-04-21T22:24:39.731+0000: 95640.083: Total time for which application threads were stopped: 0.0011768 seconds, Stopping threads took: 0.0000290 seconds
2023-04-21T22:24:39.731+0000: 95640.083: [GC concurrent-cleanup-start]
2023-04-21T22:24:39.731+0000: 95640.084: [GC concurrent-cleanup-end, 0.0000332 secs]
{Heap before GC invocations=164 (full 0):
 garbage-first heap   total 524288K, used 458098K [0x00000000e0000000, 0x00000000e0101000, 0x0000000100000000)
  region size 1024K, 184 young (188416K), 5 survivors (5120K)
 Metaspace       used 55183K, capacity 57250K, committed 57856K, reserved 1099776K
  class space    used 6533K, capacity 6999K, committed 7168K, reserved 1048576K
2023-04-21T22:24:43.391+0000: 95643.744: [GC pause (G1 Evacuation Pause) (young)
Desired survivor size 12058624 bytes, new threshold 15 (max 15)
- age   1:    2518984 bytes,    2518984 total
- age   2:    2017912 bytes,    4536896 total
 (to-space exhausted), 0.0177100 secs]
   [Parallel Time: 14.8 ms, GC Workers: 2]
      [GC Worker Start (ms): Min: 95643743.9, Avg: 95643743.9, Max: 95643744.0, Diff: 0.0]
      [Ext Root Scanning (ms): Min: 1.4, Avg: 1.4, Max: 1.4, Diff: 0.0, Sum: 2.8]
      [Update RS (ms): Min: 10.7, Avg: 10.7, Max: 10.8, Diff: 0.1, Sum: 21.4]
         [Processed Buffers: Min: 265, Avg: 283.5, Max: 302, Diff: 37, Sum: 567]
      [Scan RS (ms): Min: 0.1, Avg: 0.1, Max: 0.1, Diff: 0.1, Sum: 0.2]
      [Code Root Scanning (ms): Min: 0.1, Avg: 0.1, Max: 0.1, Diff: 0.0, Sum: 0.1]
      [Object Copy (ms): Min: 2.3, Avg: 2.3, Max: 2.4, Diff: 0.1, Sum: 4.7]
      [Termination (ms): Min: 0.0, Avg: 0.0, Max: 0.0, Diff: 0.0, Sum: 0.0]
         [Termination Attempts: Min: 1, Avg: 1.0, Max: 1, Diff: 0, Sum: 2]
      [GC Worker Other (ms): Min: 0.0, Avg: 0.0, Max: 0.0, Diff: 0.0, Sum: 0.0]
      [GC Worker Total (ms): Min: 14.6, Avg: 14.7, Max: 14.7, Diff: 0.0, Sum: 29.3]
      [GC Worker End (ms): Min: 95643758.6, Avg: 95643758.6, Max: 95643758.6, Diff: 0.0]
   [Code Root Fixup: 0.0 ms]
   [Code Root Purge: 0.0 ms]
   [Clear CT: 0.1 ms]
   [Other: 2.8 ms]
      [Evacuation Failure: 1.3 ms]
      [Choose CSet: 0.0 ms]
      [Ref Proc: 1.0 ms]
      [Ref Enq: 0.1 ms]
      [Redirty Cards: 0.1 ms]
      [Humongous Register: 0.1 ms]
      [Humongous Reclaim: 0.2 ms]
      [Free CSet: 0.1 ms]
   [Eden: 179.0M(179.0M)->0.0B(15360.0K) Survivors: 5120.0K->10240.0K Heap: 447.4M(512.0M)->302.5M(512.0M)]
Heap after GC invocations=165 (full 0):
 garbage-first heap   total 524288K, used 309800K [0x00000000e0000000, 0x00000000e0101000, 0x0000000100000000)
  region size 1024K, 10 young (10240K), 10 survivors (10240K)
 Metaspace       used 55183K, capacity 57250K, committed 57856K, reserved 1099776K
  class space    used 6533K, capacity 6999K, committed 7168K, reserved 1048576K
}
 [Times: user=0.04 sys=0.00, real=0.01 secs] 
2023-04-21T22:24:43.409+0000: 95643.762: Total time for which application threads were stopped: 0.0180171 seconds, Stopping threads took: 0.0000333 seconds
{Heap before GC invocations=165 (full 0):
 garbage-first heap   total 524288K, used 370582K [0x00000000e0000000, 0x00000000e0101000, 0x0000000100000000)
  region size 1024K, 25 young (25600K), 10 survivors (10240K)
 Metaspace       used 55183K, capacity 57250K, committed 57856K, reserved 1099776K
  class space    used 6533K, capacity 6999K, committed 7168K, reserved 1048576K
2023-04-21T22:24:44.570+0000: 95644.922: [GC pause (G1 Evacuation Pause) (mixed)
Desired survivor size 2097152 bytes, new threshold 1 (max 15)
- age   1:    8647248 bytes,    8647248 total
, 0.0107521 secs]
   [Parallel Time: 9.4 ms, GC Workers: 2]
      [GC Worker Start (ms): Min: 95644922.6, Avg: 95644922.6, Max: 95644922.6, Diff: 0.0]
      [Ext Root Scanning (ms): Min: 1.4, Avg: 1.4, Max: 1.4, Diff: 0.0, Sum: 2.8]
      [Update RS (ms): Min: 6.2, Avg: 6.2, Max: 6.3, Diff: 0.0, Sum: 12.5]
         [Processed Buffers: Min: 181, Avg: 181.5, Max: 182, Diff: 1, Sum: 363]
      [Scan RS (ms): Min: 0.1, Avg: 0.1, Max: 0.1, Diff: 0.0, Sum: 0.2]
      [Code Root Scanning (ms): Min: 0.0, Avg: 0.0, Max: 0.0, Diff: 0.0, Sum: 0.0]
      [Object Copy (ms): Min: 1.5, Avg: 1.6, Max: 1.6, Diff: 0.1, Sum: 3.1]
      [Termination (ms): Min: 0.0, Avg: 0.0, Max: 0.0, Diff: 0.0, Sum: 0.0]
         [Termination Attempts: Min: 1, Avg: 1.0, Max: 1, Diff: 0, Sum: 2]
      [GC Worker Other (ms): Min: 0.0, Avg: 0.0, Max: 0.0, Diff: 0.0, Sum: 0.0]
      [GC Worker Total (ms): Min: 9.3, Avg: 9.3, Max: 9.3, Diff: 0.0, Sum: 18.6]
      [GC Worker End (ms): Min: 95644931.9, Avg: 95644931.9, Max: 95644931.9, Diff: 0.0]
   [Code Root Fixup: 0.0 ms]
   [Code Root Purge: 0.0 ms]
   [Clear CT: 0.1 ms]
   [Other: 1.3 ms]
      [Choose CSet: 0.0 ms]
      [Ref Proc: 0.8 ms]
      [Ref Enq: 0.1 ms]
      [Redirty Cards: 0.1 ms]
      [Humongous Register: 0.1 ms]
      [Humongous Reclaim: 0.1 ms]
      [Free CSet: 0.1 ms]
   [Eden: 15360.0K(15360.0K)->0.0B(101.0M) Survivors: 10240.0K->3072.0K Heap: 361.9M(512.0M)->311.2M(512.0M)]
Heap after GC invocations=166 (full 0):
 garbage-first heap   total 524288K, used 318658K [0x00000000e0000000, 0x00000000e0101000, 0x0000000100000000)
  region size 1024K, 3 young (3072K), 3 survivors (3072K)
 Metaspace       used 55183K, capacity 57250K, committed 57856K, reserved 1099776K
  class space    used 6533K, capacity 6999K, committed 7168K, reserved 1048576K
}
 [Times: user=0.02 sys=0.00, real=0.02 secs] 
2023-04-21T22:24:44.581+0000: 95644.933: Total time for which application threads were stopped: 0.0110431 seconds, Stopping threads took: 0.0000320 seconds
{Heap before GC invocations=166 (full 0):
 garbage-first heap   total 524288K, used 322754K [0x00000000e0000000, 0x00000000e0101000, 0x0000000100000000)
  region size 1024K, 8 young (8192K), 3 survivors (3072K)
 Metaspace       used 55183K, capacity 57250K, committed 57856K, reserved 1099776K
  class space    used 6533K, capacity 6999K, committed 7168K, reserved 1048576K
2023-04-21T22:24:44.633+0000: 95644.986: [GC pause (G1 Humongous Allocation) (young) (initial-mark)
Desired survivor size 6815744 bytes, new threshold 15 (max 15)
- age   1:    2184808 bytes,    2184808 total
, 0.0045129 secs]
   [Parallel Time: 2.9 ms, GC Workers: 2]
      [GC Worker Start (ms): Min: 95644986.3, Avg: 95644986.3, Max: 95644986.3, Diff: 0.0]
      [Ext Root Scanning (ms): Min: 1.7, Avg: 1.7, Max: 1.8, Diff: 0.1, Sum: 3.5]
      [Update RS (ms): Min: 0.3, Avg: 0.3, Max: 0.4, Diff: 0.1, Sum: 0.7]
         [Processed Buffers: Min: 2, Avg: 2.5, Max: 3, Diff: 1, Sum: 5]
      [Scan RS (ms): Min: 0.0, Avg: 0.0, Max: 0.0, Diff: 0.0, Sum: 0.0]
      [Code Root Scanning (ms): Min: 0.0, Avg: 0.0, Max: 0.0, Diff: 0.0, Sum: 0.0]
      [Object Copy (ms): Min: 0.5, Avg: 0.6, Max: 0.7, Diff: 0.2, Sum: 1.2]
      [Termination (ms): Min: 0.0, Avg: 0.0, Max: 0.0, Diff: 0.0, Sum: 0.0]
         [Termination Attempts: Min: 1, Avg: 1.0, Max: 1, Diff: 0, Sum: 2]
      [GC Worker Other (ms): Min: 0.0, Avg: 0.0, Max: 0.0, Diff: 0.0, Sum: 0.0]
      [GC Worker Total (ms): Min: 2.7, Avg: 2.7, Max: 2.7, Diff: 0.0, Sum: 5.5]
      [GC Worker End (ms): Min: 95644989.0, Avg: 95644989.0, Max: 95644989.0, Diff: 0.0]
   [Code Root Fixup: 0.0 ms]
   [Code Root Purge: 0.0 ms]
   [Clear CT: 0.1 ms]
   [Other: 1.5 ms]
      [Choose CSet: 0.0 ms]
      [Ref Proc: 1.1 ms]
      [Ref Enq: 0.1 ms]
      [Redirty Cards: 0.1 ms]
      [Humongous Register: 0.1 ms]
      [Humongous Reclaim: 0.0 ms]
      [Free CSet: 0.0 ms]
   [Eden: 5120.0K(101.0M)->0.0B(103.0M) Survivors: 3072.0K->5120.0K Heap: 316.0M(512.0M)->313.1M(512.0M)]
Heap after GC invocations=167 (full 0):
 garbage-first heap   total 524288K, used 320601K [0x00000000e0000000, 0x00000000e0101000, 0x0000000100000000)
  region size 1024K, 5 young (5120K), 5 survivors (5120K)
 Metaspace       used 55183K, capacity 57250K, committed 57856K, reserved 1099776K
  class space    used 6533K, capacity 6999K, committed 7168K, reserved 1048576K
}
 [Times: user=0.01 sys=0.00, real=0.00 secs] 
2023-04-21T22:24:44.638+0000: 95644.991: [GC concurrent-root-region-scan-start]
2023-04-21T22:24:44.638+0000: 95644.991: Total time for which application threads were stopped: 0.0047952 seconds, Stopping threads took: 0.0000332 seconds
2023-04-21T22:24:44.639+0000: 95644.991: [GC concurrent-root-region-scan-end, 0.0006706 secs]
2023-04-21T22:24:44.639+0000: 95644.991: [GC concurrent-mark-start]
2023-04-21T22:24:44.711+0000: 95645.064: [GC concurrent-mark-end, 0.0725857 secs]
2023-04-21T22:24:44.715+0000: 95645.067: [GC remark 2023-04-21T22:24:44.715+0000: 95645.067: [Finalize Marking, 0.0001453 secs] 2023-04-21T22:24:44.715+0000: 95645.068: [GC ref-proc, 0.0013514 secs] 2023-04-21T22:24:44.716+0000: 95645.069: [Unloading, 0.0125697 secs], 0.0149553 secs]
 [Times: user=0.03 sys=0.00, real=0.01 secs] 
2023-04-21T22:24:44.730+0000: 95645.082: Total time for which application threads were stopped: 0.0184053 seconds, Stopping threads took: 0.0033192 seconds
2023-04-21T22:24:44.731+0000: 95645.083: [GC cleanup 316M->288M(512M), 0.0010712 secs]
 [Times: user=0.00 sys=0.00, real=0.00 secs] 
2023-04-21T22:24:44.732+0000: 95645.084: Total time for which application threads were stopped: 0.0012398 seconds, Stopping threads took: 0.0000614 seconds
2023-04-21T22:24:44.732+0000: 95645.085: [GC concurrent-cleanup-start]
2023-04-21T22:24:44.732+0000: 95645.085: [GC concurrent-cleanup-end, 0.0000491 secs]
{Heap before GC invocations=168 (full 0):
 garbage-first heap   total 524288K, used 445449K [0x00000000e0000000, 0x00000000e0101000, 0x0000000100000000)
  region size 1024K, 108 young (110592K), 5 survivors (5120K)
 Metaspace       used 55183K, capacity 57250K, committed 57856K, reserved 1099776K
  class space    used 6533K, capacity 6999K, committed 7168K, reserved 1048576K
2023-04-21T22:24:47.136+0000: 95647.489: [GC pause (G1 Evacuation Pause) (young)
Desired survivor size 7340032 bytes, new threshold 15 (max 15)
- age   1:    1492176 bytes,    1492176 total
- age   2:    2071888 bytes,    3564064 total
, 0.0124912 secs]
   [Parallel Time: 10.8 ms, GC Workers: 2]
      [GC Worker Start (ms): Min: 95647488.8, Avg: 95647488.8, Max: 95647488.8, Diff: 0.0]
      [Ext Root Scanning (ms): Min: 1.4, Avg: 1.4, Max: 1.4, Diff: 0.0, Sum: 2.7]
      [Update RS (ms): Min: 7.5, Avg: 7.6, Max: 7.6, Diff: 0.1, Sum: 15.2]
         [Processed Buffers: Min: 192, Avg: 193.0, Max: 194, Diff: 2, Sum: 386]
      [Scan RS (ms): Min: 0.1, Avg: 0.1, Max: 0.1, Diff: 0.0, Sum: 0.1]
      [Code Root Scanning (ms): Min: 0.0, Avg: 0.0, Max: 0.1, Diff: 0.0, Sum: 0.1]
      [Object Copy (ms): Min: 1.6, Avg: 1.6, Max: 1.6, Diff: 0.1, Sum: 3.2]
      [Termination (ms): Min: 0.0, Avg: 0.0, Max: 0.0, Diff: 0.0, Sum: 0.0]
         [Termination Attempts: Min: 1, Avg: 1.0, Max: 1, Diff: 0, Sum: 2]
      [GC Worker Other (ms): Min: 0.0, Avg: 0.0, Max: 0.0, Diff: 0.0, Sum: 0.0]
      [GC Worker Total (ms): Min: 10.7, Avg: 10.7, Max: 10.7, Diff: 0.0, Sum: 21.4]
      [GC Worker End (ms): Min: 95647499.5, Avg: 95647499.5, Max: 95647499.5, Diff: 0.0]
   [Code Root Fixup: 0.0 ms]
   [Code Root Purge: 0.0 ms]
   [Clear CT: 0.1 ms]
   [Other: 1.6 ms]
      [Choose CSet: 0.0 ms]
      [Ref Proc: 0.9 ms]
      [Ref Enq: 0.2 ms]
      [Redirty Cards: 0.1 ms]
      [Humongous Register: 0.1 ms]
      [Humongous Reclaim: 0.1 ms]
      [Free CSet: 0.1 ms]
   [Eden: 103.0M(103.0M)->0.0B(13312.0K) Survivors: 5120.0K->12288.0K Heap: 435.0M(512.0M)->289.2M(512.0M)]
Heap after GC invocations=169 (full 0):
 garbage-first heap   total 524288K, used 296125K [0x00000000e0000000, 0x00000000e0101000, 0x0000000100000000)
  region size 1024K, 12 young (12288K), 12 survivors (12288K)
 Metaspace       used 55183K, capacity 57250K, committed 57856K, reserved 1099776K
  class space    used 6533K, capacity 6999K, committed 7168K, reserved 1048576K
}
 [Times: user=0.02 sys=0.00, real=0.01 secs] 
2023-04-21T22:24:47.149+0000: 95647.501: Total time for which application threads were stopped: 0.0127936 seconds, Stopping threads took: 0.0000388 seconds
{Heap before GC invocations=169 (full 0):
 garbage-first heap   total 524288K, used 313849K [0x00000000e0000000, 0x00000000e0101000, 0x0000000100000000)
  region size 1024K, 25 young (25600K), 12 survivors (12288K)
 Metaspace       used 55183K, capacity 57250K, committed 57856K, reserved 1099776K
  class space    used 6533K, capacity 6999K, committed 7168K, reserved 1048576K
2023-04-21T22:24:47.399+0000: 95647.752: [GC pause (G1 Evacuation Pause) (mixed)
Desired survivor size 2097152 bytes, new threshold 1 (max 15)
- age   1:    9145528 bytes,    9145528 total
- age   2:     571872 bytes,    9717400 total
- age   3:     503536 bytes,   10220936 total
, 0.0057434 secs]
   [Parallel Time: 4.2 ms, GC Workers: 2]
      [GC Worker Start (ms): Min: 95647751.9, Avg: 95647751.9, Max: 95647751.9, Diff: 0.0]
      [Ext Root Scanning (ms): Min: 1.3, Avg: 1.4, Max: 1.4, Diff: 0.0, Sum: 2.7]
      [Update RS (ms): Min: 0.7, Avg: 0.7, Max: 0.7, Diff: 0.0, Sum: 1.3]
         [Processed Buffers: Min: 18, Avg: 19.5, Max: 21, Diff: 3, Sum: 39]
      [Scan RS (ms): Min: 0.1, Avg: 0.1, Max: 0.1, Diff: 0.1, Sum: 0.2]
      [Code Root Scanning (ms): Min: 0.0, Avg: 0.0, Max: 0.0, Diff: 0.0, Sum: 0.1]
      [Object Copy (ms): Min: 1.8, Avg: 1.9, Max: 1.9, Diff: 0.1, Sum: 3.8]
      [Termination (ms): Min: 0.0, Avg: 0.0, Max: 0.0, Diff: 0.0, Sum: 0.0]
         [Termination Attempts: Min: 1, Avg: 1.0, Max: 1, Diff: 0, Sum: 2]
      [GC Worker Other (ms): Min: 0.0, Avg: 0.0, Max: 0.0, Diff: 0.0, Sum: 0.0]
      [GC Worker Total (ms): Min: 4.1, Avg: 4.1, Max: 4.1, Diff: 0.0, Sum: 8.1]
      [GC Worker End (ms): Min: 95647756.0, Avg: 95647756.0, Max: 95647756.0, Diff: 0.0]
   [Code Root Fixup: 0.0 ms]
   [Code Root Purge: 0.0 ms]
   [Clear CT: 0.1 ms]
   [Other: 1.5 ms]
      [Choose CSet: 0.0 ms]
      [Ref Proc: 1.0 ms]
      [Ref Enq: 0.1 ms]
      [Redirty Cards: 0.1 ms]
      [Humongous Register: 0.1 ms]
      [Humongous Reclaim: 0.0 ms]
      [Free CSet: 0.1 ms]
   [Eden: 13312.0K(13312.0K)->0.0B(21504.0K) Survivors: 12288.0K->4096.0K Heap: 306.5M(512.0M)->231.4M(512.0M)]
Heap after GC invocations=170 (full 0):
 garbage-first heap   total 524288K, used 236911K [0x00000000e0000000, 0x00000000e0101000, 0x0000000100000000)
  region size 1024K, 4 young (4096K), 4 survivors (4096K)
 Metaspace       used 55183K, capacity 57250K, committed 57856K, reserved 1099776K
  class space    used 6533K, capacity 6999K, committed 7168K, reserved 1048576K
}
 [Times: user=0.02 sys=0.00, real=0.00 secs] 
2023-04-21T22:24:47.405+0000: 95647.758: Total time for which application threads were stopped: 0.0060205 seconds, Stopping threads took: 0.0000311 seconds
{Heap before GC invocations=170 (full 0):
 garbage-first heap   total 524288K, used 265201K [0x00000000e0000000, 0x00000000e0101000, 0x0000000100000000)
  region size 1024K, 25 young (25600K), 4 survivors (4096K)
 Metaspace       used 55183K, capacity 57250K, committed 57856K, reserved 1099776K
  class space    used 6533K, capacity 6999K, committed 7168K, reserved 1048576K
2023-04-21T22:24:47.818+0000: 95648.171: [GC pause (G1 Evacuation Pause) (mixed)
Desired survivor size 2097152 bytes, new threshold 1 (max 15)
- age   1:    2609536 bytes,    2609536 total
, 0.0063408 secs]
   [Parallel Time: 4.8 ms, GC Workers: 2]
      [GC Worker Start (ms): Min: 95648171.0, Avg: 95648171.1, Max: 95648171.1, Diff: 0.0]
      [Ext Root Scanning (ms): Min: 1.4, Avg: 1.4, Max: 1.4, Diff: 0.0, Sum: 2.8]
      [Update RS (ms): Min: 1.1, Avg: 1.2, Max: 1.2, Diff: 0.1, Sum: 2.4]
         [Processed Buffers: Min: 25, Avg: 29.0, Max: 33, Diff: 8, Sum: 58]
      [Scan RS (ms): Min: 0.1, Avg: 0.2, Max: 0.2, Diff: 0.0, Sum: 0.3]
      [Code Root Scanning (ms): Min: 0.0, Avg: 0.0, Max: 0.0, Diff: 0.0, Sum: 0.0]
      [Object Copy (ms): Min: 2.0, Avg: 2.0, Max: 2.0, Diff: 0.0, Sum: 4.0]
      [Termination (ms): Min: 0.0, Avg: 0.0, Max: 0.0, Diff: 0.0, Sum: 0.0]
         [Termination Attempts: Min: 1, Avg: 1.0, Max: 1, Diff: 0, Sum: 2]
      [GC Worker Other (ms): Min: 0.0, Avg: 0.0, Max: 0.0, Diff: 0.0, Sum: 0.0]
      [GC Worker Total (ms): Min: 4.7, Avg: 4.8, Max: 4.8, Diff: 0.0, Sum: 9.5]
      [GC Worker End (ms): Min: 95648175.8, Avg: 95648175.8, Max: 95648175.8, Diff: 0.0]
   [Code Root Fixup: 0.0 ms]
   [Code Root Purge: 0.0 ms]
   [Clear CT: 0.1 ms]
   [Other: 1.4 ms]
      [Choose CSet: 0.0 ms]
      [Ref Proc: 1.0 ms]
      [Ref Enq: 0.1 ms]
      [Redirty Cards: 0.1 ms]
      [Humongous Register: 0.1 ms]
      [Humongous Reclaim: 0.0 ms]
      [Free CSet: 0.1 ms]
   [Eden: 21504.0K(21504.0K)->0.0B(198.0M) Survivors: 4096.0K->4096.0K Heap: 259.0M(512.0M)->214.9M(512.0M)]
Heap after GC invocations=171 (full 0):
 garbage-first heap   total 524288K, used 220075K [0x00000000e0000000, 0x00000000e0101000, 0x0000000100000000)
  region size 1024K, 4 young (4096K), 4 survivors (4096K)
 Metaspace       used 55183K, capacity 57250K, committed 57856K, reserved 1099776K
  class space    used 6533K, capacity 6999K, committed 7168K, reserved 1048576K
}
 [Times: user=0.01 sys=0.00, real=0.01 secs] 
2023-04-21T22:24:47.825+0000: 95648.177: Total time for which application threads were stopped: 0.0066237 seconds, Stopping threads took: 0.0000334 seconds
{Heap before GC invocations=171 (full 0):
 garbage-first heap   total 524288K, used 225195K [0x00000000e0000000, 0x00000000e0101000, 0x0000000100000000)
  region size 1024K, 10 young (10240K), 4 survivors (4096K)
 Metaspace       used 55183K, capacity 57250K, committed 57856K, reserved 1099776K
  class space    used 6533K, capacity 6999K, committed 7168K, reserved 1048576K
2023-04-21T22:24:47.890+0000: 95648.243: [GC pause (G1 Humongous Allocation) (young) (initial-mark)
Desired survivor size 13631488 bytes, new threshold 15 (max 15)
- age   1:    3319528 bytes,    3319528 total
, 0.0045910 secs]
   [Parallel Time: 3.1 ms, GC Workers: 2]
      [GC Worker Start (ms): Min: 95648242.9, Avg: 95648242.9, Max: 95648243.0, Diff: 0.0]
      [Ext Root Scanning (ms): Min: 1.8, Avg: 1.8, Max: 1.8, Diff: 0.1, Sum: 3.6]
      [Update RS (ms): Min: 0.3, Avg: 0.3, Max: 0.4, Diff: 0.1, Sum: 0.7]
         [Processed Buffers: Min: 2, Avg: 2.5, Max: 3, Diff: 1, Sum: 5]
      [Scan RS (ms): Min: 0.0, Avg: 0.0, Max: 0.0, Diff: 0.0, Sum: 0.0]
      [Code Root Scanning (ms): Min: 0.0, Avg: 0.0, Max: 0.0, Diff: 0.0, Sum: 0.0]
      [Object Copy (ms): Min: 0.7, Avg: 0.8, Max: 0.9, Diff: 0.2, Sum: 1.5]
      [Termination (ms): Min: 0.0, Avg: 0.0, Max: 0.1, Diff: 0.1, Sum: 0.1]
         [Termination Attempts: Min: 1, Avg: 1.0, Max: 1, Diff: 0, Sum: 2]
      [GC Worker Other (ms): Min: 0.0, Avg: 0.0, Max: 0.0, Diff: 0.0, Sum: 0.0]
      [GC Worker Total (ms): Min: 3.0, Avg: 3.0, Max: 3.0, Diff: 0.0, Sum: 5.9]
      [GC Worker End (ms): Min: 95648245.9, Avg: 95648245.9, Max: 95648245.9, Diff: 0.0]
   [Code Root Fixup: 0.0 ms]
   [Code Root Purge: 0.0 ms]
   [Clear CT: 0.1 ms]
   [Other: 1.4 ms]
      [Choose CSet: 0.0 ms]
      [Ref Proc: 0.9 ms]
      [Ref Enq: 0.1 ms]
      [Redirty Cards: 0.1 ms]
      [Humongous Register: 0.1 ms]
      [Humongous Reclaim: 0.0 ms]
      [Free CSet: 0.0 ms]
   [Eden: 6144.0K(198.0M)->0.0B(201.0M) Survivors: 4096.0K->6144.0K Heap: 220.5M(512.0M)->216.4M(512.0M)]
Heap after GC invocations=172 (full 0):
 garbage-first heap   total 524288K, used 221611K [0x00000000e0000000, 0x00000000e0101000, 0x0000000100000000)
  region size 1024K, 6 young (6144K), 6 survivors (6144K)
 Metaspace       used 55183K, capacity 57250K, committed 57856K, reserved 1099776K
  class space    used 6533K, capacity 6999K, committed 7168K, reserved 1048576K
}
 [Times: user=0.01 sys=0.00, real=0.01 secs] 
2023-04-21T22:24:47.895+0000: 95648.247: 2023-04-21T22:24:47.895+0000: Total time for which application threads were stopped: 0.0048743 seconds, Stopping threads took: 0.0000345 seconds
95648.247: [GC concurrent-root-region-scan-start]
2023-04-21T22:24:47.895+0000: 95648.248: [GC concurrent-root-region-scan-end, 0.0007205 secs]
2023-04-21T22:24:47.895+0000: 95648.248: [GC concurrent-mark-start]
2023-04-21T22:24:47.968+0000: 95648.321: [GC concurrent-mark-end, 0.0729024 secs]
2023-04-21T22:24:47.969+0000: 95648.321: [GC remark 2023-04-21T22:24:47.969+0000: 95648.321: [Finalize Marking, 0.0001605 secs] 2023-04-21T22:24:47.969+0000: 95648.321: [GC ref-proc, 0.0012323 secs] 2023-04-21T22:24:47.970+0000: 95648.323: [Unloading, 0.0128547 secs], 0.0150554 secs]
 [Times: user=0.03 sys=0.00, real=0.02 secs] 
2023-04-21T22:24:47.984+0000: 95648.336: Total time for which application threads were stopped: 0.0152840 seconds, Stopping threads took: 0.0000884 seconds
2023-04-21T22:24:47.984+0000: 95648.337: [GC cleanup 221M->213M(512M), 0.0010329 secs]
 [Times: user=0.01 sys=0.00, real=0.00 secs] 
2023-04-21T22:24:47.985+0000: 95648.338: Total time for which application threads were stopped: 0.0011978 seconds, Stopping threads took: 0.0000616 seconds
2023-04-21T22:24:47.987+0000: 95648.339: [GC concurrent-cleanup-start]
2023-04-21T22:24:47.987+0000: 95648.339: [GC concurrent-cleanup-end, 0.0000280 secs]
{Heap before GC invocations=173 (full 0):
 garbage-first heap   total 524288K, used 467433K [0x00000000e0000000, 0x00000000e0101000, 0x0000000100000000)
  region size 1024K, 207 young (211968K), 6 survivors (6144K)
 Metaspace       used 55183K, capacity 57250K, committed 57856K, reserved 1099776K
  class space    used 6533K, capacity 6999K, committed 7168K, reserved 1048576K
2023-04-21T22:24:51.404+0000: 95651.757: [GC pause (G1 Evacuation Pause) (young)
Desired survivor size 13631488 bytes, new threshold 15 (max 15)
- age   1:    1626992 bytes,    1626992 total
- age   2:    3262272 bytes,    4889264 total
 (to-space exhausted), 0.0125108 secs]
   [Parallel Time: 10.6 ms, GC Workers: 2]
      [GC Worker Start (ms): Min: 95651757.2, Avg: 95651757.2, Max: 95651757.2, Diff: 0.0]
      [Ext Root Scanning (ms): Min: 1.4, Avg: 1.4, Max: 1.4, Diff: 0.0, Sum: 2.8]
      [Update RS (ms): Min: 6.6, Avg: 6.6, Max: 6.6, Diff: 0.0, Sum: 13.2]
         [Processed Buffers: Min: 191, Avg: 192.5, Max: 194, Diff: 3, Sum: 385]
      [Scan RS (ms): Min: 0.1, Avg: 0.1, Max: 0.1, Diff: 0.0, Sum: 0.3]
      [Code Root Scanning (ms): Min: 0.1, Avg: 0.1, Max: 0.1, Diff: 0.0, Sum: 0.2]
      [Object Copy (ms): Min: 2.2, Avg: 2.2, Max: 2.2, Diff: 0.0, Sum: 4.4]
      [Termination (ms): Min: 0.0, Avg: 0.0, Max: 0.0, Diff: 0.0, Sum: 0.0]
         [Termination Attempts: Min: 1, Avg: 1.0, Max: 1, Diff: 0, Sum: 2]
      [GC Worker Other (ms): Min: 0.0, Avg: 0.0, Max: 0.0, Diff: 0.0, Sum: 0.0]
      [GC Worker Total (ms): Min: 10.5, Avg: 10.5, Max: 10.5, Diff: 0.0, Sum: 20.9]
      [GC Worker End (ms): Min: 95651767.6, Avg: 95651767.6, Max: 95651767.6, Diff: 0.0]
   [Code Root Fixup: 0.0 ms]
   [Code Root Purge: 0.0 ms]
   [Clear CT: 0.1 ms]
   [Other: 1.8 ms]
      [Evacuation Failure: 0.4 ms]
      [Choose CSet: 0.0 ms]
      [Ref Proc: 0.9 ms]
      [Ref Enq: 0.1 ms]
      [Redirty Cards: 0.1 ms]
      [Humongous Register: 0.1 ms]
      [Humongous Reclaim: 0.1 ms]
      [Free CSet: 0.1 ms]
   [Eden: 201.0M(201.0M)->0.0B(10240.0K) Survivors: 6144.0K->15360.0K Heap: 456.5M(512.0M)->249.2M(512.0M)]
Heap after GC invocations=174 (full 0):
 garbage-first heap   total 524288K, used 255219K [0x00000000e0000000, 0x00000000e0101000, 0x0000000100000000)
  region size 1024K, 15 young (15360K), 15 survivors (15360K)
 Metaspace       used 55183K, capacity 57250K, committed 57856K, reserved 1099776K
  class space    used 6533K, capacity 6999K, committed 7168K, reserved 1048576K
}
 [Times: user=0.03 sys=0.00, real=0.01 secs] 
2023-04-21T22:24:51.417+0000: 95651.770: Total time for which application threads were stopped: 0.0128108 seconds, Stopping threads took: 0.0000371 seconds
{Heap before GC invocations=174 (full 0):
 garbage-first heap   total 524288K, used 272502K [0x00000000e0000000, 0x00000000e0101000, 0x0000000100000000)
  region size 1024K, 25 young (25600K), 15 survivors (15360K)
 Metaspace       used 55183K, capacity 57250K, committed 57856K, reserved 1099776K
  class space    used 6533K, capacity 6999K, committed 7168K, reserved 1048576K
2023-04-21T22:24:51.702+0000: 95652.055: [GC pause (G1 Evacuation Pause) (mixed)
Desired survivor size 2097152 bytes, new threshold 1 (max 15)
- age   1:   14074104 bytes,   14074104 total
- age   3:      47136 bytes,   14121240 total
, 0.0068307 secs]
   [Parallel Time: 5.4 ms, GC Workers: 2]
      [GC Worker Start (ms): Min: 95652054.9, Avg: 95652055.0, Max: 95652055.0, Diff: 0.1]
      [Ext Root Scanning (ms): Min: 1.4, Avg: 1.5, Max: 1.5, Diff: 0.1, Sum: 2.9]
      [Update RS (ms): Min: 1.2, Avg: 1.2, Max: 1.3, Diff: 0.1, Sum: 2.5]
         [Processed Buffers: Min: 30, Avg: 31.5, Max: 33, Diff: 3, Sum: 63]
      [Scan RS (ms): Min: 0.1, Avg: 0.1, Max: 0.1, Diff: 0.0, Sum: 0.2]
      [Code Root Scanning (ms): Min: 0.0, Avg: 0.0, Max: 0.0, Diff: 0.0, Sum: 0.0]
      [Object Copy (ms): Min: 2.4, Avg: 2.5, Max: 2.5, Diff: 0.1, Sum: 4.9]
      [Termination (ms): Min: 0.0, Avg: 0.0, Max: 0.1, Diff: 0.1, Sum: 0.1]
         [Termination Attempts: Min: 1, Avg: 1.0, Max: 1, Diff: 0, Sum: 2]
      [GC Worker Other (ms): Min: 0.0, Avg: 0.0, Max: 0.0, Diff: 0.0, Sum: 0.0]
      [GC Worker Total (ms): Min: 5.3, Avg: 5.3, Max: 5.4, Diff: 0.1, Sum: 10.6]
      [GC Worker End (ms): Min: 95652060.3, Avg: 95652060.3, Max: 95652060.3, Diff: 0.0]
   [Code Root Fixup: 0.0 ms]
   [Code Root Purge: 0.0 ms]
   [Clear CT: 0.1 ms]
   [Other: 1.3 ms]
      [Choose CSet: 0.0 ms]
      [Ref Proc: 0.9 ms]
      [Ref Enq: 0.1 ms]
      [Redirty Cards: 0.1 ms]
      [Humongous Register: 0.1 ms]
      [Humongous Reclaim: 0.0 ms]
      [Free CSet: 0.1 ms]
   [Eden: 10240.0K(10240.0K)->0.0B(172.0M) Survivors: 15360.0K->3072.0K Heap: 266.1M(512.0M)->245.9M(512.0M)]
Heap after GC invocations=175 (full 0):
 garbage-first heap   total 524288K, used 251830K [0x00000000e0000000, 0x00000000e0101000, 0x0000000100000000)
  region size 1024K, 3 young (3072K), 3 survivors (3072K)
 Metaspace       used 55183K, capacity 57250K, committed 57856K, reserved 1099776K
  class space    used 6533K, capacity 6999K, committed 7168K, reserved 1048576K
}
 [Times: user=0.02 sys=0.00, real=0.00 secs] 
2023-04-21T22:24:51.709+0000: 95652.062: Total time for which application threads were stopped: 0.0071478 seconds, Stopping threads took: 0.0000391 seconds
{Heap before GC invocations=175 (full 0):
 garbage-first heap   total 524288K, used 270262K [0x00000000e0000000, 0x00000000e0101000, 0x0000000100000000)
  region size 1024K, 22 young (22528K), 3 survivors (3072K)
 Metaspace       used 55183K, capacity 57250K, committed 57856K, reserved 1099776K
  class space    used 6533K, capacity 6999K, committed 7168K, reserved 1048576K
2023-04-21T22:24:51.949+0000: 95652.301: [GC pause (G1 Humongous Allocation) (young) (initial-mark)
Desired survivor size 11534336 bytes, new threshold 15 (max 15)
- age   1:    2168560 bytes,    2168560 total
, 0.0051602 secs]
   [Parallel Time: 3.5 ms, GC Workers: 2]
      [GC Worker Start (ms): Min: 95652301.5, Avg: 95652301.5, Max: 95652301.5, Diff: 0.0]
      [Ext Root Scanning (ms): Min: 1.8, Avg: 1.8, Max: 1.9, Diff: 0.1, Sum: 3.7]
      [Update RS (ms): Min: 0.4, Avg: 0.4, Max: 0.5, Diff: 0.0, Sum: 0.9]
         [Processed Buffers: Min: 2, Avg: 2.5, Max: 3, Diff: 1, Sum: 5]
      [Scan RS (ms): Min: 0.0, Avg: 0.0, Max: 0.0, Diff: 0.0, Sum: 0.0]
      [Code Root Scanning (ms): Min: 0.0, Avg: 0.0, Max: 0.0, Diff: 0.0, Sum: 0.0]
      [Object Copy (ms): Min: 1.0, Avg: 1.1, Max: 1.1, Diff: 0.1, Sum: 2.2]
      [Termination (ms): Min: 0.0, Avg: 0.0, Max: 0.0, Diff: 0.0, Sum: 0.0]
         [Termination Attempts: Min: 1, Avg: 1.0, Max: 1, Diff: 0, Sum: 2]
      [GC Worker Other (ms): Min: 0.0, Avg: 0.0, Max: 0.0, Diff: 0.0, Sum: 0.0]
      [GC Worker Total (ms): Min: 3.4, Avg: 3.4, Max: 3.4, Diff: 0.0, Sum: 6.8]
      [GC Worker End (ms): Min: 95652304.9, Avg: 95652304.9, Max: 95652304.9, Diff: 0.0]
   [Code Root Fixup: 0.0 ms]
   [Code Root Purge: 0.0 ms]
   [Clear CT: 0.1 ms]
   [Other: 1.5 ms]
      [Choose CSet: 0.0 ms]
      [Ref Proc: 1.1 ms]
      [Ref Enq: 0.1 ms]
      [Redirty Cards: 0.1 ms]
      [Humongous Register: 0.1 ms]
      [Humongous Reclaim: 0.0 ms]
      [Free CSet: 0.0 ms]
   [Eden: 19456.0K(172.0M)->0.0B(158.0M) Survivors: 3072.0K->8192.0K Heap: 264.7M(512.0M)->250.4M(512.0M)]
Heap after GC invocations=176 (full 0):
 garbage-first heap   total 524288K, used 256438K [0x00000000e0000000, 0x00000000e0101000, 0x0000000100000000)
  region size 1024K, 8 young (8192K), 8 survivors (8192K)
 Metaspace       used 55183K, capacity 57250K, committed 57856K, reserved 1099776K
  class space    used 6533K, capacity 6999K, committed 7168K, reserved 1048576K
}
 [Times: user=0.01 sys=0.00, real=0.01 secs] 
2023-04-21T22:24:51.954+0000: 95652.307: 2023-04-21T22:24:51.954+0000[GC concurrent-root-region-scan-start]
: 95652.307: Total time for which application threads were stopped: 0.0054883 seconds, Stopping threads took: 0.0000385 seconds
2023-04-21T22:24:51.955+0000: 95652.307: [GC concurrent-root-region-scan-end, 0.0009287 secs]
2023-04-21T22:24:51.955+0000: 95652.307: [GC concurrent-mark-start]
2023-04-21T22:24:52.029+0000: 95652.382: [GC concurrent-mark-end, 0.0742263 secs]
2023-04-21T22:24:52.029+0000: 95652.382: [GC remark 2023-04-21T22:24:52.029+0000: 95652.382: [Finalize Marking, 0.0003400 secs] 2023-04-21T22:24:52.030+0000: 95652.382: [GC ref-proc, 0.0012760 secs] 2023-04-21T22:24:52.031+0000: 95652.384: [Unloading, 0.0136595 secs], 0.0161333 secs]
 [Times: user=0.04 sys=0.00, real=0.02 secs] 
2023-04-21T22:24:52.045+0000: 95652.398: Total time for which application threads were stopped: 0.0163364 seconds, Stopping threads took: 0.0000598 seconds
2023-04-21T22:24:52.047+0000: 95652.399: [GC cleanup 259M->237M(512M), 0.0010783 secs]
 [Times: user=0.00 sys=0.00, real=0.00 secs] 
2023-04-21T22:24:52.048+0000: 95652.401: Total time for which application threads were stopped: 0.0012590 seconds, Stopping threads took: 0.0000710 seconds
2023-04-21T22:24:52.048+0000: 95652.401: [GC concurrent-cleanup-start]
2023-04-21T22:24:52.048+0000: 95652.401: [GC concurrent-cleanup-end, 0.0000425 secs]
{Heap before GC invocations=177 (full 0):
 garbage-first heap   total 524288K, used 468410K [0x00000000e0000000, 0x00000000e0101000, 0x0000000100000000)
  region size 1024K, 166 young (169984K), 8 survivors (8192K)
 Metaspace       used 55183K, capacity 57250K, committed 57856K, reserved 1099776K
  class space    used 6533K, capacity 6999K, committed 7168K, reserved 1048576K
2023-04-21T22:24:55.457+0000: 95655.809: [GC pause (G1 Evacuation Pause) (young)
Desired survivor size 11010048 bytes, new threshold 15 (max 15)
- age   1:    4399240 bytes,    4399240 total
- age   2:    2106784 bytes,    6506024 total
, 0.0156894 secs]
   [Parallel Time: 14.1 ms, GC Workers: 2]
      [GC Worker Start (ms): Min: 95655809.6, Avg: 95655809.6, Max: 95655809.6, Diff: 0.0]
      [Ext Root Scanning (ms): Min: 1.4, Avg: 1.4, Max: 1.4, Diff: 0.0, Sum: 2.8]
      [Update RS (ms): Min: 11.1, Avg: 11.1, Max: 11.1, Diff: 0.0, Sum: 22.2]
         [Processed Buffers: Min: 283, Avg: 289.0, Max: 295, Diff: 12, Sum: 578]
      [Scan RS (ms): Min: 0.1, Avg: 0.1, Max: 0.1, Diff: 0.0, Sum: 0.2]
      [Code Root Scanning (ms): Min: 0.1, Avg: 0.1, Max: 0.1, Diff: 0.0, Sum: 0.1]
      [Object Copy (ms): Min: 1.2, Avg: 1.2, Max: 1.3, Diff: 0.0, Sum: 2.5]
      [Termination (ms): Min: 0.0, Avg: 0.0, Max: 0.1, Diff: 0.1, Sum: 0.1]
         [Termination Attempts: Min: 1, Avg: 1.0, Max: 1, Diff: 0, Sum: 2]
      [GC Worker Other (ms): Min: 0.0, Avg: 0.0, Max: 0.0, Diff: 0.0, Sum: 0.0]
      [GC Worker Total (ms): Min: 13.9, Avg: 13.9, Max: 13.9, Diff: 0.0, Sum: 27.9]
      [GC Worker End (ms): Min: 95655823.5, Avg: 95655823.6, Max: 95655823.6, Diff: 0.0]
   [Code Root Fixup: 0.0 ms]
   [Code Root Purge: 0.0 ms]
   [Clear CT: 0.1 ms]
   [Other: 1.5 ms]
      [Choose CSet: 0.0 ms]
      [Ref Proc: 0.9 ms]
      [Ref Enq: 0.1 ms]
      [Redirty Cards: 0.1 ms]
      [Humongous Register: 0.1 ms]
      [Humongous Reclaim: 0.2 ms]
      [Free CSet: 0.1 ms]
   [Eden: 158.0M(158.0M)->0.0B(17408.0K) Survivors: 8192.0K->8192.0K Heap: 457.4M(512.0M)->232.6M(512.0M)]
Heap after GC invocations=178 (full 0):
 garbage-first heap   total 524288K, used 238228K [0x00000000e0000000, 0x00000000e0101000, 0x0000000100000000)
  region size 1024K, 8 young (8192K), 8 survivors (8192K)
 Metaspace       used 55183K, capacity 57250K, committed 57856K, reserved 1099776K
  class space    used 6533K, capacity 6999K, committed 7168K, reserved 1048576K
}
 [Times: user=0.03 sys=0.00, real=0.02 secs] 
2023-04-21T22:24:55.473+0000: 95655.825: Total time for which application threads were stopped: 0.0159701 seconds, Stopping threads took: 0.0000324 seconds
{Heap before GC invocations=178 (full 0):
 garbage-first heap   total 524288K, used 279679K [0x00000000e0000000, 0x00000000e0101000, 0x0000000100000000)
  region size 1024K, 25 young (25600K), 8 survivors (8192K)
 Metaspace       used 55183K, capacity 57250K, committed 57856K, reserved 1099776K
  class space    used 6533K, capacity 6999K, committed 7168K, reserved 1048576K
2023-04-21T22:24:56.179+0000: 95656.532: [GC pause (G1 Evacuation Pause) (mixed)
Desired survivor size 2097152 bytes, new threshold 1 (max 15)
- age   1:    6790136 bytes,    6790136 total
- age   3:     518352 bytes,    7308488 total
, 0.0080789 secs]
   [Parallel Time: 6.6 ms, GC Workers: 2]
      [GC Worker Start (ms): Min: 95656531.7, Avg: 95656531.8, Max: 95656531.8, Diff: 0.0]
      [Ext Root Scanning (ms): Min: 1.3, Avg: 1.4, Max: 1.4, Diff: 0.0, Sum: 2.7]
      [Update RS (ms): Min: 3.3, Avg: 3.4, Max: 3.4, Diff: 0.0, Sum: 6.7]
         [Processed Buffers: Min: 94, Avg: 96.0, Max: 98, Diff: 4, Sum: 192]
      [Scan RS (ms): Min: 0.1, Avg: 0.1, Max: 0.2, Diff: 0.1, Sum: 0.3]
      [Code Root Scanning (ms): Min: 0.0, Avg: 0.0, Max: 0.0, Diff: 0.0, Sum: 0.0]
      [Object Copy (ms): Min: 1.5, Avg: 1.6, Max: 1.6, Diff: 0.1, Sum: 3.1]
      [Termination (ms): Min: 0.0, Avg: 0.0, Max: 0.0, Diff: 0.0, Sum: 0.0]
         [Termination Attempts: Min: 1, Avg: 1.0, Max: 1, Diff: 0, Sum: 2]
      [GC Worker Other (ms): Min: 0.0, Avg: 0.0, Max: 0.0, Diff: 0.0, Sum: 0.0]
      [GC Worker Total (ms): Min: 6.5, Avg: 6.5, Max: 6.5, Diff: 0.0, Sum: 13.0]
      [GC Worker End (ms): Min: 95656538.2, Avg: 95656538.2, Max: 95656538.2, Diff: 0.0]
   [Code Root Fixup: 0.0 ms]
   [Code Root Purge: 0.0 ms]
   [Clear CT: 0.1 ms]
   [Other: 1.4 ms]
      [Choose CSet: 0.0 ms]
      [Ref Proc: 1.0 ms]
      [Ref Enq: 0.1 ms]
      [Redirty Cards: 0.1 ms]
      [Humongous Register: 0.1 ms]
      [Humongous Reclaim: 0.1 ms]
      [Free CSet: 0.1 ms]
   [Eden: 17408.0K(17408.0K)->0.0B(196.0M) Survivors: 8192.0K->4096.0K Heap: 273.1M(512.0M)->214.9M(512.0M)]
Heap after GC invocations=179 (full 0):
 garbage-first heap   total 524288K, used 220094K [0x00000000e0000000, 0x00000000e0101000, 0x0000000100000000)
  region size 1024K, 4 young (4096K), 4 survivors (4096K)
 Metaspace       used 55183K, capacity 57250K, committed 57856K, reserved 1099776K
  class space    used 6533K, capacity 6999K, committed 7168K, reserved 1048576K
}
 [Times: user=0.02 sys=0.00, real=0.00 secs] 
2023-04-21T22:24:56.187+0000: 95656.540: Total time for which application threads were stopped: 0.0083613 seconds, Stopping threads took: 0.0000341 seconds
{Heap before GC invocations=179 (full 0):
 garbage-first heap   total 524288K, used 224190K [0x00000000e0000000, 0x00000000e0101000, 0x0000000100000000)
  region size 1024K, 9 young (9216K), 4 survivors (4096K)
 Metaspace       used 55183K, capacity 57250K, committed 57856K, reserved 1099776K
  class space    used 6533K, capacity 6999K, committed 7168K, reserved 1048576K
2023-04-21T22:24:56.252+0000: 95656.605: [GC pause (G1 Humongous Allocation) (young) (initial-mark)
Desired survivor size 13107200 bytes, new threshold 15 (max 15)
- age   1:    2826320 bytes,    2826320 total
, 0.0042504 secs]
   [Parallel Time: 2.9 ms, GC Workers: 2]
      [GC Worker Start (ms): Min: 95656605.2, Avg: 95656605.2, Max: 95656605.2, Diff: 0.0]
      [Ext Root Scanning (ms): Min: 1.7, Avg: 1.7, Max: 1.7, Diff: 0.1, Sum: 3.4]
      [Update RS (ms): Min: 0.3, Avg: 0.3, Max: 0.3, Diff: 0.0, Sum: 0.7]
         [Processed Buffers: Min: 1, Avg: 2.5, Max: 4, Diff: 3, Sum: 5]
      [Scan RS (ms): Min: 0.0, Avg: 0.0, Max: 0.0, Diff: 0.0, Sum: 0.0]
      [Code Root Scanning (ms): Min: 0.0, Avg: 0.0, Max: 0.0, Diff: 0.0, Sum: 0.0]
      [Object Copy (ms): Min: 0.6, Avg: 0.7, Max: 0.7, Diff: 0.1, Sum: 1.3]
      [Termination (ms): Min: 0.0, Avg: 0.0, Max: 0.0, Diff: 0.0, Sum: 0.0]
         [Termination Attempts: Min: 1, Avg: 1.0, Max: 1, Diff: 0, Sum: 2]
      [GC Worker Other (ms): Min: 0.0, Avg: 0.0, Max: 0.0, Diff: 0.0, Sum: 0.0]
      [GC Worker Total (ms): Min: 2.7, Avg: 2.7, Max: 2.8, Diff: 0.0, Sum: 5.5]
      [GC Worker End (ms): Min: 95656607.9, Avg: 95656607.9, Max: 95656607.9, Diff: 0.0]
   [Code Root Fixup: 0.0 ms]
   [Code Root Purge: 0.0 ms]
   [Clear CT: 0.1 ms]
   [Other: 1.3 ms]
      [Choose CSet: 0.0 ms]
      [Ref Proc: 0.9 ms]
      [Ref Enq: 0.1 ms]
      [Redirty Cards: 0.1 ms]
      [Humongous Register: 0.1 ms]
      [Humongous Reclaim: 0.0 ms]
      [Free CSet: 0.0 ms]
   [Eden: 5120.0K(196.0M)->0.0B(189.0M) Survivors: 4096.0K->5120.0K Heap: 219.9M(512.0M)->215.3M(512.0M)]
Heap after GC invocations=180 (full 0):
 garbage-first heap   total 524288K, used 220480K [0x00000000e0000000, 0x00000000e0101000, 0x0000000100000000)
  region size 1024K, 5 young (5120K), 5 survivors (5120K)
 Metaspace       used 55183K, capacity 57250K, committed 57856K, reserved 1099776K
  class space    used 6533K, capacity 6999K, committed 7168K, reserved 1048576K
}
 [Times: user=0.01 sys=0.00, real=0.00 secs] 
2023-04-21T22:24:56.257+0000: 95656.609: Total time for which application threads were stopped: 0.0045127 seconds, Stopping threads took: 0.0000308 seconds
2023-04-21T22:24:56.257+0000: 95656.609: [GC concurrent-root-region-scan-start]
2023-04-21T22:24:56.257+0000: 95656.610: [GC concurrent-root-region-scan-end, 0.0006409 secs]
2023-04-21T22:24:56.257+0000: 95656.610: [GC concurrent-mark-start]
2023-04-21T22:24:56.329+0000: 95656.682: [GC concurrent-mark-end, 0.0716185 secs]
2023-04-21T22:24:56.329+0000: 95656.682: [GC remark 2023-04-21T22:24:56.329+0000: 95656.682: [Finalize Marking, 0.0002296 secs] 2023-04-21T22:24:56.329+0000: 95656.682: [GC ref-proc, 0.0015003 secs] 2023-04-21T22:24:56.331+0000: 95656.684: [Unloading, 0.0125468 secs], 0.0151483 secs]
 [Times: user=0.04 sys=0.00, real=0.02 secs] 
2023-04-21T22:24:56.344+0000: 95656.697: Total time for which application threads were stopped: 0.0153397 seconds, Stopping threads took: 0.0000537 seconds
2023-04-21T22:24:56.347+0000: 95656.699: [GC cleanup 219M->218M(512M), 0.0015942 secs]
 [Times: user=0.00 sys=0.00, real=0.00 secs] 
2023-04-21T22:24:56.348+0000: 95656.701: Total time for which application threads were stopped: 0.0017326 seconds, Stopping threads took: 0.0000416 seconds
2023-04-21T22:24:56.348+0000: 95656.701: [GC concurrent-cleanup-start]
2023-04-21T22:24:56.348+0000: 95656.701: [GC concurrent-cleanup-end, 0.0000094 secs]
{Heap before GC invocations=181 (full 0):
 garbage-first heap   total 524288K, used 470007K [0x00000000e0000000, 0x00000000e0101000, 0x0000000100000000)
  region size 1024K, 154 young (157696K), 5 survivors (5120K)
 Metaspace       used 55183K, capacity 57250K, committed 57856K, reserved 1099776K
  class space    used 6533K, capacity 6999K, committed 7168K, reserved 1048576K
2023-04-21T22:25:00.072+0000: 95660.425: [GC pause (G1 Humongous Allocation) (young)
Desired survivor size 13107200 bytes, new threshold 15 (max 15)
- age   1:    1280264 bytes,    1280264 total
- age   2:    2732624 bytes,    4012888 total
 (to-space exhausted), 0.0200166 secs]
   [Parallel Time: 17.4 ms, GC Workers: 2]
      [GC Worker Start (ms): Min: 95660424.8, Avg: 95660424.8, Max: 95660424.8, Diff: 0.0]
      [Ext Root Scanning (ms): Min: 1.4, Avg: 1.4, Max: 1.4, Diff: 0.0, Sum: 2.8]
      [Update RS (ms): Min: 14.0, Avg: 14.1, Max: 14.1, Diff: 0.1, Sum: 28.1]
         [Processed Buffers: Min: 384, Avg: 389.5, Max: 395, Diff: 11, Sum: 779]
      [Scan RS (ms): Min: 0.1, Avg: 0.1, Max: 0.1, Diff: 0.0, Sum: 0.2]
      [Code Root Scanning (ms): Min: 0.0, Avg: 0.1, Max: 0.1, Diff: 0.0, Sum: 0.1]
      [Object Copy (ms): Min: 1.5, Avg: 1.6, Max: 1.6, Diff: 0.1, Sum: 3.1]
      [Termination (ms): Min: 0.0, Avg: 0.0, Max: 0.0, Diff: 0.0, Sum: 0.0]
         [Termination Attempts: Min: 1, Avg: 1.0, Max: 1, Diff: 0, Sum: 2]
      [GC Worker Other (ms): Min: 0.0, Avg: 0.0, Max: 0.0, Diff: 0.0, Sum: 0.1]
      [GC Worker Total (ms): Min: 17.2, Avg: 17.2, Max: 17.2, Diff: 0.0, Sum: 34.5]
      [GC Worker End (ms): Min: 95660442.0, Avg: 95660442.0, Max: 95660442.0, Diff: 0.0]
   [Code Root Fixup: 0.0 ms]
   [Code Root Purge: 0.0 ms]
   [Clear CT: 0.1 ms]
   [Other: 2.6 ms]
      [Evacuation Failure: 1.1 ms]
      [Choose CSet: 0.0 ms]
      [Ref Proc: 0.9 ms]
      [Ref Enq: 0.1 ms]
      [Redirty Cards: 0.1 ms]
      [Humongous Register: 0.1 ms]
      [Humongous Reclaim: 0.2 ms]
      [Free CSet: 0.1 ms]
   [Eden: 149.0M(189.0M)->0.0B(25600.0K) Survivors: 5120.0K->0.0B Heap: 459.6M(512.0M)->272.9M(512.0M)]
Heap after GC invocations=182 (full 0):
 garbage-first heap   total 524288K, used 279441K [0x00000000e0000000, 0x00000000e0101000, 0x0000000100000000)
  region size 1024K, 0 young (0K), 0 survivors (0K)
 Metaspace       used 55183K, capacity 57250K, committed 57856K, reserved 1099776K
  class space    used 6533K, capacity 6999K, committed 7168K, reserved 1048576K
}
 [Times: user=0.04 sys=0.00, real=0.02 secs] 
2023-04-21T22:25:00.092+0000: 95660.445: Total time for which application threads were stopped: 0.0203316 seconds, Stopping threads took: 0.0000348 seconds
{Heap before GC invocations=182 (full 0):
 garbage-first heap   total 524288K, used 322713K [0x00000000e0000000, 0x00000000e0101000, 0x0000000100000000)
  region size 1024K, 25 young (25600K), 0 survivors (0K)
 Metaspace       used 55183K, capacity 57250K, committed 57856K, reserved 1099776K
  class space    used 6533K, capacity 6999K, committed 7168K, reserved 1048576K
2023-04-21T22:25:00.798+0000: 95661.151: [GC pause (G1 Evacuation Pause) (mixed)
Desired survivor size 2097152 bytes, new threshold 15 (max 15)
, 0.0066779 secs]
   [Parallel Time: 5.4 ms, GC Workers: 2]
      [GC Worker Start (ms): Min: 95661151.0, Avg: 95661151.0, Max: 95661151.0, Diff: 0.0]
      [Ext Root Scanning (ms): Min: 1.4, Avg: 1.4, Max: 1.4, Diff: 0.0, Sum: 2.8]
      [Update RS (ms): Min: 3.0, Avg: 3.1, Max: 3.1, Diff: 0.0, Sum: 6.1]
         [Processed Buffers: Min: 69, Avg: 73.5, Max: 78, Diff: 9, Sum: 147]
      [Scan RS (ms): Min: 0.0, Avg: 0.0, Max: 0.0, Diff: 0.0, Sum: 0.1]
      [Code Root Scanning (ms): Min: 0.0, Avg: 0.0, Max: 0.0, Diff: 0.0, Sum: 0.0]
      [Object Copy (ms): Min: 0.8, Avg: 0.8, Max: 0.9, Diff: 0.0, Sum: 1.7]
      [Termination (ms): Min: 0.0, Avg: 0.0, Max: 0.0, Diff: 0.0, Sum: 0.0]
         [Termination Attempts: Min: 1, Avg: 1.0, Max: 1, Diff: 0, Sum: 2]
      [GC Worker Other (ms): Min: 0.0, Avg: 0.0, Max: 0.0, Diff: 0.0, Sum: 0.0]
      [GC Worker Total (ms): Min: 5.3, Avg: 5.4, Max: 5.4, Diff: 0.0, Sum: 10.7]
      [GC Worker End (ms): Min: 95661156.4, Avg: 95661156.4, Max: 95661156.4, Diff: 0.0]
   [Code Root Fixup: 0.0 ms]
   [Code Root Purge: 0.0 ms]
   [Clear CT: 0.1 ms]
   [Other: 1.2 ms]
      [Choose CSet: 0.0 ms]
      [Ref Proc: 0.8 ms]
      [Ref Enq: 0.1 ms]
      [Redirty Cards: 0.1 ms]
      [Humongous Register: 0.1 ms]
      [Humongous Reclaim: 0.0 ms]
      [Free CSet: 0.0 ms]
   [Eden: 25600.0K(25600.0K)->0.0B(131.0M) Survivors: 0.0B->4096.0K Heap: 315.1M(512.0M)->284.2M(512.0M)]
Heap after GC invocations=183 (full 0):
 garbage-first heap   total 524288K, used 290993K [0x00000000e0000000, 0x00000000e0101000, 0x0000000100000000)
  region size 1024K, 4 young (4096K), 4 survivors (4096K)
 Metaspace       used 55183K, capacity 57250K, committed 57856K, reserved 1099776K
  class space    used 6533K, capacity 6999K, committed 7168K, reserved 1048576K
}
 [Times: user=0.01 sys=0.00, real=0.01 secs] 
2023-04-21T22:25:00.805+0000: 95661.158: Total time for which application threads were stopped: 0.0069504 seconds, Stopping threads took: 0.0000306 seconds
{Heap before GC invocations=183 (full 0):
 garbage-first heap   total 524288K, used 299185K [0x00000000e0000000, 0x00000000e0101000, 0x0000000100000000)
  region size 1024K, 13 young (13312K), 4 survivors (4096K)
 Metaspace       used 55183K, capacity 57250K, committed 57856K, reserved 1099776K
  class space    used 6533K, capacity 6999K, committed 7168K, reserved 1048576K
2023-04-21T22:25:00.912+0000: 95661.265: [GC pause (G1 Humongous Allocation) (young) (initial-mark)
Desired survivor size 8912896 bytes, new threshold 15 (max 15)
- age   1:    3596952 bytes,    3596952 total
, 0.0043092 secs]
   [Parallel Time: 3.0 ms, GC Workers: 2]
      [GC Worker Start (ms): Min: 95661265.5, Avg: 95661265.5, Max: 95661265.5, Diff: 0.0]
      [Ext Root Scanning (ms): Min: 1.8, Avg: 1.8, Max: 1.8, Diff: 0.1, Sum: 3.6]
      [Update RS (ms): Min: 0.1, Avg: 0.1, Max: 0.2, Diff: 0.0, Sum: 0.3]
         [Processed Buffers: Min: 1, Avg: 2.5, Max: 4, Diff: 3, Sum: 5]
      [Scan RS (ms): Min: 0.0, Avg: 0.0, Max: 0.0, Diff: 0.0, Sum: 0.0]
      [Code Root Scanning (ms): Min: 0.0, Avg: 0.0, Max: 0.0, Diff: 0.0, Sum: 0.0]
      [Object Copy (ms): Min: 0.7, Avg: 0.8, Max: 0.9, Diff: 0.2, Sum: 1.6]
      [Termination (ms): Min: 0.0, Avg: 0.0, Max: 0.1, Diff: 0.1, Sum: 0.1]
         [Termination Attempts: Min: 1, Avg: 1.0, Max: 1, Diff: 0, Sum: 2]
      [GC Worker Other (ms): Min: 0.0, Avg: 0.0, Max: 0.0, Diff: 0.0, Sum: 0.0]
      [GC Worker Total (ms): Min: 2.8, Avg: 2.8, Max: 2.8, Diff: 0.0, Sum: 5.6]
      [GC Worker End (ms): Min: 95661268.3, Avg: 95661268.3, Max: 95661268.3, Diff: 0.0]
   [Code Root Fixup: 0.0 ms]
   [Code Root Purge: 0.0 ms]
   [Clear CT: 0.1 ms]
   [Other: 1.3 ms]
      [Choose CSet: 0.0 ms]
      [Ref Proc: 0.9 ms]
      [Ref Enq: 0.1 ms]
      [Redirty Cards: 0.1 ms]
      [Humongous Register: 0.1 ms]
      [Humongous Reclaim: 0.0 ms]
      [Free CSet: 0.0 ms]
   [Eden: 9216.0K(131.0M)->0.0B(130.0M) Survivors: 4096.0K->7168.0K Heap: 293.2M(512.0M)->280.9M(512.0M)]
Heap after GC invocations=184 (full 0):
 garbage-first heap   total 524288K, used 287600K [0x00000000e0000000, 0x00000000e0101000, 0x0000000100000000)
  region size 1024K, 7 young (7168K), 7 survivors (7168K)
 Metaspace       used 55183K, capacity 57250K, committed 57856K, reserved 1099776K
  class space    used 6533K, capacity 6999K, committed 7168K, reserved 1048576K
}
 [Times: user=0.01 sys=0.00, real=0.00 secs] 
2023-04-21T22:25:00.917+0000: 95661.270: 2023-04-21T22:25:00.917+0000: [GC concurrent-root-region-scan-start]
95661.270: Total time for which application threads were stopped: 0.0046184 seconds, Stopping threads took: 0.0000347 seconds
2023-04-21T22:25:00.918+0000: 95661.270: [GC concurrent-root-region-scan-end, 0.0008203 secs]
2023-04-21T22:25:00.918+0000: 95661.270: [GC concurrent-mark-start]
2023-04-21T22:25:00.991+0000: 95661.343: [GC concurrent-mark-end, 0.0727697 secs]
2023-04-21T22:25:00.991+0000: 95661.343: [GC remark 2023-04-21T22:25:00.991+0000: 95661.343: [Finalize Marking, 0.0002790 secs] 2023-04-21T22:25:00.991+0000: 95661.344: [GC ref-proc, 0.0016396 secs] 2023-04-21T22:25:00.993+0000: 95661.345: [Unloading, 0.0125897 secs], 0.0153607 secs]
 [Times: user=0.03 sys=0.00, real=0.01 secs] 
2023-04-21T22:25:01.006+0000: 95661.359: Total time for which application threads were stopped: 0.0155306 seconds, Stopping threads took: 0.0000333 seconds
2023-04-21T22:25:01.006+0000: 95661.359: [GC cleanup 284M->251M(512M), 0.0010643 secs]
 [Times: user=0.01 sys=0.00, real=0.00 secs] 
2023-04-21T22:25:01.007+0000: 95661.360: Total time for which application threads were stopped: 0.0012160 seconds, Stopping threads took: 0.0000401 seconds
2023-04-21T22:25:01.008+0000: 95661.361: [GC concurrent-cleanup-start]
2023-04-21T22:25:01.009+0000: 95661.361: [GC concurrent-cleanup-end, 0.0000558 secs]
{Heap before GC invocations=185 (full 0):
 garbage-first heap   total 524288K, used 437434K [0x00000000e0000000, 0x00000000e0101000, 0x0000000100000000)
  region size 1024K, 137 young (140288K), 7 survivors (7168K)
 Metaspace       used 55183K, capacity 57250K, committed 57856K, reserved 1099776K
  class space    used 6533K, capacity 6999K, committed 7168K, reserved 1048576K
2023-04-21T22:25:03.542+0000: 95663.894: [GC pause (G1 Evacuation Pause) (young)
Desired survivor size 9437184 bytes, new threshold 15 (max 15)
- age   1:    2481768 bytes,    2481768 total
- age   2:    2651000 bytes,    5132768 total
, 0.0128350 secs]
   [Parallel Time: 11.2 ms, GC Workers: 2]
      [GC Worker Start (ms): Min: 95663894.5, Avg: 95663894.5, Max: 95663894.5, Diff: 0.0]
      [Ext Root Scanning (ms): Min: 1.4, Avg: 1.4, Max: 1.4, Diff: 0.0, Sum: 2.8]
      [Update RS (ms): Min: 7.3, Avg: 7.3, Max: 7.4, Diff: 0.1, Sum: 14.6]
         [Processed Buffers: Min: 201, Avg: 202.0, Max: 203, Diff: 2, Sum: 404]
      [Scan RS (ms): Min: 0.1, Avg: 0.1, Max: 0.1, Diff: 0.0, Sum: 0.2]
      [Code Root Scanning (ms): Min: 0.0, Avg: 0.0, Max: 0.1, Diff: 0.0, Sum: 0.1]
      [Object Copy (ms): Min: 2.2, Avg: 2.2, Max: 2.2, Diff: 0.0, Sum: 4.4]
      [Termination (ms): Min: 0.0, Avg: 0.0, Max: 0.0, Diff: 0.0, Sum: 0.0]
         [Termination Attempts: Min: 1, Avg: 1.0, Max: 1, Diff: 0, Sum: 2]
      [GC Worker Other (ms): Min: 0.0, Avg: 0.0, Max: 0.0, Diff: 0.0, Sum: 0.0]
      [GC Worker Total (ms): Min: 11.1, Avg: 11.1, Max: 11.1, Diff: 0.0, Sum: 22.2]
      [GC Worker End (ms): Min: 95663905.6, Avg: 95663905.6, Max: 95663905.6, Diff: 0.0]
   [Code Root Fixup: 0.0 ms]
   [Code Root Purge: 0.0 ms]
   [Clear CT: 0.1 ms]
   [Other: 1.5 ms]
      [Choose CSet: 0.0 ms]
      [Ref Proc: 0.9 ms]
      [Ref Enq: 0.1 ms]
      [Redirty Cards: 0.1 ms]
      [Humongous Register: 0.1 ms]
      [Humongous Reclaim: 0.1 ms]
      [Free CSet: 0.1 ms]
   [Eden: 130.0M(130.0M)->0.0B(10240.0K) Survivors: 7168.0K->15360.0K Heap: 427.2M(512.0M)->264.1M(512.0M)]
Heap after GC invocations=186 (full 0):
 garbage-first heap   total 524288K, used 270400K [0x00000000e0000000, 0x00000000e0101000, 0x0000000100000000)
  region size 1024K, 15 young (15360K), 15 survivors (15360K)
 Metaspace       used 55183K, capacity 57250K, committed 57856K, reserved 1099776K
  class space    used 6533K, capacity 6999K, committed 7168K, reserved 1048576K
}
 [Times: user=0.03 sys=0.00, real=0.01 secs] 
2023-04-21T22:25:03.555+0000: 95663.907: Total time for which application threads were stopped: 0.0131791 seconds, Stopping threads took: 0.0000365 seconds
{Heap before GC invocations=186 (full 0):
 garbage-first heap   total 524288K, used 280640K [0x00000000e0000000, 0x00000000e0101000, 0x0000000100000000)
  region size 1024K, 25 young (25600K), 15 survivors (15360K)
 Metaspace       used 55183K, capacity 57250K, committed 57856K, reserved 1099776K
  class space    used 6533K, capacity 6999K, committed 7168K, reserved 1048576K
2023-04-21T22:25:03.689+0000: 95664.042: [GC pause (G1 Evacuation Pause) (mixed)
Desired survivor size 2097152 bytes, new threshold 1 (max 15)
- age   1:   11642304 bytes,   11642304 total
- age   2:     400648 bytes,   12042952 total
- age   3:    1676064 bytes,   13719016 total
, 0.0066254 secs]
   [Parallel Time: 5.1 ms, GC Workers: 2]
      [GC Worker Start (ms): Min: 95664042.1, Avg: 95664042.1, Max: 95664042.2, Diff: 0.1]
      [Ext Root Scanning (ms): Min: 1.4, Avg: 1.4, Max: 1.5, Diff: 0.1, Sum: 2.9]
      [Update RS (ms): Min: 0.1, Avg: 0.1, Max: 0.1, Diff: 0.0, Sum: 0.2]
         [Processed Buffers: Min: 2, Avg: 2.5, Max: 3, Diff: 1, Sum: 5]
      [Scan RS (ms): Min: 0.2, Avg: 0.2, Max: 0.3, Diff: 0.1, Sum: 0.5]
      [Code Root Scanning (ms): Min: 0.0, Avg: 0.1, Max: 0.1, Diff: 0.1, Sum: 0.2]
      [Object Copy (ms): Min: 3.0, Avg: 3.0, Max: 3.0, Diff: 0.0, Sum: 6.0]
      [Termination (ms): Min: 0.0, Avg: 0.0, Max: 0.0, Diff: 0.0, Sum: 0.0]
         [Termination Attempts: Min: 1, Avg: 1.0, Max: 1, Diff: 0, Sum: 2]
      [GC Worker Other (ms): Min: 0.0, Avg: 0.0, Max: 0.0, Diff: 0.0, Sum: 0.0]
      [GC Worker Total (ms): Min: 4.9, Avg: 4.9, Max: 5.0, Diff: 0.1, Sum: 9.9]
      [GC Worker End (ms): Min: 95664047.0, Avg: 95664047.0, Max: 95664047.1, Diff: 0.0]
   [Code Root Fixup: 0.0 ms]
   [Code Root Purge: 0.0 ms]
   [Clear CT: 0.1 ms]
   [Other: 1.4 ms]
      [Choose CSet: 0.0 ms]
      [Ref Proc: 0.9 ms]
      [Ref Enq: 0.1 ms]
      [Redirty Cards: 0.1 ms]
      [Humongous Register: 0.1 ms]
      [Humongous Reclaim: 0.0 ms]
      [Free CSet: 0.1 ms]
   [Eden: 10240.0K(10240.0K)->0.0B(188.0M) Survivors: 15360.0K->3072.0K Heap: 274.1M(512.0M)->220.4M(512.0M)]
Heap after GC invocations=187 (full 0):
 garbage-first heap   total 524288K, used 225707K [0x00000000e0000000, 0x00000000e0101000, 0x0000000100000000)
  region size 1024K, 3 young (3072K), 3 survivors (3072K)
 Metaspace       used 55183K, capacity 57250K, committed 57856K, reserved 1099776K
  class space    used 6533K, capacity 6999K, committed 7168K, reserved 1048576K
}
 [Times: user=0.01 sys=0.00, real=0.01 secs] 
2023-04-21T22:25:03.696+0000: 95664.049: Total time for which application threads were stopped: 0.0069275 seconds, Stopping threads took: 0.0000379 seconds
{Heap before GC invocations=187 (full 0):
 garbage-first heap   total 524288K, used 228779K [0x00000000e0000000, 0x00000000e0101000, 0x0000000100000000)
  region size 1024K, 7 young (7168K), 3 survivors (3072K)
 Metaspace       used 55183K, capacity 57250K, committed 57856K, reserved 1099776K
  class space    used 6533K, capacity 6999K, committed 7168K, reserved 1048576K
2023-04-21T22:25:03.737+0000: 95664.090: [GC pause (G1 Humongous Allocation) (young) (initial-mark)
Desired survivor size 12582912 bytes, new threshold 15 (max 15)
- age   1:    2282920 bytes,    2282920 total
, 0.0047410 secs]
   [Parallel Time: 3.3 ms, GC Workers: 2]
      [GC Worker Start (ms): Min: 95664090.0, Avg: 95664090.0, Max: 95664090.0, Diff: 0.0]
      [Ext Root Scanning (ms): Min: 1.8, Avg: 1.9, Max: 1.9, Diff: 0.1, Sum: 3.8]
      [Update RS (ms): Min: 0.6, Avg: 0.7, Max: 0.8, Diff: 0.2, Sum: 1.4]
         [Processed Buffers: Min: 2, Avg: 3.5, Max: 5, Diff: 3, Sum: 7]
      [Scan RS (ms): Min: 0.0, Avg: 0.0, Max: 0.0, Diff: 0.0, Sum: 0.0]
      [Code Root Scanning (ms): Min: 0.0, Avg: 0.0, Max: 0.0, Diff: 0.0, Sum: 0.0]
      [Object Copy (ms): Min: 0.4, Avg: 0.6, Max: 0.7, Diff: 0.2, Sum: 1.1]
      [Termination (ms): Min: 0.0, Avg: 0.0, Max: 0.0, Diff: 0.0, Sum: 0.0]
         [Termination Attempts: Min: 1, Avg: 1.0, Max: 1, Diff: 0, Sum: 2]
      [GC Worker Other (ms): Min: 0.0, Avg: 0.0, Max: 0.0, Diff: 0.0, Sum: 0.0]
      [GC Worker Total (ms): Min: 3.2, Avg: 3.2, Max: 3.2, Diff: 0.0, Sum: 6.3]
      [GC Worker End (ms): Min: 95664093.2, Avg: 95664093.2, Max: 95664093.2, Diff: 0.0]
   [Code Root Fixup: 0.0 ms]
   [Code Root Purge: 0.0 ms]
   [Clear CT: 0.1 ms]
   [Other: 1.3 ms]
      [Choose CSet: 0.0 ms]
      [Ref Proc: 0.9 ms]
      [Ref Enq: 0.1 ms]
      [Redirty Cards: 0.1 ms]
      [Humongous Register: 0.1 ms]
      [Humongous Reclaim: 0.0 ms]
      [Free CSet: 0.0 ms]
   [Eden: 4096.0K(188.0M)->0.0B(192.0M) Survivors: 3072.0K->5120.0K Heap: 223.9M(512.0M)->222.1M(512.0M)]
Heap after GC invocations=188 (full 0):
 garbage-first heap   total 524288K, used 227432K [0x00000000e0000000, 0x00000000e0101000, 0x0000000100000000)
  region size 1024K, 5 young (5120K), 5 survivors (5120K)
 Metaspace       used 55183K, capacity 57250K, committed 57856K, reserved 1099776K
  class space    used 6533K, capacity 6999K, committed 7168K, reserved 1048576K
}
 [Times: user=0.00 sys=0.00, real=0.01 secs] 
2023-04-21T22:25:03.742+0000: 2023-04-21T22:25:03.742+000095664.095: : [GC concurrent-root-region-scan-start]
95664.095: Total time for which application threads were stopped: 0.0050500 seconds, Stopping threads took: 0.0000327 seconds
2023-04-21T22:25:03.743+0000: 95664.095: [GC concurrent-root-region-scan-end, 0.0007665 secs]
2023-04-21T22:25:03.743+0000: 95664.095: [GC concurrent-mark-start]
2023-04-21T22:25:03.815+0000: 95664.168: [GC concurrent-mark-end, 0.0725215 secs]
2023-04-21T22:25:03.815+0000: 95664.168: [GC remark 2023-04-21T22:25:03.815+0000: 95664.168: [Finalize Marking, 0.0002187 secs] 2023-04-21T22:25:03.816+0000: 95664.168: [GC ref-proc, 0.0010910 secs] 2023-04-21T22:25:03.817+0000: 95664.169: [Unloading, 0.0131196 secs], 0.0153047 secs]
 [Times: user=0.03 sys=0.00, real=0.02 secs] 
2023-04-21T22:25:03.831+0000: 95664.183: Total time for which application threads were stopped: 0.0155336 seconds, Stopping threads took: 0.0000895 seconds
2023-04-21T22:25:03.831+0000: 95664.184: [GC cleanup 226M->210M(512M), 0.0010488 secs]
 [Times: user=0.00 sys=0.00, real=0.00 secs] 
2023-04-21T22:25:03.832+0000: 95664.185: Total time for which application threads were stopped: 0.0012248 seconds, Stopping threads took: 0.0000707 seconds
2023-04-21T22:25:03.835+0000: 95664.187: [GC concurrent-cleanup-start]
2023-04-21T22:25:03.835+0000: 95664.187: [GC concurrent-cleanup-end, 0.0000349 secs]
2023-04-21T22:25:04.423+0000: 95664.776: Total time for which application threads were stopped: 0.0001298 seconds, Stopping threads took: 0.0000320 seconds
2023-04-21T22:32:49.475+0000: 96129.828: Total time for which application threads were stopped: 0.0001278 seconds, Stopping threads took: 0.0000365 seconds
2023-04-21T22:33:16.478+0000: 96156.831: Total time for which application threads were stopped: 0.0001333 seconds, Stopping threads took: 0.0000307 seconds
2023-04-21T22:33:16.586+0000: 96156.939: Total time for which application threads were stopped: 0.0001309 seconds, Stopping threads took: 0.0000315 seconds
2023-04-21T22:33:17.110+0000: 96157.463: Total time for which application threads were stopped: 0.0001670 seconds, Stopping threads took: 0.0000302 seconds
2023-04-21T22:33:50.114+0000: 96190.467: Total time for which application threads were stopped: 0.0001475 seconds, Stopping threads took: 0.0000366 seconds
2023-04-21T22:38:50.148+0000: 96490.500: Total time for which application threads were stopped: 0.0001307 seconds, Stopping threads took: 0.0000373 seconds
2023-04-21T22:59:50.287+0000: 97750.640: Total time for which application threads were stopped: 0.0001287 seconds, Stopping threads took: 0.0000352 seconds
2023-04-21T23:14:49.387+0000: 98649.740: Total time for which application threads were stopped: 0.0001241 seconds, Stopping threads took: 0.0000346 seconds
2023-04-21T23:55:49.661+0000: 101110.014: Total time for which application threads were stopped: 0.0001284 seconds, Stopping threads took: 0.0000356 seconds
2023-04-22T01:26:50.270+0000: 106570.623: Total time for which application threads were stopped: 0.0001260 seconds, Stopping threads took: 0.0000322 seconds
{Heap before GC invocations=189 (full 0):
 garbage-first heap   total 524288K, used 420439K [0x00000000e0000000, 0x00000000e0101000, 0x0000000100000000)
  region size 1024K, 197 young (201728K), 5 survivors (5120K)
 Metaspace       used 55192K, capacity 57262K, committed 57856K, reserved 1099776K
  class space    used 6534K, capacity 7001K, committed 7168K, reserved 1048576K
2023-04-22T01:58:49.780+0000: 108490.133: [GC pause (G1 Evacuation Pause) (young)
Desired survivor size 13107200 bytes, new threshold 15 (max 15)
- age   1:     801176 bytes,     801176 total
- age   2:    2282624 bytes,    3083800 total
, 0.0063776 secs]
   [Parallel Time: 4.8 ms, GC Workers: 2]
      [GC Worker Start (ms): Min: 108490132.9, Avg: 108490132.9, Max: 108490132.9, Diff: 0.0]
      [Ext Root Scanning (ms): Min: 1.3, Avg: 1.3, Max: 1.4, Diff: 0.0, Sum: 2.7]
      [Update RS (ms): Min: 2.1, Avg: 2.2, Max: 2.2, Diff: 0.0, Sum: 4.3]
         [Processed Buffers: Min: 57, Avg: 59.5, Max: 62, Diff: 5, Sum: 119]
      [Scan RS (ms): Min: 0.1, Avg: 0.1, Max: 0.1, Diff: 0.0, Sum: 0.3]
      [Code Root Scanning (ms): Min: 0.1, Avg: 0.1, Max: 0.1, Diff: 0.0, Sum: 0.2]
      [Object Copy (ms): Min: 1.0, Avg: 1.0, Max: 1.0, Diff: 0.0, Sum: 2.0]
      [Termination (ms): Min: 0.0, Avg: 0.0, Max: 0.0, Diff: 0.0, Sum: 0.0]
         [Termination Attempts: Min: 1, Avg: 1.0, Max: 1, Diff: 0, Sum: 2]
      [GC Worker Other (ms): Min: 0.0, Avg: 0.0, Max: 0.0, Diff: 0.0, Sum: 0.0]
      [GC Worker Total (ms): Min: 4.7, Avg: 4.7, Max: 4.7, Diff: 0.0, Sum: 9.5]
      [GC Worker End (ms): Min: 108490137.7, Avg: 108490137.7, Max: 108490137.7, Diff: 0.0]
   [Code Root Fixup: 0.0 ms]
   [Code Root Purge: 0.0 ms]
   [Clear CT: 0.1 ms]
   [Other: 1.4 ms]
      [Choose CSet: 0.0 ms]
      [Ref Proc: 0.9 ms]
      [Ref Enq: 0.1 ms]
      [Redirty Cards: 0.1 ms]
      [Humongous Register: 0.1 ms]
      [Humongous Reclaim: 0.0 ms]
      [Free CSet: 0.1 ms]
   [Eden: 192.0M(192.0M)->0.0B(17408.0K) Survivors: 5120.0K->8192.0K Heap: 410.6M(512.0M)->214.8M(512.0M)]
Heap after GC invocations=190 (full 0):
 garbage-first heap   total 524288K, used 219923K [0x00000000e0000000, 0x00000000e0101000, 0x0000000100000000)
  region size 1024K, 8 young (8192K), 8 survivors (8192K)
 Metaspace       used 55192K, capacity 57262K, committed 57856K, reserved 1099776K
  class space    used 6534K, capacity 7001K, committed 7168K, reserved 1048576K
}
 [Times: user=0.01 sys=0.00, real=0.00 secs] 
2023-04-22T01:58:49.787+0000: 108490.139: Total time for which application threads were stopped: 0.0066956 seconds, Stopping threads took: 0.0000362 seconds
2023-04-22T02:06:49.839+0000: 108970.192: Total time for which application threads were stopped: 0.0001132 seconds, Stopping threads took: 0.0000310 seconds
{Heap before GC invocations=190 (full 0):
 garbage-first heap   total 524288K, used 237331K [0x00000000e0000000, 0x00000000e0101000, 0x0000000100000000)
  region size 1024K, 25 young (25600K), 8 survivors (8192K)
 Metaspace       used 55192K, capacity 57262K, committed 57856K, reserved 1099776K
  class space    used 6534K, capacity 7001K, committed 7168K, reserved 1048576K
2023-04-22T02:19:49.839+0000: 109750.192: [GC pause (G1 Evacuation Pause) (mixed)
Desired survivor size 2097152 bytes, new threshold 1 (max 15)
- age   1:    2710288 bytes,    2710288 total
- age   2:     729720 bytes,    3440008 total
- age   3:    2282624 bytes,    5722632 total
, 0.0040297 secs]
   [Parallel Time: 2.6 ms, GC Workers: 2]
      [GC Worker Start (ms): Min: 109750191.7, Avg: 109750191.7, Max: 109750191.7, Diff: 0.0]
      [Ext Root Scanning (ms): Min: 1.3, Avg: 1.3, Max: 1.3, Diff: 0.1, Sum: 2.6]
      [Update RS (ms): Min: 0.2, Avg: 0.2, Max: 0.2, Diff: 0.0, Sum: 0.4]
         [Processed Buffers: Min: 2, Avg: 4.5, Max: 7, Diff: 5, Sum: 9]
      [Scan RS (ms): Min: 0.0, Avg: 0.0, Max: 0.0, Diff: 0.0, Sum: 0.1]
      [Code Root Scanning (ms): Min: 0.0, Avg: 0.0, Max: 0.0, Diff: 0.0, Sum: 0.0]
      [Object Copy (ms): Min: 0.9, Avg: 1.0, Max: 1.0, Diff: 0.0, Sum: 1.9]
      [Termination (ms): Min: 0.0, Avg: 0.0, Max: 0.0, Diff: 0.0, Sum: 0.0]
         [Termination Attempts: Min: 1, Avg: 1.0, Max: 1, Diff: 0, Sum: 2]
      [GC Worker Other (ms): Min: 0.0, Avg: 0.0, Max: 0.0, Diff: 0.0, Sum: 0.0]
      [GC Worker Total (ms): Min: 2.5, Avg: 2.5, Max: 2.5, Diff: 0.0, Sum: 5.1]
      [GC Worker End (ms): Min: 109750194.2, Avg: 109750194.2, Max: 109750194.2, Diff: 0.0]
   [Code Root Fixup: 0.0 ms]
   [Code Root Purge: 0.0 ms]
   [Clear CT: 0.1 ms]
   [Other: 1.3 ms]
      [Choose CSet: 0.0 ms]
      [Ref Proc: 1.0 ms]
      [Ref Enq: 0.1 ms]
      [Redirty Cards: 0.1 ms]
      [Humongous Register: 0.1 ms]
      [Humongous Reclaim: 0.0 ms]
      [Free CSet: 0.0 ms]
   [Eden: 17408.0K(17408.0K)->0.0B(206.0M) Survivors: 8192.0K->1024.0K Heap: 231.8M(512.0M)->213.0M(512.0M)]
Heap after GC invocations=191 (full 0):
 garbage-first heap   total 524288K, used 218116K [0x00000000e0000000, 0x00000000e0101000, 0x0000000100000000)
  region size 1024K, 1 young (1024K), 1 survivors (1024K)
 Metaspace       used 55192K, capacity 57262K, committed 57856K, reserved 1099776K
  class space    used 6534K, capacity 7001K, committed 7168K, reserved 1048576K
}
 [Times: user=0.01 sys=0.00, real=0.00 secs] 
2023-04-22T02:19:49.843+0000: 109750.196: Total time for which application threads were stopped: 0.0042992 seconds, Stopping threads took: 0.0000327 seconds
2023-04-22T02:26:49.890+0000: 110170.243: Total time for which application threads were stopped: 0.0001332 seconds, Stopping threads took: 0.0000370 seconds
{Heap before GC invocations=191 (full 0):
 garbage-first heap   total 524288K, used 429060K [0x00000000e0000000, 0x00000000e0101000, 0x0000000100000000)
  region size 1024K, 207 young (211968K), 1 survivors (1024K)
 Metaspace       used 55194K, capacity 57262K, committed 57856K, reserved 1099776K
  class space    used 6534K, capacity 7001K, committed 7168K, reserved 1048576K
2023-04-22T06:30:50.471+0000: 124810.824: [GC pause (G1 Evacuation Pause) (young)
Desired survivor size 13631488 bytes, new threshold 15 (max 15)
- age   1:      21736 bytes,      21736 total
, 0.0035219 secs]
   [Parallel Time: 2.1 ms, GC Workers: 2]
      [GC Worker Start (ms): Min: 124810823.9, Avg: 124810823.9, Max: 124810823.9, Diff: 0.0]
      [Ext Root Scanning (ms): Min: 1.3, Avg: 1.3, Max: 1.3, Diff: 0.1, Sum: 2.6]
      [Update RS (ms): Min: 0.3, Avg: 0.3, Max: 0.4, Diff: 0.0, Sum: 0.7]
         [Processed Buffers: Min: 4, Avg: 6.0, Max: 8, Diff: 4, Sum: 12]
      [Scan RS (ms): Min: 0.1, Avg: 0.1, Max: 0.1, Diff: 0.0, Sum: 0.2]
      [Code Root Scanning (ms): Min: 0.1, Avg: 0.1, Max: 0.1, Diff: 0.0, Sum: 0.2]
      [Object Copy (ms): Min: 0.1, Avg: 0.1, Max: 0.2, Diff: 0.0, Sum: 0.3]
      [Termination (ms): Min: 0.0, Avg: 0.0, Max: 0.0, Diff: 0.0, Sum: 0.0]
         [Termination Attempts: Min: 1, Avg: 1.0, Max: 1, Diff: 0, Sum: 2]
      [GC Worker Other (ms): Min: 0.0, Avg: 0.0, Max: 0.0, Diff: 0.0, Sum: 0.0]
      [GC Worker Total (ms): Min: 2.0, Avg: 2.0, Max: 2.0, Diff: 0.0, Sum: 4.0]
      [GC Worker End (ms): Min: 124810825.9, Avg: 124810825.9, Max: 124810825.9, Diff: 0.0]
   [Code Root Fixup: 0.0 ms]
   [Code Root Purge: 0.0 ms]
   [Clear CT: 0.1 ms]
   [Other: 1.3 ms]
      [Choose CSet: 0.0 ms]
      [Ref Proc: 0.9 ms]
      [Ref Enq: 0.1 ms]
      [Redirty Cards: 0.1 ms]
      [Humongous Register: 0.1 ms]
      [Humongous Reclaim: 0.0 ms]
      [Free CSet: 0.2 ms]
   [Eden: 206.0M(206.0M)->0.0B(210.0M) Survivors: 1024.0K->1024.0K Heap: 419.0M(512.0M)->212.6M(512.0M)]
Heap after GC invocations=192 (full 0):
 garbage-first heap   total 524288K, used 217699K [0x00000000e0000000, 0x00000000e0101000, 0x0000000100000000)
  region size 1024K, 1 young (1024K), 1 survivors (1024K)
 Metaspace       used 55194K, capacity 57262K, committed 57856K, reserved 1099776K
  class space    used 6534K, capacity 7001K, committed 7168K, reserved 1048576K
}
 [Times: user=0.00 sys=0.00, real=0.00 secs] 
2023-04-22T06:30:50.475+0000: 124810.827: Total time for which application threads were stopped: 0.0037950 seconds, Stopping threads took: 0.0000314 seconds
2023-04-22T08:50:51.409+0000: 133211.762: Total time for which application threads were stopped: 0.0001253 seconds, Stopping threads took: 0.0000338 seconds
2023-04-22T09:18:51.595+0000: 134891.948: Total time for which application threads were stopped: 0.0001252 seconds, Stopping threads took: 0.0000335 seconds
2023-04-22T09:28:15.659+0000: 135456.012: Total time for which application threads were stopped: 0.0001361 seconds, Stopping threads took: 0.0000412 seconds
2023-04-22T10:18:51.997+0000: 138492.350: Total time for which application threads were stopped: 0.0001263 seconds, Stopping threads took: 0.0000350 seconds
{Heap before GC invocations=192 (full 0):
 garbage-first heap   total 524288K, used 432739K [0x00000000e0000000, 0x00000000e0101000, 0x0000000100000000)
  region size 1024K, 211 young (216064K), 1 survivors (1024K)
 Metaspace       used 55194K, capacity 57262K, committed 57856K, reserved 1099776K
  class space    used 6534K, capacity 7001K, committed 7168K, reserved 1048576K
2023-04-22T10:46:51.114+0000: 140171.467: [GC pause (G1 Evacuation Pause) (young) (initial-mark)
Desired survivor size 14155776 bytes, new threshold 15 (max 15)
- age   1:      22744 bytes,      22744 total
, 0.0038031 secs]
   [Parallel Time: 2.3 ms, GC Workers: 2]
      [GC Worker Start (ms): Min: 140171467.1, Avg: 140171467.1, Max: 140171467.1, Diff: 0.0]
      [Ext Root Scanning (ms): Min: 1.6, Avg: 1.7, Max: 1.7, Diff: 0.1, Sum: 3.3]
      [Update RS (ms): Min: 0.1, Avg: 0.1, Max: 0.1, Diff: 0.0, Sum: 0.2]
         [Processed Buffers: Min: 2, Avg: 5.5, Max: 9, Diff: 7, Sum: 11]
      [Scan RS (ms): Min: 0.1, Avg: 0.1, Max: 0.1, Diff: 0.0, Sum: 0.3]
      [Code Root Scanning (ms): Min: 0.1, Avg: 0.1, Max: 0.1, Diff: 0.0, Sum: 0.1]
      [Object Copy (ms): Min: 0.1, Avg: 0.2, Max: 0.2, Diff: 0.1, Sum: 0.3]
      [Termination (ms): Min: 0.0, Avg: 0.0, Max: 0.0, Diff: 0.0, Sum: 0.0]
         [Termination Attempts: Min: 1, Avg: 1.0, Max: 1, Diff: 0, Sum: 2]
      [GC Worker Other (ms): Min: 0.0, Avg: 0.0, Max: 0.0, Diff: 0.0, Sum: 0.0]
      [GC Worker Total (ms): Min: 2.1, Avg: 2.1, Max: 2.1, Diff: 0.0, Sum: 4.3]
      [GC Worker End (ms): Min: 140171469.3, Avg: 140171469.3, Max: 140171469.3, Diff: 0.0]
   [Code Root Fixup: 0.0 ms]
   [Code Root Purge: 0.0 ms]
   [Clear CT: 0.1 ms]
   [Other: 1.4 ms]
      [Choose CSet: 0.0 ms]
      [Ref Proc: 0.9 ms]
      [Ref Enq: 0.1 ms]
      [Redirty Cards: 0.1 ms]
      [Humongous Register: 0.1 ms]
      [Humongous Reclaim: 0.0 ms]
      [Free CSet: 0.1 ms]
   [Eden: 210.0M(210.0M)->0.0B(214.0M) Survivors: 1024.0K->1024.0K Heap: 422.6M(512.0M)->212.2M(512.0M)]
Heap after GC invocations=193 (full 0):
 garbage-first heap   total 524288K, used 217248K [0x00000000e0000000, 0x00000000e0101000, 0x0000000100000000)
  region size 1024K, 1 young (1024K), 1 survivors (1024K)
 Metaspace       used 55194K, capacity 57262K, committed 57856K, reserved 1099776K
  class space    used 6534K, capacity 7001K, committed 7168K, reserved 1048576K
}
 [Times: user=0.00 sys=0.00, real=0.00 secs] 
2023-04-22T10:46:51.118+0000: 2023-04-22T10:46:51.118+0000: 140171.471: [GC concurrent-root-region-scan-start]
140171.471: Total time for which application threads were stopped: 0.0040788 seconds, Stopping threads took: 0.0000370 seconds
2023-04-22T10:46:51.119+0000: 140171.471: [GC concurrent-root-region-scan-end, 0.0006474 secs]
2023-04-22T10:46:51.119+0000: 140171.471: [GC concurrent-mark-start]
2023-04-22T10:46:51.190+0000: 140171.543: [GC concurrent-mark-end, 0.0716623 secs]
2023-04-22T10:46:51.191+0000: 140171.543: [GC remark 2023-04-22T10:46:51.191+0000: 140171.543: [Finalize Marking, 0.0001096 secs] 2023-04-22T10:46:51.191+0000: 140171.543: [GC ref-proc, 0.0011763 secs] 2023-04-22T10:46:51.192+0000: 140171.545: [Unloading, 0.0133790 secs], 0.0155430 secs]
 [Times: user=0.03 sys=0.00, real=0.01 secs] 
2023-04-22T10:46:51.206+0000: 140171.559: Total time for which application threads were stopped: 0.0156931 seconds, Stopping threads took: 0.0000305 seconds
2023-04-22T10:46:51.206+0000: 140171.559: [GC cleanup 213M->212M(512M), 0.0010546 secs]
 [Times: user=0.00 sys=0.00, real=0.00 secs] 
2023-04-22T10:46:51.207+0000: 140171.560: Total time for which application threads were stopped: 0.0011580 seconds, Stopping threads took: 0.0000166 seconds
2023-04-22T10:46:51.207+0000: 140171.560: [GC concurrent-cleanup-start]
2023-04-22T10:46:51.207+0000: 140171.560: [GC concurrent-cleanup-end, 0.0000152 secs]
2023-04-22T10:47:51.214+0000: 140231.567: Total time for which application threads were stopped: 0.0001291 seconds, Stopping threads took: 0.0000348 seconds
2023-04-22T10:50:43.233+0000: 140403.586: Total time for which application threads were stopped: 0.0001286 seconds, Stopping threads took: 0.0000329 seconds
2023-04-22T11:03:51.320+0000: 141191.672: Total time for which application threads were stopped: 0.0001235 seconds, Stopping threads took: 0.0000333 seconds
2023-04-22T11:52:51.645+0000: 144131.998: Total time for which application threads were stopped: 0.0001245 seconds, Stopping threads took: 0.0000338 seconds
2023-04-22T12:59:52.093+0000: 148152.446: Total time for which application threads were stopped: 0.0001328 seconds, Stopping threads took: 0.0000383 seconds
2023-04-22T13:03:49.120+0000: 148389.473: Total time for which application threads were stopped: 0.0001331 seconds, Stopping threads took: 0.0000364 seconds
2023-04-22T13:03:59.121+0000: 148399.474: Total time for which application threads were stopped: 0.0001341 seconds, Stopping threads took: 0.0000343 seconds
2023-04-22T13:05:59.135+0000: 148519.488: Total time for which application threads were stopped: 0.0001270 seconds, Stopping threads took: 0.0000360 seconds
2023-04-22T13:58:52.488+0000: 151692.841: Total time for which application threads were stopped: 0.0001418 seconds, Stopping threads took: 0.0000325 seconds
2023-04-22T14:00:45.501+0000: 151805.854: Total time for which application threads were stopped: 0.0001285 seconds, Stopping threads took: 0.0000352 seconds
2023-04-22T14:01:45.508+0000: 151865.860: Total time for which application threads were stopped: 0.0001254 seconds, Stopping threads took: 0.0000332 seconds
2023-04-22T14:01:52.509+0000: 151872.861: Total time for which application threads were stopped: 0.0001243 seconds, Stopping threads took: 0.0000331 seconds
2023-04-22T14:10:43.567+0000: 152403.919: Total time for which application threads were stopped: 0.0001276 seconds, Stopping threads took: 0.0000340 seconds
2023-04-22T14:31:51.707+0000: 153672.060: Total time for which application threads were stopped: 0.0001092 seconds, Stopping threads took: 0.0000281 seconds
{Heap before GC invocations=194 (full 0):
 garbage-first heap   total 524288K, used 435360K [0x00000000e0000000, 0x00000000e0101000, 0x0000000100000000)
  region size 1024K, 215 young (220160K), 1 survivors (1024K)
 Metaspace       used 55199K, capacity 57262K, committed 57856K, reserved 1099776K
  class space    used 6534K, capacity 7001K, committed 7168K, reserved 1048576K
2023-04-22T15:07:45.223+0000: 155825.576: [GC pause (G1 Evacuation Pause) (young)
Desired survivor size 14155776 bytes, new threshold 15 (max 15)
- age   1:      23768 bytes,      23768 total
- age   2:        800 bytes,      24568 total
, 0.0032662 secs]
   [Parallel Time: 1.9 ms, GC Workers: 2]
      [GC Worker Start (ms): Min: 155825576.1, Avg: 155825576.1, Max: 155825576.1, Diff: 0.0]
      [Ext Root Scanning (ms): Min: 1.3, Avg: 1.3, Max: 1.3, Diff: 0.1, Sum: 2.6]
      [Update RS (ms): Min: 0.1, Avg: 0.1, Max: 0.2, Diff: 0.0, Sum: 0.3]
         [Processed Buffers: Min: 4, Avg: 8.5, Max: 13, Diff: 9, Sum: 17]
      [Scan RS (ms): Min: 0.1, Avg: 0.1, Max: 0.1, Diff: 0.0, Sum: 0.3]
      [Code Root Scanning (ms): Min: 0.1, Avg: 0.1, Max: 0.1, Diff: 0.0, Sum: 0.2]
      [Object Copy (ms): Min: 0.1, Avg: 0.1, Max: 0.1, Diff: 0.1, Sum: 0.2]
      [Termination (ms): Min: 0.0, Avg: 0.0, Max: 0.0, Diff: 0.0, Sum: 0.0]
         [Termination Attempts: Min: 1, Avg: 1.0, Max: 1, Diff: 0, Sum: 2]
      [GC Worker Other (ms): Min: 0.0, Avg: 0.0, Max: 0.0, Diff: 0.0, Sum: 0.0]
      [GC Worker Total (ms): Min: 1.8, Avg: 1.8, Max: 1.8, Diff: 0.0, Sum: 3.6]
      [GC Worker End (ms): Min: 155825577.9, Avg: 155825577.9, Max: 155825577.9, Diff: 0.0]
   [Code Root Fixup: 0.0 ms]
   [Code Root Purge: 0.0 ms]
   [Clear CT: 0.1 ms]
   [Other: 1.3 ms]
      [Choose CSet: 0.0 ms]
      [Ref Proc: 0.9 ms]
      [Ref Enq: 0.1 ms]
      [Redirty Cards: 0.1 ms]
      [Humongous Register: 0.1 ms]
      [Humongous Reclaim: 0.0 ms]
      [Free CSet: 0.1 ms]
   [Eden: 214.0M(214.0M)->0.0B(24576.0K) Survivors: 1024.0K->1024.0K Heap: 425.2M(512.0M)->211.0M(512.0M)]
Heap after GC invocations=195 (full 0):
 garbage-first heap   total 524288K, used 216112K [0x00000000e0000000, 0x00000000e0101000, 0x0000000100000000)
  region size 1024K, 1 young (1024K), 1 survivors (1024K)
 Metaspace       used 55199K, capacity 57262K, committed 57856K, reserved 1099776K
  class space    used 6534K, capacity 7001K, committed 7168K, reserved 1048576K
}
 [Times: user=0.01 sys=0.00, real=0.00 secs] 
2023-04-22T15:07:45.227+0000: 155825.579: Total time for which application threads were stopped: 0.0035386 seconds, Stopping threads took: 0.0000304 seconds
2023-04-22T15:07:52.228+0000: 155832.580: Total time for which application threads were stopped: 0.0001461 seconds, Stopping threads took: 0.0000532 seconds
{Heap before GC invocations=195 (full 0):
 garbage-first heap   total 524288K, used 240688K [0x00000000e0000000, 0x00000000e0101000, 0x0000000100000000)
  region size 1024K, 25 young (25600K), 1 survivors (1024K)
 Metaspace       used 55200K, capacity 57262K, committed 57856K, reserved 1099776K
  class space    used 6534K, capacity 7001K, committed 7168K, reserved 1048576K
2023-04-22T15:36:51.836+0000: 157572.188: [GC pause (G1 Evacuation Pause) (mixed)
Desired survivor size 2097152 bytes, new threshold 15 (max 15)
- age   1:      10336 bytes,      10336 total
- age   2:       1784 bytes,      12120 total
- age   3:        800 bytes,      12920 total
, 0.0030319 secs]
   [Parallel Time: 1.8 ms, GC Workers: 2]
      [GC Worker Start (ms): Min: 157572188.5, Avg: 157572188.6, Max: 157572188.6, Diff: 0.0]
      [Ext Root Scanning (ms): Min: 1.3, Avg: 1.4, Max: 1.4, Diff: 0.1, Sum: 2.7]
      [Update RS (ms): Min: 0.1, Avg: 0.1, Max: 0.1, Diff: 0.1, Sum: 0.2]
         [Processed Buffers: Min: 2, Avg: 4.5, Max: 7, Diff: 5, Sum: 9]
      [Scan RS (ms): Min: 0.0, Avg: 0.0, Max: 0.1, Diff: 0.1, Sum: 0.1]
      [Code Root Scanning (ms): Min: 0.0, Avg: 0.0, Max: 0.0, Diff: 0.0, Sum: 0.0]
      [Object Copy (ms): Min: 0.2, Avg: 0.2, Max: 0.2, Diff: 0.0, Sum: 0.4]
      [Termination (ms): Min: 0.0, Avg: 0.0, Max: 0.0, Diff: 0.0, Sum: 0.0]
         [Termination Attempts: Min: 1, Avg: 1.0, Max: 1, Diff: 0, Sum: 2]
      [GC Worker Other (ms): Min: 0.0, Avg: 0.0, Max: 0.0, Diff: 0.0, Sum: 0.0]
      [GC Worker Total (ms): Min: 1.7, Avg: 1.7, Max: 1.7, Diff: 0.0, Sum: 3.5]
      [GC Worker End (ms): Min: 157572190.3, Avg: 157572190.3, Max: 157572190.3, Diff: 0.0]
   [Code Root Fixup: 0.0 ms]
   [Code Root Purge: 0.0 ms]
   [Clear CT: 0.1 ms]
   [Other: 1.1 ms]
      [Choose CSet: 0.0 ms]
      [Ref Proc: 0.8 ms]
      [Ref Enq: 0.1 ms]
      [Redirty Cards: 0.1 ms]
      [Humongous Register: 0.1 ms]
      [Humongous Reclaim: 0.0 ms]
      [Free CSet: 0.0 ms]
   [Eden: 24576.0K(24576.0K)->0.0B(218.0M) Survivors: 1024.0K->1024.0K Heap: 235.0M(512.0M)->209.4M(512.0M)]
Heap after GC invocations=196 (full 0):
 garbage-first heap   total 524288K, used 214408K [0x00000000e0000000, 0x00000000e0101000, 0x0000000100000000)
  region size 1024K, 1 young (1024K), 1 survivors (1024K)
 Metaspace       used 55200K, capacity 57262K, committed 57856K, reserved 1099776K
  class space    used 6534K, capacity 7001K, committed 7168K, reserved 1048576K
}
 [Times: user=0.00 sys=0.00, real=0.01 secs] 
2023-04-22T15:36:51.839+0000: 157572.192: Total time for which application threads were stopped: 0.0032873 seconds, Stopping threads took: 0.0000321 seconds
2023-04-22T15:44:51.893+0000: 158052.245: Total time for which application threads were stopped: 0.0001369 seconds, Stopping threads took: 0.0000380 seconds
2023-04-22T15:45:51.899+0000: 158112.252: Total time for which application threads were stopped: 0.0001178 seconds, Stopping threads took: 0.0000316 seconds
2023-04-22T16:27:52.179+0000: 160632.531: Total time for which application threads were stopped: 0.0001415 seconds, Stopping threads took: 0.0000327 seconds
2023-04-22T16:30:52.199+0000: 160812.552: Total time for which application threads were stopped: 0.0001337 seconds, Stopping threads took: 0.0000385 seconds
2023-04-22T16:32:52.212+0000: 160932.565: Total time for which application threads were stopped: 0.0001234 seconds, Stopping threads took: 0.0000332 seconds
2023-04-22T16:34:52.226+0000: 161052.578: Total time for which application threads were stopped: 0.0001472 seconds, Stopping threads took: 0.0000430 seconds
2023-04-22T16:38:52.252+0000: 161292.605: Total time for which application threads were stopped: 0.0001273 seconds, Stopping threads took: 0.0000355 seconds
{Heap before GC invocations=196 (full 0):
 garbage-first heap   total 524288K, used 437640K [0x00000000e0000000, 0x00000000e0101000, 0x0000000100000000)
  region size 1024K, 219 young (224256K), 1 survivors (1024K)
 Metaspace       used 55200K, capacity 57262K, committed 57856K, reserved 1099776K
  class space    used 6534K, capacity 7001K, committed 7168K, reserved 1048576K
2023-04-22T20:03:52.496+0000: 173592.849: [GC pause (G1 Evacuation Pause) (young)
Desired survivor size 14680064 bytes, new threshold 15 (max 15)
- age   1:      21624 bytes,      21624 total
- age   2:       6800 bytes,      28424 total
- age   3:       1784 bytes,      30208 total
- age   4:        800 bytes,      31008 total
, 0.0033989 secs]
   [Parallel Time: 2.0 ms, GC Workers: 2]
      [GC Worker Start (ms): Min: 173592848.8, Avg: 173592848.8, Max: 173592848.8, Diff: 0.0]
      [Ext Root Scanning (ms): Min: 1.3, Avg: 1.3, Max: 1.4, Diff: 0.0, Sum: 2.7]
      [Update RS (ms): Min: 0.2, Avg: 0.2, Max: 0.2, Diff: 0.0, Sum: 0.3]
         [Processed Buffers: Min: 5, Avg: 6.5, Max: 8, Diff: 3, Sum: 13]
      [Scan RS (ms): Min: 0.1, Avg: 0.1, Max: 0.1, Diff: 0.0, Sum: 0.3]
      [Code Root Scanning (ms): Min: 0.1, Avg: 0.1, Max: 0.1, Diff: 0.0, Sum: 0.2]
      [Object Copy (ms): Min: 0.1, Avg: 0.1, Max: 0.1, Diff: 0.0, Sum: 0.3]
      [Termination (ms): Min: 0.0, Avg: 0.0, Max: 0.0, Diff: 0.0, Sum: 0.0]
         [Termination Attempts: Min: 1, Avg: 1.0, Max: 1, Diff: 0, Sum: 2]
      [GC Worker Other (ms): Min: 0.0, Avg: 0.0, Max: 0.0, Diff: 0.0, Sum: 0.0]
      [GC Worker Total (ms): Min: 1.9, Avg: 1.9, Max: 1.9, Diff: 0.0, Sum: 3.8]
      [GC Worker End (ms): Min: 173592850.7, Avg: 173592850.7, Max: 173592850.7, Diff: 0.0]
   [Code Root Fixup: 0.0 ms]
   [Code Root Purge: 0.0 ms]
   [Clear CT: 0.1 ms]
   [Other: 1.3 ms]
      [Choose CSet: 0.0 ms]
      [Ref Proc: 0.8 ms]
      [Ref Enq: 0.1 ms]
      [Redirty Cards: 0.1 ms]
      [Humongous Register: 0.1 ms]
      [Humongous Reclaim: 0.0 ms]
      [Free CSet: 0.1 ms]
   [Eden: 218.0M(218.0M)->0.0B(220.0M) Survivors: 1024.0K->1024.0K Heap: 427.4M(512.0M)->209.4M(512.0M)]
Heap after GC invocations=197 (full 0):
 garbage-first heap   total 524288K, used 214405K [0x00000000e0000000, 0x00000000e0101000, 0x0000000100000000)
  region size 1024K, 1 young (1024K), 1 survivors (1024K)
 Metaspace       used 55200K, capacity 57262K, committed 57856K, reserved 1099776K
  class space    used 6534K, capacity 7001K, committed 7168K, reserved 1048576K
}
 [Times: user=0.00 sys=0.00, real=0.01 secs] 
2023-04-22T20:03:52.499+0000: 173592.852: Total time for which application threads were stopped: 0.0036688 seconds, Stopping threads took: 0.0000327 seconds
{Heap before GC invocations=197 (full 0):
 garbage-first heap   total 524288K, used 439685K [0x00000000e0000000, 0x00000000e0101000, 0x0000000100000000)
  region size 1024K, 221 young (226304K), 1 survivors (1024K)
 Metaspace       used 55200K, capacity 57262K, committed 57856K, reserved 1099776K
  class space    used 6534K, capacity 7001K, committed 7168K, reserved 1048576K
2023-04-23T00:32:53.159+0000: 189733.512: [GC pause (G1 Evacuation Pause) (young) (initial-mark)
Desired survivor size 14680064 bytes, new threshold 15 (max 15)
- age   1:      20168 bytes,      20168 total
- age   3:       6800 bytes,      26968 total
- age   4:       1784 bytes,      28752 total
- age   5:        800 bytes,      29552 total
, 0.0039664 secs]
   [Parallel Time: 2.5 ms, GC Workers: 2]
      [GC Worker Start (ms): Min: 189733511.9, Avg: 189733511.9, Max: 189733511.9, Diff: 0.0]
      [Ext Root Scanning (ms): Min: 1.7, Avg: 1.8, Max: 1.8, Diff: 0.1, Sum: 3.5]
      [Update RS (ms): Min: 0.1, Avg: 0.1, Max: 0.1, Diff: 0.0, Sum: 0.2]
         [Processed Buffers: Min: 2, Avg: 6.0, Max: 10, Diff: 8, Sum: 12]
      [Scan RS (ms): Min: 0.1, Avg: 0.1, Max: 0.1, Diff: 0.0, Sum: 0.3]
      [Code Root Scanning (ms): Min: 0.1, Avg: 0.1, Max: 0.1, Diff: 0.0, Sum: 0.2]
      [Object Copy (ms): Min: 0.1, Avg: 0.2, Max: 0.2, Diff: 0.1, Sum: 0.4]
      [Termination (ms): Min: 0.0, Avg: 0.0, Max: 0.0, Diff: 0.0, Sum: 0.0]
         [Termination Attempts: Min: 1, Avg: 1.0, Max: 1, Diff: 0, Sum: 2]
      [GC Worker Other (ms): Min: 0.0, Avg: 0.0, Max: 0.0, Diff: 0.0, Sum: 0.0]
      [GC Worker Total (ms): Min: 2.3, Avg: 2.3, Max: 2.3, Diff: 0.0, Sum: 4.6]
      [GC Worker End (ms): Min: 189733514.2, Avg: 189733514.2, Max: 189733514.2, Diff: 0.0]
   [Code Root Fixup: 0.0 ms]
   [Code Root Purge: 0.0 ms]
   [Clear CT: 0.1 ms]
   [Other: 1.4 ms]
      [Choose CSet: 0.0 ms]
      [Ref Proc: 0.9 ms]
      [Ref Enq: 0.1 ms]
      [Redirty Cards: 0.1 ms]
      [Humongous Register: 0.1 ms]
      [Humongous Reclaim: 0.0 ms]
      [Free CSet: 0.1 ms]
   [Eden: 220.0M(220.0M)->0.0B(222.0M) Survivors: 1024.0K->1024.0K Heap: 429.4M(512.0M)->209.4M(512.0M)]
Heap after GC invocations=198 (full 0):
 garbage-first heap   total 524288K, used 214422K [0x00000000e0000000, 0x00000000e0101000, 0x0000000100000000)
  region size 1024K, 1 young (1024K), 1 survivors (1024K)
 Metaspace       used 55200K, capacity 57262K, committed 57856K, reserved 1099776K
  class space    used 6534K, capacity 7001K, committed 7168K, reserved 1048576K
}
 [Times: user=0.00 sys=0.00, real=0.00 secs] 
2023-04-23T00:32:53.163+0000: 2023-04-23T00:32:53.163+0000: 189733.516: [GC concurrent-root-region-scan-start]
189733.516: Total time for which application threads were stopped: 0.0042425 seconds, Stopping threads took: 0.0000347 seconds
2023-04-23T00:32:53.164+0000: 189733.516: [GC concurrent-root-region-scan-end, 0.0006243 secs]
2023-04-23T00:32:53.164+0000: 189733.516: [GC concurrent-mark-start]
2023-04-23T00:32:53.235+0000: 189733.588: [GC concurrent-mark-end, 0.0713267 secs]
2023-04-23T00:32:53.235+0000: 189733.588: [GC remark 2023-04-23T00:32:53.235+0000: 189733.588: [Finalize Marking, 0.0001132 secs] 2023-04-23T00:32:53.235+0000: 189733.588: [GC ref-proc, 0.0022099 secs] 2023-04-23T00:32:53.238+0000: 189733.590: [Unloading, 0.0126543 secs], 0.0158313 secs]
 [Times: user=0.02 sys=0.00, real=0.02 secs] 
2023-04-23T00:32:53.251+0000: 189733.604: Total time for which application threads were stopped: 0.0159761 seconds, Stopping threads took: 0.0000321 seconds
2023-04-23T00:32:53.251+0000: 189733.604: [GC cleanup 210M->210M(512M), 0.0010227 secs]
 [Times: user=0.01 sys=0.00, real=0.00 secs] 
2023-04-23T00:32:53.252+0000: 189733.605: Total time for which application threads were stopped: 0.0011164 seconds, Stopping threads took: 0.0000159 seconds
2023-04-23T01:30:43.637+0000: 193203.990: Total time for which application threads were stopped: 0.0001241 seconds, Stopping threads took: 0.0000335 seconds
{Heap before GC invocations=199 (full 0):
 garbage-first heap   total 524288K, used 441750K [0x00000000e0000000, 0x00000000e0101000, 0x0000000100000000)
  region size 1024K, 223 young (228352K), 1 survivors (1024K)
 Metaspace       used 55200K, capacity 57262K, committed 57856K, reserved 1099776K
  class space    used 6534K, capacity 7001K, committed 7168K, reserved 1048576K
2023-04-23T05:04:53.825+0000: 206054.178: [GC pause (G1 Evacuation Pause) (young)
Desired survivor size 14680064 bytes, new threshold 15 (max 15)
- age   1:      22016 bytes,      22016 total
- age   2:       3544 bytes,      25560 total
- age   4:       6800 bytes,      32360 total
- age   5:       1784 bytes,      34144 total
- age   6:        800 bytes,      34944 total
, 0.0033798 secs]
   [Parallel Time: 2.0 ms, GC Workers: 2]
      [GC Worker Start (ms): Min: 206054178.4, Avg: 206054178.4, Max: 206054178.4, Diff: 0.0]
      [Ext Root Scanning (ms): Min: 1.3, Avg: 1.4, Max: 1.4, Diff: 0.0, Sum: 2.7]
      [Update RS (ms): Min: 0.1, Avg: 0.1, Max: 0.1, Diff: 0.0, Sum: 0.2]
         [Processed Buffers: Min: 2, Avg: 6.0, Max: 10, Diff: 8, Sum: 12]
      [Scan RS (ms): Min: 0.1, Avg: 0.1, Max: 0.2, Diff: 0.0, Sum: 0.3]
      [Code Root Scanning (ms): Min: 0.1, Avg: 0.1, Max: 0.1, Diff: 0.0, Sum: 0.2]
      [Object Copy (ms): Min: 0.1, Avg: 0.2, Max: 0.2, Diff: 0.1, Sum: 0.3]
      [Termination (ms): Min: 0.0, Avg: 0.0, Max: 0.0, Diff: 0.0, Sum: 0.0]
         [Termination Attempts: Min: 1, Avg: 1.0, Max: 1, Diff: 0, Sum: 2]
      [GC Worker Other (ms): Min: 0.0, Avg: 0.0, Max: 0.0, Diff: 0.0, Sum: 0.0]
      [GC Worker Total (ms): Min: 1.9, Avg: 1.9, Max: 1.9, Diff: 0.0, Sum: 3.8]
      [GC Worker End (ms): Min: 206054180.3, Avg: 206054180.3, Max: 206054180.3, Diff: 0.0]
   [Code Root Fixup: 0.0 ms]
   [Code Root Purge: 0.0 ms]
   [Clear CT: 0.1 ms]
   [Other: 1.3 ms]
      [Choose CSet: 0.0 ms]
      [Ref Proc: 0.8 ms]
      [Ref Enq: 0.1 ms]
      [Redirty Cards: 0.1 ms]
      [Humongous Register: 0.1 ms]
      [Humongous Reclaim: 0.0 ms]
      [Free CSet: 0.2 ms]
   [Eden: 222.0M(222.0M)->0.0B(223.0M) Survivors: 1024.0K->1024.0K Heap: 431.4M(512.0M)->209.4M(512.0M)]
Heap after GC invocations=200 (full 0):
 garbage-first heap   total 524288K, used 214431K [0x00000000e0000000, 0x00000000e0101000, 0x0000000100000000)
  region size 1024K, 1 young (1024K), 1 survivors (1024K)
 Metaspace       used 55200K, capacity 57262K, committed 57856K, reserved 1099776K
  class space    used 6534K, capacity 7001K, committed 7168K, reserved 1048576K
}
 [Times: user=0.01 sys=0.00, real=0.00 secs] 
2023-04-23T05:04:53.829+0000: 206054.182: Total time for which application threads were stopped: 0.0036402 seconds, Stopping threads took: 0.0000332 seconds
{Heap before GC invocations=200 (full 0):
 garbage-first heap   total 524288K, used 442783K [0x00000000e0000000, 0x00000000e0101000, 0x0000000100000000)
  region size 1024K, 224 young (229376K), 1 survivors (1024K)
 Metaspace       used 55200K, capacity 57262K, committed 57856K, reserved 1099776K
  class space    used 6534K, capacity 7001K, committed 7168K, reserved 1048576K
2023-04-23T09:38:12.367+0000: 222452.720: [GC pause (G1 Evacuation Pause) (young)
Desired survivor size 14680064 bytes, new threshold 15 (max 15)
- age   1:      31976 bytes,      31976 total
- age   3:       3544 bytes,      35520 total
- age   5:       6704 bytes,      42224 total
- age   6:       1784 bytes,      44008 total
- age   7:        800 bytes,      44808 total
, 0.0032788 secs]
   [Parallel Time: 1.9 ms, GC Workers: 2]
      [GC Worker Start (ms): Min: 222452719.9, Avg: 222452719.9, Max: 222452719.9, Diff: 0.0]
      [Ext Root Scanning (ms): Min: 1.3, Avg: 1.3, Max: 1.3, Diff: 0.1, Sum: 2.6]
      [Update RS (ms): Min: 0.1, Avg: 0.1, Max: 0.1, Diff: 0.0, Sum: 0.3]
         [Processed Buffers: Min: 2, Avg: 6.0, Max: 10, Diff: 8, Sum: 12]
      [Scan RS (ms): Min: 0.1, Avg: 0.1, Max: 0.2, Diff: 0.0, Sum: 0.3]
      [Code Root Scanning (ms): Min: 0.1, Avg: 0.1, Max: 0.1, Diff: 0.0, Sum: 0.2]
      [Object Copy (ms): Min: 0.1, Avg: 0.1, Max: 0.1, Diff: 0.0, Sum: 0.2]
      [Termination (ms): Min: 0.0, Avg: 0.0, Max: 0.0, Diff: 0.0, Sum: 0.0]
         [Termination Attempts: Min: 1, Avg: 1.0, Max: 1, Diff: 0, Sum: 2]
      [GC Worker Other (ms): Min: 0.0, Avg: 0.0, Max: 0.0, Diff: 0.0, Sum: 0.0]
      [GC Worker Total (ms): Min: 1.8, Avg: 1.8, Max: 1.8, Diff: 0.0, Sum: 3.6]
      [GC Worker End (ms): Min: 222452721.7, Avg: 222452721.7, Max: 222452721.7, Diff: 0.0]
   [Code Root Fixup: 0.0 ms]
   [Code Root Purge: 0.0 ms]
   [Clear CT: 0.1 ms]
   [Other: 1.3 ms]
      [Choose CSet: 0.0 ms]
      [Ref Proc: 0.8 ms]
      [Ref Enq: 0.1 ms]
      [Redirty Cards: 0.1 ms]
      [Humongous Register: 0.1 ms]
      [Humongous Reclaim: 0.0 ms]
      [Free CSet: 0.1 ms]
   [Eden: 223.0M(223.0M)->0.0B(224.0M) Survivors: 1024.0K->1024.0K Heap: 432.4M(512.0M)->209.4M(512.0M)]
Heap after GC invocations=201 (full 0):
 garbage-first heap   total 524288K, used 214407K [0x00000000e0000000, 0x00000000e0101000, 0x0000000100000000)
  region size 1024K, 1 young (1024K), 1 survivors (1024K)
 Metaspace       used 55200K, capacity 57262K, committed 57856K, reserved 1099776K
  class space    used 6534K, capacity 7001K, committed 7168K, reserved 1048576K
}
 [Times: user=0.01 sys=0.00, real=0.00 secs] 
2023-04-23T09:38:12.370+0000: 222452.723: Total time for which application threads were stopped: 0.0035481 seconds, Stopping threads took: 0.0000330 seconds
{Heap before GC invocations=201 (full 0):
 garbage-first heap   total 524288K, used 443783K [0x00000000e0000000, 0x00000000e0101000, 0x0000000100000000)
  region size 1024K, 225 young (230400K), 1 survivors (1024K)
 Metaspace       used 55202K, capacity 57262K, committed 57856K, reserved 1099776K
  class space    used 6534K, capacity 7001K, committed 7168K, reserved 1048576K
2023-04-23T14:12:55.164+0000: 238935.517: [GC pause (G1 Evacuation Pause) (young) (initial-mark)
Desired survivor size 15204352 bytes, new threshold 15 (max 15)
- age   1:       1648 bytes,       1648 total
- age   4:       3544 bytes,       5192 total
- age   6:       6704 bytes,      11896 total
- age   7:       1784 bytes,      13680 total
- age   8:        800 bytes,      14480 total
, 0.0041620 secs]
   [Parallel Time: 2.5 ms, GC Workers: 2]
      [GC Worker Start (ms): Min: 238935517.2, Avg: 238935517.2, Max: 238935517.3, Diff: 0.0]
      [Ext Root Scanning (ms): Min: 1.7, Avg: 1.8, Max: 1.8, Diff: 0.1, Sum: 3.5]
      [Update RS (ms): Min: 0.1, Avg: 0.1, Max: 0.2, Diff: 0.0, Sum: 0.3]
         [Processed Buffers: Min: 2, Avg: 7.0, Max: 12, Diff: 10, Sum: 14]
      [Scan RS (ms): Min: 0.1, Avg: 0.1, Max: 0.1, Diff: 0.0, Sum: 0.3]
      [Code Root Scanning (ms): Min: 0.1, Avg: 0.1, Max: 0.1, Diff: 0.0, Sum: 0.2]
      [Object Copy (ms): Min: 0.2, Avg: 0.2, Max: 0.2, Diff: 0.0, Sum: 0.4]
      [Termination (ms): Min: 0.0, Avg: 0.0, Max: 0.0, Diff: 0.0, Sum: 0.0]
         [Termination Attempts: Min: 1, Avg: 1.0, Max: 1, Diff: 0, Sum: 2]
      [GC Worker Other (ms): Min: 0.0, Avg: 0.0, Max: 0.0, Diff: 0.0, Sum: 0.0]
      [GC Worker Total (ms): Min: 2.3, Avg: 2.3, Max: 2.4, Diff: 0.0, Sum: 4.7]
      [GC Worker End (ms): Min: 238935519.6, Avg: 238935519.6, Max: 238935519.6, Diff: 0.0]
   [Code Root Fixup: 0.0 ms]
   [Code Root Purge: 0.0 ms]
   [Clear CT: 0.1 ms]
   [Other: 1.5 ms]
      [Choose CSet: 0.0 ms]
      [Ref Proc: 1.0 ms]
      [Ref Enq: 0.1 ms]
      [Redirty Cards: 0.1 ms]
      [Humongous Register: 0.1 ms]
      [Humongous Reclaim: 0.0 ms]
      [Free CSet: 0.1 ms]
   [Eden: 224.0M(224.0M)->0.0B(224.0M) Survivors: 1024.0K->1024.0K Heap: 433.4M(512.0M)->209.4M(512.0M)]
Heap after GC invocations=202 (full 0):
 garbage-first heap   total 524288K, used 214414K [0x00000000e0000000, 0x00000000e0101000, 0x0000000100000000)
  region size 1024K, 1 young (1024K), 1 survivors (1024K)
 Metaspace       used 55202K, capacity 57262K, committed 57856K, reserved 1099776K
  class space    used 6534K, capacity 7001K, committed 7168K, reserved 1048576K
}
 [Times: user=0.00 sys=0.00, real=0.00 secs] 
2023-04-23T14:12:55.169+0000: 238935.521: [GC concurrent-root-region-scan-start]
2023-04-23T14:12:55.169+0000: 238935.521: Total time for which application threads were stopped: 0.0044518 seconds, Stopping threads took: 0.0000321 seconds
2023-04-23T14:12:55.171+0000: 238935.524: [GC concurrent-root-region-scan-end, 0.0023701 secs]
2023-04-23T14:12:55.171+0000: 238935.524: [GC concurrent-mark-start]
2023-04-23T14:12:55.243+0000: 238935.595: [GC concurrent-mark-end, 0.0718442 secs]
2023-04-23T14:12:55.243+0000: 238935.596: [GC remark 2023-04-23T14:12:55.243+0000: 238935.596: [Finalize Marking, 0.0000994 secs] 2023-04-23T14:12:55.243+0000: 238935.596: [GC ref-proc, 0.0022541 secs] 2023-04-23T14:12:55.245+0000: 238935.598: [Unloading, 0.0127316 secs], 0.0159552 secs]
 [Times: user=0.03 sys=0.00, real=0.02 secs] 
2023-04-23T14:12:55.259+0000: 238935.612: Total time for which application threads were stopped: 0.0161066 seconds, Stopping threads took: 0.0000331 seconds
2023-04-23T14:12:55.259+0000: 238935.612: [GC cleanup 210M->210M(512M), 0.0010424 secs]
 [Times: user=0.00 sys=0.00, real=0.00 secs] 
2023-04-23T14:12:55.260+0000: 238935.613: Total time for which application threads were stopped: 0.0011446 seconds, Stopping threads took: 0.0000221 seconds
{Heap before GC invocations=203 (full 0):
 garbage-first heap   total 524288K, used 443790K [0x00000000e0000000, 0x00000000e0101000, 0x0000000100000000)
  region size 1024K, 225 young (230400K), 1 survivors (1024K)
 Metaspace       used 55202K, capacity 57262K, committed 57856K, reserved 1099776K
  class space    used 6534K, capacity 7001K, committed 7168K, reserved 1048576K
2023-04-23T18:46:55.836+0000: 255376.189: [GC pause (G1 Evacuation Pause) (young)
Desired survivor size 15204352 bytes, new threshold 15 (max 15)
- age   1:      25696 bytes,      25696 total
- age   5:       3544 bytes,      29240 total
- age   7:       6704 bytes,      35944 total
- age   8:       1784 bytes,      37728 total
- age   9:        800 bytes,      38528 total
, 0.0034804 secs]
   [Parallel Time: 2.0 ms, GC Workers: 2]
      [GC Worker Start (ms): Min: 255376189.3, Avg: 255376189.3, Max: 255376189.3, Diff: 0.0]
      [Ext Root Scanning (ms): Min: 1.4, Avg: 1.4, Max: 1.4, Diff: 0.0, Sum: 2.7]
      [Update RS (ms): Min: 0.1, Avg: 0.1, Max: 0.1, Diff: 0.0, Sum: 0.2]
         [Processed Buffers: Min: 2, Avg: 6.0, Max: 10, Diff: 8, Sum: 12]
      [Scan RS (ms): Min: 0.1, Avg: 0.1, Max: 0.1, Diff: 0.0, Sum: 0.3]
      [Code Root Scanning (ms): Min: 0.1, Avg: 0.1, Max: 0.1, Diff: 0.1, Sum: 0.2]
      [Object Copy (ms): Min: 0.2, Avg: 0.2, Max: 0.2, Diff: 0.1, Sum: 0.4]
      [Termination (ms): Min: 0.0, Avg: 0.0, Max: 0.0, Diff: 0.0, Sum: 0.0]
         [Termination Attempts: Min: 1, Avg: 1.0, Max: 1, Diff: 0, Sum: 2]
      [GC Worker Other (ms): Min: 0.0, Avg: 0.0, Max: 0.0, Diff: 0.0, Sum: 0.0]
      [GC Worker Total (ms): Min: 1.9, Avg: 1.9, Max: 1.9, Diff: 0.0, Sum: 3.9]
      [GC Worker End (ms): Min: 255376191.2, Avg: 255376191.3, Max: 255376191.3, Diff: 0.0]
   [Code Root Fixup: 0.0 ms]
   [Code Root Purge: 0.0 ms]
   [Clear CT: 0.1 ms]
   [Other: 1.3 ms]
      [Choose CSet: 0.0 ms]
      [Ref Proc: 0.9 ms]
      [Ref Enq: 0.1 ms]
      [Redirty Cards: 0.1 ms]
      [Humongous Register: 0.1 ms]
      [Humongous Reclaim: 0.0 ms]
      [Free CSet: 0.2 ms]
   [Eden: 224.0M(224.0M)->0.0B(225.0M) Survivors: 1024.0K->1024.0K Heap: 433.4M(512.0M)->209.4M(512.0M)]
Heap after GC invocations=204 (full 0):
 garbage-first heap   total 524288K, used 214429K [0x00000000e0000000, 0x00000000e0101000, 0x0000000100000000)
  region size 1024K, 1 young (1024K), 1 survivors (1024K)
 Metaspace       used 55202K, capacity 57262K, committed 57856K, reserved 1099776K
  class space    used 6534K, capacity 7001K, committed 7168K, reserved 1048576K
}
 [Times: user=0.00 sys=0.01, real=0.01 secs] 
2023-04-23T18:46:55.840+0000: 255376.193: Total time for which application threads were stopped: 0.0037269 seconds, Stopping threads took: 0.0000313 seconds
2023-04-23T21:55:57.099+0000: 266717.451: Total time for which application threads were stopped: 0.0001225 seconds, Stopping threads took: 0.0000323 seconds
2023-04-23T22:10:43.197+0000: 267603.550: Total time for which application threads were stopped: 0.0001223 seconds, Stopping threads took: 0.0000308 seconds
{Heap before GC invocations=204 (full 0):
 garbage-first heap   total 524288K, used 444829K [0x00000000e0000000, 0x00000000e0101000, 0x0000000100000000)
  region size 1024K, 226 young (231424K), 1 survivors (1024K)
 Metaspace       used 55202K, capacity 57262K, committed 57856K, reserved 1099776K
  class space    used 6534K, capacity 7001K, committed 7168K, reserved 1048576K
2023-04-23T23:22:56.512+0000: 271936.865: [GC pause (G1 Evacuation Pause) (young)
Desired survivor size 15204352 bytes, new threshold 15 (max 15)
- age   1:      32104 bytes,      32104 total
- age   2:        160 bytes,      32264 total
- age   6:       3544 bytes,      35808 total
- age   8:       6704 bytes,      42512 total
- age   9:       1784 bytes,      44296 total
- age  10:        800 bytes,      45096 total
, 0.0034085 secs]
   [Parallel Time: 2.0 ms, GC Workers: 2]
      [GC Worker Start (ms): Min: 271936864.7, Avg: 271936864.7, Max: 271936864.7, Diff: 0.0]
      [Ext Root Scanning (ms): Min: 1.3, Avg: 1.3, Max: 1.4, Diff: 0.0, Sum: 2.7]
      [Update RS (ms): Min: 0.1, Avg: 0.1, Max: 0.1, Diff: 0.0, Sum: 0.2]
         [Processed Buffers: Min: 2, Avg: 6.5, Max: 11, Diff: 9, Sum: 13]
      [Scan RS (ms): Min: 0.1, Avg: 0.1, Max: 0.2, Diff: 0.0, Sum: 0.3]
      [Code Root Scanning (ms): Min: 0.1, Avg: 0.1, Max: 0.1, Diff: 0.0, Sum: 0.2]
      [Object Copy (ms): Min: 0.2, Avg: 0.2, Max: 0.2, Diff: 0.0, Sum: 0.3]
      [Termination (ms): Min: 0.0, Avg: 0.0, Max: 0.0, Diff: 0.0, Sum: 0.0]
         [Termination Attempts: Min: 1, Avg: 1.0, Max: 1, Diff: 0, Sum: 2]
      [GC Worker Other (ms): Min: 0.0, Avg: 0.0, Max: 0.0, Diff: 0.0, Sum: 0.0]
      [GC Worker Total (ms): Min: 1.9, Avg: 1.9, Max: 1.9, Diff: 0.0, Sum: 3.8]
      [GC Worker End (ms): Min: 271936866.6, Avg: 271936866.6, Max: 271936866.6, Diff: 0.0]
   [Code Root Fixup: 0.0 ms]
   [Code Root Purge: 0.0 ms]
   [Clear CT: 0.1 ms]
   [Other: 1.3 ms]
      [Choose CSet: 0.0 ms]
      [Ref Proc: 0.9 ms]
      [Ref Enq: 0.1 ms]
      [Redirty Cards: 0.1 ms]
      [Humongous Register: 0.1 ms]
      [Humongous Reclaim: 0.0 ms]
      [Free CSet: 0.1 ms]
   [Eden: 225.0M(225.0M)->0.0B(225.0M) Survivors: 1024.0K->1024.0K Heap: 434.4M(512.0M)->209.4M(512.0M)]
Heap after GC invocations=205 (full 0):
 garbage-first heap   total 524288K, used 214427K [0x00000000e0000000, 0x00000000e0101000, 0x0000000100000000)
  region size 1024K, 1 young (1024K), 1 survivors (1024K)
 Metaspace       used 55202K, capacity 57262K, committed 57856K, reserved 1099776K
  class space    used 6534K, capacity 7001K, committed 7168K, reserved 1048576K
}
 [Times: user=0.01 sys=0.00, real=0.00 secs] 
2023-04-23T23:22:56.515+0000: 271936.868: Total time for which application threads were stopped: 0.0036697 seconds, Stopping threads took: 0.0000325 seconds
{Heap before GC invocations=205 (full 0):
 garbage-first heap   total 524288K, used 444827K [0x00000000e0000000, 0x00000000e0101000, 0x0000000100000000)
  region size 1024K, 226 young (231424K), 1 survivors (1024K)
 Metaspace       used 55202K, capacity 57262K, committed 57856K, reserved 1099776K
  class space    used 6534K, capacity 7001K, committed 7168K, reserved 1048576K
2023-04-24T03:58:57.189+0000: 288497.541: [GC pause (G1 Evacuation Pause) (young) (initial-mark)
Desired survivor size 15204352 bytes, new threshold 15 (max 15)
- age   1:      32480 bytes,      32480 total
- age   3:        160 bytes,      32640 total
- age   7:       3544 bytes,      36184 total
- age   9:       6704 bytes,      42888 total
- age  10:       1784 bytes,      44672 total
- age  11:        800 bytes,      45472 total
, 0.0039441 secs]
   [Parallel Time: 2.5 ms, GC Workers: 2]
      [GC Worker Start (ms): Min: 288497541.8, Avg: 288497541.8, Max: 288497541.8, Diff: 0.0]
      [Ext Root Scanning (ms): Min: 1.7, Avg: 1.7, Max: 1.8, Diff: 0.1, Sum: 3.5]
      [Update RS (ms): Min: 0.1, Avg: 0.1, Max: 0.1, Diff: 0.0, Sum: 0.2]
         [Processed Buffers: Min: 2, Avg: 6.0, Max: 10, Diff: 8, Sum: 12]
      [Scan RS (ms): Min: 0.1, Avg: 0.1, Max: 0.2, Diff: 0.0, Sum: 0.3]
      [Code Root Scanning (ms): Min: 0.1, Avg: 0.1, Max: 0.1, Diff: 0.0, Sum: 0.2]
      [Object Copy (ms): Min: 0.2, Avg: 0.2, Max: 0.2, Diff: 0.1, Sum: 0.4]
      [Termination (ms): Min: 0.0, Avg: 0.0, Max: 0.0, Diff: 0.0, Sum: 0.0]
         [Termination Attempts: Min: 1, Avg: 1.0, Max: 1, Diff: 0, Sum: 2]
      [GC Worker Other (ms): Min: 0.0, Avg: 0.0, Max: 0.0, Diff: 0.0, Sum: 0.0]
      [GC Worker Total (ms): Min: 2.3, Avg: 2.3, Max: 2.3, Diff: 0.0, Sum: 4.6]
      [GC Worker End (ms): Min: 288497544.1, Avg: 288497544.1, Max: 288497544.1, Diff: 0.0]
   [Code Root Fixup: 0.0 ms]
   [Code Root Purge: 0.0 ms]
   [Clear CT: 0.1 ms]
   [Other: 1.3 ms]
      [Choose CSet: 0.0 ms]
      [Ref Proc: 0.8 ms]
      [Ref Enq: 0.1 ms]
      [Redirty Cards: 0.1 ms]
      [Humongous Register: 0.1 ms]
      [Humongous Reclaim: 0.0 ms]
      [Free CSet: 0.2 ms]
   [Eden: 225.0M(225.0M)->0.0B(226.0M) Survivors: 1024.0K->1024.0K Heap: 434.4M(512.0M)->209.4M(512.0M)]
Heap after GC invocations=206 (full 0):
 garbage-first heap   total 524288K, used 214409K [0x00000000e0000000, 0x00000000e0101000, 0x0000000100000000)
  region size 1024K, 1 young (1024K), 1 survivors (1024K)
 Metaspace       used 55202K, capacity 57262K, committed 57856K, reserved 1099776K
  class space    used 6534K, capacity 7001K, committed 7168K, reserved 1048576K
}
 [Times: user=0.00 sys=0.00, real=0.01 secs] 
2023-04-24T03:58:57.193+0000: 288497.546: [GC concurrent-root-region-scan-start]
2023-04-24T03:58:57.193+0000: 288497.546: Total time for which application threads were stopped: 0.0042311 seconds, Stopping threads took: 0.0000319 seconds
2023-04-24T03:58:57.193+0000: 288497.546: [GC concurrent-root-region-scan-end, 0.0006349 secs]
2023-04-24T03:58:57.193+0000: 288497.546: [GC concurrent-mark-start]
2023-04-24T03:58:57.265+0000: 288497.618: [GC concurrent-mark-end, 0.0719127 secs]
2023-04-24T03:58:57.266+0000: 288497.618: [GC remark 2023-04-24T03:58:57.266+0000: 288497.618: [Finalize Marking, 0.0001054 secs] 2023-04-24T03:58:57.266+0000: 288497.618: [GC ref-proc, 0.0020444 secs] 2023-04-24T03:58:57.268+0000: 288497.620: [Unloading, 0.0129766 secs], 0.0159973 secs]
 [Times: user=0.03 sys=0.00, real=0.02 secs] 
2023-04-24T03:58:57.282+0000: 288497.634: Total time for which application threads were stopped: 0.0161398 seconds, Stopping threads took: 0.0000322 seconds
2023-04-24T03:58:57.282+0000: 288497.634: [GC cleanup 210M->210M(512M), 0.0010744 secs]
 [Times: user=0.00 sys=0.00, real=0.00 secs] 
2023-04-24T03:58:57.283+0000: 288497.636: Total time for which application threads were stopped: 0.0011721 seconds, Stopping threads took: 0.0000156 seconds
2023-04-24T05:00:43.696+0000: 292204.049: Total time for which application threads were stopped: 0.0001290 seconds, Stopping threads took: 0.0000328 seconds
2023-04-24T05:00:57.698+0000: 292218.051: Total time for which application threads were stopped: 0.0001246 seconds, Stopping threads took: 0.0000310 seconds
2023-04-24T06:25:58.264+0000: 297318.617: Total time for which application threads were stopped: 0.0001279 seconds, Stopping threads took: 0.0000346 seconds
2023-04-24T08:10:54.960+0000: 303615.313: Total time for which application threads were stopped: 0.0001473 seconds, Stopping threads took: 0.0000357 seconds
{Heap before GC invocations=207 (full 0):
 garbage-first heap   total 524288K, used 445833K [0x00000000e0000000, 0x00000000e0101000, 0x0000000100000000)
  region size 1024K, 227 young (232448K), 1 survivors (1024K)
 Metaspace       used 55202K, capacity 57262K, committed 57856K, reserved 1099776K
  class space    used 6534K, capacity 7001K, committed 7168K, reserved 1048576K
2023-04-24T08:35:00.994+0000: 305061.346: [GC pause (G1 Evacuation Pause) (young)
Desired survivor size 15204352 bytes, new threshold 15 (max 15)
- age   1:      22096 bytes,      22096 total
- age   2:        384 bytes,      22480 total
- age   4:        160 bytes,      22640 total
- age   8:       3544 bytes,      26184 total
- age  10:       6704 bytes,      32888 total
- age  11:       1784 bytes,      34672 total
- age  12:        800 bytes,      35472 total
, 0.0032551 secs]
   [Parallel Time: 1.9 ms, GC Workers: 2]
      [GC Worker Start (ms): Min: 305061346.7, Avg: 305061346.7, Max: 305061346.7, Diff: 0.0]
      [Ext Root Scanning (ms): Min: 1.3, Avg: 1.3, Max: 1.3, Diff: 0.1, Sum: 2.6]
      [Update RS (ms): Min: 0.1, Avg: 0.1, Max: 0.1, Diff: 0.0, Sum: 0.3]
         [Processed Buffers: Min: 2, Avg: 7.5, Max: 13, Diff: 11, Sum: 15]
      [Scan RS (ms): Min: 0.1, Avg: 0.1, Max: 0.1, Diff: 0.0, Sum: 0.3]
      [Code Root Scanning (ms): Min: 0.1, Avg: 0.1, Max: 0.1, Diff: 0.0, Sum: 0.2]
      [Object Copy (ms): Min: 0.1, Avg: 0.1, Max: 0.1, Diff: 0.0, Sum: 0.2]
      [Termination (ms): Min: 0.0, Avg: 0.0, Max: 0.0, Diff: 0.0, Sum: 0.0]
         [Termination Attempts: Min: 1, Avg: 1.0, Max: 1, Diff: 0, Sum: 2]
      [GC Worker Other (ms): Min: 0.0, Avg: 0.0, Max: 0.0, Diff: 0.0, Sum: 0.0]
      [GC Worker Total (ms): Min: 1.8, Avg: 1.8, Max: 1.8, Diff: 0.0, Sum: 3.6]
      [GC Worker End (ms): Min: 305061348.5, Avg: 305061348.5, Max: 305061348.5, Diff: 0.0]
   [Code Root Fixup: 0.0 ms]
   [Code Root Purge: 0.0 ms]
   [Clear CT: 0.1 ms]
   [Other: 1.3 ms]
      [Choose CSet: 0.0 ms]
      [Ref Proc: 0.8 ms]
      [Ref Enq: 0.1 ms]
      [Redirty Cards: 0.1 ms]
      [Humongous Register: 0.1 ms]
      [Humongous Reclaim: 0.0 ms]
      [Free CSet: 0.2 ms]
   [Eden: 226.0M(226.0M)->0.0B(226.0M) Survivors: 1024.0K->1024.0K Heap: 435.4M(512.0M)->209.4M(512.0M)]
Heap after GC invocations=208 (full 0):
 garbage-first heap   total 524288K, used 214402K [0x00000000e0000000, 0x00000000e0101000, 0x0000000100000000)
  region size 1024K, 1 young (1024K), 1 survivors (1024K)
 Metaspace       used 55202K, capacity 57262K, committed 57856K, reserved 1099776K
  class space    used 6534K, capacity 7001K, committed 7168K, reserved 1048576K
}
 [Times: user=0.01 sys=0.00, real=0.00 secs] 
2023-04-24T08:35:00.997+0000: 305061.350: Total time for which application threads were stopped: 0.0035127 seconds, Stopping threads took: 0.0000351 seconds
2023-04-24T09:01:58.177+0000: 306678.530: Total time for which application threads were stopped: 0.0001335 seconds, Stopping threads took: 0.0000352 seconds
2023-04-24T09:20:58.303+0000: 307818.656: Total time for which application threads were stopped: 0.0001318 seconds, Stopping threads took: 0.0000378 seconds
2023-04-24T09:34:58.396+0000: 308658.749: Total time for which application threads were stopped: 0.0001306 seconds, Stopping threads took: 0.0000380 seconds
2023-04-24T10:15:58.669+0000: 311119.022: Total time for which application threads were stopped: 0.0001452 seconds, Stopping threads took: 0.0000356 seconds
{Heap before GC invocations=208 (full 0):
 garbage-first heap   total 524288K, used 445826K [0x00000000e0000000, 0x00000000e0101000, 0x0000000100000000)
  region size 1024K, 227 young (232448K), 1 survivors (1024K)
 Metaspace       used 55202K, capacity 57262K, committed 57856K, reserved 1099776K
  class space    used 6534K, capacity 7001K, committed 7168K, reserved 1048576K
2023-04-24T13:11:58.540+0000: 321678.893: [GC pause (G1 Evacuation Pause) (young)
Desired survivor size 15204352 bytes, new threshold 15 (max 15)
- age   1:       1816 bytes,       1816 total
- age   3:        384 bytes,       2200 total
- age   5:        160 bytes,       2360 total
- age   9:       3544 bytes,       5904 total
- age  11:       6584 bytes,      12488 total
- age  12:       1784 bytes,      14272 total
- age  13:        800 bytes,      15072 total
, 0.0033874 secs]
   [Parallel Time: 2.0 ms, GC Workers: 2]
      [GC Worker Start (ms): Min: 321678892.9, Avg: 321678892.9, Max: 321678892.9, Diff: 0.0]
      [Ext Root Scanning (ms): Min: 1.3, Avg: 1.3, Max: 1.4, Diff: 0.0, Sum: 2.7]
      [Update RS (ms): Min: 0.1, Avg: 0.1, Max: 0.1, Diff: 0.0, Sum: 0.2]
         [Processed Buffers: Min: 2, Avg: 6.0, Max: 10, Diff: 8, Sum: 12]
      [Scan RS (ms): Min: 0.1, Avg: 0.1, Max: 0.1, Diff: 0.0, Sum: 0.3]
      [Code Root Scanning (ms): Min: 0.1, Avg: 0.1, Max: 0.1, Diff: 0.0, Sum: 0.2]
      [Object Copy (ms): Min: 0.2, Avg: 0.2, Max: 0.2, Diff: 0.0, Sum: 0.4]
      [Termination (ms): Min: 0.0, Avg: 0.0, Max: 0.0, Diff: 0.0, Sum: 0.0]
         [Termination Attempts: Min: 1, Avg: 1.0, Max: 1, Diff: 0, Sum: 2]
      [GC Worker Other (ms): Min: 0.0, Avg: 0.0, Max: 0.0, Diff: 0.0, Sum: 0.0]
      [GC Worker Total (ms): Min: 1.9, Avg: 1.9, Max: 1.9, Diff: 0.0, Sum: 3.8]
      [GC Worker End (ms): Min: 321678894.8, Avg: 321678894.8, Max: 321678894.8, Diff: 0.0]
   [Code Root Fixup: 0.0 ms]
   [Code Root Purge: 0.0 ms]
   [Clear CT: 0.1 ms]
   [Other: 1.3 ms]
      [Choose CSet: 0.0 ms]
      [Ref Proc: 0.8 ms]
      [Ref Enq: 0.1 ms]
      [Redirty Cards: 0.1 ms]
      [Humongous Register: 0.1 ms]
      [Humongous Reclaim: 0.0 ms]
      [Free CSet: 0.1 ms]
   [Eden: 226.0M(226.0M)->0.0B(226.0M) Survivors: 1024.0K->1024.0K Heap: 435.4M(512.0M)->209.4M(512.0M)]
Heap after GC invocations=209 (full 0):
 garbage-first heap   total 524288K, used 214424K [0x00000000e0000000, 0x00000000e0101000, 0x0000000100000000)
  region size 1024K, 1 young (1024K), 1 survivors (1024K)
 Metaspace       used 55202K, capacity 57262K, committed 57856K, reserved 1099776K
  class space    used 6534K, capacity 7001K, committed 7168K, reserved 1048576K
}
 [Times: user=0.00 sys=0.00, real=0.00 secs] 
2023-04-24T13:11:58.544+0000: 321678.896: Total time for which application threads were stopped: 0.0036549 seconds, Stopping threads took: 0.0000314 seconds
{Heap before GC invocations=209 (full 0):
 garbage-first heap   total 524288K, used 445848K [0x00000000e0000000, 0x00000000e0101000, 0x0000000100000000)
  region size 1024K, 227 young (232448K), 1 survivors (1024K)
 Metaspace       used 55202K, capacity 57262K, committed 57856K, reserved 1099776K
  class space    used 6534K, capacity 7001K, committed 7168K, reserved 1048576K
2023-04-24T17:48:12.898+0000: 338253.251: [GC pause (G1 Evacuation Pause) (young) (initial-mark)
Desired survivor size 15204352 bytes, new threshold 15 (max 15)
- age   1:      40784 bytes,      40784 total
- age   2:        168 bytes,      40952 total
- age   4:        384 bytes,      41336 total
- age   6:        160 bytes,      41496 total
- age  10:       3544 bytes,      45040 total
- age  12:       6584 bytes,      51624 total
- age  13:       1784 bytes,      53408 total
- age  14:        800 bytes,      54208 total
, 0.0041041 secs]
   [Parallel Time: 2.5 ms, GC Workers: 2]
      [GC Worker Start (ms): Min: 338253251.5, Avg: 338253251.5, Max: 338253251.5, Diff: 0.0]
      [Ext Root Scanning (ms): Min: 1.7, Avg: 1.7, Max: 1.8, Diff: 0.1, Sum: 3.5]
      [Update RS (ms): Min: 0.1, Avg: 0.1, Max: 0.1, Diff: 0.0, Sum: 0.2]
         [Processed Buffers: Min: 2, Avg: 6.0, Max: 10, Diff: 8, Sum: 12]
      [Scan RS (ms): Min: 0.1, Avg: 0.1, Max: 0.1, Diff: 0.0, Sum: 0.3]
      [Code Root Scanning (ms): Min: 0.1, Avg: 0.1, Max: 0.1, Diff: 0.0, Sum: 0.2]
      [Object Copy (ms): Min: 0.1, Avg: 0.2, Max: 0.2, Diff: 0.1, Sum: 0.3]
      [Termination (ms): Min: 0.0, Avg: 0.0, Max: 0.0, Diff: 0.0, Sum: 0.0]
         [Termination Attempts: Min: 1, Avg: 1.0, Max: 1, Diff: 0, Sum: 2]
      [GC Worker Other (ms): Min: 0.0, Avg: 0.0, Max: 0.0, Diff: 0.0, Sum: 0.0]
      [GC Worker Total (ms): Min: 2.3, Avg: 2.3, Max: 2.3, Diff: 0.0, Sum: 4.6]
      [GC Worker End (ms): Min: 338253253.8, Avg: 338253253.8, Max: 338253253.8, Diff: 0.0]
   [Code Root Fixup: 0.0 ms]
   [Code Root Purge: 0.0 ms]
   [Clear CT: 0.1 ms]
   [Other: 1.5 ms]
      [Choose CSet: 0.0 ms]
      [Ref Proc: 1.0 ms]
      [Ref Enq: 0.1 ms]
      [Redirty Cards: 0.1 ms]
      [Humongous Register: 0.1 ms]
      [Humongous Reclaim: 0.0 ms]
      [Free CSet: 0.2 ms]
   [Eden: 226.0M(226.0M)->0.0B(227.0M) Survivors: 1024.0K->1024.0K Heap: 435.4M(512.0M)->209.4M(512.0M)]
Heap after GC invocations=210 (full 0):
 garbage-first heap   total 524288K, used 214409K [0x00000000e0000000, 0x00000000e0101000, 0x0000000100000000)
  region size 1024K, 1 young (1024K), 1 survivors (1024K)
 Metaspace       used 55202K, capacity 57262K, committed 57856K, reserved 1099776K
  class space    used 6534K, capacity 7001K, committed 7168K, reserved 1048576K
}
 [Times: user=0.01 sys=0.00, real=0.01 secs] 
2023-04-24T17:48:12.903+0000: 338253.255: Total time for which application threads were stopped: 0.0043803 seconds, Stopping threads took: 0.0000337 seconds
2023-04-24T17:48:12.903+0000: 338253.255: [GC concurrent-root-region-scan-start]
2023-04-24T17:48:12.903+0000: 338253.256: [GC concurrent-root-region-scan-end, 0.0003506 secs]
2023-04-24T17:48:12.903+0000: 338253.256: [GC concurrent-mark-start]
2023-04-24T17:48:12.975+0000: 338253.328: [GC concurrent-mark-end, 0.0719859 secs]
2023-04-24T17:48:12.975+0000: 338253.328: [GC remark 2023-04-24T17:48:12.975+0000: 338253.328: [Finalize Marking, 0.0001053 secs] 2023-04-24T17:48:12.975+0000: 338253.328: [GC ref-proc, 0.0021873 secs] 2023-04-24T17:48:12.978+0000: 338253.330: [Unloading, 0.0127508 secs], 0.0159255 secs]
 [Times: user=0.03 sys=0.00, real=0.02 secs] 
2023-04-24T17:48:12.991+0000: 338253.344: Total time for which application threads were stopped: 0.0160798 seconds, Stopping threads took: 0.0000316 seconds
2023-04-24T17:48:12.991+0000: 338253.344: [GC cleanup 209M->209M(512M), 0.0010509 secs]
 [Times: user=0.00 sys=0.00, real=0.00 secs] 
2023-04-24T17:48:12.992+0000: 338253.345: Total time for which application threads were stopped: 0.0011638 seconds, Stopping threads took: 0.0000222 seconds
2023-04-24T19:33:07.062+0000: 344547.415: Total time for which application threads were stopped: 0.0002140 seconds, Stopping threads took: 0.0000984 seconds
2023-04-24T19:33:08.062+0000: 344548.415: Total time for which application threads were stopped: 0.0001462 seconds, Stopping threads took: 0.0000381 seconds
2023-04-24T19:33:16.852+0000: 344557.205: Total time for which application threads were stopped: 0.0001410 seconds, Stopping threads took: 0.0000312 seconds
2023-04-24T19:33:17.852+0000: 344558.205: Total time for which application threads were stopped: 0.0001548 seconds, Stopping threads took: 0.0000408 seconds
2023-04-24T19:33:23.025+0000: 344563.378: Total time for which application threads were stopped: 0.0001929 seconds, Stopping threads took: 0.0000838 seconds
2023-04-24T19:33:23.027+0000: 344563.380: Total time for which application threads were stopped: 0.0002590 seconds, Stopping threads took: 0.0000664 seconds
2023-04-24T19:33:23.029+0000: 344563.382: Total time for which application threads were stopped: 0.0000628 seconds, Stopping threads took: 0.0000145 seconds
2023-04-24T19:33:23.047+0000: 344563.399: Total time for which application threads were stopped: 0.0001363 seconds, Stopping threads took: 0.0000264 seconds
2023-04-24T19:33:23.049+0000: 344563.401: Total time for which application threads were stopped: 0.0001453 seconds, Stopping threads took: 0.0000831 seconds
2023-04-24T19:33:24.049+0000: 344564.402: Total time for which application threads were stopped: 0.0002237 seconds, Stopping threads took: 0.0000420 seconds
2023-04-24T19:33:27.050+0000: 344567.402: Total time for which application threads were stopped: 0.0001570 seconds, Stopping threads took: 0.0000358 seconds
2023-04-24T19:33:34.311+0000: 344574.664: Total time for which application threads were stopped: 0.0001543 seconds, Stopping threads took: 0.0000436 seconds
2023-04-24T19:33:34.311+0000: 344574.664: Total time for which application threads were stopped: 0.0002412 seconds, Stopping threads took: 0.0000253 seconds
2023-04-24T19:33:34.313+0000: 344574.665: Total time for which application threads were stopped: 0.0001008 seconds, Stopping threads took: 0.0000472 seconds
2023-04-24T19:33:34.324+0000: 344574.677: Total time for which application threads were stopped: 0.0014934 seconds, Stopping threads took: 0.0013962 seconds
2023-04-24T19:33:34.324+0000: 344574.677: Total time for which application threads were stopped: 0.0001195 seconds, Stopping threads took: 0.0000617 seconds
2023-04-24T19:33:34.324+0000: 344574.677: Total time for which application threads were stopped: 0.0001329 seconds, Stopping threads took: 0.0000546 seconds
2023-04-24T19:33:34.325+0000: 344574.677: Total time for which application threads were stopped: 0.0001166 seconds, Stopping threads took: 0.0000658 seconds
2023-04-24T19:33:34.325+0000: 344574.678: Total time for which application threads were stopped: 0.0001083 seconds, Stopping threads took: 0.0000535 seconds
2023-04-24T19:33:34.325+0000: 344574.678: Total time for which application threads were stopped: 0.0003280 seconds, Stopping threads took: 0.0000518 seconds
2023-04-24T19:33:35.326+0000: 344575.678: Total time for which application threads were stopped: 0.0001312 seconds, Stopping threads took: 0.0000341 seconds
2023-04-24T19:33:37.326+0000: 344577.679: Total time for which application threads were stopped: 0.0001398 seconds, Stopping threads took: 0.0000410 seconds
2023-04-24T19:33:39.326+0000: 344579.679: Total time for which application threads were stopped: 0.0001800 seconds, Stopping threads took: 0.0000577 seconds
2023-04-24T19:33:40.327+0000: 344580.679: Total time for which application threads were stopped: 0.0001427 seconds, Stopping threads took: 0.0000357 seconds
2023-04-24T19:35:23.338+0000: 344683.691: Total time for which application threads were stopped: 0.0001270 seconds, Stopping threads took: 0.0000333 seconds
2023-04-24T19:35:37.339+0000: 344697.692: Total time for which application threads were stopped: 0.0001753 seconds, Stopping threads took: 0.0000390 seconds
2023-04-24T19:35:59.342+0000: 344719.695: Total time for which application threads were stopped: 0.0001281 seconds, Stopping threads took: 0.0000342 seconds
2023-04-24T19:40:08.012+0000: 344968.365: Total time for which application threads were stopped: 0.0001193 seconds, Stopping threads took: 0.0000274 seconds
2023-04-24T19:40:08.013+0000: 344968.365: Total time for which application threads were stopped: 0.0001975 seconds, Stopping threads took: 0.0000916 seconds
2023-04-24T19:40:08.049+0000: 344968.402: Total time for which application threads were stopped: 0.0001618 seconds, Stopping threads took: 0.0000315 seconds
2023-04-24T19:40:08.068+0000: 344968.421: Total time for which application threads were stopped: 0.0001204 seconds, Stopping threads took: 0.0000281 seconds
2023-04-24T19:40:09.069+0000: 344969.421: Total time for which application threads were stopped: 0.0001285 seconds, Stopping threads took: 0.0000334 seconds
2023-04-24T19:42:56.669+0000: 345137.022: Total time for which application threads were stopped: 0.0001250 seconds, Stopping threads took: 0.0000304 seconds
2023-04-24T20:14:59.881+0000: 347060.233: Total time for which application threads were stopped: 0.0001297 seconds, Stopping threads took: 0.0000381 seconds
{Heap before GC invocations=211 (full 0):
 garbage-first heap   total 524288K, used 446857K [0x00000000e0000000, 0x00000000e0101000, 0x0000000100000000)
  region size 1024K, 228 young (233472K), 1 survivors (1024K)
 Metaspace       used 55334K, capacity 57396K, committed 57856K, reserved 1099776K
  class space    used 6535K, capacity 7002K, committed 7168K, reserved 1048576K
2023-04-24T21:57:25.459+0000: 353205.812: [GC pause (G1 Evacuation Pause) (young)
Desired survivor size 15204352 bytes, new threshold 15 (max 15)
- age   1:       2504 bytes,       2504 total
- age   2:      10408 bytes,      12912 total
- age   3:        168 bytes,      13080 total
- age   5:        384 bytes,      13464 total
- age   7:        160 bytes,      13624 total
- age  11:       3544 bytes,      17168 total
- age  13:       6584 bytes,      23752 total
- age  14:       1784 bytes,      25536 total
- age  15:        800 bytes,      26336 total
, 0.0043199 secs]
   [Parallel Time: 2.8 ms, GC Workers: 2]
      [GC Worker Start (ms): Min: 353205812.0, Avg: 353205812.0, Max: 353205812.0, Diff: 0.0]
      [Ext Root Scanning (ms): Min: 1.3, Avg: 1.3, Max: 1.4, Diff: 0.0, Sum: 2.7]
      [Update RS (ms): Min: 0.5, Avg: 0.5, Max: 0.6, Diff: 0.1, Sum: 1.0]
         [Processed Buffers: Min: 9, Avg: 10.0, Max: 11, Diff: 2, Sum: 20]
      [Scan RS (ms): Min: 0.1, Avg: 0.1, Max: 0.1, Diff: 0.0, Sum: 0.3]
      [Code Root Scanning (ms): Min: 0.1, Avg: 0.1, Max: 0.2, Diff: 0.1, Sum: 0.3]
      [Object Copy (ms): Min: 0.6, Avg: 0.6, Max: 0.6, Diff: 0.0, Sum: 1.2]
      [Termination (ms): Min: 0.0, Avg: 0.0, Max: 0.0, Diff: 0.0, Sum: 0.0]
         [Termination Attempts: Min: 1, Avg: 1.0, Max: 1, Diff: 0, Sum: 2]
      [GC Worker Other (ms): Min: 0.0, Avg: 0.0, Max: 0.0, Diff: 0.0, Sum: 0.0]
      [GC Worker Total (ms): Min: 2.8, Avg: 2.8, Max: 2.8, Diff: 0.0, Sum: 5.5]
      [GC Worker End (ms): Min: 353205814.8, Avg: 353205814.8, Max: 353205814.8, Diff: 0.0]
   [Code Root Fixup: 0.0 ms]
   [Code Root Purge: 0.0 ms]
   [Clear CT: 0.1 ms]
   [Other: 1.3 ms]
      [Choose CSet: 0.0 ms]
      [Ref Proc: 0.9 ms]
      [Ref Enq: 0.1 ms]
      [Redirty Cards: 0.1 ms]
      [Humongous Register: 0.1 ms]
      [Humongous Reclaim: 0.0 ms]
      [Free CSet: 0.2 ms]
   [Eden: 227.0M(227.0M)->0.0B(225.0M) Survivors: 1024.0K->2048.0K Heap: 436.4M(512.0M)->210.9M(512.0M)]
Heap after GC invocations=212 (full 0):
 garbage-first heap   total 524288K, used 215977K [0x00000000e0000000, 0x00000000e0101000, 0x0000000100000000)
  region size 1024K, 2 young (2048K), 2 survivors (2048K)
 Metaspace       used 55334K, capacity 57396K, committed 57856K, reserved 1099776K
  class space    used 6535K, capacity 7002K, committed 7168K, reserved 1048576K
}
 [Times: user=0.00 sys=0.00, real=0.00 secs] 
2023-04-24T21:57:25.464+0000: 353205.816: Total time for which application threads were stopped: 0.0045861 seconds, Stopping threads took: 0.0000329 seconds
2023-04-24T21:57:26.464+0000: 353206.817: Total time for which application threads were stopped: 0.0001238 seconds, Stopping threads took: 0.0000360 seconds
2023-04-24T23:00:42.884+0000: 357003.237: Total time for which application threads were stopped: 0.0001123 seconds, Stopping threads took: 0.0000275 seconds
2023-04-24T23:13:00.966+0000: 357741.319: Total time for which application threads were stopped: 0.0001249 seconds, Stopping threads took: 0.0000345 seconds
2023-04-24T23:21:01.021+0000: 358221.374: Total time for which application threads were stopped: 0.0001361 seconds, Stopping threads took: 0.0000358 seconds
2023-04-25T00:07:00.327+0000: 360980.679: Total time for which application threads were stopped: 0.0001299 seconds, Stopping threads took: 0.0000383 seconds
{Heap before GC invocations=212 (full 0):
 garbage-first heap   total 524288K, used 446377K [0x00000000e0000000, 0x00000000e0101000, 0x0000000100000000)
  region size 1024K, 227 young (232448K), 2 survivors (2048K)
 Metaspace       used 55334K, capacity 57396K, committed 57856K, reserved 1099776K
  class space    used 6535K, capacity 7002K, committed 7168K, reserved 1048576K
2023-04-25T02:32:56.696+0000: 369737.049: [GC pause (G1 Evacuation Pause) (young)
Desired survivor size 15204352 bytes, new threshold 15 (max 15)
- age   1:    1574248 bytes,    1574248 total
- age   2:        856 bytes,    1575104 total
- age   3:      10408 bytes,    1585512 total
- age   6:        384 bytes,    1585896 total
- age   8:        160 bytes,    1586056 total
- age  12:       3544 bytes,    1589600 total
- age  14:       6440 bytes,    1596040 total
- age  15:       1784 bytes,    1597824 total
, 0.0040548 secs]
   [Parallel Time: 2.7 ms, GC Workers: 2]
      [GC Worker Start (ms): Min: 369737049.3, Avg: 369737049.3, Max: 369737049.3, Diff: 0.0]
      [Ext Root Scanning (ms): Min: 1.3, Avg: 1.3, Max: 1.3, Diff: 0.1, Sum: 2.6]
      [Update RS (ms): Min: 0.4, Avg: 0.5, Max: 0.5, Diff: 0.0, Sum: 0.9]
         [Processed Buffers: Min: 2, Avg: 8.5, Max: 15, Diff: 13, Sum: 17]
      [Scan RS (ms): Min: 0.1, Avg: 0.1, Max: 0.1, Diff: 0.0, Sum: 0.3]
      [Code Root Scanning (ms): Min: 0.1, Avg: 0.2, Max: 0.2, Diff: 0.1, Sum: 0.3]
      [Object Copy (ms): Min: 0.4, Avg: 0.5, Max: 0.6, Diff: 0.2, Sum: 1.0]
      [Termination (ms): Min: 0.0, Avg: 0.0, Max: 0.0, Diff: 0.0, Sum: 0.0]
         [Termination Attempts: Min: 1, Avg: 1.0, Max: 1, Diff: 0, Sum: 2]
      [GC Worker Other (ms): Min: 0.0, Avg: 0.0, Max: 0.0, Diff: 0.0, Sum: 0.0]
      [GC Worker Total (ms): Min: 2.6, Avg: 2.6, Max: 2.6, Diff: 0.0, Sum: 5.2]
      [GC Worker End (ms): Min: 369737051.9, Avg: 369737051.9, Max: 369737051.9, Diff: 0.0]
   [Code Root Fixup: 0.0 ms]
   [Code Root Purge: 0.0 ms]
   [Clear CT: 0.1 ms]
   [Other: 1.2 ms]
      [Choose CSet: 0.0 ms]
      [Ref Proc: 0.8 ms]
      [Ref Enq: 0.1 ms]
      [Redirty Cards: 0.1 ms]
      [Humongous Register: 0.1 ms]
      [Humongous Reclaim: 0.0 ms]
      [Free CSet: 0.1 ms]
   [Eden: 225.0M(225.0M)->0.0B(225.0M) Survivors: 2048.0K->2048.0K Heap: 435.9M(512.0M)->211.0M(512.0M)]
Heap after GC invocations=213 (full 0):
 garbage-first heap   total 524288K, used 216061K [0x00000000e0000000, 0x00000000e0101000, 0x0000000100000000)
  region size 1024K, 2 young (2048K), 2 survivors (2048K)
 Metaspace       used 55334K, capacity 57396K, committed 57856K, reserved 1099776K
  class space    used 6535K, capacity 7002K, committed 7168K, reserved 1048576K
}
 [Times: user=0.00 sys=0.00, real=0.01 secs] 
2023-04-25T02:32:56.701+0000: 369737.053: Total time for which application threads were stopped: 0.0043314 seconds, Stopping threads took: 0.0000321 seconds
{Heap before GC invocations=213 (full 0):
 garbage-first heap   total 524288K, used 446461K [0x00000000e0000000, 0x00000000e0101000, 0x0000000100000000)
  region size 1024K, 227 young (232448K), 2 survivors (2048K)
 Metaspace       used 55334K, capacity 57396K, committed 57856K, reserved 1099776K
  class space    used 6535K, capacity 7002K, committed 7168K, reserved 1048576K
2023-04-25T07:08:01.159+0000: 386241.511: [GC pause (G1 Evacuation Pause) (young) (initial-mark)
Desired survivor size 15204352 bytes, new threshold 15 (max 15)
- age   1:       2624 bytes,       2624 total
- age   2:    1557264 bytes,    1559888 total
- age   3:        856 bytes,    1560744 total
- age   4:      10408 bytes,    1571152 total
- age   7:        384 bytes,    1571536 total
- age   9:        160 bytes,    1571696 total
- age  13:       3544 bytes,    1575240 total
- age  15:       6440 bytes,    1581680 total
, 0.0048736 secs]
   [Parallel Time: 3.4 ms, GC Workers: 2]
      [GC Worker Start (ms): Min: 386241511.8, Avg: 386241511.8, Max: 386241511.8, Diff: 0.0]
      [Ext Root Scanning (ms): Min: 1.8, Avg: 1.8, Max: 1.9, Diff: 0.1, Sum: 3.7]
      [Update RS (ms): Min: 0.4, Avg: 0.4, Max: 0.4, Diff: 0.0, Sum: 0.9]
         [Processed Buffers: Min: 1, Avg: 8.0, Max: 15, Diff: 14, Sum: 16]
      [Scan RS (ms): Min: 0.1, Avg: 0.1, Max: 0.1, Diff: 0.0, Sum: 0.3]
      [Code Root Scanning (ms): Min: 0.1, Avg: 0.2, Max: 0.2, Diff: 0.1, Sum: 0.3]
      [Object Copy (ms): Min: 0.6, Avg: 0.6, Max: 0.7, Diff: 0.1, Sum: 1.2]
      [Termination (ms): Min: 0.0, Avg: 0.0, Max: 0.0, Diff: 0.0, Sum: 0.0]
         [Termination Attempts: Min: 1, Avg: 1.0, Max: 1, Diff: 0, Sum: 2]
      [GC Worker Other (ms): Min: 0.0, Avg: 0.0, Max: 0.0, Diff: 0.0, Sum: 0.0]
      [GC Worker Total (ms): Min: 3.2, Avg: 3.2, Max: 3.2, Diff: 0.0, Sum: 6.4]
      [GC Worker End (ms): Min: 386241515.0, Avg: 386241515.0, Max: 386241515.0, Diff: 0.0]
   [Code Root Fixup: 0.0 ms]
   [Code Root Purge: 0.0 ms]
   [Clear CT: 0.1 ms]
   [Other: 1.4 ms]
      [Choose CSet: 0.0 ms]
      [Ref Proc: 0.9 ms]
      [Ref Enq: 0.1 ms]
      [Redirty Cards: 0.1 ms]
      [Humongous Register: 0.1 ms]
      [Humongous Reclaim: 0.0 ms]
      [Free CSet: 0.2 ms]
   [Eden: 225.0M(225.0M)->0.0B(225.0M) Survivors: 2048.0K->2048.0K Heap: 436.0M(512.0M)->211.1M(512.0M)]
Heap after GC invocations=214 (full 0):
 garbage-first heap   total 524288K, used 216186K [0x00000000e0000000, 0x00000000e0101000, 0x0000000100000000)
  region size 1024K, 2 young (2048K), 2 survivors (2048K)
 Metaspace       used 55334K, capacity 57396K, committed 57856K, reserved 1099776K
  class space    used 6535K, capacity 7002K, committed 7168K, reserved 1048576K
}
 [Times: user=0.00 sys=0.01, real=0.00 secs] 
2023-04-25T07:08:01.164+0000: 2023-04-25T07:08:01.164+0000: 386241.516: [GC concurrent-root-region-scan-start]
386241.516: Total time for which application threads were stopped: 0.0051666 seconds, Stopping threads took: 0.0000329 seconds
2023-04-25T07:08:01.166+0000: 386241.519: [GC concurrent-root-region-scan-end, 0.0025849 secs]
2023-04-25T07:08:01.166+0000: 386241.519: [GC concurrent-mark-start]
2023-04-25T07:08:01.238+0000: 386241.590: [GC concurrent-mark-end, 0.0713026 secs]
2023-04-25T07:08:01.238+0000: 386241.591: [GC remark 2023-04-25T07:08:01.238+0000: 386241.591: [Finalize Marking, 0.0001083 secs] 2023-04-25T07:08:01.238+0000: 386241.591: [GC ref-proc, 0.0031088 secs] 2023-04-25T07:08:01.241+0000: 386241.594: [Unloading, 0.0133381 secs], 0.0174615 secs]
 [Times: user=0.03 sys=0.00, real=0.02 secs] 
2023-04-25T07:08:01.255+0000: 386241.608: Total time for which application threads were stopped: 0.0176160 seconds, Stopping threads took: 0.0000332 seconds
2023-04-25T07:08:01.256+0000: 386241.608: [GC cleanup 212M->212M(512M), 0.0010591 secs]
 [Times: user=0.00 sys=0.00, real=0.00 secs] 
2023-04-25T07:08:01.257+0000: 386241.609: Total time for which application threads were stopped: 0.0011701 seconds, Stopping threads took: 0.0000191 seconds
2023-04-25T10:07:54.132+0000: 397034.484: Total time for which application threads were stopped: 0.0003077 seconds, Stopping threads took: 0.0000587 seconds
{Heap before GC invocations=215 (full 0):
 garbage-first heap   total 524288K, used 446586K [0x00000000e0000000, 0x00000000e0101000, 0x0000000100000000)
  region size 1024K, 227 young (232448K), 2 survivors (2048K)
 Metaspace       used 55343K, capacity 57408K, committed 57856K, reserved 1099776K
  class space    used 6536K, capacity 7004K, committed 7168K, reserved 1048576K
2023-04-25T11:43:01.835+0000: 402742.188: [GC pause (G1 Evacuation Pause) (young)
Desired survivor size 15204352 bytes, new threshold 15 (max 15)
- age   1:      23264 bytes,      23264 total
- age   2:        976 bytes,      24240 total
- age   3:    1557264 bytes,    1581504 total
- age   4:        856 bytes,    1582360 total
- age   5:      10408 bytes,    1592768 total
- age   8:        384 bytes,    1593152 total
- age  10:        160 bytes,    1593312 total
- age  14:       3544 bytes,    1596856 total
, 0.0043481 secs]
   [Parallel Time: 2.7 ms, GC Workers: 2]
      [GC Worker Start (ms): Min: 402742187.7, Avg: 402742187.7, Max: 402742187.7, Diff: 0.0]
      [Ext Root Scanning (ms): Min: 1.3, Avg: 1.3, Max: 1.4, Diff: 0.1, Sum: 2.7]
      [Update RS (ms): Min: 0.5, Avg: 0.5, Max: 0.5, Diff: 0.0, Sum: 1.0]
         [Processed Buffers: Min: 2, Avg: 9.5, Max: 17, Diff: 15, Sum: 19]
      [Scan RS (ms): Min: 0.1, Avg: 0.1, Max: 0.1, Diff: 0.0, Sum: 0.3]
      [Code Root Scanning (ms): Min: 0.1, Avg: 0.1, Max: 0.2, Diff: 0.1, Sum: 0.3]
      [Object Copy (ms): Min: 0.5, Avg: 0.5, Max: 0.5, Diff: 0.0, Sum: 1.0]
      [Termination (ms): Min: 0.0, Avg: 0.0, Max: 0.0, Diff: 0.0, Sum: 0.0]
         [Termination Attempts: Min: 1, Avg: 1.0, Max: 1, Diff: 0, Sum: 2]
      [GC Worker Other (ms): Min: 0.0, Avg: 0.0, Max: 0.0, Diff: 0.0, Sum: 0.0]
      [GC Worker Total (ms): Min: 2.6, Avg: 2.6, Max: 2.6, Diff: 0.0, Sum: 5.2]
      [GC Worker End (ms): Min: 402742190.4, Avg: 402742190.4, Max: 402742190.4, Diff: 0.0]
   [Code Root Fixup: 0.0 ms]
   [Code Root Purge: 0.0 ms]
   [Clear CT: 0.1 ms]
   [Other: 1.5 ms]
      [Choose CSet: 0.0 ms]
      [Ref Proc: 1.0 ms]
      [Ref Enq: 0.1 ms]
      [Redirty Cards: 0.1 ms]
      [Humongous Register: 0.1 ms]
      [Humongous Reclaim: 0.0 ms]
      [Free CSet: 0.2 ms]
   [Eden: 225.0M(225.0M)->0.0B(225.0M) Survivors: 2048.0K->2048.0K Heap: 436.1M(512.0M)->211.0M(512.0M)]
Heap after GC invocations=216 (full 0):
 garbage-first heap   total 524288K, used 216076K [0x00000000e0000000, 0x00000000e0101000, 0x0000000100000000)
  region size 1024K, 2 young (2048K), 2 survivors (2048K)
 Metaspace       used 55343K, capacity 57408K, committed 57856K, reserved 1099776K
  class space    used 6536K, capacity 7004K, committed 7168K, reserved 1048576K
}
 [Times: user=0.00 sys=0.01, real=0.01 secs] 
2023-04-25T11:43:01.839+0000: 402742.192: Total time for which application threads were stopped: 0.0046016 seconds, Stopping threads took: 0.0000319 seconds
{Heap before GC invocations=216 (full 0):
 garbage-first heap   total 524288K, used 446476K [0x00000000e0000000, 0x00000000e0101000, 0x0000000100000000)
  region size 1024K, 227 young (232448K), 2 survivors (2048K)
 Metaspace       used 55348K, capacity 57408K, committed 57856K, reserved 1099776K
  class space    used 6536K, capacity 7004K, committed 7168K, reserved 1048576K
2023-04-25T16:18:02.511+0000: 419242.863: [GC pause (G1 Evacuation Pause) (young)
Desired survivor size 15204352 bytes, new threshold 15 (max 15)
- age   1:      21160 bytes,      21160 total
- age   3:        976 bytes,      22136 total
- age   4:    1513352 bytes,    1535488 total
- age   5:        856 bytes,    1536344 total
- age   6:      10408 bytes,    1546752 total
- age   9:        384 bytes,    1547136 total
- age  11:        160 bytes,    1547296 total
- age  15:       3544 bytes,    1550840 total
, 0.0042077 secs]
   [Parallel Time: 2.8 ms, GC Workers: 2]
      [GC Worker Start (ms): Min: 419242863.5, Avg: 419242863.6, Max: 419242863.6, Diff: 0.0]
      [Ext Root Scanning (ms): Min: 1.4, Avg: 1.4, Max: 1.4, Diff: 0.1, Sum: 2.8]
      [Update RS (ms): Min: 0.4, Avg: 0.5, Max: 0.5, Diff: 0.0, Sum: 0.9]
         [Processed Buffers: Min: 3, Avg: 8.5, Max: 14, Diff: 11, Sum: 17]
      [Scan RS (ms): Min: 0.1, Avg: 0.1, Max: 0.2, Diff: 0.0, Sum: 0.3]
      [Code Root Scanning (ms): Min: 0.1, Avg: 0.1, Max: 0.2, Diff: 0.1, Sum: 0.3]
      [Object Copy (ms): Min: 0.5, Avg: 0.5, Max: 0.6, Diff: 0.1, Sum: 1.1]
      [Termination (ms): Min: 0.0, Avg: 0.0, Max: 0.0, Diff: 0.0, Sum: 0.0]
         [Termination Attempts: Min: 1, Avg: 1.0, Max: 1, Diff: 0, Sum: 2]
      [GC Worker Other (ms): Min: 0.0, Avg: 0.0, Max: 0.0, Diff: 0.0, Sum: 0.0]
      [GC Worker Total (ms): Min: 2.7, Avg: 2.7, Max: 2.7, Diff: 0.0, Sum: 5.4]
      [GC Worker End (ms): Min: 419242866.2, Avg: 419242866.2, Max: 419242866.2, Diff: 0.0]
   [Code Root Fixup: 0.0 ms]
   [Code Root Purge: 0.0 ms]
   [Clear CT: 0.1 ms]
   [Other: 1.3 ms]
      [Choose CSet: 0.0 ms]
      [Ref Proc: 0.8 ms]
      [Ref Enq: 0.1 ms]
      [Redirty Cards: 0.1 ms]
      [Humongous Register: 0.1 ms]
      [Humongous Reclaim: 0.0 ms]
      [Free CSet: 0.2 ms]
   [Eden: 225.0M(225.0M)->0.0B(225.0M) Survivors: 2048.0K->2048.0K Heap: 436.0M(512.0M)->211.2M(512.0M)]
Heap after GC invocations=217 (full 0):
 garbage-first heap   total 524288K, used 216244K [0x00000000e0000000, 0x00000000e0101000, 0x0000000100000000)
  region size 1024K, 2 young (2048K), 2 survivors (2048K)
 Metaspace       used 55348K, capacity 57408K, committed 57856K, reserved 1099776K
  class space    used 6536K, capacity 7004K, committed 7168K, reserved 1048576K
}
 [Times: user=0.01 sys=0.00, real=0.00 secs] 
2023-04-25T16:18:02.515+0000: 419242.868: Total time for which application threads were stopped: 0.0045133 seconds, Stopping threads took: 0.0000353 seconds
2023-04-25T19:28:18.765+0000: 430659.118: Total time for which application threads were stopped: 0.0001228 seconds, Stopping threads took: 0.0000284 seconds
2023-04-25T19:28:18.906+0000: 430659.259: Total time for which application threads were stopped: 0.0001828 seconds, Stopping threads took: 0.0000866 seconds
2023-04-25T19:28:18.920+0000: 430659.272: Total time for which application threads were stopped: 0.0001425 seconds, Stopping threads took: 0.0000474 seconds
2023-04-25T19:28:18.924+0000: 430659.277: Total time for which application threads were stopped: 0.0000855 seconds, Stopping threads took: 0.0000269 seconds
2023-04-25T19:28:18.929+0000: 430659.282: Total time for which application threads were stopped: 0.0000845 seconds, Stopping threads took: 0.0000188 seconds
2023-04-25T19:28:18.938+0000: 430659.291: Total time for which application threads were stopped: 0.0000999 seconds, Stopping threads took: 0.0000438 seconds
2023-04-25T19:28:19.939+0000: 430660.291: Total time for which application threads were stopped: 0.0001650 seconds, Stopping threads took: 0.0000337 seconds
2023-04-25T19:28:39.472+0000: 430679.825: Total time for which application threads were stopped: 0.0001298 seconds, Stopping threads took: 0.0000300 seconds
2023-04-25T19:28:40.473+0000: 430680.825: Total time for which application threads were stopped: 0.0001295 seconds, Stopping threads took: 0.0000354 seconds
2023-04-25T19:28:42.001+0000: 430682.354: Total time for which application threads were stopped: 0.0001766 seconds, Stopping threads took: 0.0000483 seconds
2023-04-25T19:28:42.571+0000: 430682.923: Total time for which application threads were stopped: 0.0001591 seconds, Stopping threads took: 0.0000345 seconds
2023-04-25T19:28:42.589+0000: 430682.941: Total time for which application threads were stopped: 0.0002128 seconds, Stopping threads took: 0.0001045 seconds
2023-04-25T19:28:42.589+0000: 430682.942: Total time for which application threads were stopped: 0.0001330 seconds, Stopping threads took: 0.0000538 seconds
2023-04-25T19:28:42.589+0000: 430682.942: Total time for which application threads were stopped: 0.0001190 seconds, Stopping threads took: 0.0000602 seconds
2023-04-25T19:28:42.589+0000: 430682.942: Total time for which application threads were stopped: 0.0001013 seconds, Stopping threads took: 0.0000496 seconds
2023-04-25T19:28:42.589+0000: 430682.942: Total time for which application threads were stopped: 0.0000637 seconds, Stopping threads took: 0.0000155 seconds
2023-04-25T19:28:42.590+0000: 430682.942: Total time for which application threads were stopped: 0.0000493 seconds, Stopping threads took: 0.0000101 seconds
2023-04-25T19:28:42.590+0000: 430682.942: Total time for which application threads were stopped: 0.0000475 seconds, Stopping threads took: 0.0000096 seconds
2023-04-25T19:28:42.590+0000: 430682.943: Total time for which application threads were stopped: 0.0000469 seconds, Stopping threads took: 0.0000095 seconds
2023-04-25T19:28:42.590+0000: 430682.943: Total time for which application threads were stopped: 0.0000465 seconds, Stopping threads took: 0.0000093 seconds
2023-04-25T19:28:42.590+0000: 430682.943: Total time for which application threads were stopped: 0.0000466 seconds, Stopping threads took: 0.0000094 seconds
2023-04-25T19:28:42.590+0000: 430682.943: Total time for which application threads were stopped: 0.0000469 seconds, Stopping threads took: 0.0000095 seconds
2023-04-25T19:28:42.615+0000: 430682.967: Total time for which application threads were stopped: 0.0001659 seconds, Stopping threads took: 0.0000331 seconds
2023-04-25T19:28:42.617+0000: 430682.970: Total time for which application threads were stopped: 0.0001076 seconds, Stopping threads took: 0.0000341 seconds
2023-04-25T19:28:42.620+0000: 430682.972: Total time for which application threads were stopped: 0.0001433 seconds, Stopping threads took: 0.0000568 seconds
2023-04-25T19:28:46.999+0000: 430687.352: Total time for which application threads were stopped: 0.0002592 seconds, Stopping threads took: 0.0001054 seconds
2023-04-25T19:28:51.875+0000: 430692.227: Total time for which application threads were stopped: 0.0020154 seconds, Stopping threads took: 0.0019052 seconds
2023-04-25T19:28:52.014+0000: 430692.367: Total time for which application threads were stopped: 0.0001514 seconds, Stopping threads took: 0.0000461 seconds
2023-04-25T19:29:34.294+0000: 430734.647: Total time for which application threads were stopped: 0.0003460 seconds, Stopping threads took: 0.0000652 seconds
2023-04-25T19:29:34.377+0000: 430734.729: Total time for which application threads were stopped: 0.0001538 seconds, Stopping threads took: 0.0000322 seconds
2023-04-25T19:29:34.915+0000: 430735.268: Total time for which application threads were stopped: 0.0001515 seconds, Stopping threads took: 0.0000330 seconds
2023-04-25T19:29:34.964+0000: 430735.316: Total time for which application threads were stopped: 0.0001413 seconds, Stopping threads took: 0.0000304 seconds
2023-04-25T19:29:34.972+0000: 430735.324: Total time for which application threads were stopped: 0.0001550 seconds, Stopping threads took: 0.0000466 seconds
2023-04-25T19:29:37.078+0000: 430737.430: Total time for which application threads were stopped: 0.0001317 seconds, Stopping threads took: 0.0000304 seconds
2023-04-25T19:29:37.081+0000: 430737.434: Total time for which application threads were stopped: 0.0002268 seconds, Stopping threads took: 0.0000396 seconds
2023-04-25T19:29:38.893+0000: 430739.246: Total time for which application threads were stopped: 0.0001537 seconds, Stopping threads took: 0.0000314 seconds
2023-04-25T19:29:41.952+0000: 430742.305: Total time for which application threads were stopped: 0.0001455 seconds, Stopping threads took: 0.0000309 seconds
2023-04-25T19:29:42.084+0000: 430742.437: Total time for which application threads were stopped: 0.0001461 seconds, Stopping threads took: 0.0000349 seconds
2023-04-25T19:29:47.085+0000: 430747.438: Total time for which application threads were stopped: 0.0001586 seconds, Stopping threads took: 0.0000446 seconds
2023-04-25T19:31:13.632+0000: 430833.985: Total time for which application threads were stopped: 0.0001181 seconds, Stopping threads took: 0.0000293 seconds
2023-04-25T19:31:17.196+0000: 430837.549: Total time for which application threads were stopped: 0.0001541 seconds, Stopping threads took: 0.0000479 seconds
2023-04-25T19:41:19.822+0000: 431440.175: Total time for which application threads were stopped: 0.0001379 seconds, Stopping threads took: 0.0000345 seconds
2023-04-25T19:41:20.564+0000: 431440.916: Total time for which application threads were stopped: 0.0001846 seconds, Stopping threads took: 0.0000565 seconds
2023-04-25T19:41:20.565+0000: 431440.917: Total time for which application threads were stopped: 0.0000984 seconds, Stopping threads took: 0.0000355 seconds
2023-04-25T19:41:20.567+0000: 431440.920: Total time for which application threads were stopped: 0.0000879 seconds, Stopping threads took: 0.0000372 seconds
2023-04-25T19:41:20.574+0000: 431440.927: Total time for which application threads were stopped: 0.0001043 seconds, Stopping threads took: 0.0000394 seconds
2023-04-25T19:41:20.575+0000: 431440.927: Total time for which application threads were stopped: 0.0000979 seconds, Stopping threads took: 0.0000386 seconds
2023-04-25T19:41:21.575+0000: 431441.928: Total time for which application threads were stopped: 0.0001455 seconds, Stopping threads took: 0.0000342 seconds
2023-04-25T19:41:24.575+0000: 431444.928: Total time for which application threads were stopped: 0.0001406 seconds, Stopping threads took: 0.0000516 seconds
2023-04-25T19:41:26.576+0000: 431446.928: Total time for which application threads were stopped: 0.0001324 seconds, Stopping threads took: 0.0000319 seconds
2023-04-25T19:41:27.576+0000: 431447.929: Total time for which application threads were stopped: 0.0001387 seconds, Stopping threads took: 0.0000347 seconds
2023-04-25T19:45:23.147+0000: 431683.500: Total time for which application threads were stopped: 0.0002061 seconds, Stopping threads took: 0.0000560 seconds
2023-04-25T19:46:02.830+0000: 431723.182: Total time for which application threads were stopped: 0.0001273 seconds, Stopping threads took: 0.0000338 seconds
2023-04-25T19:46:02.851+0000: 431723.204: Total time for which application threads were stopped: 0.0001151 seconds, Stopping threads took: 0.0000249 seconds
2023-04-25T19:46:02.879+0000: 431723.231: Total time for which application threads were stopped: 0.0002121 seconds, Stopping threads took: 0.0000888 seconds
2023-04-25T19:46:02.898+0000: 431723.251: Total time for which application threads were stopped: 0.0002233 seconds, Stopping threads took: 0.0001163 seconds
2023-04-25T19:46:02.905+0000: 431723.258: Total time for which application threads were stopped: 0.0001655 seconds, Stopping threads took: 0.0000778 seconds
2023-04-25T19:46:02.911+0000: 431723.264: Total time for which application threads were stopped: 0.0001910 seconds, Stopping threads took: 0.0000990 seconds
2023-04-25T19:46:02.912+0000: 431723.265: Total time for which application threads were stopped: 0.0001661 seconds, Stopping threads took: 0.0001051 seconds
2023-04-25T19:46:02.914+0000: 431723.267: Total time for which application threads were stopped: 0.0000990 seconds, Stopping threads took: 0.0000497 seconds
2023-04-25T19:46:02.916+0000: 431723.269: Total time for which application threads were stopped: 0.0001654 seconds, Stopping threads took: 0.0001161 seconds
2023-04-25T19:46:02.916+0000: 431723.269: Total time for which application threads were stopped: 0.0001149 seconds, Stopping threads took: 0.0000613 seconds
2023-04-25T19:46:02.923+0000: 431723.275: Total time for which application threads were stopped: 0.0001070 seconds, Stopping threads took: 0.0000220 seconds
2023-04-25T19:46:02.923+0000: 431723.275: Total time for which application threads were stopped: 0.0000495 seconds, Stopping threads took: 0.0000108 seconds
2023-04-25T19:46:02.923+0000: 431723.276: Total time for which application threads were stopped: 0.0000487 seconds, Stopping threads took: 0.0000105 seconds
2023-04-25T19:46:02.923+0000: 431723.276: Total time for which application threads were stopped: 0.0000474 seconds, Stopping threads took: 0.0000099 seconds
2023-04-25T19:46:02.923+0000: 431723.276: Total time for which application threads were stopped: 0.0000634 seconds, Stopping threads took: 0.0000100 seconds
2023-04-25T19:46:02.923+0000: 431723.276: Total time for which application threads were stopped: 0.0000899 seconds, Stopping threads took: 0.0000500 seconds
2023-04-25T19:46:02.923+0000: 431723.276: Total time for which application threads were stopped: 0.0000465 seconds, Stopping threads took: 0.0000099 seconds
2023-04-25T19:46:02.923+0000: 431723.276: Total time for which application threads were stopped: 0.0000452 seconds, Stopping threads took: 0.0000095 seconds
2023-04-25T19:46:02.924+0000: 431723.276: Total time for which application threads were stopped: 0.0000835 seconds, Stopping threads took: 0.0000460 seconds
2023-04-25T19:46:02.924+0000: 431723.276: Total time for which application threads were stopped: 0.0000464 seconds, Stopping threads took: 0.0000101 seconds
2023-04-25T19:46:02.924+0000: 431723.276: Total time for which application threads were stopped: 0.0000464 seconds, Stopping threads took: 0.0000101 seconds
2023-04-25T19:46:02.924+0000: 431723.277: Total time for which application threads were stopped: 0.0000839 seconds, Stopping threads took: 0.0000464 seconds
2023-04-25T19:46:02.924+0000: 431723.277: Total time for which application threads were stopped: 0.0000466 seconds, Stopping threads took: 0.0000097 seconds
2023-04-25T19:46:02.924+0000: 431723.277: Total time for which application threads were stopped: 0.0000451 seconds, Stopping threads took: 0.0000098 seconds
2023-04-25T19:46:02.924+0000: 431723.277: Total time for which application threads were stopped: 0.0000848 seconds, Stopping threads took: 0.0000463 seconds
2023-04-25T19:46:02.924+0000: 431723.277: Total time for which application threads were stopped: 0.0000460 seconds, Stopping threads took: 0.0000095 seconds
2023-04-25T19:46:02.925+0000: 431723.277: Total time for which application threads were stopped: 0.0000517 seconds, Stopping threads took: 0.0000104 seconds
2023-04-25T19:46:02.925+0000: 431723.277: Total time for which application threads were stopped: 0.0001113 seconds, Stopping threads took: 0.0000727 seconds
2023-04-25T19:46:02.925+0000: 431723.278: Total time for which application threads were stopped: 0.0002131 seconds, Stopping threads took: 0.0000462 seconds
2023-04-25T19:46:02.925+0000: 431723.278: Total time for which application threads were stopped: 0.0000496 seconds, Stopping threads took: 0.0000173 seconds
2023-04-25T19:46:02.925+0000: 431723.278: Total time for which application threads were stopped: 0.0000894 seconds, Stopping threads took: 0.0000515 seconds
2023-04-25T19:46:02.925+0000: 431723.278: Total time for which application threads were stopped: 0.0000467 seconds, Stopping threads took: 0.0000098 seconds
2023-04-25T19:46:02.925+0000: 431723.278: Total time for which application threads were stopped: 0.0000840 seconds, Stopping threads took: 0.0000462 seconds
2023-04-25T19:46:02.926+0000: 431723.278: Total time for which application threads were stopped: 0.0000483 seconds, Stopping threads took: 0.0000107 seconds
2023-04-25T19:46:02.926+0000: 431723.278: Total time for which application threads were stopped: 0.0000529 seconds, Stopping threads took: 0.0000211 seconds
2023-04-25T19:46:02.926+0000: 431723.279: Total time for which application threads were stopped: 0.0001747 seconds, Stopping threads took: 0.0000527 seconds
2023-04-25T19:46:02.926+0000: 431723.279: Total time for which application threads were stopped: 0.0001656 seconds, Stopping threads took: 0.0000484 seconds
2023-04-25T19:46:02.927+0000: 431723.279: Total time for which application threads were stopped: 0.0000788 seconds, Stopping threads took: 0.0000407 seconds
2023-04-25T19:46:02.927+0000: 431723.280: Total time for which application threads were stopped: 0.0001259 seconds, Stopping threads took: 0.0000698 seconds
2023-04-25T19:46:02.928+0000: 431723.281: Total time for which application threads were stopped: 0.0000606 seconds, Stopping threads took: 0.0000138 seconds
2023-04-25T19:46:02.928+0000: 431723.281: Total time for which application threads were stopped: 0.0000943 seconds, Stopping threads took: 0.0000595 seconds
2023-04-25T19:46:02.929+0000: 431723.281: Total time for which application threads were stopped: 0.0001079 seconds, Stopping threads took: 0.0000732 seconds
2023-04-25T19:46:02.929+0000: 431723.282: Total time for which application threads were stopped: 0.0000986 seconds, Stopping threads took: 0.0000417 seconds
2023-04-25T19:46:02.931+0000: 431723.283: Total time for which application threads were stopped: 0.0001379 seconds, Stopping threads took: 0.0000948 seconds
2023-04-25T19:46:02.931+0000: 431723.284: Total time for which application threads were stopped: 0.0001776 seconds, Stopping threads took: 0.0001358 seconds
2023-04-25T19:46:02.934+0000: 431723.287: Total time for which application threads were stopped: 0.0001048 seconds, Stopping threads took: 0.0000514 seconds
2023-04-25T19:46:02.935+0000: 431723.288: Total time for which application threads were stopped: 0.0001603 seconds, Stopping threads took: 0.0001029 seconds
2023-04-25T19:46:02.935+0000: 431723.288: Total time for which application threads were stopped: 0.0000738 seconds, Stopping threads took: 0.0000333 seconds
2023-04-25T19:46:02.936+0000: 431723.289: Total time for which application threads were stopped: 0.0001127 seconds, Stopping threads took: 0.0000611 seconds
2023-04-25T19:46:02.936+0000: 431723.289: Total time for which application threads were stopped: 0.0000916 seconds, Stopping threads took: 0.0000517 seconds
2023-04-25T19:46:02.939+0000: 431723.291: Total time for which application threads were stopped: 0.0000807 seconds, Stopping threads took: 0.0000353 seconds
2023-04-25T19:46:02.939+0000: 431723.292: Total time for which application threads were stopped: 0.0000992 seconds, Stopping threads took: 0.0000617 seconds
2023-04-25T19:46:02.939+0000: 431723.292: Total time for which application threads were stopped: 0.0000984 seconds, Stopping threads took: 0.0000446 seconds
2023-04-25T19:46:02.939+0000: 431723.292: Total time for which application threads were stopped: 0.0001025 seconds, Stopping threads took: 0.0000658 seconds
2023-04-25T19:46:02.940+0000: 431723.292: Total time for which application threads were stopped: 0.0000976 seconds, Stopping threads took: 0.0000574 seconds
2023-04-25T19:46:02.940+0000: 431723.293: Total time for which application threads were stopped: 0.0001111 seconds, Stopping threads took: 0.0000666 seconds
2023-04-25T19:46:02.940+0000: 431723.293: Total time for which application threads were stopped: 0.0000627 seconds, Stopping threads took: 0.0000221 seconds
2023-04-25T19:46:02.940+0000: 431723.293: Total time for which application threads were stopped: 0.0000862 seconds, Stopping threads took: 0.0000436 seconds
2023-04-25T19:46:02.940+0000: 431723.293: Total time for which application threads were stopped: 0.0001120 seconds, Stopping threads took: 0.0000767 seconds
2023-04-25T19:46:02.941+0000: 431723.293: Total time for which application threads were stopped: 0.0001261 seconds, Stopping threads took: 0.0000673 seconds
2023-04-25T19:46:02.941+0000: 431723.294: Total time for which application threads were stopped: 0.0000945 seconds, Stopping threads took: 0.0000520 seconds
2023-04-25T19:46:02.941+0000: 431723.294: Total time for which application threads were stopped: 0.0001444 seconds, Stopping threads took: 0.0000979 seconds
2023-04-25T19:46:02.942+0000: 431723.294: Total time for which application threads were stopped: 0.0002332 seconds, Stopping threads took: 0.0000489 seconds
2023-04-25T19:46:02.942+0000: 431723.295: Total time for which application threads were stopped: 0.0001068 seconds, Stopping threads took: 0.0000589 seconds
2023-04-25T19:46:02.944+0000: 431723.297: Total time for which application threads were stopped: 0.0001394 seconds, Stopping threads took: 0.0000825 seconds
2023-04-25T19:46:02.948+0000: 431723.301: Total time for which application threads were stopped: 0.0001639 seconds, Stopping threads took: 0.0000548 seconds
2023-04-25T19:46:02.948+0000: 431723.301: Total time for which application threads were stopped: 0.0001846 seconds, Stopping threads took: 0.0001244 seconds
2023-04-25T19:46:02.949+0000: 431723.301: Total time for which application threads were stopped: 0.0001243 seconds, Stopping threads took: 0.0000682 seconds
2023-04-25T19:46:02.950+0000: 431723.303: Total time for which application threads were stopped: 0.0001005 seconds, Stopping threads took: 0.0000560 seconds
2023-04-25T19:46:02.950+0000: 431723.303: Total time for which application threads were stopped: 0.0000602 seconds, Stopping threads took: 0.0000261 seconds
2023-04-25T19:46:02.950+0000: 431723.303: Total time for which application threads were stopped: 0.0000623 seconds, Stopping threads took: 0.0000235 seconds
2023-04-25T19:46:02.951+0000: 431723.303: Total time for which application threads were stopped: 0.0001456 seconds, Stopping threads took: 0.0000865 seconds
2023-04-25T19:46:02.951+0000: 431723.303: Total time for which application threads were stopped: 0.0000917 seconds, Stopping threads took: 0.0000553 seconds
2023-04-25T19:46:02.952+0000: 431723.305: Total time for which application threads were stopped: 0.0000978 seconds, Stopping threads took: 0.0000522 seconds
2023-04-25T19:46:02.952+0000: 431723.305: Total time for which application threads were stopped: 0.0000869 seconds, Stopping threads took: 0.0000527 seconds
2023-04-25T19:46:02.952+0000: 431723.305: Total time for which application threads were stopped: 0.0001185 seconds, Stopping threads took: 0.0000800 seconds
2023-04-25T19:46:02.953+0000: 431723.306: Total time for which application threads were stopped: 0.0005001 seconds, Stopping threads took: 0.0004575 seconds
2023-04-25T19:46:02.954+0000: 431723.306: Total time for which application threads were stopped: 0.0000604 seconds, Stopping threads took: 0.0000159 seconds
2023-04-25T19:46:02.954+0000: 431723.307: Total time for which application threads were stopped: 0.0001048 seconds, Stopping threads took: 0.0000576 seconds
2023-04-25T19:46:02.954+0000: 431723.307: Total time for which application threads were stopped: 0.0001282 seconds, Stopping threads took: 0.0000808 seconds
2023-04-25T19:46:02.955+0000: 431723.308: Total time for which application threads were stopped: 0.0000928 seconds, Stopping threads took: 0.0000393 seconds
2023-04-25T19:46:02.955+0000: 431723.308: Total time for which application threads were stopped: 0.0002154 seconds, Stopping threads took: 0.0000159 seconds
2023-04-25T19:46:02.962+0000: 431723.315: Total time for which application threads were stopped: 0.0005722 seconds, Stopping threads took: 0.0004876 seconds
2023-04-25T19:46:02.962+0000: 431723.315: Total time for which application threads were stopped: 0.0001311 seconds, Stopping threads took: 0.0000636 seconds
2023-04-25T19:46:02.963+0000: 431723.316: Total time for which application threads were stopped: 0.0003334 seconds, Stopping threads took: 0.0002889 seconds
2023-04-25T19:46:02.971+0000: 431723.323: Total time for which application threads were stopped: 0.0030957 seconds, Stopping threads took: 0.0030071 seconds
2023-04-25T19:46:02.971+0000: 431723.324: Total time for which application threads were stopped: 0.0001441 seconds, Stopping threads took: 0.0000651 seconds
2023-04-25T19:46:02.975+0000: 431723.327: Total time for which application threads were stopped: 0.0026014 seconds, Stopping threads took: 0.0025347 seconds
2023-04-25T19:46:02.979+0000: 431723.331: Total time for which application threads were stopped: 0.0002261 seconds, Stopping threads took: 0.0000692 seconds
2023-04-25T19:46:02.989+0000: 431723.341: Total time for which application threads were stopped: 0.0012246 seconds, Stopping threads took: 0.0011249 seconds
2023-04-25T19:46:02.991+0000: 431723.344: Total time for which application threads were stopped: 0.0001728 seconds, Stopping threads took: 0.0001087 seconds
2023-04-25T19:46:02.992+0000: 431723.345: Total time for which application threads were stopped: 0.0000940 seconds, Stopping threads took: 0.0000542 seconds
2023-04-25T19:46:02.993+0000: 431723.345: Total time for which application threads were stopped: 0.0002056 seconds, Stopping threads took: 0.0000803 seconds
2023-04-25T19:46:02.994+0000: 431723.347: Total time for which application threads were stopped: 0.0001239 seconds, Stopping threads took: 0.0000720 seconds
2023-04-25T19:46:02.995+0000: 431723.347: Total time for which application threads were stopped: 0.0001348 seconds, Stopping threads took: 0.0000997 seconds
2023-04-25T19:46:02.995+0000: 431723.347: Total time for which application threads were stopped: 0.0000934 seconds, Stopping threads took: 0.0000599 seconds
2023-04-25T19:46:02.995+0000: 431723.348: Total time for which application threads were stopped: 0.0000608 seconds, Stopping threads took: 0.0000352 seconds
2023-04-25T19:46:02.995+0000: 431723.348: Total time for which application threads were stopped: 0.0000821 seconds, Stopping threads took: 0.0000530 seconds
2023-04-25T19:46:02.995+0000: 431723.348: Total time for which application threads were stopped: 0.0000812 seconds, Stopping threads took: 0.0000552 seconds
2023-04-25T19:46:02.995+0000: 431723.348: Total time for which application threads were stopped: 0.0000748 seconds, Stopping threads took: 0.0000489 seconds
2023-04-25T19:46:02.995+0000: 431723.348: Total time for which application threads were stopped: 0.0000615 seconds, Stopping threads took: 0.0000304 seconds
2023-04-25T19:46:02.996+0000: 431723.348: Total time for which application threads were stopped: 0.0000543 seconds, Stopping threads took: 0.0000279 seconds
2023-04-25T19:46:02.996+0000: 431723.348: Total time for which application threads were stopped: 0.0001260 seconds, Stopping threads took: 0.0000517 seconds
Heap
 garbage-first heap   total 524288K, used 440500K [0x00000000e0000000, 0x00000000e0101000, 0x0000000100000000)
  region size 1024K, 222 young (227328K), 2 survivors (2048K)
 Metaspace       used 55999K, capacity 58194K, committed 58368K, reserved 1099776K
  class space    used 6600K, capacity 7072K, committed 7168K, reserved 1048576K
