[2023-04-27T19:21:30.625+0000][0.010s] Heap region size: 1M
[2023-04-27T19:21:30.648+0000][0.033s] Using G1
[2023-04-27T19:21:30.648+0000][0.033s] Heap address: 0x00000000e0000000, size: 512 MB, Compressed Oops mode: 32-bit
[2023-04-27T19:21:30.648+0000][0.033s] Mark closed archive regions in map: [0x00000000fff00000, 0x00000000fff6aff8]
[2023-04-27T19:21:30.648+0000][0.033s] Mark open archive regions in map: [0x00000000ffe00000, 0x00000000ffe46ff8]
[2023-04-27T19:21:31.351+0000][0.736s] GC(0) Pause Young (Normal) (G1 Evacuation Pause)
[2023-04-27T19:21:31.351+0000][0.736s] GC(0) Using 2 workers of 2 for evacuation
[2023-04-27T19:21:31.362+0000][0.747s] GC(0)   Pre Evacuate Collection Set: 0.0ms
[2023-04-27T19:21:31.362+0000][0.747s] GC(0)   Evacuate Collection Set: 8.6ms
[2023-04-27T19:21:31.362+0000][0.747s] GC(0)   Post Evacuate Collection Set: 2.6ms
[2023-04-27T19:21:31.362+0000][0.747s] GC(0)   Other: 0.2ms
[2023-04-27T19:21:31.362+0000][0.747s] GC(0) Eden regions: 25->0(22)
[2023-04-27T19:21:31.362+0000][0.747s] GC(0) Survivor regions: 0->3(4)
[2023-04-27T19:21:31.362+0000][0.747s] GC(0) Old regions: 2->2
[2023-04-27T19:21:31.362+0000][0.747s] GC(0) Humongous regions: 0->0
[2023-04-27T19:21:31.362+0000][0.747s] GC(0) Metaspace: 6777K(8192K)->6777K(8192K) NonClass: 5986K(7168K)->5986K(7168K) Class: 791K(1024K)->791K(1024K)
[2023-04-27T19:21:31.363+0000][0.748s] GC(0) Pause Young (Normal) (G1 Evacuation Pause) 25M->3M(512M) 11.624ms
[2023-04-27T19:21:31.363+0000][0.748s] GC(0) User=0.02s Sys=0.00s Real=0.01s
[2023-04-27T19:21:31.859+0000][1.244s] GC(1) Pause Young (Normal) (G1 Evacuation Pause)
[2023-04-27T19:21:31.859+0000][1.244s] GC(1) Using 2 workers of 2 for evacuation
[2023-04-27T19:21:31.883+0000][1.268s] GC(1)   Pre Evacuate Collection Set: 0.0ms
[2023-04-27T19:21:31.883+0000][1.268s] GC(1)   Evacuate Collection Set: 23.1ms
[2023-04-27T19:21:31.883+0000][1.268s] GC(1)   Post Evacuate Collection Set: 0.6ms
[2023-04-27T19:21:31.883+0000][1.268s] GC(1)   Other: 0.2ms
[2023-04-27T19:21:31.883+0000][1.268s] GC(1) Eden regions: 22->0(21)
[2023-04-27T19:21:31.883+0000][1.268s] GC(1) Survivor regions: 3->4(4)
[2023-04-27T19:21:31.883+0000][1.268s] GC(1) Old regions: 2->10
[2023-04-27T19:21:31.883+0000][1.268s] GC(1) Humongous regions: 4->4
[2023-04-27T19:21:31.883+0000][1.268s] GC(1) Metaspace: 13202K(13824K)->13202K(13824K) NonClass: 11630K(12032K)->11630K(12032K) Class: 1572K(1792K)->1572K(1792K)
[2023-04-27T19:21:31.883+0000][1.268s] GC(1) Pause Young (Normal) (G1 Evacuation Pause) 29M->16M(512M) 23.998ms
[2023-04-27T19:21:31.883+0000][1.268s] GC(1) User=0.05s Sys=0.00s Real=0.02s
[2023-04-27T19:21:32.300+0000][1.685s] GC(2) Pause Young (Normal) (G1 Evacuation Pause)
[2023-04-27T19:21:32.300+0000][1.685s] GC(2) Using 2 workers of 2 for evacuation
[2023-04-27T19:21:32.311+0000][1.696s] GC(2)   Pre Evacuate Collection Set: 0.0ms
[2023-04-27T19:21:32.311+0000][1.696s] GC(2)   Evacuate Collection Set: 10.5ms
[2023-04-27T19:21:32.311+0000][1.696s] GC(2)   Post Evacuate Collection Set: 0.5ms
[2023-04-27T19:21:32.311+0000][1.696s] GC(2)   Other: 0.2ms
[2023-04-27T19:21:32.311+0000][1.696s] GC(2) Eden regions: 21->0(24)
[2023-04-27T19:21:32.311+0000][1.696s] GC(2) Survivor regions: 4->4(4)
[2023-04-27T19:21:32.311+0000][1.696s] GC(2) Old regions: 10->14
[2023-04-27T19:21:32.311+0000][1.696s] GC(2) Humongous regions: 4->4
[2023-04-27T19:21:32.311+0000][1.696s] GC(2) Metaspace: 16119K(17024K)->16119K(17024K) NonClass: 14221K(14848K)->14221K(14848K) Class: 1897K(2176K)->1897K(2176K)
[2023-04-27T19:21:32.311+0000][1.696s] GC(2) Pause Young (Normal) (G1 Evacuation Pause) 37M->20M(512M) 11.307ms
[2023-04-27T19:21:32.311+0000][1.696s] GC(2) User=0.02s Sys=0.01s Real=0.01s
[2023-04-27T19:21:32.698+0000][2.083s] GC(3) Pause Young (Normal) (G1 Evacuation Pause)
[2023-04-27T19:21:32.698+0000][2.083s] GC(3) Using 2 workers of 2 for evacuation
[2023-04-27T19:21:32.706+0000][2.091s] GC(3)   Pre Evacuate Collection Set: 0.0ms
[2023-04-27T19:21:32.706+0000][2.091s] GC(3)   Evacuate Collection Set: 7.0ms
[2023-04-27T19:21:32.706+0000][2.091s] GC(3)   Post Evacuate Collection Set: 1.3ms
[2023-04-27T19:21:32.706+0000][2.091s] GC(3)   Other: 0.2ms
[2023-04-27T19:21:32.706+0000][2.091s] GC(3) Eden regions: 24->0(32)
[2023-04-27T19:21:32.706+0000][2.091s] GC(3) Survivor regions: 4->4(4)
[2023-04-27T19:21:32.706+0000][2.091s] GC(3) Old regions: 14->18
[2023-04-27T19:21:32.706+0000][2.091s] GC(3) Humongous regions: 4->4
[2023-04-27T19:21:32.706+0000][2.091s] GC(3) Metaspace: 18299K(19328K)->18299K(19328K) NonClass: 16172K(16896K)->16172K(16896K) Class: 2126K(2432K)->2126K(2432K)
[2023-04-27T19:21:32.706+0000][2.091s] GC(3) Pause Young (Normal) (G1 Evacuation Pause) 44M->23M(512M) 8.572ms
[2023-04-27T19:21:32.706+0000][2.091s] GC(3) User=0.01s Sys=0.00s Real=0.01s
[2023-04-27T19:21:32.853+0000][2.238s] GC(4) Pause Young (Concurrent Start) (Metadata GC Threshold)
[2023-04-27T19:21:32.853+0000][2.238s] GC(4) Using 2 workers of 2 for evacuation
[2023-04-27T19:21:32.858+0000][2.243s] GC(4)   Pre Evacuate Collection Set: 0.1ms
[2023-04-27T19:21:32.858+0000][2.243s] GC(4)   Evacuate Collection Set: 4.0ms
[2023-04-27T19:21:32.858+0000][2.243s] GC(4)   Post Evacuate Collection Set: 0.3ms
[2023-04-27T19:21:32.858+0000][2.243s] GC(4)   Other: 0.3ms
[2023-04-27T19:21:32.858+0000][2.243s] GC(4) Eden regions: 19->0(43)
[2023-04-27T19:21:32.858+0000][2.243s] GC(4) Survivor regions: 4->1(5)
[2023-04-27T19:21:32.858+0000][2.243s] GC(4) Old regions: 18->21
[2023-04-27T19:21:32.858+0000][2.243s] GC(4) Humongous regions: 4->4
[2023-04-27T19:21:32.858+0000][2.243s] GC(4) Metaspace: 20432K(21296K)->20432K(21296K) NonClass: 18082K(18608K)->18082K(18608K) Class: 2349K(2688K)->2349K(2688K)
[2023-04-27T19:21:32.858+0000][2.243s] GC(4) Pause Young (Concurrent Start) (Metadata GC Threshold) 42M->24M(512M) 4.786ms
[2023-04-27T19:21:32.858+0000][2.243s] GC(4) User=0.01s Sys=0.00s Real=0.00s
[2023-04-27T19:21:32.858+0000][2.243s] GC(5) Concurrent Cycle
[2023-04-27T19:21:32.858+0000][2.243s] GC(5) Concurrent Clear Claimed Marks
[2023-04-27T19:21:32.858+0000][2.243s] GC(5) Concurrent Clear Claimed Marks 0.024ms
[2023-04-27T19:21:32.858+0000][2.243s] GC(5) Concurrent Scan Root Regions
[2023-04-27T19:21:32.858+0000][2.243s] GC(5) Concurrent Scan Root Regions 0.388ms
[2023-04-27T19:21:32.858+0000][2.243s] GC(5) Concurrent Mark (2.243s)
[2023-04-27T19:21:32.858+0000][2.243s] GC(5) Concurrent Mark From Roots
[2023-04-27T19:21:32.858+0000][2.243s] GC(5) Using 1 workers of 1 for marking
[2023-04-27T19:21:32.891+0000][2.276s] GC(5) Concurrent Mark From Roots 32.435ms
[2023-04-27T19:21:32.891+0000][2.276s] GC(5) Concurrent Preclean
[2023-04-27T19:21:32.891+0000][2.276s] GC(5) Concurrent Preclean 0.083ms
[2023-04-27T19:21:32.891+0000][2.276s] GC(5) Concurrent Mark (2.243s, 2.276s) 32.571ms
[2023-04-27T19:21:32.891+0000][2.276s] GC(5) Pause Remark
[2023-04-27T19:21:32.896+0000][2.281s] GC(5) Cleaned string and symbol table, strings: 8756 processed, 26 removed, symbols: 62208 processed, 27 removed
[2023-04-27T19:21:32.896+0000][2.281s] GC(5) Pause Remark 25M->25M(512M) 4.888ms
[2023-04-27T19:21:32.896+0000][2.281s] GC(5) User=0.01s Sys=0.00s Real=0.00s
[2023-04-27T19:21:32.896+0000][2.281s] GC(5) Concurrent Rebuild Remembered Sets
[2023-04-27T19:21:32.912+0000][2.297s] GC(5) Concurrent Rebuild Remembered Sets 16.178ms
[2023-04-27T19:21:32.912+0000][2.297s] GC(5) Pause Cleanup
[2023-04-27T19:21:32.913+0000][2.298s] GC(5) Pause Cleanup 26M->26M(512M) 0.160ms
[2023-04-27T19:21:32.913+0000][2.298s] GC(5) User=0.00s Sys=0.00s Real=0.00s
[2023-04-27T19:21:32.913+0000][2.298s] GC(5) Concurrent Cleanup for Next Mark
[2023-04-27T19:21:32.914+0000][2.299s] GC(5) Concurrent Cleanup for Next Mark 1.697ms
[2023-04-27T19:21:32.914+0000][2.299s] GC(5) Concurrent Cycle 56.519ms
[2023-04-27T19:21:33.664+0000][3.049s] GC(6) Pause Young (Normal) (G1 Evacuation Pause)
[2023-04-27T19:21:33.664+0000][3.049s] GC(6) Using 2 workers of 2 for evacuation
[2023-04-27T19:21:33.669+0000][3.054s] GC(6)   Pre Evacuate Collection Set: 0.0ms
[2023-04-27T19:21:33.669+0000][3.054s] GC(6)   Evacuate Collection Set: 4.0ms
[2023-04-27T19:21:33.669+0000][3.054s] GC(6)   Post Evacuate Collection Set: 0.3ms
[2023-04-27T19:21:33.669+0000][3.054s] GC(6)   Other: 0.2ms
[2023-04-27T19:21:33.669+0000][3.054s] GC(6) Eden regions: 43->0(112)
[2023-04-27T19:21:33.669+0000][3.054s] GC(6) Survivor regions: 1->2(6)
[2023-04-27T19:21:33.669+0000][3.054s] GC(6) Old regions: 21->21
[2023-04-27T19:21:33.669+0000][3.054s] GC(6) Humongous regions: 4->4
[2023-04-27T19:21:33.669+0000][3.054s] GC(6) Metaspace: 26843K(27952K)->26843K(27952K) NonClass: 23744K(24496K)->23744K(24496K) Class: 3098K(3456K)->3098K(3456K)
[2023-04-27T19:21:33.669+0000][3.054s] GC(6) Pause Young (Normal) (G1 Evacuation Pause) 67M->24M(512M) 4.619ms
[2023-04-27T19:21:33.669+0000][3.054s] GC(6) User=0.00s Sys=0.00s Real=0.00s
[2023-04-27T19:21:35.260+0000][4.645s] GC(7) Pause Young (Concurrent Start) (Metadata GC Threshold)
[2023-04-27T19:21:35.260+0000][4.645s] GC(7) Using 2 workers of 2 for evacuation
[2023-04-27T19:21:35.291+0000][4.676s] GC(7)   Pre Evacuate Collection Set: 0.1ms
[2023-04-27T19:21:35.291+0000][4.676s] GC(7)   Evacuate Collection Set: 30.2ms
[2023-04-27T19:21:35.291+0000][4.676s] GC(7)   Post Evacuate Collection Set: 0.8ms
[2023-04-27T19:21:35.291+0000][4.676s] GC(7)   Other: 0.3ms
[2023-04-27T19:21:35.291+0000][4.676s] GC(7) Eden regions: 82->0(115)
[2023-04-27T19:21:35.291+0000][4.676s] GC(7) Survivor regions: 2->9(15)
[2023-04-27T19:21:35.291+0000][4.676s] GC(7) Old regions: 21->21
[2023-04-27T19:21:35.291+0000][4.676s] GC(7) Humongous regions: 6->5
[2023-04-27T19:21:35.291+0000][4.676s] GC(7) Metaspace: 34689K(35888K)->34689K(35888K) NonClass: 30686K(31408K)->30686K(31408K) Class: 4002K(4480K)->4002K(4480K)
[2023-04-27T19:21:35.292+0000][4.677s] GC(7) Pause Young (Concurrent Start) (Metadata GC Threshold) 108M->33M(512M) 31.535ms
[2023-04-27T19:21:35.292+0000][4.677s] GC(7) User=0.05s Sys=0.01s Real=0.03s
[2023-04-27T19:21:35.292+0000][4.677s] GC(8) Concurrent Cycle
[2023-04-27T19:21:35.292+0000][4.677s] GC(8) Concurrent Clear Claimed Marks
[2023-04-27T19:21:35.292+0000][4.677s] GC(8) Concurrent Clear Claimed Marks 0.066ms
[2023-04-27T19:21:35.292+0000][4.677s] GC(8) Concurrent Scan Root Regions
[2023-04-27T19:21:35.295+0000][4.680s] GC(8) Concurrent Scan Root Regions 3.725ms
[2023-04-27T19:21:35.295+0000][4.680s] GC(8) Concurrent Mark (4.680s)
[2023-04-27T19:21:35.295+0000][4.680s] GC(8) Concurrent Mark From Roots
[2023-04-27T19:21:35.295+0000][4.680s] GC(8) Using 1 workers of 1 for marking
[2023-04-27T19:21:35.356+0000][4.741s] GC(8) Concurrent Mark From Roots 60.143ms
[2023-04-27T19:21:35.356+0000][4.741s] GC(8) Concurrent Preclean
[2023-04-27T19:21:35.356+0000][4.741s] GC(8) Concurrent Preclean 0.079ms
[2023-04-27T19:21:35.356+0000][4.741s] GC(8) Concurrent Mark (4.680s, 4.741s) 60.277ms
[2023-04-27T19:21:35.356+0000][4.741s] GC(8) Pause Remark
[2023-04-27T19:21:35.363+0000][4.748s] GC(8) Cleaned string and symbol table, strings: 17960 processed, 0 removed, symbols: 103765 processed, 103 removed
[2023-04-27T19:21:35.364+0000][4.749s] GC(8) Pause Remark 38M->38M(512M) 7.617ms
[2023-04-27T19:21:35.364+0000][4.749s] GC(8) User=0.01s Sys=0.00s Real=0.01s
[2023-04-27T19:21:35.364+0000][4.749s] GC(8) Concurrent Rebuild Remembered Sets
[2023-04-27T19:21:35.382+0000][4.767s] GC(8) Concurrent Rebuild Remembered Sets 18.231ms
[2023-04-27T19:21:35.382+0000][4.767s] GC(8) Pause Cleanup
[2023-04-27T19:21:35.382+0000][4.767s] GC(8) Pause Cleanup 38M->38M(512M) 0.166ms
[2023-04-27T19:21:35.382+0000][4.767s] GC(8) User=0.00s Sys=0.00s Real=0.00s
[2023-04-27T19:21:35.382+0000][4.767s] GC(8) Concurrent Cleanup for Next Mark
[2023-04-27T19:21:35.384+0000][4.769s] GC(8) Concurrent Cleanup for Next Mark 1.726ms
[2023-04-27T19:21:35.384+0000][4.769s] GC(8) Concurrent Cycle 92.440ms
[2023-04-27T19:21:36.947+0000][6.332s] GC(9) Pause Young (Normal) (G1 Evacuation Pause)
[2023-04-27T19:21:36.947+0000][6.332s] GC(9) Using 2 workers of 2 for evacuation
[2023-04-27T19:21:37.000+0000][6.385s] GC(9)   Pre Evacuate Collection Set: 0.0ms
[2023-04-27T19:21:37.000+0000][6.385s] GC(9)   Evacuate Collection Set: 52.3ms
[2023-04-27T19:21:37.000+0000][6.385s] GC(9)   Post Evacuate Collection Set: 0.7ms
[2023-04-27T19:21:37.000+0000][6.385s] GC(9)   Other: 0.2ms
[2023-04-27T19:21:37.000+0000][6.385s] GC(9) Eden regions: 117->0(291)
[2023-04-27T19:21:37.000+0000][6.385s] GC(9) Survivor regions: 9->16(16)
[2023-04-27T19:21:37.000+0000][6.385s] GC(9) Old regions: 21->22
[2023-04-27T19:21:37.000+0000][6.385s] GC(9) Humongous regions: 5->4
[2023-04-27T19:21:37.000+0000][6.385s] GC(9) Metaspace: 39552K(40988K)->39552K(40988K) NonClass: 34929K(35760K)->34929K(35760K) Class: 4623K(5228K)->4623K(5228K)
[2023-04-27T19:21:37.000+0000][6.385s] GC(9) Pause Young (Normal) (G1 Evacuation Pause) 150M->39M(512M) 53.430ms
[2023-04-27T19:21:37.000+0000][6.385s] GC(9) User=0.08s Sys=0.01s Real=0.06s
[2023-04-27T19:21:38.115+0000][7.500s] GC(10) Pause Young (Normal) (G1 Evacuation Pause)
[2023-04-27T19:21:38.115+0000][7.500s] GC(10) Using 2 workers of 2 for evacuation
[2023-04-27T19:21:38.154+0000][7.539s] GC(10)   Pre Evacuate Collection Set: 0.0ms
[2023-04-27T19:21:38.154+0000][7.539s] GC(10)   Evacuate Collection Set: 38.2ms
[2023-04-27T19:21:38.154+0000][7.539s] GC(10)   Post Evacuate Collection Set: 1.0ms
[2023-04-27T19:21:38.154+0000][7.539s] GC(10)   Other: 0.3ms
[2023-04-27T19:21:38.154+0000][7.539s] GC(10) Eden regions: 291->0(229)
[2023-04-27T19:21:38.154+0000][7.539s] GC(10) Survivor regions: 16->35(39)
[2023-04-27T19:21:38.154+0000][7.539s] GC(10) Old regions: 22->22
[2023-04-27T19:21:38.154+0000][7.539s] GC(10) Humongous regions: 4->4
[2023-04-27T19:21:38.154+0000][7.539s] GC(10) Metaspace: 39578K(40988K)->39578K(40988K) NonClass: 34954K(35760K)->34954K(35760K) Class: 4624K(5228K)->4624K(5228K)
[2023-04-27T19:21:38.154+0000][7.539s] GC(10) Pause Young (Normal) (G1 Evacuation Pause) 330M->58M(512M) 39.571ms
[2023-04-27T19:21:38.154+0000][7.539s] GC(10) User=0.07s Sys=0.01s Real=0.04s
[2023-04-27T19:21:38.830+0000][8.215s] GC(11) Pause Young (Normal) (G1 Evacuation Pause)
[2023-04-27T19:21:38.830+0000][8.215s] GC(11) Using 2 workers of 2 for evacuation
[2023-04-27T19:21:38.863+0000][8.248s] GC(11)   Pre Evacuate Collection Set: 0.0ms
[2023-04-27T19:21:38.863+0000][8.248s] GC(11)   Evacuate Collection Set: 32.3ms
[2023-04-27T19:21:38.863+0000][8.248s] GC(11)   Post Evacuate Collection Set: 0.9ms
[2023-04-27T19:21:38.863+0000][8.248s] GC(11)   Other: 0.2ms
[2023-04-27T19:21:38.863+0000][8.248s] GC(11) Eden regions: 229->0(292)
[2023-04-27T19:21:38.863+0000][8.248s] GC(11) Survivor regions: 35->15(33)
[2023-04-27T19:21:38.863+0000][8.248s] GC(11) Old regions: 22->45
[2023-04-27T19:21:38.863+0000][8.248s] GC(11) Humongous regions: 6->6
[2023-04-27T19:21:38.863+0000][8.248s] GC(11) Metaspace: 39578K(40988K)->39578K(40988K) NonClass: 34954K(35760K)->34954K(35760K) Class: 4624K(5228K)->4624K(5228K)
[2023-04-27T19:21:38.863+0000][8.248s] GC(11) Pause Young (Normal) (G1 Evacuation Pause) 289M->63M(512M) 33.551ms
[2023-04-27T19:21:38.863+0000][8.248s] GC(11) User=0.05s Sys=0.01s Real=0.04s
[2023-04-27T19:21:39.877+0000][9.262s] GC(12) Pause Young (Normal) (G1 Evacuation Pause)
[2023-04-27T19:21:39.877+0000][9.262s] GC(12) Using 2 workers of 2 for evacuation
[2023-04-27T19:21:39.883+0000][9.268s] GC(12)   Pre Evacuate Collection Set: 0.0ms
[2023-04-27T19:21:39.883+0000][9.268s] GC(12)   Evacuate Collection Set: 5.3ms
[2023-04-27T19:21:39.884+0000][9.269s] GC(12)   Post Evacuate Collection Set: 0.7ms
[2023-04-27T19:21:39.884+0000][9.269s] GC(12)   Other: 0.2ms
[2023-04-27T19:21:39.884+0000][9.269s] GC(12) Eden regions: 292->0(286)
[2023-04-27T19:21:39.884+0000][9.269s] GC(12) Survivor regions: 15->21(39)
[2023-04-27T19:21:39.884+0000][9.269s] GC(12) Old regions: 45->45
[2023-04-27T19:21:39.884+0000][9.269s] GC(12) Humongous regions: 8->8
[2023-04-27T19:21:39.884+0000][9.269s] GC(12) Metaspace: 41958K(43292K)->41958K(43292K) NonClass: 36993K(37808K)->36993K(37808K) Class: 4965K(5484K)->4965K(5484K)
[2023-04-27T19:21:39.884+0000][9.269s] GC(12) Pause Young (Normal) (G1 Evacuation Pause) 357M->71M(512M) 6.356ms
[2023-04-27T19:21:39.884+0000][9.269s] GC(12) User=0.01s Sys=0.00s Real=0.01s
[2023-04-27T19:23:53.358+0000][142.743s] Heap
[2023-04-27T19:23:53.358+0000][142.743s]  garbage-first heap   total 524288K, used 341845K [0x00000000e0000000, 0x0000000100000000)
[2023-04-27T19:23:53.358+0000][142.743s]   region size 1024K, 278 young (284672K), 21 survivors (21504K)
[2023-04-27T19:23:53.358+0000][142.743s]  Metaspace       used 53067K, capacity 54467K, committed 54684K, reserved 1097728K
[2023-04-27T19:23:53.358+0000][142.743s]   class space    used 6273K, capacity 6813K, committed 6892K, reserved 1048576K
