[2023-04-27T19:28:52.454+0000][0.010s] Heap region size: 1M
[2023-04-27T19:28:52.475+0000][0.030s] Using G1
[2023-04-27T19:28:52.475+0000][0.030s] Heap address: 0x00000000e0000000, size: 512 MB, Compressed Oops mode: 32-bit
[2023-04-27T19:28:52.475+0000][0.030s] Mark closed archive regions in map: [0x00000000fff00000, 0x00000000fff6aff8]
[2023-04-27T19:28:52.475+0000][0.030s] Mark open archive regions in map: [0x00000000ffe00000, 0x00000000ffe46ff8]
[2023-04-27T19:28:53.129+0000][0.684s] GC(0) Pause Young (Normal) (G1 Evacuation Pause)
[2023-04-27T19:28:53.131+0000][0.686s] GC(0) Using 2 workers of 2 for evacuation
[2023-04-27T19:28:53.145+0000][0.700s] GC(0)   Pre Evacuate Collection Set: 0.0ms
[2023-04-27T19:28:53.145+0000][0.700s] GC(0)   Evacuate Collection Set: 13.6ms
[2023-04-27T19:28:53.145+0000][0.700s] GC(0)   Post Evacuate Collection Set: 0.6ms
[2023-04-27T19:28:53.145+0000][0.700s] GC(0)   Other: 1.6ms
[2023-04-27T19:28:53.145+0000][0.700s] GC(0) Eden regions: 25->0(22)
[2023-04-27T19:28:53.145+0000][0.700s] GC(0) Survivor regions: 0->3(4)
[2023-04-27T19:28:53.145+0000][0.700s] GC(0) Old regions: 2->2
[2023-04-27T19:28:53.145+0000][0.700s] GC(0) Humongous regions: 0->0
[2023-04-27T19:28:53.145+0000][0.700s] GC(0) Metaspace: 6739K(8192K)->6739K(8192K) NonClass: 5949K(7168K)->5949K(7168K) Class: 790K(1024K)->790K(1024K)
[2023-04-27T19:28:53.145+0000][0.700s] GC(0) Pause Young (Normal) (G1 Evacuation Pause) 25M->3M(512M) 15.974ms
[2023-04-27T19:28:53.145+0000][0.700s] GC(0) User=0.03s Sys=0.00s Real=0.02s
[2023-04-27T19:28:53.682+0000][1.238s] GC(1) Pause Young (Normal) (G1 Evacuation Pause)
[2023-04-27T19:28:53.682+0000][1.238s] GC(1) Using 2 workers of 2 for evacuation
[2023-04-27T19:28:53.715+0000][1.270s] GC(1)   Pre Evacuate Collection Set: 0.0ms
[2023-04-27T19:28:53.715+0000][1.270s] GC(1)   Evacuate Collection Set: 31.7ms
[2023-04-27T19:28:53.715+0000][1.270s] GC(1)   Post Evacuate Collection Set: 0.5ms
[2023-04-27T19:28:53.715+0000][1.270s] GC(1)   Other: 0.2ms
[2023-04-27T19:28:53.715+0000][1.270s] GC(1) Eden regions: 22->0(21)
[2023-04-27T19:28:53.715+0000][1.270s] GC(1) Survivor regions: 3->4(4)
[2023-04-27T19:28:53.715+0000][1.270s] GC(1) Old regions: 2->10
[2023-04-27T19:28:53.715+0000][1.270s] GC(1) Humongous regions: 4->4
[2023-04-27T19:28:53.715+0000][1.270s] GC(1) Metaspace: 13182K(13824K)->13182K(13824K) NonClass: 11624K(12032K)->11624K(12032K) Class: 1557K(1792K)->1557K(1792K)
[2023-04-27T19:28:53.715+0000][1.270s] GC(1) Pause Young (Normal) (G1 Evacuation Pause) 29M->15M(512M) 32.554ms
[2023-04-27T19:28:53.715+0000][1.270s] GC(1) User=0.06s Sys=0.01s Real=0.03s
[2023-04-27T19:28:54.054+0000][1.610s] GC(2) Pause Young (Normal) (G1 Evacuation Pause)
[2023-04-27T19:28:54.054+0000][1.610s] GC(2) Using 2 workers of 2 for evacuation
[2023-04-27T19:28:54.071+0000][1.626s] GC(2)   Pre Evacuate Collection Set: 0.0ms
[2023-04-27T19:28:54.071+0000][1.626s] GC(2)   Evacuate Collection Set: 12.5ms
[2023-04-27T19:28:54.071+0000][1.626s] GC(2)   Post Evacuate Collection Set: 3.7ms
[2023-04-27T19:28:54.071+0000][1.626s] GC(2)   Other: 0.2ms
[2023-04-27T19:28:54.071+0000][1.626s] GC(2) Eden regions: 21->0(24)
[2023-04-27T19:28:54.071+0000][1.626s] GC(2) Survivor regions: 4->4(4)
[2023-04-27T19:28:54.071+0000][1.626s] GC(2) Old regions: 10->14
[2023-04-27T19:28:54.071+0000][1.626s] GC(2) Humongous regions: 4->4
[2023-04-27T19:28:54.071+0000][1.626s] GC(2) Metaspace: 16128K(17024K)->16128K(17024K) NonClass: 14230K(14848K)->14230K(14848K) Class: 1897K(2176K)->1897K(2176K)
[2023-04-27T19:28:54.071+0000][1.626s] GC(2) Pause Young (Normal) (G1 Evacuation Pause) 36M->20M(512M) 16.538ms
[2023-04-27T19:28:54.071+0000][1.626s] GC(2) User=0.03s Sys=0.00s Real=0.02s
[2023-04-27T19:28:54.329+0000][1.884s] GC(3) Pause Young (Normal) (G1 Evacuation Pause)
[2023-04-27T19:28:54.329+0000][1.884s] GC(3) Using 2 workers of 2 for evacuation
[2023-04-27T19:28:54.339+0000][1.895s] GC(3)   Pre Evacuate Collection Set: 0.0ms
[2023-04-27T19:28:54.339+0000][1.895s] GC(3)   Evacuate Collection Set: 9.3ms
[2023-04-27T19:28:54.339+0000][1.895s] GC(3)   Post Evacuate Collection Set: 0.9ms
[2023-04-27T19:28:54.340+0000][1.895s] GC(3)   Other: 0.2ms
[2023-04-27T19:28:54.340+0000][1.895s] GC(3) Eden regions: 24->0(32)
[2023-04-27T19:28:54.340+0000][1.895s] GC(3) Survivor regions: 4->4(4)
[2023-04-27T19:28:54.340+0000][1.895s] GC(3) Old regions: 14->19
[2023-04-27T19:28:54.340+0000][1.895s] GC(3) Humongous regions: 4->4
[2023-04-27T19:28:54.340+0000][1.895s] GC(3) Metaspace: 18179K(19072K)->18179K(19072K) NonClass: 16067K(16640K)->16067K(16640K) Class: 2112K(2432K)->2112K(2432K)
[2023-04-27T19:28:54.340+0000][1.895s] GC(3) Pause Young (Normal) (G1 Evacuation Pause) 44M->25M(512M) 10.471ms
[2023-04-27T19:28:54.340+0000][1.895s] GC(3) User=0.01s Sys=0.00s Real=0.02s
[2023-04-27T19:28:54.461+0000][2.017s] GC(4) Pause Young (Concurrent Start) (Metadata GC Threshold)
[2023-04-27T19:28:54.461+0000][2.017s] GC(4) Using 2 workers of 2 for evacuation
[2023-04-27T19:28:54.468+0000][2.023s] GC(4)   Pre Evacuate Collection Set: 0.1ms
[2023-04-27T19:28:54.468+0000][2.023s] GC(4)   Evacuate Collection Set: 5.7ms
[2023-04-27T19:28:54.468+0000][2.023s] GC(4)   Post Evacuate Collection Set: 0.3ms
[2023-04-27T19:28:54.468+0000][2.023s] GC(4)   Other: 0.2ms
[2023-04-27T19:28:54.468+0000][2.023s] GC(4) Eden regions: 19->0(42)
[2023-04-27T19:28:54.468+0000][2.023s] GC(4) Survivor regions: 4->1(5)
[2023-04-27T19:28:54.468+0000][2.023s] GC(4) Old regions: 19->22
[2023-04-27T19:28:54.468+0000][2.023s] GC(4) Humongous regions: 4->4
[2023-04-27T19:28:54.468+0000][2.023s] GC(4) Metaspace: 20415K(21296K)->20415K(21296K) NonClass: 18066K(18608K)->18066K(18608K) Class: 2349K(2688K)->2349K(2688K)
[2023-04-27T19:28:54.468+0000][2.023s] GC(4) Pause Young (Concurrent Start) (Metadata GC Threshold) 44M->25M(512M) 6.384ms
[2023-04-27T19:28:54.468+0000][2.023s] GC(4) User=0.01s Sys=0.00s Real=0.00s
[2023-04-27T19:28:54.468+0000][2.023s] GC(5) Concurrent Cycle
[2023-04-27T19:28:54.468+0000][2.023s] GC(5) Concurrent Clear Claimed Marks
[2023-04-27T19:28:54.468+0000][2.023s] GC(5) Concurrent Clear Claimed Marks 0.023ms
[2023-04-27T19:28:54.468+0000][2.023s] GC(5) Concurrent Scan Root Regions
[2023-04-27T19:28:54.468+0000][2.023s] GC(5) Concurrent Scan Root Regions 0.344ms
[2023-04-27T19:28:54.468+0000][2.023s] GC(5) Concurrent Mark (2.023s)
[2023-04-27T19:28:54.468+0000][2.023s] GC(5) Concurrent Mark From Roots
[2023-04-27T19:28:54.468+0000][2.023s] GC(5) Using 1 workers of 1 for marking
[2023-04-27T19:28:54.502+0000][2.057s] GC(5) Concurrent Mark From Roots 33.405ms
[2023-04-27T19:28:54.502+0000][2.057s] GC(5) Concurrent Preclean
[2023-04-27T19:28:54.502+0000][2.057s] GC(5) Concurrent Preclean 0.079ms
[2023-04-27T19:28:54.502+0000][2.057s] GC(5) Concurrent Mark (2.023s, 2.057s) 33.541ms
[2023-04-27T19:28:54.502+0000][2.057s] GC(5) Pause Remark
[2023-04-27T19:28:54.507+0000][2.062s] GC(5) Cleaned string and symbol table, strings: 8789 processed, 26 removed, symbols: 63135 processed, 37 removed
[2023-04-27T19:28:54.507+0000][2.063s] GC(5) Pause Remark 28M->28M(512M) 5.357ms
[2023-04-27T19:28:54.507+0000][2.063s] GC(5) User=0.01s Sys=0.00s Real=0.00s
[2023-04-27T19:28:54.507+0000][2.063s] GC(5) Concurrent Rebuild Remembered Sets
[2023-04-27T19:28:54.523+0000][2.079s] GC(5) Concurrent Rebuild Remembered Sets 15.995ms
[2023-04-27T19:28:54.524+0000][2.079s] GC(5) Pause Cleanup
[2023-04-27T19:28:54.524+0000][2.079s] GC(5) Pause Cleanup 28M->28M(512M) 0.160ms
[2023-04-27T19:28:54.524+0000][2.079s] GC(5) User=0.00s Sys=0.00s Real=0.00s
[2023-04-27T19:28:54.524+0000][2.079s] GC(5) Concurrent Cleanup for Next Mark
[2023-04-27T19:28:54.525+0000][2.081s] GC(5) Concurrent Cleanup for Next Mark 1.672ms
[2023-04-27T19:28:54.525+0000][2.081s] GC(5) Concurrent Cycle 57.701ms
[2023-04-27T19:28:55.350+0000][2.905s] GC(6) Pause Young (Concurrent Start) (G1 Evacuation Pause)
[2023-04-27T19:28:55.350+0000][2.905s] GC(6) Using 2 workers of 2 for evacuation
[2023-04-27T19:28:55.354+0000][2.909s] GC(6)   Pre Evacuate Collection Set: 0.1ms
[2023-04-27T19:28:55.354+0000][2.909s] GC(6)   Evacuate Collection Set: 2.7ms
[2023-04-27T19:28:55.354+0000][2.909s] GC(6)   Post Evacuate Collection Set: 0.3ms
[2023-04-27T19:28:55.354+0000][2.909s] GC(6)   Other: 0.2ms
[2023-04-27T19:28:55.354+0000][2.909s] GC(6) Eden regions: 42->0(99)
[2023-04-27T19:28:55.354+0000][2.909s] GC(6) Survivor regions: 1->1(6)
[2023-04-27T19:28:55.354+0000][2.909s] GC(6) Old regions: 22->22
[2023-04-27T19:28:55.354+0000][2.909s] GC(6) Humongous regions: 4->4
[2023-04-27T19:28:55.354+0000][2.909s] GC(6) Metaspace: 24043K(25008K)->24043K(25008K) NonClass: 21300K(21936K)->21300K(21936K) Class: 2742K(3072K)->2742K(3072K)
[2023-04-27T19:28:55.354+0000][2.909s] GC(6) Pause Young (Concurrent Start) (G1 Evacuation Pause) 67M->25M(512M) 3.458ms
[2023-04-27T19:28:55.354+0000][2.909s] GC(6) User=0.00s Sys=0.00s Real=0.01s
[2023-04-27T19:28:55.354+0000][2.909s] GC(7) Concurrent Cycle
[2023-04-27T19:28:55.354+0000][2.909s] GC(7) Concurrent Clear Claimed Marks
[2023-04-27T19:28:55.354+0000][2.909s] GC(7) Concurrent Clear Claimed Marks 0.024ms
[2023-04-27T19:28:55.354+0000][2.909s] GC(7) Concurrent Scan Root Regions
[2023-04-27T19:28:55.354+0000][2.910s] GC(7) Concurrent Scan Root Regions 0.662ms
[2023-04-27T19:28:55.354+0000][2.910s] GC(7) Concurrent Mark (2.910s)
[2023-04-27T19:28:55.354+0000][2.910s] GC(7) Concurrent Mark From Roots
[2023-04-27T19:28:55.354+0000][2.910s] GC(7) Using 1 workers of 1 for marking
[2023-04-27T19:28:55.382+0000][2.937s] GC(7) Concurrent Mark From Roots 27.209ms
[2023-04-27T19:28:55.382+0000][2.937s] GC(7) Concurrent Preclean
[2023-04-27T19:28:55.382+0000][2.937s] GC(7) Concurrent Preclean 0.075ms
[2023-04-27T19:28:55.382+0000][2.937s] GC(7) Concurrent Mark (2.910s, 2.937s) 27.331ms
[2023-04-27T19:28:55.382+0000][2.937s] GC(7) Pause Remark
[2023-04-27T19:28:55.387+0000][2.943s] GC(7) Cleaned string and symbol table, strings: 9643 processed, 0 removed, symbols: 71679 processed, 24 removed
[2023-04-27T19:28:55.388+0000][2.943s] GC(7) Pause Remark 27M->27M(512M) 5.583ms
[2023-04-27T19:28:55.388+0000][2.943s] GC(7) User=0.00s Sys=0.00s Real=0.00s
[2023-04-27T19:28:55.388+0000][2.943s] GC(7) Concurrent Rebuild Remembered Sets
[2023-04-27T19:28:55.403+0000][2.958s] GC(7) Concurrent Rebuild Remembered Sets 15.598ms
[2023-04-27T19:28:55.403+0000][2.959s] GC(7) Pause Cleanup
[2023-04-27T19:28:55.403+0000][2.959s] GC(7) Pause Cleanup 29M->29M(512M) 0.113ms
[2023-04-27T19:28:55.403+0000][2.959s] GC(7) User=0.00s Sys=0.00s Real=0.00s
[2023-04-27T19:28:55.404+0000][2.959s] GC(7) Concurrent Cleanup for Next Mark
[2023-04-27T19:28:55.405+0000][2.960s] GC(7) Concurrent Cleanup for Next Mark 1.673ms
[2023-04-27T19:28:55.405+0000][2.960s] GC(7) Concurrent Cycle 51.490ms
[2023-04-27T19:28:56.597+0000][4.152s] GC(8) Pause Young (Normal) (G1 Evacuation Pause)
[2023-04-27T19:28:56.597+0000][4.152s] GC(8) Using 2 workers of 2 for evacuation
[2023-04-27T19:28:56.614+0000][4.169s] GC(8)   Pre Evacuate Collection Set: 0.0ms
[2023-04-27T19:28:56.614+0000][4.169s] GC(8)   Evacuate Collection Set: 16.2ms
[2023-04-27T19:28:56.614+0000][4.169s] GC(8)   Post Evacuate Collection Set: 0.6ms
[2023-04-27T19:28:56.614+0000][4.169s] GC(8)   Other: 0.2ms
[2023-04-27T19:28:56.614+0000][4.169s] GC(8) Eden regions: 99->0(116)
[2023-04-27T19:28:56.614+0000][4.169s] GC(8) Survivor regions: 1->9(13)
[2023-04-27T19:28:56.614+0000][4.169s] GC(8) Old regions: 22->22
[2023-04-27T19:28:56.614+0000][4.169s] GC(8) Humongous regions: 5->4
[2023-04-27T19:28:56.614+0000][4.169s] GC(8) Metaspace: 35264K(36784K)->35264K(36784K) NonClass: 31125K(32176K)->31125K(32176K) Class: 4138K(4608K)->4138K(4608K)
[2023-04-27T19:28:56.614+0000][4.169s] GC(8) Pause Young (Normal) (G1 Evacuation Pause) 125M->33M(512M) 17.042ms
[2023-04-27T19:28:56.614+0000][4.169s] GC(8) User=0.02s Sys=0.01s Real=0.02s
[2023-04-27T19:28:59.094+0000][6.650s] GC(9) Pause Young (Normal) (G1 Evacuation Pause)
[2023-04-27T19:28:59.094+0000][6.650s] GC(9) Using 2 workers of 2 for evacuation
[2023-04-27T19:28:59.124+0000][6.680s] GC(9)   Pre Evacuate Collection Set: 0.0ms
[2023-04-27T19:28:59.124+0000][6.680s] GC(9)   Evacuate Collection Set: 29.2ms
[2023-04-27T19:28:59.125+0000][6.680s] GC(9)   Post Evacuate Collection Set: 0.6ms
[2023-04-27T19:28:59.125+0000][6.680s] GC(9)   Other: 0.2ms
[2023-04-27T19:28:59.125+0000][6.680s] GC(9) Eden regions: 116->0(133)
[2023-04-27T19:28:59.125+0000][6.680s] GC(9) Survivor regions: 9->11(16)
[2023-04-27T19:28:59.125+0000][6.680s] GC(9) Old regions: 22->31
[2023-04-27T19:28:59.125+0000][6.680s] GC(9) Humongous regions: 4->4
[2023-04-27T19:28:59.125+0000][6.680s] GC(9) Metaspace: 39699K(41136K)->39699K(41136K) NonClass: 35076K(36016K)->35076K(36016K) Class: 4623K(5120K)->4623K(5120K)
[2023-04-27T19:28:59.125+0000][6.680s] GC(9) Pause Young (Normal) (G1 Evacuation Pause) 149M->44M(512M) 30.197ms
[2023-04-27T19:28:59.125+0000][6.680s] GC(9) User=0.06s Sys=0.00s Real=0.03s
[2023-04-27T19:28:59.970+0000][7.526s] GC(10) Pause Young (Normal) (G1 Evacuation Pause)
[2023-04-27T19:28:59.970+0000][7.526s] GC(10) Using 2 workers of 2 for evacuation
[2023-04-27T19:28:59.996+0000][7.551s] GC(10)   Pre Evacuate Collection Set: 0.0ms
[2023-04-27T19:28:59.996+0000][7.551s] GC(10)   Evacuate Collection Set: 24.8ms
[2023-04-27T19:28:59.996+0000][7.551s] GC(10)   Post Evacuate Collection Set: 0.6ms
[2023-04-27T19:28:59.996+0000][7.551s] GC(10)   Other: 0.2ms
[2023-04-27T19:28:59.996+0000][7.551s] GC(10) Eden regions: 133->0(169)
[2023-04-27T19:28:59.996+0000][7.551s] GC(10) Survivor regions: 11->9(18)
[2023-04-27T19:28:59.996+0000][7.551s] GC(10) Old regions: 31->37
[2023-04-27T19:28:59.996+0000][7.551s] GC(10) Humongous regions: 4->4
[2023-04-27T19:28:59.996+0000][7.551s] GC(10) Metaspace: 39707K(41136K)->39707K(41136K) NonClass: 35084K(36016K)->35084K(36016K) Class: 4623K(5120K)->4623K(5120K)
[2023-04-27T19:28:59.996+0000][7.551s] GC(10) Pause Young (Normal) (G1 Evacuation Pause) 177M->47M(512M) 25.670ms
[2023-04-27T19:28:59.996+0000][7.551s] GC(10) User=0.04s Sys=0.01s Real=0.03s
[2023-04-27T19:29:00.326+0000][7.881s] GC(11) Pause Young (Concurrent Start) (Metadata GC Threshold)
[2023-04-27T19:29:00.326+0000][7.881s] GC(11) Using 2 workers of 2 for evacuation
[2023-04-27T19:29:00.344+0000][7.900s] GC(11)   Pre Evacuate Collection Set: 0.1ms
[2023-04-27T19:29:00.344+0000][7.900s] GC(11)   Evacuate Collection Set: 17.2ms
[2023-04-27T19:29:00.344+0000][7.900s] GC(11)   Post Evacuate Collection Set: 0.6ms
[2023-04-27T19:29:00.344+0000][7.900s] GC(11)   Other: 0.3ms
[2023-04-27T19:29:00.344+0000][7.900s] GC(11) Eden regions: 92->0(183)
[2023-04-27T19:29:00.344+0000][7.900s] GC(11) Survivor regions: 9->16(23)
[2023-04-27T19:29:00.344+0000][7.900s] GC(11) Old regions: 37->37
[2023-04-27T19:29:00.344+0000][7.900s] GC(11) Humongous regions: 4->4
[2023-04-27T19:29:00.344+0000][7.900s] GC(11) Metaspace: 40706K(42032K)->40706K(42032K) NonClass: 35938K(36784K)->35938K(36784K) Class: 4768K(5248K)->4768K(5248K)
[2023-04-27T19:29:00.344+0000][7.900s] GC(11) Pause Young (Concurrent Start) (Metadata GC Threshold) 139M->55M(512M) 18.290ms
[2023-04-27T19:29:00.344+0000][7.900s] GC(11) User=0.02s Sys=0.00s Real=0.02s
[2023-04-27T19:29:00.344+0000][7.900s] GC(12) Concurrent Cycle
[2023-04-27T19:29:00.344+0000][7.900s] GC(12) Concurrent Clear Claimed Marks
[2023-04-27T19:29:00.345+0000][7.900s] GC(12) Concurrent Clear Claimed Marks 0.041ms
[2023-04-27T19:29:00.345+0000][7.900s] GC(12) Concurrent Scan Root Regions
[2023-04-27T19:29:00.348+0000][7.903s] GC(12) Concurrent Scan Root Regions 3.722ms
[2023-04-27T19:29:00.348+0000][7.904s] GC(12) Concurrent Mark (7.904s)
[2023-04-27T19:29:00.348+0000][7.904s] GC(12) Concurrent Mark From Roots
[2023-04-27T19:29:00.348+0000][7.904s] GC(12) Using 1 workers of 1 for marking
[2023-04-27T19:29:00.480+0000][8.036s] GC(12) Concurrent Mark From Roots 131.990ms
[2023-04-27T19:29:00.480+0000][8.036s] GC(12) Concurrent Preclean
[2023-04-27T19:29:00.480+0000][8.036s] GC(12) Concurrent Preclean 0.112ms
[2023-04-27T19:29:00.480+0000][8.036s] GC(12) Concurrent Mark (7.904s, 8.036s) 132.166ms
[2023-04-27T19:29:00.484+0000][8.039s] GC(12) Pause Remark
[2023-04-27T19:29:00.494+0000][8.049s] GC(12) Cleaned string and symbol table, strings: 23364 processed, 26 removed, symbols: 119763 processed, 146 removed
[2023-04-27T19:29:00.494+0000][8.050s] GC(12) Pause Remark 86M->86M(512M) 10.788ms
[2023-04-27T19:29:00.494+0000][8.050s] GC(12) User=0.02s Sys=0.00s Real=0.01s
[2023-04-27T19:29:00.494+0000][8.050s] GC(12) Concurrent Rebuild Remembered Sets
[2023-04-27T19:29:00.541+0000][8.096s] GC(12) Concurrent Rebuild Remembered Sets 46.860ms
[2023-04-27T19:29:00.544+0000][8.100s] GC(12) Pause Cleanup
[2023-04-27T19:29:00.545+0000][8.100s] GC(12) Pause Cleanup 98M->98M(512M) 0.161ms
[2023-04-27T19:29:00.545+0000][8.100s] GC(12) User=0.00s Sys=0.00s Real=0.00s
[2023-04-27T19:29:00.545+0000][8.100s] GC(12) Concurrent Cleanup for Next Mark
[2023-04-27T19:29:00.546+0000][8.102s] GC(12) Concurrent Cleanup for Next Mark 1.737ms
[2023-04-27T19:29:00.546+0000][8.102s] GC(12) Concurrent Cycle 201.949ms
[2023-04-27T19:29:01.102+0000][8.657s] GC(13) Pause Young (Concurrent Start) (G1 Evacuation Pause)
[2023-04-27T19:29:01.102+0000][8.657s] GC(13) Using 2 workers of 2 for evacuation
[2023-04-27T19:29:01.131+0000][8.686s] GC(13)   Pre Evacuate Collection Set: 0.1ms
[2023-04-27T19:29:01.131+0000][8.686s] GC(13)   Evacuate Collection Set: 27.2ms
[2023-04-27T19:29:01.131+0000][8.686s] GC(13)   Post Evacuate Collection Set: 1.0ms
[2023-04-27T19:29:01.131+0000][8.686s] GC(13)   Other: 0.3ms
[2023-04-27T19:29:01.131+0000][8.686s] GC(13) Eden regions: 191->0(224)
[2023-04-27T19:29:01.131+0000][8.686s] GC(13) Survivor regions: 16->19(26)
[2023-04-27T19:29:01.131+0000][8.686s] GC(13) Old regions: 37->43
[2023-04-27T19:29:01.131+0000][8.686s] GC(13) Humongous regions: 6->6
[2023-04-27T19:29:01.131+0000][8.686s] GC(13) Metaspace: 41350K(42928K)->41350K(42928K) NonClass: 36510K(37552K)->36510K(37552K) Class: 4840K(5376K)->4840K(5376K)
[2023-04-27T19:29:01.131+0000][8.686s] GC(13) Pause Young (Concurrent Start) (G1 Evacuation Pause) 248M->65M(512M) 28.767ms
[2023-04-27T19:29:01.131+0000][8.686s] GC(13) User=0.04s Sys=0.02s Real=0.03s
[2023-04-27T19:29:01.131+0000][8.686s] GC(14) Concurrent Cycle
[2023-04-27T19:29:01.131+0000][8.686s] GC(14) Concurrent Clear Claimed Marks
[2023-04-27T19:29:01.131+0000][8.686s] GC(14) Concurrent Clear Claimed Marks 0.093ms
[2023-04-27T19:29:01.131+0000][8.686s] GC(14) Concurrent Scan Root Regions
[2023-04-27T19:29:01.135+0000][8.691s] GC(14) Concurrent Scan Root Regions 4.290ms
[2023-04-27T19:29:01.135+0000][8.691s] GC(14) Concurrent Mark (8.691s)
[2023-04-27T19:29:01.135+0000][8.691s] GC(14) Concurrent Mark From Roots
[2023-04-27T19:29:01.135+0000][8.691s] GC(14) Using 1 workers of 1 for marking
[2023-04-27T19:29:01.237+0000][8.792s] GC(14) Concurrent Mark From Roots 101.329ms
[2023-04-27T19:29:01.237+0000][8.792s] GC(14) Concurrent Preclean
[2023-04-27T19:29:01.237+0000][8.792s] GC(14) Concurrent Preclean 0.118ms
[2023-04-27T19:29:01.237+0000][8.792s] GC(14) Concurrent Mark (8.691s, 8.792s) 101.515ms
[2023-04-27T19:29:01.240+0000][8.795s] GC(14) Pause Remark
[2023-04-27T19:29:01.252+0000][8.807s] GC(14) Cleaned string and symbol table, strings: 23390 processed, 0 removed, symbols: 119738 processed, 5 removed
[2023-04-27T19:29:01.252+0000][8.807s] GC(14) Pause Remark 86M->86M(512M) 11.735ms
[2023-04-27T19:29:01.252+0000][8.807s] GC(14) User=0.02s Sys=0.00s Real=0.01s
[2023-04-27T19:29:01.252+0000][8.807s] GC(14) Concurrent Rebuild Remembered Sets
[2023-04-27T19:29:01.332+0000][8.887s] GC(14) Concurrent Rebuild Remembered Sets 79.712ms
[2023-04-27T19:29:01.332+0000][8.887s] GC(14) Pause Cleanup
[2023-04-27T19:29:01.332+0000][8.887s] GC(14) Pause Cleanup 114M->114M(512M) 0.154ms
[2023-04-27T19:29:01.332+0000][8.887s] GC(14) User=0.00s Sys=0.00s Real=0.00s
[2023-04-27T19:29:01.332+0000][8.887s] GC(14) Concurrent Cleanup for Next Mark
[2023-04-27T19:29:01.334+0000][8.889s] GC(14) Concurrent Cleanup for Next Mark 1.743ms
[2023-04-27T19:29:01.334+0000][8.889s] GC(14) Concurrent Cycle 202.818ms
[2023-04-27T19:29:01.830+0000][9.386s] GC(15) Pause Young (Normal) (G1 Evacuation Pause)
[2023-04-27T19:29:01.830+0000][9.386s] GC(15) Using 2 workers of 2 for evacuation
[2023-04-27T19:29:01.879+0000][9.435s] GC(15)   Pre Evacuate Collection Set: 0.0ms
[2023-04-27T19:29:01.879+0000][9.435s] GC(15)   Evacuate Collection Set: 48.0ms
[2023-04-27T19:29:01.879+0000][9.435s] GC(15)   Post Evacuate Collection Set: 0.7ms
[2023-04-27T19:29:01.879+0000][9.435s] GC(15)   Other: 0.3ms
[2023-04-27T19:29:01.879+0000][9.435s] GC(15) Eden regions: 225->0(270)
[2023-04-27T19:29:01.879+0000][9.435s] GC(15) Survivor regions: 19->31(31)
[2023-04-27T19:29:01.879+0000][9.435s] GC(15) Old regions: 43->48
[2023-04-27T19:29:01.879+0000][9.435s] GC(15) Humongous regions: 6->6
[2023-04-27T19:29:01.879+0000][9.435s] GC(15) Metaspace: 41914K(43440K)->41914K(43440K) NonClass: 37010K(38064K)->37010K(38064K) Class: 4903K(5376K)->4903K(5376K)
[2023-04-27T19:29:01.880+0000][9.435s] GC(15) Pause Young (Normal) (G1 Evacuation Pause) 290M->82M(512M) 49.112ms
[2023-04-27T19:29:01.880+0000][9.435s] GC(15) User=0.07s Sys=0.03s Real=0.06s
[2023-04-27T19:29:03.278+0000][10.833s] GC(16) Pause Young (Normal) (G1 Evacuation Pause)
[2023-04-27T19:29:03.278+0000][10.833s] GC(16) Using 2 workers of 2 for evacuation
[2023-04-27T19:29:03.309+0000][10.864s] GC(16)   Pre Evacuate Collection Set: 0.0ms
[2023-04-27T19:29:03.309+0000][10.864s] GC(16)   Evacuate Collection Set: 29.1ms
[2023-04-27T19:29:03.309+0000][10.864s] GC(16)   Post Evacuate Collection Set: 1.2ms
[2023-04-27T19:29:03.309+0000][10.864s] GC(16)   Other: 0.3ms
[2023-04-27T19:29:03.309+0000][10.864s] GC(16) Eden regions: 270->0(283)
[2023-04-27T19:29:03.309+0000][10.864s] GC(16) Survivor regions: 31->19(38)
[2023-04-27T19:29:03.309+0000][10.864s] GC(16) Old regions: 48->60
[2023-04-27T19:29:03.309+0000][10.864s] GC(16) Humongous regions: 8->8
[2023-04-27T19:29:03.309+0000][10.864s] GC(16) Metaspace: 46579K(48048K)->46579K(48048K) NonClass: 41038K(41904K)->41038K(41904K) Class: 5540K(6144K)->5540K(6144K)
[2023-04-27T19:29:03.309+0000][10.864s] GC(16) Pause Young (Normal) (G1 Evacuation Pause) 354M->85M(512M) 30.622ms
[2023-04-27T19:29:03.309+0000][10.864s] GC(16) User=0.03s Sys=0.02s Real=0.03s
[2023-04-27T20:58:58.253+0000][5405.809s] GC(17) Pause Young (Normal) (G1 Evacuation Pause)
[2023-04-27T20:58:58.253+0000][5405.809s] GC(17) Using 2 workers of 2 for evacuation
[2023-04-27T20:58:58.275+0000][5405.830s] GC(17)   Pre Evacuate Collection Set: 0.0ms
[2023-04-27T20:58:58.275+0000][5405.830s] GC(17)   Evacuate Collection Set: 20.3ms
[2023-04-27T20:58:58.275+0000][5405.830s] GC(17)   Post Evacuate Collection Set: 1.2ms
[2023-04-27T20:58:58.275+0000][5405.831s] GC(17)   Other: 0.3ms
[2023-04-27T20:58:58.275+0000][5405.831s] GC(17) Eden regions: 283->0(275)
[2023-04-27T20:58:58.275+0000][5405.831s] GC(17) Survivor regions: 19->32(38)
[2023-04-27T20:58:58.275+0000][5405.831s] GC(17) Old regions: 60->60
[2023-04-27T20:58:58.275+0000][5405.831s] GC(17) Humongous regions: 41->22
[2023-04-27T20:58:58.275+0000][5405.831s] GC(17) Metaspace: 53429K(54960K)->53429K(54960K) NonClass: 47182K(48048K)->47182K(48048K) Class: 6247K(6912K)->6247K(6912K)
[2023-04-27T20:58:58.275+0000][5405.831s] GC(17) Pause Young (Normal) (G1 Evacuation Pause) 401M->111M(512M) 21.919ms
[2023-04-27T20:58:58.275+0000][5405.831s] GC(17) User=0.03s Sys=0.01s Real=0.02s
[2023-04-28T02:23:01.401+0000][24848.956s] GC(18) Pause Young (Normal) (G1 Evacuation Pause)
[2023-04-28T02:23:01.401+0000][24848.956s] GC(18) Using 2 workers of 2 for evacuation
[2023-04-28T02:23:01.419+0000][24848.975s] GC(18)   Pre Evacuate Collection Set: 0.0ms
[2023-04-28T02:23:01.419+0000][24848.975s] GC(18)   Evacuate Collection Set: 17.5ms
[2023-04-28T02:23:01.419+0000][24848.975s] GC(18)   Post Evacuate Collection Set: 1.0ms
[2023-04-28T02:23:01.420+0000][24848.975s] GC(18)   Other: 0.2ms
[2023-04-28T02:23:01.420+0000][24848.975s] GC(18) Eden regions: 275->0(287)
[2023-04-28T02:23:01.420+0000][24848.975s] GC(18) Survivor regions: 32->14(39)
[2023-04-28T02:23:01.420+0000][24848.975s] GC(18) Old regions: 60->78
[2023-04-28T02:23:01.420+0000][24848.975s] GC(18) Humongous regions: 22->22
[2023-04-28T02:23:01.420+0000][24848.975s] GC(18) Metaspace: 53592K(55216K)->53592K(55216K) NonClass: 47344K(48304K)->47344K(48304K) Class: 6247K(6912K)->6247K(6912K)
[2023-04-28T02:23:01.420+0000][24848.975s] GC(18) Pause Young (Normal) (G1 Evacuation Pause) 386M->111M(512M) 18.909ms
[2023-04-28T02:23:01.420+0000][24848.975s] GC(18) User=0.02s Sys=0.01s Real=0.02s
[2023-04-28T08:01:58.214+0000][45185.770s] GC(19) Pause Young (Normal) (G1 Evacuation Pause)
[2023-04-28T08:01:58.214+0000][45185.770s] GC(19) Using 2 workers of 2 for evacuation
[2023-04-28T08:01:58.226+0000][45185.781s] GC(19)   Pre Evacuate Collection Set: 0.0ms
[2023-04-28T08:01:58.226+0000][45185.781s] GC(19)   Evacuate Collection Set: 10.3ms
[2023-04-28T08:01:58.226+0000][45185.781s] GC(19)   Post Evacuate Collection Set: 1.0ms
[2023-04-28T08:01:58.226+0000][45185.781s] GC(19)   Other: 0.2ms
[2023-04-28T08:01:58.226+0000][45185.781s] GC(19) Eden regions: 287->0(293)
[2023-04-28T08:01:58.226+0000][45185.781s] GC(19) Survivor regions: 14->14(38)
[2023-04-28T08:01:58.226+0000][45185.781s] GC(19) Old regions: 78->78
[2023-04-28T08:01:58.226+0000][45185.781s] GC(19) Humongous regions: 22->22
[2023-04-28T08:01:58.226+0000][45185.781s] GC(19) Metaspace: 53642K(55472K)->53642K(55472K) NonClass: 47394K(48560K)->47394K(48560K) Class: 6247K(6912K)->6247K(6912K)
[2023-04-28T08:01:58.226+0000][45185.781s] GC(19) Pause Young (Normal) (G1 Evacuation Pause) 398M->112M(512M) 11.730ms
[2023-04-28T08:01:58.226+0000][45185.781s] GC(19) User=0.02s Sys=0.00s Real=0.01s
[2023-04-28T13:49:59.156+0000][66066.711s] GC(20) Pause Young (Normal) (G1 Evacuation Pause)
[2023-04-28T13:49:59.156+0000][66066.711s] GC(20) Using 2 workers of 2 for evacuation
[2023-04-28T13:49:59.167+0000][66066.723s] GC(20)   Pre Evacuate Collection Set: 0.0ms
[2023-04-28T13:49:59.167+0000][66066.723s] GC(20)   Evacuate Collection Set: 10.5ms
[2023-04-28T13:49:59.167+0000][66066.723s] GC(20)   Post Evacuate Collection Set: 0.8ms
[2023-04-28T13:49:59.167+0000][66066.723s] GC(20)   Other: 0.2ms
[2023-04-28T13:49:59.167+0000][66066.723s] GC(20) Eden regions: 293->0(293)
[2023-04-28T13:49:59.167+0000][66066.723s] GC(20) Survivor regions: 14->14(39)
[2023-04-28T13:49:59.167+0000][66066.723s] GC(20) Old regions: 78->78
[2023-04-28T13:49:59.167+0000][66066.723s] GC(20) Humongous regions: 22->22
[2023-04-28T13:49:59.167+0000][66066.723s] GC(20) Metaspace: 53645K(55472K)->53645K(55472K) NonClass: 47397K(48560K)->47397K(48560K) Class: 6247K(6912K)->6247K(6912K)
[2023-04-28T13:49:59.167+0000][66066.723s] GC(20) Pause Young (Normal) (G1 Evacuation Pause) 405M->111M(512M) 11.644ms
[2023-04-28T13:49:59.167+0000][66066.723s] GC(20) User=0.02s Sys=0.00s Real=0.01s
[2023-04-28T19:39:00.110+0000][87007.666s] GC(21) Pause Young (Normal) (G1 Evacuation Pause)
[2023-04-28T19:39:00.110+0000][87007.666s] GC(21) Using 2 workers of 2 for evacuation
[2023-04-28T19:39:00.124+0000][87007.679s] GC(21)   Pre Evacuate Collection Set: 0.0ms
[2023-04-28T19:39:00.124+0000][87007.679s] GC(21)   Evacuate Collection Set: 12.2ms
[2023-04-28T19:39:00.124+0000][87007.679s] GC(21)   Post Evacuate Collection Set: 1.1ms
[2023-04-28T19:39:00.124+0000][87007.679s] GC(21)   Other: 0.2ms
[2023-04-28T19:39:00.124+0000][87007.679s] GC(21) Eden regions: 293->0(293)
[2023-04-28T19:39:00.124+0000][87007.679s] GC(21) Survivor regions: 14->14(39)
[2023-04-28T19:39:00.124+0000][87007.679s] GC(21) Old regions: 78->78
[2023-04-28T19:39:00.124+0000][87007.679s] GC(21) Humongous regions: 22->22
[2023-04-28T19:39:00.124+0000][87007.679s] GC(21) Metaspace: 53648K(55472K)->53648K(55472K) NonClass: 47400K(48560K)->47400K(48560K) Class: 6247K(6912K)->6247K(6912K)
[2023-04-28T19:39:00.124+0000][87007.679s] GC(21) Pause Young (Normal) (G1 Evacuation Pause) 404M->111M(512M) 13.658ms
[2023-04-28T19:39:00.124+0000][87007.679s] GC(21) User=0.01s Sys=0.02s Real=0.02s
[2023-04-29T01:29:01.038+0000][108008.593s] GC(22) Pause Young (Normal) (G1 Evacuation Pause)
[2023-04-29T01:29:01.038+0000][108008.593s] GC(22) Using 2 workers of 2 for evacuation
[2023-04-29T01:29:01.049+0000][108008.604s] GC(22)   Pre Evacuate Collection Set: 0.0ms
[2023-04-29T01:29:01.049+0000][108008.605s] GC(22)   Evacuate Collection Set: 10.3ms
[2023-04-29T01:29:01.049+0000][108008.605s] GC(22)   Post Evacuate Collection Set: 0.8ms
[2023-04-29T01:29:01.049+0000][108008.605s] GC(22)   Other: 0.2ms
[2023-04-29T01:29:01.049+0000][108008.605s] GC(22) Eden regions: 293->0(293)
[2023-04-29T01:29:01.049+0000][108008.605s] GC(22) Survivor regions: 14->14(39)
[2023-04-29T01:29:01.049+0000][108008.605s] GC(22) Old regions: 78->78
[2023-04-29T01:29:01.049+0000][108008.605s] GC(22) Humongous regions: 22->22
[2023-04-29T01:29:01.049+0000][108008.605s] GC(22) Metaspace: 53650K(55472K)->53650K(55472K) NonClass: 47403K(48560K)->47403K(48560K) Class: 6247K(6912K)->6247K(6912K)
[2023-04-29T01:29:01.049+0000][108008.605s] GC(22) Pause Young (Normal) (G1 Evacuation Pause) 404M->112M(512M) 11.479ms
[2023-04-29T01:29:01.049+0000][108008.605s] GC(22) User=0.02s Sys=0.00s Real=0.01s
[2023-04-29T07:20:01.959+0000][129069.514s] GC(23) Pause Young (Normal) (G1 Evacuation Pause)
[2023-04-29T07:20:01.959+0000][129069.514s] GC(23) Using 2 workers of 2 for evacuation
[2023-04-29T07:20:01.971+0000][129069.526s] GC(23)   Pre Evacuate Collection Set: 0.0ms
[2023-04-29T07:20:01.971+0000][129069.526s] GC(23)   Evacuate Collection Set: 10.1ms
[2023-04-29T07:20:01.971+0000][129069.526s] GC(23)   Post Evacuate Collection Set: 1.1ms
[2023-04-29T07:20:01.971+0000][129069.526s] GC(23)   Other: 0.2ms
[2023-04-29T07:20:01.971+0000][129069.526s] GC(23) Eden regions: 293->0(293)
[2023-04-29T07:20:01.971+0000][129069.526s] GC(23) Survivor regions: 14->14(39)
[2023-04-29T07:20:01.971+0000][129069.526s] GC(23) Old regions: 78->78
[2023-04-29T07:20:01.971+0000][129069.526s] GC(23) Humongous regions: 22->22
[2023-04-29T07:20:01.971+0000][129069.526s] GC(23) Metaspace: 53654K(55472K)->53654K(55472K) NonClass: 47406K(48560K)->47406K(48560K) Class: 6247K(6912K)->6247K(6912K)
[2023-04-29T07:20:01.971+0000][129069.526s] GC(23) Pause Young (Normal) (G1 Evacuation Pause) 405M->112M(512M) 11.600ms
[2023-04-29T07:20:01.971+0000][129069.526s] GC(23) User=0.01s Sys=0.01s Real=0.01s
[2023-04-29T13:10:02.867+0000][150070.423s] GC(24) Pause Young (Normal) (G1 Evacuation Pause)
[2023-04-29T13:10:02.867+0000][150070.423s] GC(24) Using 2 workers of 2 for evacuation
[2023-04-29T13:10:02.879+0000][150070.435s] GC(24)   Pre Evacuate Collection Set: 0.0ms
[2023-04-29T13:10:02.879+0000][150070.435s] GC(24)   Evacuate Collection Set: 10.4ms
[2023-04-29T13:10:02.879+0000][150070.435s] GC(24)   Post Evacuate Collection Set: 1.1ms
[2023-04-29T13:10:02.879+0000][150070.435s] GC(24)   Other: 0.3ms
[2023-04-29T13:10:02.879+0000][150070.435s] GC(24) Eden regions: 293->0(293)
[2023-04-29T13:10:02.879+0000][150070.435s] GC(24) Survivor regions: 14->14(39)
[2023-04-29T13:10:02.879+0000][150070.435s] GC(24) Old regions: 78->78
[2023-04-29T13:10:02.879+0000][150070.435s] GC(24) Humongous regions: 22->22
[2023-04-29T13:10:02.879+0000][150070.435s] GC(24) Metaspace: 53658K(55472K)->53658K(55472K) NonClass: 47410K(48560K)->47410K(48560K) Class: 6247K(6912K)->6247K(6912K)
[2023-04-29T13:10:02.879+0000][150070.435s] GC(24) Pause Young (Normal) (G1 Evacuation Pause) 405M->112M(512M) 11.962ms
[2023-04-29T13:10:02.879+0000][150070.435s] GC(24) User=0.02s Sys=0.00s Real=0.02s
[2023-04-29T19:01:03.757+0000][171131.312s] GC(25) Pause Young (Normal) (G1 Evacuation Pause)
[2023-04-29T19:01:03.757+0000][171131.312s] GC(25) Using 2 workers of 2 for evacuation
[2023-04-29T19:01:03.768+0000][171131.324s] GC(25)   Pre Evacuate Collection Set: 0.0ms
[2023-04-29T19:01:03.768+0000][171131.324s] GC(25)   Evacuate Collection Set: 10.1ms
[2023-04-29T19:01:03.768+0000][171131.324s] GC(25)   Post Evacuate Collection Set: 1.1ms
[2023-04-29T19:01:03.768+0000][171131.324s] GC(25)   Other: 0.2ms
[2023-04-29T19:01:03.768+0000][171131.324s] GC(25) Eden regions: 293->0(293)
[2023-04-29T19:01:03.768+0000][171131.324s] GC(25) Survivor regions: 14->14(39)
[2023-04-29T19:01:03.768+0000][171131.324s] GC(25) Old regions: 78->78
[2023-04-29T19:01:03.768+0000][171131.324s] GC(25) Humongous regions: 22->22
[2023-04-29T19:01:03.768+0000][171131.324s] GC(25) Metaspace: 53683K(55472K)->53683K(55472K) NonClass: 47434K(48560K)->47434K(48560K) Class: 6248K(6912K)->6248K(6912K)
[2023-04-29T19:01:03.768+0000][171131.324s] GC(25) Pause Young (Normal) (G1 Evacuation Pause) 405M->112M(512M) 11.551ms
[2023-04-29T19:01:03.768+0000][171131.324s] GC(25) User=0.02s Sys=0.00s Real=0.01s
[2023-04-30T00:53:04.640+0000][192252.195s] GC(26) Pause Young (Normal) (G1 Evacuation Pause)
[2023-04-30T00:53:04.640+0000][192252.195s] GC(26) Using 2 workers of 2 for evacuation
[2023-04-30T00:53:04.651+0000][192252.207s] GC(26)   Pre Evacuate Collection Set: 0.0ms
[2023-04-30T00:53:04.651+0000][192252.207s] GC(26)   Evacuate Collection Set: 10.2ms
[2023-04-30T00:53:04.651+0000][192252.207s] GC(26)   Post Evacuate Collection Set: 1.0ms
[2023-04-30T00:53:04.651+0000][192252.207s] GC(26)   Other: 0.2ms
[2023-04-30T00:53:04.651+0000][192252.207s] GC(26) Eden regions: 293->0(293)
[2023-04-30T00:53:04.651+0000][192252.207s] GC(26) Survivor regions: 14->14(39)
[2023-04-30T00:53:04.651+0000][192252.207s] GC(26) Old regions: 78->78
[2023-04-30T00:53:04.651+0000][192252.207s] GC(26) Humongous regions: 22->22
[2023-04-30T00:53:04.651+0000][192252.207s] GC(26) Metaspace: 53687K(55472K)->53687K(55472K) NonClass: 47438K(48560K)->47438K(48560K) Class: 6248K(6912K)->6248K(6912K)
[2023-04-30T00:53:04.652+0000][192252.207s] GC(26) Pause Young (Normal) (G1 Evacuation Pause) 405M->112M(512M) 11.567ms
[2023-04-30T00:53:04.652+0000][192252.207s] GC(26) User=0.02s Sys=0.00s Real=0.01s
[2023-04-30T06:44:05.525+0000][213313.080s] GC(27) Pause Young (Normal) (G1 Evacuation Pause)
[2023-04-30T06:44:05.525+0000][213313.080s] GC(27) Using 2 workers of 2 for evacuation
[2023-04-30T06:44:05.536+0000][213313.091s] GC(27)   Pre Evacuate Collection Set: 0.0ms
[2023-04-30T06:44:05.536+0000][213313.091s] GC(27)   Evacuate Collection Set: 10.1ms
[2023-04-30T06:44:05.536+0000][213313.091s] GC(27)   Post Evacuate Collection Set: 0.8ms
[2023-04-30T06:44:05.536+0000][213313.091s] GC(27)   Other: 0.2ms
[2023-04-30T06:44:05.536+0000][213313.091s] GC(27) Eden regions: 293->0(293)
[2023-04-30T06:44:05.536+0000][213313.091s] GC(27) Survivor regions: 14->14(39)
[2023-04-30T06:44:05.536+0000][213313.091s] GC(27) Old regions: 78->78
[2023-04-30T06:44:05.536+0000][213313.091s] GC(27) Humongous regions: 22->22
[2023-04-30T06:44:05.536+0000][213313.091s] GC(27) Metaspace: 53697K(55472K)->53697K(55472K) NonClass: 47448K(48560K)->47448K(48560K) Class: 6248K(6912K)->6248K(6912K)
[2023-04-30T06:44:05.536+0000][213313.091s] GC(27) Pause Young (Normal) (G1 Evacuation Pause) 405M->111M(512M) 11.211ms
[2023-04-30T06:44:05.536+0000][213313.091s] GC(27) User=0.02s Sys=0.00s Real=0.01s
[2023-04-30T12:35:06.408+0000][234373.963s] GC(28) Pause Young (Normal) (G1 Evacuation Pause)
[2023-04-30T12:35:06.408+0000][234373.963s] GC(28) Using 2 workers of 2 for evacuation
[2023-04-30T12:35:06.419+0000][234373.974s] GC(28)   Pre Evacuate Collection Set: 0.0ms
[2023-04-30T12:35:06.419+0000][234373.974s] GC(28)   Evacuate Collection Set: 10.2ms
[2023-04-30T12:35:06.419+0000][234373.974s] GC(28)   Post Evacuate Collection Set: 0.8ms
[2023-04-30T12:35:06.419+0000][234373.974s] GC(28)   Other: 0.2ms
[2023-04-30T12:35:06.419+0000][234373.974s] GC(28) Eden regions: 293->0(293)
[2023-04-30T12:35:06.419+0000][234373.974s] GC(28) Survivor regions: 14->14(39)
[2023-04-30T12:35:06.419+0000][234373.974s] GC(28) Old regions: 78->78
[2023-04-30T12:35:06.419+0000][234373.974s] GC(28) Humongous regions: 22->22
[2023-04-30T12:35:06.419+0000][234373.974s] GC(28) Metaspace: 53702K(55472K)->53702K(55472K) NonClass: 47453K(48560K)->47453K(48560K) Class: 6248K(6912K)->6248K(6912K)
[2023-04-30T12:35:06.419+0000][234373.974s] GC(28) Pause Young (Normal) (G1 Evacuation Pause) 404M->111M(512M) 11.328ms
[2023-04-30T12:35:06.419+0000][234373.974s] GC(28) User=0.02s Sys=0.00s Real=0.02s
[2023-04-30T18:27:07.291+0000][255494.847s] GC(29) Pause Young (Normal) (G1 Evacuation Pause)
[2023-04-30T18:27:07.291+0000][255494.847s] GC(29) Using 2 workers of 2 for evacuation
[2023-04-30T18:27:07.302+0000][255494.858s] GC(29)   Pre Evacuate Collection Set: 0.0ms
[2023-04-30T18:27:07.302+0000][255494.858s] GC(29)   Evacuate Collection Set: 10.0ms
[2023-04-30T18:27:07.302+0000][255494.858s] GC(29)   Post Evacuate Collection Set: 0.8ms
[2023-04-30T18:27:07.302+0000][255494.858s] GC(29)   Other: 0.2ms
[2023-04-30T18:27:07.302+0000][255494.858s] GC(29) Eden regions: 293->0(293)
[2023-04-30T18:27:07.302+0000][255494.858s] GC(29) Survivor regions: 14->14(39)
[2023-04-30T18:27:07.302+0000][255494.858s] GC(29) Old regions: 78->78
[2023-04-30T18:27:07.302+0000][255494.858s] GC(29) Humongous regions: 22->22
[2023-04-30T18:27:07.302+0000][255494.858s] GC(29) Metaspace: 53702K(55472K)->53702K(55472K) NonClass: 47453K(48560K)->47453K(48560K) Class: 6248K(6912K)->6248K(6912K)
[2023-04-30T18:27:07.302+0000][255494.858s] GC(29) Pause Young (Normal) (G1 Evacuation Pause) 404M->112M(512M) 11.142ms
[2023-04-30T18:27:07.302+0000][255494.858s] GC(29) User=0.02s Sys=0.00s Real=0.01s
[2023-05-01T00:18:08.174+0000][276555.729s] GC(30) Pause Young (Normal) (G1 Evacuation Pause)
[2023-05-01T00:18:08.174+0000][276555.729s] GC(30) Using 2 workers of 2 for evacuation
[2023-05-01T00:18:08.185+0000][276555.740s] GC(30)   Pre Evacuate Collection Set: 0.0ms
[2023-05-01T00:18:08.185+0000][276555.740s] GC(30)   Evacuate Collection Set: 10.0ms
[2023-05-01T00:18:08.185+0000][276555.740s] GC(30)   Post Evacuate Collection Set: 0.7ms
[2023-05-01T00:18:08.185+0000][276555.740s] GC(30)   Other: 0.2ms
[2023-05-01T00:18:08.185+0000][276555.740s] GC(30) Eden regions: 293->0(293)
[2023-05-01T00:18:08.185+0000][276555.740s] GC(30) Survivor regions: 14->14(39)
[2023-05-01T00:18:08.185+0000][276555.740s] GC(30) Old regions: 78->78
[2023-05-01T00:18:08.185+0000][276555.740s] GC(30) Humongous regions: 22->22
[2023-05-01T00:18:08.185+0000][276555.740s] GC(30) Metaspace: 53702K(55472K)->53702K(55472K) NonClass: 47453K(48560K)->47453K(48560K) Class: 6248K(6912K)->6248K(6912K)
[2023-05-01T00:18:08.185+0000][276555.740s] GC(30) Pause Young (Normal) (G1 Evacuation Pause) 405M->111M(512M) 11.060ms
[2023-05-01T00:18:08.185+0000][276555.740s] GC(30) User=0.02s Sys=0.00s Real=0.01s
[2023-05-01T06:09:39.832+0000][297647.387s] GC(31) Pause Young (Normal) (G1 Evacuation Pause)
[2023-05-01T06:09:39.832+0000][297647.387s] GC(31) Using 2 workers of 2 for evacuation
[2023-05-01T06:09:39.843+0000][297647.398s] GC(31)   Pre Evacuate Collection Set: 0.0ms
[2023-05-01T06:09:39.843+0000][297647.398s] GC(31)   Evacuate Collection Set: 10.0ms
[2023-05-01T06:09:39.843+0000][297647.398s] GC(31)   Post Evacuate Collection Set: 0.8ms
[2023-05-01T06:09:39.843+0000][297647.398s] GC(31)   Other: 0.2ms
[2023-05-01T06:09:39.843+0000][297647.398s] GC(31) Eden regions: 293->0(293)
[2023-05-01T06:09:39.843+0000][297647.398s] GC(31) Survivor regions: 14->14(39)
[2023-05-01T06:09:39.843+0000][297647.398s] GC(31) Old regions: 78->78
[2023-05-01T06:09:39.843+0000][297647.398s] GC(31) Humongous regions: 22->22
[2023-05-01T06:09:39.843+0000][297647.398s] GC(31) Metaspace: 53702K(55472K)->53702K(55472K) NonClass: 47453K(48560K)->47453K(48560K) Class: 6248K(6912K)->6248K(6912K)
[2023-05-01T06:09:39.843+0000][297647.398s] GC(31) Pause Young (Normal) (G1 Evacuation Pause) 404M->112M(512M) 11.211ms
[2023-05-01T06:09:39.843+0000][297647.398s] GC(31) User=0.02s Sys=0.00s Real=0.01s
[2023-05-01T12:01:09.925+0000][318737.480s] GC(32) Pause Young (Normal) (G1 Evacuation Pause)
[2023-05-01T12:01:09.925+0000][318737.480s] GC(32) Using 2 workers of 2 for evacuation
[2023-05-01T12:01:09.940+0000][318737.495s] GC(32)   Pre Evacuate Collection Set: 0.0ms
[2023-05-01T12:01:09.940+0000][318737.495s] GC(32)   Evacuate Collection Set: 14.2ms
[2023-05-01T12:01:09.940+0000][318737.495s] GC(32)   Post Evacuate Collection Set: 0.7ms
[2023-05-01T12:01:09.940+0000][318737.495s] GC(32)   Other: 0.2ms
[2023-05-01T12:01:09.940+0000][318737.495s] GC(32) Eden regions: 293->0(306)
[2023-05-01T12:01:09.940+0000][318737.495s] GC(32) Survivor regions: 14->1(39)
[2023-05-01T12:01:09.940+0000][318737.495s] GC(32) Old regions: 78->92
[2023-05-01T12:01:09.940+0000][318737.495s] GC(32) Humongous regions: 22->22
[2023-05-01T12:01:09.940+0000][318737.495s] GC(32) Metaspace: 53707K(55472K)->53707K(55472K) NonClass: 47459K(48560K)->47459K(48560K) Class: 6248K(6912K)->6248K(6912K)
[2023-05-01T12:01:09.940+0000][318737.495s] GC(32) Pause Young (Normal) (G1 Evacuation Pause) 405M->112M(512M) 15.256ms
[2023-05-01T12:01:09.940+0000][318737.495s] GC(32) User=0.03s Sys=0.00s Real=0.02s
[2023-05-01T18:08:10.851+0000][340758.406s] GC(33) Pause Young (Normal) (G1 Evacuation Pause)
[2023-05-01T18:08:10.851+0000][340758.406s] GC(33) Using 2 workers of 2 for evacuation
[2023-05-01T18:08:10.853+0000][340758.408s] GC(33)   Pre Evacuate Collection Set: 0.0ms
[2023-05-01T18:08:10.853+0000][340758.408s] GC(33)   Evacuate Collection Set: 1.3ms
[2023-05-01T18:08:10.853+0000][340758.408s] GC(33)   Post Evacuate Collection Set: 0.6ms
[2023-05-01T18:08:10.853+0000][340758.408s] GC(33)   Other: 0.2ms
[2023-05-01T18:08:10.853+0000][340758.408s] GC(33) Eden regions: 306->0(306)
[2023-05-01T18:08:10.853+0000][340758.408s] GC(33) Survivor regions: 1->1(39)
[2023-05-01T18:08:10.853+0000][340758.408s] GC(33) Old regions: 92->92
[2023-05-01T18:08:10.853+0000][340758.408s] GC(33) Humongous regions: 22->22
[2023-05-01T18:08:10.853+0000][340758.408s] GC(33) Metaspace: 53709K(55472K)->53709K(55472K) NonClass: 47460K(48560K)->47460K(48560K) Class: 6248K(6912K)->6248K(6912K)
[2023-05-01T18:08:10.853+0000][340758.408s] GC(33) Pause Young (Normal) (G1 Evacuation Pause) 418M->112M(512M) 2.199ms
[2023-05-01T18:08:10.853+0000][340758.409s] GC(33) User=0.01s Sys=0.00s Real=0.00s
[2023-05-02T00:15:56.755+0000][362824.310s] GC(34) Pause Young (Normal) (G1 Evacuation Pause)
[2023-05-02T00:15:56.755+0000][362824.310s] GC(34) Using 2 workers of 2 for evacuation
[2023-05-02T00:15:56.757+0000][362824.312s] GC(34)   Pre Evacuate Collection Set: 0.0ms
[2023-05-02T00:15:56.757+0000][362824.312s] GC(34)   Evacuate Collection Set: 1.2ms
[2023-05-02T00:15:56.757+0000][362824.312s] GC(34)   Post Evacuate Collection Set: 0.6ms
[2023-05-02T00:15:56.757+0000][362824.312s] GC(34)   Other: 0.2ms
[2023-05-02T00:15:56.757+0000][362824.312s] GC(34) Eden regions: 306->0(306)
[2023-05-02T00:15:56.757+0000][362824.312s] GC(34) Survivor regions: 1->1(39)
[2023-05-02T00:15:56.757+0000][362824.312s] GC(34) Old regions: 92->92
[2023-05-02T00:15:56.757+0000][362824.312s] GC(34) Humongous regions: 22->22
[2023-05-02T00:15:56.757+0000][362824.312s] GC(34) Metaspace: 53709K(55472K)->53709K(55472K) NonClass: 47461K(48560K)->47461K(48560K) Class: 6248K(6912K)->6248K(6912K)
[2023-05-02T00:15:56.757+0000][362824.312s] GC(34) Pause Young (Normal) (G1 Evacuation Pause) 418M->112M(512M) 2.109ms
[2023-05-02T00:15:56.757+0000][362824.312s] GC(34) User=0.01s Sys=0.00s Real=0.00s
[2023-05-02T06:23:03.850+0000][384851.405s] GC(35) Pause Young (Normal) (G1 Evacuation Pause)
[2023-05-02T06:23:03.850+0000][384851.405s] GC(35) Using 2 workers of 2 for evacuation
[2023-05-02T06:23:03.852+0000][384851.407s] GC(35)   Pre Evacuate Collection Set: 0.0ms
[2023-05-02T06:23:03.852+0000][384851.407s] GC(35)   Evacuate Collection Set: 1.1ms
[2023-05-02T06:23:03.852+0000][384851.407s] GC(35)   Post Evacuate Collection Set: 0.5ms
[2023-05-02T06:23:03.852+0000][384851.407s] GC(35)   Other: 0.2ms
[2023-05-02T06:23:03.852+0000][384851.407s] GC(35) Eden regions: 306->0(306)
[2023-05-02T06:23:03.852+0000][384851.407s] GC(35) Survivor regions: 1->1(39)
[2023-05-02T06:23:03.852+0000][384851.407s] GC(35) Old regions: 92->92
[2023-05-02T06:23:03.852+0000][384851.407s] GC(35) Humongous regions: 22->22
[2023-05-02T06:23:03.852+0000][384851.407s] GC(35) Metaspace: 53710K(55472K)->53710K(55472K) NonClass: 47462K(48560K)->47462K(48560K) Class: 6248K(6912K)->6248K(6912K)
[2023-05-02T06:23:03.852+0000][384851.407s] GC(35) Pause Young (Normal) (G1 Evacuation Pause) 418M->112M(512M) 1.896ms
[2023-05-02T06:23:03.852+0000][384851.407s] GC(35) User=0.00s Sys=0.00s Real=0.01s
[2023-05-02T12:29:59.096+0000][406866.651s] GC(36) Pause Young (Normal) (G1 Evacuation Pause)
[2023-05-02T12:29:59.096+0000][406866.651s] GC(36) Using 2 workers of 2 for evacuation
[2023-05-02T12:29:59.098+0000][406866.653s] GC(36)   Pre Evacuate Collection Set: 0.0ms
[2023-05-02T12:29:59.098+0000][406866.653s] GC(36)   Evacuate Collection Set: 1.1ms
[2023-05-02T12:29:59.098+0000][406866.653s] GC(36)   Post Evacuate Collection Set: 0.7ms
[2023-05-02T12:29:59.098+0000][406866.653s] GC(36)   Other: 0.2ms
[2023-05-02T12:29:59.098+0000][406866.653s] GC(36) Eden regions: 306->0(306)
[2023-05-02T12:29:59.098+0000][406866.653s] GC(36) Survivor regions: 1->1(39)
[2023-05-02T12:29:59.098+0000][406866.653s] GC(36) Old regions: 92->92
[2023-05-02T12:29:59.098+0000][406866.653s] GC(36) Humongous regions: 22->22
[2023-05-02T12:29:59.098+0000][406866.653s] GC(36) Metaspace: 53728K(55472K)->53728K(55472K) NonClass: 47479K(48560K)->47479K(48560K) Class: 6248K(6912K)->6248K(6912K)
[2023-05-02T12:29:59.098+0000][406866.653s] GC(36) Pause Young (Normal) (G1 Evacuation Pause) 418M->112M(512M) 2.165ms
[2023-05-02T12:29:59.098+0000][406866.653s] GC(36) User=0.00s Sys=0.00s Real=0.00s
[2023-05-02T18:37:14.479+0000][428902.034s] GC(37) Pause Young (Normal) (G1 Evacuation Pause)
[2023-05-02T18:37:14.479+0000][428902.034s] GC(37) Using 2 workers of 2 for evacuation
[2023-05-02T18:37:14.481+0000][428902.036s] GC(37)   Pre Evacuate Collection Set: 0.0ms
[2023-05-02T18:37:14.481+0000][428902.036s] GC(37)   Evacuate Collection Set: 1.1ms
[2023-05-02T18:37:14.481+0000][428902.036s] GC(37)   Post Evacuate Collection Set: 0.7ms
[2023-05-02T18:37:14.481+0000][428902.036s] GC(37)   Other: 0.2ms
[2023-05-02T18:37:14.481+0000][428902.036s] GC(37) Eden regions: 306->0(306)
[2023-05-02T18:37:14.481+0000][428902.036s] GC(37) Survivor regions: 1->1(39)
[2023-05-02T18:37:14.481+0000][428902.036s] GC(37) Old regions: 92->92
[2023-05-02T18:37:14.481+0000][428902.036s] GC(37) Humongous regions: 22->22
[2023-05-02T18:37:14.481+0000][428902.036s] GC(37) Metaspace: 53728K(55472K)->53728K(55472K) NonClass: 47479K(48560K)->47479K(48560K) Class: 6248K(6912K)->6248K(6912K)
[2023-05-02T18:37:14.481+0000][428902.036s] GC(37) Pause Young (Normal) (G1 Evacuation Pause) 418M->112M(512M) 2.111ms
[2023-05-02T18:37:14.481+0000][428902.036s] GC(37) User=0.01s Sys=0.00s Real=0.00s
[2023-05-02T19:25:06.318+0000][431773.873s] Heap
[2023-05-02T19:25:06.318+0000][431773.873s]  garbage-first heap   total 524288K, used 164488K [0x00000000e0000000, 0x0000000100000000)
[2023-05-02T19:25:06.318+0000][431773.873s]   region size 1024K, 50 young (51200K), 1 survivors (1024K)
[2023-05-02T19:25:06.318+0000][431773.873s]  Metaspace       used 54058K, capacity 55445K, committed 55728K, reserved 1097728K
[2023-05-02T19:25:06.318+0000][431773.873s]   class space    used 6292K, capacity 6842K, committed 6912K, reserved 1048576K
